07-08 16:28:13.800 14031 14031 E RRR     : onNewAzimuth: -607.9784
07-08 16:28:13.810 14031 14031 E RRR     : onNewAzimuth: -608.0681
07-08 16:28:13.818 14031 14031 E RRR     : onNewAzimuth: -608.0973
07-08 16:28:13.818 14031 14031 E RRR     : onNewAzimuth: -608.11725
07-08 16:28:13.818 14031 14031 E RRR     : onNewAzimuth: -608.0973
07-08 16:28:13.818 14031 14031 E RRR     : onNewAzimuth: -608.11725
07-08 16:28:13.834 14031 14031 E RRR     : onNewAzimuth: -608.0889
07-08 16:28:13.834 14031 14031 E RRR     : onNewAzimuth: -608.033
07-08 16:28:13.834 14031 14031 E RRR     : onNewAzimuth: -607.97156
07-08 16:28:13.834 14031 14031 E RRR     : onNewAzimuth: -608.0889
07-08 16:28:13.834 14031 14031 E RRR     : onNewAzimuth: -608.033
07-08 16:28:13.834 14031 14031 E RRR     : onNewAzimuth: -607.97156
07-08 16:28:13.851 14031 14031 E RRR     : onNewAzimuth: -607.92645
07-08 16:28:13.854 14031 14031 E RRR     : onNewAzimuth: -607.8993
07-08 16:28:13.854 14031 14031 E RRR     : onNewAzimuth: -607.8335
07-08 16:28:13.854 14031 14031 E RRR     : onNewAzimuth: -607.8993
07-08 16:28:13.854 14031 14031 E RRR     : onNewAzimuth: -607.8335
07-08 16:28:13.874 14031 14031 E RRR     : onNewAzimuth: -607.8248
07-08 16:28:13.874 14031 14031 E RRR     : onNewAzimuth: -607.8429
07-08 16:28:13.874 14031 14031 E RRR     : onNewAzimuth: -607.7869
07-08 16:28:13.874 14031 14031 E RRR     : onNewAzimuth: -607.8248
07-08 16:28:13.874 14031 14031 E RRR     : onNewAzimuth: -607.8429
07-08 16:28:13.874 14031 14031 E RRR     : onNewAzimuth: -607.7869
07-08 16:28:13.892 14031 14031 E RRR     : onNewAzimuth: -607.83813
07-08 16:28:13.894 14031 14031 E RRR     : onNewAzimuth: -607.9384
07-08 16:28:13.894 14031 14031 E RRR     : onNewAzimuth: -607.87634
07-08 16:28:13.894 14031 14031 E RRR     : onNewAzimuth: -607.9384
07-08 16:28:13.894 14031 14031 E RRR     : onNewAzimuth: -607.87634
07-08 16:28:13.916 14031 14031 E RRR     : onNewAzimuth: -608.0294
07-08 16:28:13.916 14031 14031 E RRR     : onNewAzimuth: -608.21655
07-08 16:28:13.916 14031 14031 E RRR     : onNewAzimuth: -608.0763
07-08 16:28:13.916 14031 14031 E RRR     : onNewAzimuth: -608.0294
07-08 16:28:13.916 14031 14031 E RRR     : onNewAzimuth: -608.21655
07-08 16:28:13.916 14031 14031 E RRR     : onNewAzimuth: -608.0763
07-08 16:28:13.933 14031 14031 E RRR     : onNewAzimuth: -608.27905
07-08 16:28:13.933 14031 14031 E RRR     : onNewAzimuth: -608.4675
07-08 16:28:13.934 14031 14031 E RRR     : onNewAzimuth: -608.27905
07-08 16:28:13.934 14031 14031 E RRR     : onNewAzimuth: -608.4675
07-08 16:28:13.934 14031 14031 E RRR     : onNewAzimuth: -608.41205
07-08 16:28:13.953 14031 14031 E RRR     : onNewAzimuth: -608.5836
07-08 16:28:13.954 14031 14031 E RRR     : onNewAzimuth: -608.75
07-08 16:28:13.954 14031 14031 E RRR     : onNewAzimuth: -608.5836
07-08 16:28:13.954 14031 14031 E RRR     : onNewAzimuth: -608.75
07-08 16:28:13.966 14031 14031 E RRR     : onNewAzimuth: -608.923
07-08 16:28:13.966 14031 14031 E RRR     : onNewAzimuth: -608.8722
07-08 16:28:13.966 14031 14031 E RRR     : onNewAzimuth: -608.923
07-08 16:28:13.966 14031 14031 E RRR     : onNewAzimuth: -608.8722
07-08 16:28:13.974 14031 14031 E RRR     : onNewAzimuth: -609.0605
07-08 16:28:13.974 14031 14031 E RRR     : onNewAzimuth: -609.01135
07-08 16:28:13.975 14031 14031 E RRR     : onNewAzimuth: -609.0605
07-08 16:28:13.975 14031 14031 E RRR     : onNewAzimuth: -609.01135
07-08 16:28:13.994 14031 14031 E RRR     : onNewAzimuth: -609.19867
07-08 16:28:13.994 14031 14031 E RRR     : onNewAzimuth: -609.365
07-08 16:28:13.994 14031 14031 E RRR     : onNewAzimuth: -609.2322
07-08 16:28:13.994 14031 14031 E RRR     : onNewAzimuth: -609.19867
07-08 16:28:13.994 14031 14031 E RRR     : onNewAzimuth: -609.365
07-08 16:28:13.994 14031 14031 E RRR     : onNewAzimuth: -609.2322
07-08 16:28:13.996  6310  9344 I NearbyMediums: No BLE Fast/GATT advertisements found in the latest cycle.
07-08 16:28:13.996  6310  9344 I NearbyMediums: Current Tracked Scanning Clients are : {NearbyConnections.EnvironmentMonitor, NearbySharing}
07-08 16:28:14.015 14031 14031 E RRR     : onNewAzimuth: -609.38464
07-08 16:28:14.015 14031 14031 E RRR     : onNewAzimuth: -609.5382
07-08 16:28:14.015 14031 14031 E RRR     : onNewAzimuth: -609.40967
07-08 16:28:14.015 14031 14031 E RRR     : onNewAzimuth: -609.38464
07-08 16:28:14.016 14031 14031 E RRR     : onNewAzimuth: -609.5382
07-08 16:28:14.016 14031 14031 E RRR     : onNewAzimuth: -609.40967
07-08 16:28:14.034 14031 14031 E RRR     : onNewAzimuth: -609.5571
07-08 16:28:14.034 14031 14031 E RRR     : onNewAzimuth: -609.7168
07-08 16:28:14.034 14031 14031 E RRR     : onNewAzimuth: -609.5988
07-08 16:28:14.034 14031 14031 E RRR     : onNewAzimuth: -609.5571
07-08 16:28:14.034 14031 14031 E RRR     : onNewAzimuth: -609.7168
07-08 16:28:14.035 14031 14031 E RRR     : onNewAzimuth: -609.5988
07-08 16:28:14.054 14031 14031 E RRR     : onNewAzimuth: -609.77246
07-08 16:28:14.054 14031 14031 E RRR     : onNewAzimuth: -609.9238
07-08 16:28:14.054 14031 14031 E RRR     : onNewAzimuth: -609.81903
07-08 16:28:14.054 14031 14031 E RRR     : onNewAzimuth: -609.77246
07-08 16:28:14.054 14031 14031 E RRR     : onNewAzimuth: -609.9238
07-08 16:28:14.055 14031 14031 E RRR     : onNewAzimuth: -609.81903
07-08 16:28:14.075 14031 14031 E RRR     : onNewAzimuth: -609.97217
07-08 16:28:14.075 14031 14031 E RRR     : onNewAzimuth: -610.23676
07-08 16:28:14.076 14031 14031 E RRR     : onNewAzimuth: -609.97217
07-08 16:28:14.076 14031 14031 E RRR     : onNewAzimuth: -610.23676
07-08 16:28:14.078 14031 14031 E RRR     : onNewAzimuth: -610.1306
07-08 16:28:14.094 14031 14031 E RRR     : onNewAzimuth: -610.468
07-08 16:28:14.094 14031 14031 E RRR     : onNewAzimuth: -610.7327
07-08 16:28:14.094 14031 14031 E RRR     : onNewAzimuth: -610.468
07-08 16:28:14.094 14031 14031 E RRR     : onNewAzimuth: -610.7327
07-08 16:28:14.094 14031 14031 E RRR     : onNewAzimuth: -610.55554
07-08 16:28:14.115 14031 14031 E RRR     : onNewAzimuth: -610.73615
07-08 16:28:14.115 14031 14031 E RRR     : onNewAzimuth: -610.8413
07-08 16:28:14.115 14031 14031 E RRR     : onNewAzimuth: -610.7532
07-08 16:28:14.115 14031 14031 E RRR     : onNewAzimuth: -610.73615
07-08 16:28:14.115 14031 14031 E RRR     : onNewAzimuth: -610.8413
07-08 16:28:14.115 14031 14031 E RRR     : onNewAzimuth: -610.7532
07-08 16:28:14.134 14031 14031 E RRR     : onNewAzimuth: -610.8302
07-08 16:28:14.134 14031 14031 E RRR     : onNewAzimuth: -610.9467
07-08 16:28:14.134 14031 14031 E RRR     : onNewAzimuth: -610.8302
07-08 16:28:14.134 14031 14031 E RRR     : onNewAzimuth: -610.9467
07-08 16:28:14.136 14031 14031 E RRR     : onNewAzimuth: -610.8567
07-08 16:28:14.154 14031 14031 E RRR     : onNewAzimuth: -611.00635
07-08 16:28:14.154 14031 14031 E RRR     : onNewAzimuth: -611.13074
07-08 16:28:14.174 14031 14031 E RRR     : onNewAzimuth: -611.00635
07-08 16:28:14.174 14031 14031 E RRR     : onNewAzimuth: -611.13074
07-08 16:28:14.174 14031 14031 E RRR     : onNewAzimuth: -611.0402
07-08 16:28:14.174 14031 14031 E RRR     : onNewAzimuth: -611.13165
07-08 16:28:14.174 14031 14031 E RRR     : onNewAzimuth: -611.2286
07-08 16:28:14.176 14031 14031 E RRR     : onNewAzimuth: -611.0402
07-08 16:28:14.176 14031 14031 E RRR     : onNewAzimuth: -611.13165
07-08 16:28:14.176 14031 14031 E RRR     : onNewAzimuth: -611.2286
07-08 16:28:14.191 14031 14031 E RRR     : onNewAzimuth: -611.33936
07-08 16:28:14.191 14031 14031 E RRR     : onNewAzimuth: -611.25745
07-08 16:28:14.192 14031 14031 E RRR     : onNewAzimuth: -611.33936
07-08 16:28:14.192 14031 14031 E RRR     : onNewAzimuth: -611.25745
07-08 16:28:14.194 14031 14031 E RRR     : onNewAzimuth: -611.361
07-08 16:28:14.194 14031 14031 E RRR     : onNewAzimuth: -611.28156
07-08 16:28:14.194 14031 14031 E RRR     : onNewAzimuth: -611.361
07-08 16:28:14.194 14031 14031 E RRR     : onNewAzimuth: -611.28156
07-08 16:28:14.215 14031 14031 E RRR     : onNewAzimuth: -611.3756
07-08 16:28:14.215 14031 14031 E RRR     : onNewAzimuth: -611.455
07-08 16:28:14.215 14031 14031 E RRR     : onNewAzimuth: -611.3782
07-08 16:28:14.216 14031 14031 E RRR     : onNewAzimuth: -611.3756
07-08 16:28:14.216 14031 14031 E RRR     : onNewAzimuth: -611.455
07-08 16:28:14.216 14031 14031 E RRR     : onNewAzimuth: -611.3782
07-08 16:28:14.234 14031 14031 E RRR     : onNewAzimuth: -611.43866
07-08 16:28:14.234 14031 14031 E RRR     : onNewAzimuth: -611.5038
07-08 16:28:14.234 14031 14031 E RRR     : onNewAzimuth: -611.43866
07-08 16:28:14.234 14031 14031 E RRR     : onNewAzimuth: -611.5038
07-08 16:28:14.240 14031 14031 E RRR     : onNewAzimuth: -611.41943
07-08 16:28:14.253 14031 14031 E RRR     : onNewAzimuth: -611.5131
07-08 16:28:14.254 14031 14031 E RRR     : onNewAzimuth: -611.6315
07-08 16:28:14.254 14031 14031 E RRR     : onNewAzimuth: -611.5131
07-08 16:28:14.254 14031 14031 E RRR     : onNewAzimuth: -611.6315
07-08 16:28:14.259 14031 14031 E RRR     : onNewAzimuth: -611.6365
07-08 16:28:14.274 14031 14031 E RRR     : onNewAzimuth: -611.75134
07-08 16:28:14.274 14031 14031 E RRR     : onNewAzimuth: -611.85126
07-08 16:28:14.274 14031 14031 E RRR     : onNewAzimuth: -611.75134
07-08 16:28:14.274 14031 14031 E RRR     : onNewAzimuth: -611.85126
07-08 16:28:14.274 14031 14031 E RRR     : onNewAzimuth: -611.8562
07-08 16:28:14.294 14031 14031 E RRR     : onNewAzimuth: -611.9411
07-08 16:28:14.295 14031 14031 E RRR     : onNewAzimuth: -612.0044
07-08 16:28:14.295 14031 14031 E RRR     : onNewAzimuth: -611.9411
07-08 16:28:14.295 14031 14031 E RRR     : onNewAzimuth: -612.0044
07-08 16:28:14.298 14031 14031 E RRR     : onNewAzimuth: -612.0034
07-08 16:28:14.314 14031 14031 E RRR     : onNewAzimuth: -612.04596
07-08 16:28:14.314 14031 14031 E RRR     : onNewAzimuth: -612.0664
07-08 16:28:14.315 14031 14031 E RRR     : onNewAzimuth: -612.06396
07-08 16:28:14.315 14031 14031 E RRR     : onNewAzimuth: -612.04596
07-08 16:28:14.315 14031 14031 E RRR     : onNewAzimuth: -612.0664
07-08 16:28:14.315 14031 14031 E RRR     : onNewAzimuth: -612.06396
07-08 16:28:14.334 14031 14031 E RRR     : onNewAzimuth: -612.05994
07-08 16:28:14.334 14031 14031 E RRR     : onNewAzimuth: -612.0426
07-08 16:28:14.334 14031 14031 E RRR     : onNewAzimuth: -612.04736
07-08 16:28:14.334 14031 14031 E RRR     : onNewAzimuth: -612.05994
07-08 16:28:14.334 14031 14031 E RRR     : onNewAzimuth: -612.0426
07-08 16:28:14.334 14031 14031 E RRR     : onNewAzimuth: -612.04736
07-08 16:28:14.356 14031 14031 E RRR     : onNewAzimuth: -612.0231
07-08 16:28:14.356 14031 14031 E RRR     : onNewAzimuth: -611.9939
07-08 16:28:14.356 14031 14031 E RRR     : onNewAzimuth: -611.9877
07-08 16:28:14.356 14031 14031 E RRR     : onNewAzimuth: -612.0231
07-08 16:28:14.356 14031 14031 E RRR     : onNewAzimuth: -611.9939
07-08 16:28:14.356 14031 14031 E RRR     : onNewAzimuth: -611.9877
07-08 16:28:14.374 14031 14031 E RRR     : onNewAzimuth: -611.9516
07-08 16:28:14.374 14031 14031 E RRR     : onNewAzimuth: -611.90356
07-08 16:28:14.374 14031 14031 E RRR     : onNewAzimuth: -611.9516
07-08 16:28:14.374 14031 14031 E RRR     : onNewAzimuth: -611.90356
07-08 16:28:14.377 14031 14031 E RRR     : onNewAzimuth: -611.818
07-08 16:28:14.395 14031 14031 E RRR     : onNewAzimuth: -611.76196
07-08 16:28:14.395 14031 14031 E RRR     : onNewAzimuth: -611.70905
07-08 16:28:14.407 14031 14031 E RRR     : onNewAzimuth: -611.76196
07-08 16:28:14.407 14031 14031 E RRR     : onNewAzimuth: -611.70905
07-08 16:28:14.407 14031 14031 E RRR     : onNewAzimuth: -611.7109
07-08 16:28:14.418 14031 14031 E RRR     : onNewAzimuth: -611.66907
07-08 16:28:14.418 14031 14031 E RRR     : onNewAzimuth: -611.63367
07-08 16:28:14.418 14031 14031 E RRR     : onNewAzimuth: -611.557
07-08 16:28:14.418 14031 14031 E RRR     : onNewAzimuth: -611.66907
07-08 16:28:14.418 14031 14031 E RRR     : onNewAzimuth: -611.63367
07-08 16:28:14.418 14031 14031 E RRR     : onNewAzimuth: -611.557
07-08 16:28:14.434 14031 14031 E RRR     : onNewAzimuth: -611.50507
07-08 16:28:14.434 14031 14031 E RRR     : onNewAzimuth: -611.41925
07-08 16:28:14.434 14031 14031 E RRR     : onNewAzimuth: -611.3371
07-08 16:28:14.435 14031 14031 E RRR     : onNewAzimuth: -611.50507
07-08 16:28:14.436 14031 14031 E RRR     : onNewAzimuth: -611.41925
07-08 16:28:14.436 14031 14031 E RRR     : onNewAzimuth: -611.3371
07-08 16:28:14.469 14031 14031 E RRR     : onNewAzimuth: -611.2258
07-08 16:28:14.469 14031 14031 E RRR     : onNewAzimuth: -611.11084
07-08 16:28:14.469 14031 14031 E RRR     : onNewAzimuth: -611.0208
07-08 16:28:14.469 14031 14031 E RRR     : onNewAzimuth: -611.2258
07-08 16:28:14.469 14031 14031 E RRR     : onNewAzimuth: -611.11084
07-08 16:28:14.470 14031 14031 E RRR     : onNewAzimuth: -611.0208
07-08 16:28:14.505 14031 14031 E RRR     : onNewAzimuth: -610.9138
07-08 16:28:14.505 14031 14031 E RRR     : onNewAzimuth: -610.8241
07-08 16:28:14.505 14031 14031 E RRR     : onNewAzimuth: -610.82153
07-08 16:28:14.506 14031 14031 E RRR     : onNewAzimuth: -610.761
07-08 16:28:14.506 14031 14031 E RRR     : onNewAzimuth: -610.73364
07-08 16:28:14.506 14031 14031 E RRR     : onNewAzimuth: -610.74243
07-08 16:28:14.506 14031 14031 E RRR     : onNewAzimuth: -610.73047
07-08 16:28:14.506 14031 14031 E RRR     : onNewAzimuth: -610.9138
07-08 16:28:14.506 14031 14031 E RRR     : onNewAzimuth: -610.8241
07-08 16:28:14.506 14031 14031 E RRR     : onNewAzimuth: -610.82153
07-08 16:28:14.506 14031 14031 E RRR     : onNewAzimuth: -610.761
07-08 16:28:14.506 14031 14031 E RRR     : onNewAzimuth: -610.73364
07-08 16:28:14.506 14031 14031 E RRR     : onNewAzimuth: -610.74243
07-08 16:28:14.506 14031 14031 E RRR     : onNewAzimuth: -610.73047
07-08 16:28:14.531 14031 14031 E RRR     : onNewAzimuth: -610.70465
07-08 16:28:14.532 14031 14031 E RRR     : onNewAzimuth: -610.71313
07-08 16:28:14.532 14031 14031 E RRR     : onNewAzimuth: -610.66113
07-08 16:28:14.532 14031 14031 E RRR     : onNewAzimuth: -610.70465
07-08 16:28:14.532 14031 14031 E RRR     : onNewAzimuth: -610.71313
07-08 16:28:14.532 14031 14031 E RRR     : onNewAzimuth: -610.66113
07-08 16:28:14.535 14031 14031 E RRR     : onNewAzimuth: -610.5995
07-08 16:28:14.535 14031 14031 E RRR     : onNewAzimuth: -610.60767
07-08 16:28:14.536 14031 14031 E RRR     : onNewAzimuth: -610.5995
07-08 16:28:14.536 14031 14031 E RRR     : onNewAzimuth: -610.60767
07-08 16:28:14.547 14031 14031 E RRR     : onNewAzimuth: -610.5711
07-08 16:28:14.558 14031 14031 E RRR     : onNewAzimuth: -610.5679
07-08 16:28:14.558 14031 14031 E RRR     : onNewAzimuth: -610.57587
07-08 16:28:14.559 14031 14031 E RRR     : onNewAzimuth: -610.5679
07-08 16:28:14.559 14031 14031 E RRR     : onNewAzimuth: -610.57587
07-08 16:28:14.568 14031 14031 E RRR     : onNewAzimuth: -610.5953
07-08 16:28:14.574 14031 14031 E RRR     : onNewAzimuth: -610.628
07-08 16:28:14.574 14031 14031 E RRR     : onNewAzimuth: -610.63574
07-08 16:28:14.575 14031 14031 E RRR     : onNewAzimuth: -610.628
07-08 16:28:14.575 14031 14031 E RRR     : onNewAzimuth: -610.63574
07-08 16:28:14.587 14031 14031 E RRR     : onNewAzimuth: -610.677
07-08 16:28:14.593 14031 14031 E RRR     : onNewAzimuth: -610.713
07-08 16:28:14.593 14031 14031 E RRR     : onNewAzimuth: -610.7206
07-08 16:28:14.617 14031 14031 E RRR     : onNewAzimuth: -610.713
07-08 16:28:14.617 14031 14031 E RRR     : onNewAzimuth: -610.7206
07-08 16:28:14.617 14031 14031 E RRR     : onNewAzimuth: -610.73816
07-08 16:28:14.647  8138  8138 D CellBroadcastReceiver: onReceive Intent { act=android.intent.action.SERVICE_STATE flg=0x1000010 xflg=0x4 cmp=com.google.android.cellbroadcastreceiver/com.android.cellbroadcastreceiver.CellBroadcastReceiver (has extras) }
07-08 16:28:14.648  8138  8138 D CellBroadcastReceiver: onServiceStateChanged, ss: 0
07-08 16:28:14.648  8138  8138 D CellBroadcastReceiver: networkOperator: 23420
07-08 16:28:14.649  8138  8138 D CellBroadcastReceiver: mockmodem is running? = false
07-08 16:28:14.649  8138  8138 D CellBroadcastReceiver: update supported roaming operator as 
07-08 16:28:14.659 14031 14031 E RRR     : onNewAzimuth: -610.74536
07-08 16:28:14.659 14031 14031 E RRR     : onNewAzimuth: -610.7528
07-08 16:28:14.659 14031 14031 E RRR     : onNewAzimuth: -610.74896
07-08 16:28:14.659 14031 14031 E RRR     : onNewAzimuth: -610.75977
07-08 16:28:14.660 14031 14031 E RRR     : onNewAzimuth: -610.6708
07-08 16:28:14.660 14031 14031 E RRR     : onNewAzimuth: -610.68146
07-08 16:28:14.660 14031 14031 E RRR     : onNewAzimuth: -610.74536
07-08 16:28:14.660 14031 14031 E RRR     : onNewAzimuth: -610.7528
07-08 16:28:14.660 14031 14031 E RRR     : onNewAzimuth: -610.74896
07-08 16:28:14.660 14031 14031 E RRR     : onNewAzimuth: -610.75977
07-08 16:28:14.660 14031 14031 E RRR     : onNewAzimuth: -610.6708
07-08 16:28:14.660 14031 14031 E RRR     : onNewAzimuth: -610.68146
07-08 16:28:14.670 14031 14031 E RRR     : onNewAzimuth: -610.6891
07-08 16:28:14.670 14031 14031 E RRR     : onNewAzimuth: -610.61975
07-08 16:28:14.671 14031 14031 E RRR     : onNewAzimuth: -610.63257
07-08 16:28:14.671 14031 14031 E RRR     : onNewAzimuth: -610.6891
07-08 16:28:14.671 14031 14031 E RRR     : onNewAzimuth: -610.61975
07-08 16:28:14.671 14031 14031 E RRR     : onNewAzimuth: -610.63257
07-08 16:28:14.672 14031 14031 E RRR     : onNewAzimuth: -610.6647
07-08 16:28:14.674 14031 14031 E RRR     : onNewAzimuth: -610.5803
07-08 16:28:14.685 14031 14031 E RRR     : onNewAzimuth: -610.6225
07-08 16:28:14.695 14031 14031 E RRR     : onNewAzimuth: -610.64764
07-08 16:28:14.695 14031 14031 E RRR     : onNewAzimuth: -610.5736
07-08 16:28:14.698 14031 14031 E RRR     : onNewAzimuth: -610.64764
07-08 16:28:14.698 14031 14031 E RRR     : onNewAzimuth: -610.5736
07-08 16:28:14.707 14031 14031 E RRR     : onNewAzimuth: -610.58075
07-08 16:28:14.715 14031 14031 E RRR     : onNewAzimuth: -610.5957
07-08 16:28:14.716 14031 14031 E RRR     : onNewAzimuth: -610.5161
07-08 16:28:14.716 14031 14031 E RRR     : onNewAzimuth: -610.5957
07-08 16:28:14.716 14031 14031 E RRR     : onNewAzimuth: -610.5161
07-08 16:28:14.726 14031 14031 E RRR     : onNewAzimuth: -610.5303
07-08 16:28:14.799  8138  8138 D CellBroadcastReceiver: onReceive Intent { act=android.intent.action.SERVICE_STATE flg=0x1000010 xflg=0x4 cmp=com.google.android.cellbroadcastreceiver/com.android.cellbroadcastreceiver.CellBroadcastReceiver (has extras) }
07-08 16:28:14.800  8138  8138 D CellBroadcastReceiver: onServiceStateChanged, ss: 0
07-08 16:28:14.800  8138  8138 D CellBroadcastReceiver: networkOperator: 23420
07-08 16:28:14.801  8138  8138 D CellBroadcastReceiver: mockmodem is running? = false
07-08 16:28:14.814 14031 14031 E RRR     : onNewAzimuth: -610.53235
07-08 16:28:14.814 14031 14031 E RRR     : onNewAzimuth: -610.4722
07-08 16:28:14.815 14031 14031 E RRR     : onNewAzimuth: -610.4697
07-08 16:28:14.815 14031 14031 E RRR     : onNewAzimuth: -610.472
07-08 16:28:14.816 14031 14031 E RRR     : onNewAzimuth: -610.49
07-08 16:28:14.817 14031 14031 E RRR     : onNewAzimuth: -610.50305
07-08 16:28:14.818 14031 14031 E RRR     : onNewAzimuth: -610.52637
07-08 16:28:14.819 14031 14031 E RRR     : onNewAzimuth: -610.4674
07-08 16:28:14.820 14031 14031 E RRR     : onNewAzimuth: -610.4928
07-08 16:28:14.821 14031 14031 E RRR     : onNewAzimuth: -610.5221
07-08 16:28:14.821 14031 14031 E RRR     : onNewAzimuth: -610.5333
07-08 16:28:14.821 14031 14031 E RRR     : onNewAzimuth: -610.53235
07-08 16:28:14.821 14031 14031 E RRR     : onNewAzimuth: -610.4722
07-08 16:28:14.821 14031 14031 E RRR     : onNewAzimuth: -610.4697
07-08 16:28:14.821 14031 14031 E RRR     : onNewAzimuth: -610.472
07-08 16:28:14.821 14031 14031 E RRR     : onNewAzimuth: -610.49
07-08 16:28:14.821 14031 14031 E RRR     : onNewAzimuth: -610.50305
07-08 16:28:14.821 14031 14031 E RRR     : onNewAzimuth: -610.52637
07-08 16:28:14.822 14031 14031 E RRR     : onNewAzimuth: -610.4674
07-08 16:28:14.822 14031 14031 E RRR     : onNewAzimuth: -610.4928
07-08 16:28:14.822 14031 14031 E RRR     : onNewAzimuth: -610.5221
07-08 16:28:14.822 14031 14031 E RRR     : onNewAzimuth: -610.5333
07-08 16:28:14.805  8138  8138 D CellBroadcastReceiver: update supported roaming operator as 
07-08 16:28:14.850 14031 14031 E RRR     : onNewAzimuth: -610.5779
07-08 16:28:14.851 14031 14031 E RRR     : onNewAzimuth: -610.6366
07-08 16:28:14.851 14031 14031 E RRR     : onNewAzimuth: -610.6648
07-08 16:28:14.851 14031 14031 E RRR     : onNewAzimuth: -610.72375
07-08 16:28:14.851 14031 14031 E RRR     : onNewAzimuth: -610.77045
07-08 16:28:14.851 14031 14031 E RRR     : onNewAzimuth: -610.79785
07-08 16:28:14.851 14031 14031 E RRR     : onNewAzimuth: -610.8196
07-08 16:28:14.853 14031 14031 E RRR     : onNewAzimuth: -610.5779
07-08 16:28:14.853 14031 14031 E RRR     : onNewAzimuth: -610.6366
07-08 16:28:14.853 14031 14031 E RRR     : onNewAzimuth: -610.6648
07-08 16:28:14.853 14031 14031 E RRR     : onNewAzimuth: -610.72375
07-08 16:28:14.853 14031 14031 E RRR     : onNewAzimuth: -610.77045
07-08 16:28:14.853 14031 14031 E RRR     : onNewAzimuth: -610.79785
07-08 16:28:14.853 14031 14031 E RRR     : onNewAzimuth: -610.8196
07-08 16:28:14.863 14031 14031 E RRR     : onNewAzimuth: -610.8215
07-08 16:28:14.863 14031 14031 E RRR     : onNewAzimuth: -610.8418
07-08 16:28:14.864 14031 14031 E RRR     : onNewAzimuth: -610.8215
07-08 16:28:14.864 14031 14031 E RRR     : onNewAzimuth: -610.8418
07-08 16:28:14.869 14031 14031 E RRR     : onNewAzimuth: -610.8457
07-08 16:28:14.880 14031 14031 E RRR     : onNewAzimuth: -610.8645
07-08 16:28:14.880 14031 14031 E RRR     : onNewAzimuth: -610.80505
07-08 16:28:14.881 14031 14031 E RRR     : onNewAzimuth: -610.8457
07-08 16:28:14.881 14031 14031 E RRR     : onNewAzimuth: -610.8645
07-08 16:28:14.881 14031 14031 E RRR     : onNewAzimuth: -610.80505
07-08 16:28:14.903 14031 14031 E RRR     : onNewAzimuth: -610.85425
07-08 16:28:14.903 14031 14031 E RRR     : onNewAzimuth: -610.93286
07-08 16:28:14.903 14031 14031 E RRR     : onNewAzimuth: -610.96063
07-08 16:28:14.903 14031 14031 E RRR     : onNewAzimuth: -610.85425
07-08 16:28:14.903 14031 14031 E RRR     : onNewAzimuth: -610.93286
07-08 16:28:14.903 14031 14031 E RRR     : onNewAzimuth: -610.96063
07-08 16:28:14.909 14031 14031 E RRR     : onNewAzimuth: -611.0626
07-08 16:28:14.920 14031 14031 E RRR     : onNewAzimuth: -611.1693
07-08 16:28:14.920 14031 14031 E RRR     : onNewAzimuth: -611.1112
07-08 16:28:14.921 14031 14031 E RRR     : onNewAzimuth: -611.1693
07-08 16:28:14.921 14031 14031 E RRR     : onNewAzimuth: -611.1112
07-08 16:28:14.947 14031 14031 E RRR     : onNewAzimuth: -611.1959
07-08 16:28:14.948 14031 14031 E RRR     : onNewAzimuth: -611.2486
07-08 16:28:14.948 14031 14031 E RRR     : onNewAzimuth: -611.27734
07-08 16:28:14.948 14031 14031 E RRR     : onNewAzimuth: -611.1959
07-08 16:28:14.948 14031 14031 E RRR     : onNewAzimuth: -611.2486
07-08 16:28:14.948 14031 14031 E RRR     : onNewAzimuth: -611.27734
07-08 16:28:14.955 14031 14031 E RRR     : onNewAzimuth: -611.3125
07-08 16:28:14.955 14031 14031 E RRR     : onNewAzimuth: -611.3541
07-08 16:28:14.955 14031 14031 E RRR     : onNewAzimuth: -611.28687
07-08 16:28:14.955 14031 14031 E RRR     : onNewAzimuth: -611.3125
07-08 16:28:14.956 14031 14031 E RRR     : onNewAzimuth: -611.3541
07-08 16:28:14.956 14031 14031 E RRR     : onNewAzimuth: -611.28687
07-08 16:28:14.964 14526 14903 D ProfileInstaller: Installing profile for com.emergent.salahalarm.lxw9zs
07-08 16:28:14.990 14031 14031 E RRR     : onNewAzimuth: -611.3417
07-08 16:28:14.992 14031 14031 E RRR     : onNewAzimuth: -611.40137
07-08 16:28:14.994 14031 14031 E RRR     : onNewAzimuth: -611.34656
07-08 16:28:14.994 14031 14031 E RRR     : onNewAzimuth: -611.3417
07-08 16:28:14.994 14031 14031 E RRR     : onNewAzimuth: -611.40137
07-08 16:28:14.994 14031 14031 E RRR     : onNewAzimuth: -611.34656
07-08 16:28:15.031 14031 14031 E RRR     : onNewAzimuth: -611.41223
07-08 16:28:15.032 14031 14031 E RRR     : onNewAzimuth: -611.4798
07-08 16:28:15.032 14031 14031 E RRR     : onNewAzimuth: -611.51135
07-08 16:28:15.032 14031 14031 E RRR     : onNewAzimuth: -611.57263
07-08 16:28:15.033 14031 14031 E RRR     : onNewAzimuth: -611.6166
07-08 16:28:15.033 14031 14031 E RRR     : onNewAzimuth: -611.6366
07-08 16:28:15.033 14031 14031 E RRR     : onNewAzimuth: -611.6601
07-08 16:28:15.033 14031 14031 E RRR     : onNewAzimuth: -611.6632
07-08 16:28:15.033 14031 14031 E RRR     : onNewAzimuth: -611.41223
07-08 16:28:15.033 14031 14031 E RRR     : onNewAzimuth: -611.4798
07-08 16:28:15.033 14031 14031 E RRR     : onNewAzimuth: -611.51135
07-08 16:28:15.033 14031 14031 E RRR     : onNewAzimuth: -611.57263
07-08 16:28:15.033 14031 14031 E RRR     : onNewAzimuth: -611.6166
07-08 16:28:15.033 14031 14031 E RRR     : onNewAzimuth: -611.6366
07-08 16:28:15.033 14031 14031 E RRR     : onNewAzimuth: -611.6601
07-08 16:28:15.033 14031 14031 E RRR     : onNewAzimuth: -611.6632
07-08 16:28:15.034 14031 14031 E RRR     : onNewAzimuth: -611.6087
07-08 16:28:15.063 14031 14031 E RRR     : onNewAzimuth: -611.588
07-08 16:28:15.063 14031 14031 E RRR     : onNewAzimuth: -611.54236
07-08 16:28:15.063 14031 14031 E RRR     : onNewAzimuth: -611.588
07-08 16:28:15.063 14031 14031 E RRR     : onNewAzimuth: -611.54236
07-08 16:28:15.064 14031 14031 E RRR     : onNewAzimuth: -611.4794
07-08 16:28:15.064 14031 14031 E RRR     : onNewAzimuth: -611.5005
07-08 16:28:15.065 14031 14031 E RRR     : onNewAzimuth: -611.4794
07-08 16:28:15.065 14031 14031 E RRR     : onNewAzimuth: -611.5005
07-08 16:28:15.076 14031 14031 E RRR     : onNewAzimuth: -611.44055
07-08 16:28:15.076 14031 14031 E RRR     : onNewAzimuth: -611.38696
07-08 16:28:15.077 14031 14031 E RRR     : onNewAzimuth: -611.44055
07-08 16:28:15.077 14031 14031 E RRR     : onNewAzimuth: -611.38696
07-08 16:28:15.097 14031 14031 E RRR     : onNewAzimuth: -611.3391
07-08 16:28:15.098 14031 14031 E RRR     : onNewAzimuth: -611.3053
07-08 16:28:15.098 14031 14031 E RRR     : onNewAzimuth: -611.3391
07-08 16:28:15.098 14031 14031 E RRR     : onNewAzimuth: -611.3053
07-08 16:28:15.098 14031 14031 E RRR     : onNewAzimuth: -611.32764
07-08 16:28:15.119 14031 14031 E RRR     : onNewAzimuth: -611.29236
07-08 16:28:15.119 14031 14031 E RRR     : onNewAzimuth: -611.24084
07-08 16:28:15.119 14031 14031 E RRR     : onNewAzimuth: -611.2626
07-08 16:28:15.119 14031 14031 E RRR     : onNewAzimuth: -611.29236
07-08 16:28:15.119 14031 14031 E RRR     : onNewAzimuth: -611.24084
07-08 16:28:15.119 14031 14031 E RRR     : onNewAzimuth: -611.2626
07-08 16:28:15.134 14031 14031 E RRR     : onNewAzimuth: -611.1952
07-08 16:28:15.134 14031 14031 E RRR     : onNewAzimuth: -611.11694
07-08 16:28:15.134 14031 14031 E RRR     : onNewAzimuth: -611.1381
07-08 16:28:15.135 14031 14031 E RRR     : onNewAzimuth: -611.1952
07-08 16:28:15.135 14031 14031 E RRR     : onNewAzimuth: -611.11694
07-08 16:28:15.135 14031 14031 E RRR     : onNewAzimuth: -611.1381
07-08 16:28:15.159 14031 14031 E RRR     : onNewAzimuth: -611.0525
07-08 16:28:15.159 14031 14031 E RRR     : onNewAzimuth: -610.9648
07-08 16:28:15.159 14031 14031 E RRR     : onNewAzimuth: -610.9854
07-08 16:28:15.159 14031 14031 E RRR     : onNewAzimuth: -611.0525
07-08 16:28:15.159 14031 14031 E RRR     : onNewAzimuth: -610.9648
07-08 16:28:15.159 14031 14031 E RRR     : onNewAzimuth: -610.9854
07-08 16:28:15.177 14526 14526 D VRI[MainActivity,type=1]: visibilityChanged oldVisibility=true newVisibility=false
07-08 16:28:15.182 14031 14031 E RRR     : onNewAzimuth: -610.90607
07-08 16:28:15.182 14031 14031 E RRR     : onNewAzimuth: -610.83966
07-08 16:28:15.182 14031 14031 E RRR     : onNewAzimuth: -610.85974
07-08 16:28:15.182 14031 14031 E RRR     : onNewAzimuth: -610.90607
07-08 16:28:15.183 14031 14031 E RRR     : onNewAzimuth: -610.83966
07-08 16:28:15.183 14031 14031 E RRR     : onNewAzimuth: -610.85974
07-08 16:28:15.194 14526 14556 I HWUI    : [destroy] CanvasContext will be destroyed.
07-08 16:28:15.200 14526 14526 D ViewRootImpl: AppSizeAfterRelayout, size: Point(1260, 2800), rotation: ROTATION_0
07-08 16:28:15.208 14031 14031 E RRR     : onNewAzimuth: -610.8031
07-08 16:28:15.208 14031 14031 E RRR     : onNewAzimuth: -610.7558
07-08 16:28:15.208 14031 14031 E RRR     : onNewAzimuth: -610.76746
07-08 16:28:15.208 14031 14031 E RRR     : onNewAzimuth: -610.8031
07-08 16:28:15.209 14031 14031 E RRR     : onNewAzimuth: -610.7558
07-08 16:28:15.209 14031 14031 E RRR     : onNewAzimuth: -610.76746
07-08 16:28:15.210 14526 14540 D BLASTBufferQueue: [VRI[MainActivity,type=1]#0](f:0,a:2) destructor()
07-08 16:28:15.210 14526 14540 D BufferQueueConsumer: [VRI[MainActivity,type=1]#0(BLAST Consumer)0](id:38be00000000,api:0,p:-1,c:14526) disconnect
07-08 16:28:15.217 14031 14031 E RRR     : onNewAzimuth: -610.7124
07-08 16:28:15.217 14031 14031 E RRR     : onNewAzimuth: -610.64874
07-08 16:28:15.217 14031 14031 E RRR     : onNewAzimuth: -610.6681
07-08 16:28:15.217 14031 14031 E RRR     : onNewAzimuth: -610.7124
07-08 16:28:15.217 14031 14031 E RRR     : onNewAzimuth: -610.64874
07-08 16:28:15.217 14031 14031 E RRR     : onNewAzimuth: -610.6681
07-08 16:28:15.233 14031 14031 E RRR     : onNewAzimuth: -610.5984
07-08 16:28:15.233 14031 14031 E RRR     : onNewAzimuth: -610.5149
07-08 16:28:15.234 14031 14031 E RRR     : onNewAzimuth: -610.6189
07-08 16:28:15.234 14031 14031 E RRR     : onNewAzimuth: -610.5984
07-08 16:28:15.234 14031 14031 E RRR     : onNewAzimuth: -610.5149
07-08 16:28:15.234 14031 14031 E RRR     : onNewAzimuth: -610.6189
07-08 16:28:15.252 14031 14031 E RRR     : onNewAzimuth: -610.506
07-08 16:28:15.253 14031 14031 E RRR     : onNewAzimuth: -610.36017
07-08 16:28:15.253 14031 14031 E RRR     : onNewAzimuth: -610.506
07-08 16:28:15.253 14031 14031 E RRR     : onNewAzimuth: -610.36017
07-08 16:28:15.260 14031 14031 E RRR     : onNewAzimuth: -610.376
07-08 16:28:15.275 14031 14031 E RRR     : onNewAzimuth: -610.2162
07-08 16:28:15.275 14031 14031 E RRR     : onNewAzimuth: -610.0619
07-08 16:28:15.275 14031 14031 E RRR     : onNewAzimuth: -610.2162
07-08 16:28:15.275 14031 14031 E RRR     : onNewAzimuth: -610.0619
07-08 16:28:15.293 14031 14031 E RRR     : onNewAzimuth: -610.0775
07-08 16:28:15.293 14031 14031 E RRR     : onNewAzimuth: -609.95715
07-08 16:28:15.293 14031 14031 E RRR     : onNewAzimuth: -609.87964
07-08 16:28:15.293 14031 14031 E RRR     : onNewAzimuth: -610.0775
07-08 16:28:15.293 14031 14031 E RRR     : onNewAzimuth: -609.95715
07-08 16:28:15.293 14031 14031 E RRR     : onNewAzimuth: -609.87964
07-08 16:28:15.294 14031 14031 E RRR     : onNewAzimuth: -609.9802
07-08 16:28:15.321 14031 14031 E RRR     : onNewAzimuth: -609.93066
07-08 16:28:15.321 14031 14031 E RRR     : onNewAzimuth: -609.886
07-08 16:28:15.322 14031 14031 E RRR     : onNewAzimuth: -609.8981
07-08 16:28:15.322 14031 14031 E RRR     : onNewAzimuth: -609.93066
07-08 16:28:15.322 14031 14031 E RRR     : onNewAzimuth: -609.886
07-08 16:28:15.322 14031 14031 E RRR     : onNewAzimuth: -609.8981
07-08 16:28:15.326  6310 14342 I NearbySharing: Network state changed: NetworkState(isRestricted=false, isOnline=true, isCongested=false, isMetered=false, isWifiConnected=true)
07-08 16:28:15.327  6310  9344 I NearbySharing: Network state changed: NetworkState(isRestricted=false, isOnline=true, isCongested=false, isMetered=false, isWifiConnected=true)
07-08 16:28:15.332 14031 14031 E RRR     : onNewAzimuth: -609.8368
07-08 16:28:15.332 14031 14031 E RRR     : onNewAzimuth: -609.74225
07-08 16:28:15.335 14031 14031 E RRR     : onNewAzimuth: -609.8368
07-08 16:28:15.335 14031 14031 E RRR     : onNewAzimuth: -609.74225
07-08 16:28:15.346 14031 14031 E RRR     : onNewAzimuth: -609.84924
07-08 16:28:15.356 14031 14031 E RRR     : onNewAzimuth: -609.7245
07-08 16:28:15.357 14031 14031 E RRR     : onNewAzimuth: -609.58704
07-08 16:28:15.357 14031 14031 E RRR     : onNewAzimuth: -609.6909
07-08 16:28:15.357 14031 14031 E RRR     : onNewAzimuth: -609.7245
07-08 16:28:15.357 14031 14031 E RRR     : onNewAzimuth: -609.58704
07-08 16:28:15.357 14031 14031 E RRR     : onNewAzimuth: -609.6909
07-08 16:28:15.373 14031 14031 E RRR     : onNewAzimuth: -609.55536
07-08 16:28:15.373 14031 14031 E RRR     : onNewAzimuth: -609.43445
07-08 16:28:15.373 14031 14031 E RRR     : onNewAzimuth: -609.55536
07-08 16:28:15.373 14031 14031 E RRR     : onNewAzimuth: -609.43445
07-08 16:28:15.374 14031 14031 E RRR     : onNewAzimuth: -609.4402
07-08 16:28:15.391 14031 14031 E RRR     : onNewAzimuth: -609.34155
07-08 16:28:15.392 14031 14031 E RRR     : onNewAzimuth: -609.255
07-08 16:28:15.392 14031 14031 E RRR     : onNewAzimuth: -609.34155
07-08 16:28:15.392 14031 14031 E RRR     : onNewAzimuth: -609.255
07-08 16:28:15.399 14031 14031 E RRR     : onNewAzimuth: -609.2665
07-08 16:28:15.412 14031 14031 E RRR     : onNewAzimuth: -609.1733
07-08 16:28:15.412 14031 14031 E RRR     : onNewAzimuth: -609.06445
07-08 16:28:15.412 14031 14031 E RRR     : onNewAzimuth: -609.1733
07-08 16:28:15.413 14031 14031 E RRR     : onNewAzimuth: -609.06445
07-08 16:28:15.413 14031 14031 E RRR     : onNewAzimuth: -609.0773
07-08 16:28:15.432 14031 14031 E RRR     : onNewAzimuth: -608.96985
07-08 16:28:15.432 14031 14031 E RRR     : onNewAzimuth: -608.8772
07-08 16:28:15.432 14031 14031 E RRR     : onNewAzimuth: -608.96985
07-08 16:28:15.433 14031 14031 E RRR     : onNewAzimuth: -608.8772
07-08 16:28:15.434 14031 14031 E RRR     : onNewAzimuth: -608.8823
07-08 16:28:15.464 14031 14031 E RRR     : onNewAzimuth: -608.8064
07-08 16:28:15.464 14031 14031 E RRR     : onNewAzimuth: -608.7448
07-08 16:28:15.464 14031 14031 E RRR     : onNewAzimuth: -608.7499
07-08 16:28:15.464 14031 14031 E RRR     : onNewAzimuth: -608.7003
07-08 16:28:15.464 14031 14031 E RRR     : onNewAzimuth: -608.8064
07-08 16:28:15.464 14031 14031 E RRR     : onNewAzimuth: -608.7448
07-08 16:28:15.464 14031 14031 E RRR     : onNewAzimuth: -608.7499
07-08 16:28:15.464 14031 14031 E RRR     : onNewAzimuth: -608.7003
07-08 16:28:15.473 14031 14031 E RRR     : onNewAzimuth: -608.6521
07-08 16:28:15.474 14031 14031 E RRR     : onNewAzimuth: -608.657
07-08 16:28:15.493 14031 14031 E RRR     : onNewAzimuth: -608.604
07-08 16:28:15.493 14031 14031 E RRR     : onNewAzimuth: -608.5553
07-08 16:28:15.493 14031 14031 E RRR     : onNewAzimuth: -608.604
07-08 16:28:15.493 14031 14031 E RRR     : onNewAzimuth: -608.5553
07-08 16:28:15.506 14031 14031 E RRR     : onNewAzimuth: -608.5294
07-08 16:28:15.506 14031 14031 E RRR     : onNewAzimuth: -608.5343
07-08 16:28:15.506 14031 14031 E RRR     : onNewAzimuth: -608.5294
07-08 16:28:15.506 14031 14031 E RRR     : onNewAzimuth: -608.5343
07-08 16:28:15.527 14031 14031 E RRR     : onNewAzimuth: -608.53296
07-08 16:28:15.527 14031 14031 E RRR     : onNewAzimuth: -608.5376
07-08 16:28:15.527 14031 14031 E RRR     : onNewAzimuth: -608.53296
07-08 16:28:15.527 14031 14031 E RRR     : onNewAzimuth: -608.5376
07-08 16:28:15.533 14031 14031 E RRR     : onNewAzimuth: -608.5485
07-08 16:28:15.546 14031 14031 E RRR     : onNewAzimuth: -608.5531
07-08 16:28:15.550  2171  2244 I ActivityTaskManager: Displayed com.android.settings/com.vivo.settings.VivoSubSettings for user 0: +1s409ms
07-08 16:28:15.558  2171  2244 I ActivityTaskManager: Fully drawn com.android.settings/com.vivo.settings.VivoSubSettings: +1s409ms
07-08 16:28:15.594 14031 14031 E RRR     : onNewAzimuth: -608.53375
07-08 16:28:15.594 14031 14031 E RRR     : onNewAzimuth: -608.50146
07-08 16:28:15.594 14031 14031 E RRR     : onNewAzimuth: -608.50586
07-08 16:28:15.594 14031 14031 E RRR     : onNewAzimuth: -608.47504
07-08 16:28:15.595 14031 14031 E RRR     : onNewAzimuth: -608.4564
07-08 16:28:15.595 14031 14031 E RRR     : onNewAzimuth: -608.4608
07-08 16:28:15.595 14031 14031 E RRR     : onNewAzimuth: -608.4569
07-08 16:28:15.595 14031 14031 E RRR     : onNewAzimuth: -608.4601
07-08 16:28:15.595 14031 14031 E RRR     : onNewAzimuth: -608.53375
07-08 16:28:15.595 14031 14031 E RRR     : onNewAzimuth: -608.50146
07-08 16:28:15.595 14031 14031 E RRR     : onNewAzimuth: -608.50586
07-08 16:28:15.595 14031 14031 E RRR     : onNewAzimuth: -608.47504
07-08 16:28:15.595 14031 14031 E RRR     : onNewAzimuth: -608.4564
07-08 16:28:15.596 14031 14031 E RRR     : onNewAzimuth: -608.4608
07-08 16:28:15.596 14031 14031 E RRR     : onNewAzimuth: -608.4569
07-08 16:28:15.596 14031 14031 E RRR     : onNewAzimuth: -608.4601
07-08 16:28:15.599 14031 14031 E RRR     : onNewAzimuth: -608.4643
07-08 16:28:15.604 14526 14556 I HWUI    : [setStopped] CanvasContext will be destroyed.
07-08 16:28:15.627 28667 28667 V InputMethod: unbindInput(): binding=InputBinding{android.os.BinderProxy@d29e81d / uid 10686 / pid 14526} ic=RemoteInputConnection{idHash=#ffea251}
07-08 16:28:15.630 14031 14031 E RRR     : onNewAzimuth: -608.4735
07-08 16:28:15.630 14031 14031 E RRR     : onNewAzimuth: -608.49243
07-08 16:28:15.630 14031 14031 E RRR     : onNewAzimuth: -608.4965
07-08 16:28:15.630 14031 14031 E RRR     : onNewAzimuth: -608.5142
07-08 16:28:15.630 14031 14031 E RRR     : onNewAzimuth: -608.4735
07-08 16:28:15.630 14031 14031 E RRR     : onNewAzimuth: -608.49243
07-08 16:28:15.630 14031 14031 E RRR     : onNewAzimuth: -608.4965
07-08 16:28:15.630 14031 14031 E RRR     : onNewAzimuth: -608.5142
07-08 16:28:15.634 28667 28667 V InputMethod: bindInput(): binding=InputBinding{android.os.BinderProxy@aef0c42 / uid 1000 / pid 12951} ic=RemoteInputConnection{idHash=#a908453}
07-08 16:28:15.635 28667 28667 V InputMethod: startInput(): editor=android.view.inputmethod.EditorInfo@30bd190
07-08 16:28:15.635 28667 28667 V InputMethodService: CALL: doFinishInput
07-08 16:28:15.635 28667 28667 D InlineSuggestionSessionController: notifyOnFinishInput
07-08 16:28:15.635 28667 28667 V InputMethodService: CALL: onFinishInput
07-08 16:28:15.635 28667 28667 I GoogleInputMethodService: GoogleInputMethodService.onFinishInput():2276 
07-08 16:28:15.635 28667 28667 I Module  : DeviceLockedStatusModuleProvider$Module.updateDeviceLockedStatusInternal():129 repeatCheckTimes = 0, locked = false
07-08 16:28:15.635 28667 28667 V InputMethodService: finishStylusHandwriting()
07-08 16:28:15.635 28667 28667 D InlineSuggestionSessionController: notifyOnStartInput: com.android.settings, 0
07-08 16:28:15.635 28667 28667 V InputMethodService: CALL: onStartInput
07-08 16:28:15.636 28667 28667 I GoogleInputMethodService: GoogleInputMethodService.onStartInput():1460 onStartInput(EditorInfo{EditorInfo{packageName=com.android.settings, inputType=0, inputTypeString=NULL, enableLearning=false, autoCorrection=false, autoComplete=false, imeOptions=0, privateImeOptions=null, actionName=UNSPECIFIED, actionLabel=null, initialSelStart=-1, initialSelEnd=-1, initialCapsMode=0, label=null, fieldId=0, fieldName=null, extras=null, hintText=null, hintLocales=[]}}, false)
07-08 16:28:15.636 28667 28667 I LatinIMEBase: LatinIMEBase.updateInputViewCoverNavigation():317 Update input view padding, isNavbarOverInputWindow=true, bottom inset=126
07-08 16:28:15.637 28667 28667 I Module  : DeviceLockedStatusModuleProvider$Module.updateDeviceLockedStatusInternal():129 repeatCheckTimes = 1, locked = false
07-08 16:28:15.645 14031 14031 E RRR     : onNewAzimuth: -608.52026
07-08 16:28:15.645 14031 14031 E RRR     : onNewAzimuth: -608.53076
07-08 16:28:15.645 14031 14031 E RRR     : onNewAzimuth: -608.5297
07-08 16:28:15.645 14031 14031 E RRR     : onNewAzimuth: -608.52026
07-08 16:28:15.645 14031 14031 E RRR     : onNewAzimuth: -608.53076
07-08 16:28:15.645 14031 14031 E RRR     : onNewAzimuth: -608.5297
07-08 16:28:15.660 14031 14031 E RRR     : onNewAzimuth: -608.5242
07-08 16:28:15.660 14031 14031 E RRR     : onNewAzimuth: -608.5277
07-08 16:28:15.660 14031 14031 E RRR     : onNewAzimuth: -608.5242
07-08 16:28:15.661 14031 14031 E RRR     : onNewAzimuth: -608.5277
07-08 16:28:15.664 14031 14031 E RRR     : onNewAzimuth: -608.5149
07-08 16:28:15.701 14031 14031 E RRR     : onNewAzimuth: -608.49786
07-08 16:28:15.701 14031 14031 E RRR     : onNewAzimuth: -608.5071
07-08 16:28:15.701 14031 14031 E RRR     : onNewAzimuth: -608.4972
07-08 16:28:15.701 14031 14031 E RRR     : onNewAzimuth: -608.5055
07-08 16:28:15.702 14031 14031 E RRR     : onNewAzimuth: -608.5087
07-08 16:28:15.702 14031 14031 E RRR     : onNewAzimuth: -608.49786
07-08 16:28:15.702 14031 14031 E RRR     : onNewAzimuth: -608.5071
07-08 16:28:15.702 14031 14031 E RRR     : onNewAzimuth: -608.4972
07-08 16:28:15.702 14031 14031 E RRR     : onNewAzimuth: -608.5055
07-08 16:28:15.702 14031 14031 E RRR     : onNewAzimuth: -608.5087
07-08 16:28:15.703 14031 14031 E RRR     : onNewAzimuth: -608.5403
07-08 16:28:15.714 14031 14031 E RRR     : onNewAzimuth: -608.58356
07-08 16:28:15.723 14031 14031 E RRR     : onNewAzimuth: -608.6185
07-08 16:28:15.724 14031 14031 E RRR     : onNewAzimuth: -608.62836
07-08 16:28:15.738 14031 14031 E RRR     : onNewAzimuth: -608.6415
07-08 16:28:15.739 14031 14031 E RRR     : onNewAzimuth: -608.6442
07-08 16:28:15.739 14031 14031 E RRR     : onNewAzimuth: -608.6415
07-08 16:28:15.739 14031 14031 E RRR     : onNewAzimuth: -608.6442
07-08 16:28:15.744 14031 14031 E RRR     : onNewAzimuth: -608.6367
07-08 16:28:15.753 14031 14031 E RRR     : onNewAzimuth: -608.624
07-08 16:28:15.753 14031 14031 E RRR     : onNewAzimuth: -608.6267
07-08 16:28:15.764 14031 14031 E RRR     : onNewAzimuth: -608.6228
07-08 16:28:15.772 14031 14031 E RRR     : onNewAzimuth: -608.62585
07-08 16:28:15.780 14031 14031 E RRR     : onNewAzimuth: -608.6284
07-08 16:28:15.787 14031 14031 E RRR     : onNewAzimuth: -608.6268
07-08 16:28:15.791 14031 14031 E RRR     : onNewAzimuth: -608.6219
07-08 16:28:15.794 14031 14031 E RRR     : onNewAzimuth: -608.63116
07-08 16:28:15.804 14031 14031 E RRR     : onNewAzimuth: -608.6251
07-08 16:28:15.811 14031 14031 E RRR     : onNewAzimuth: -608.61707
07-08 16:28:15.813 14031 14031 E RRR     : onNewAzimuth: -608.6193
07-08 16:28:15.824 14031 14031 E RRR     : onNewAzimuth: -608.60376
07-08 16:28:15.832 14031 14031 E RRR     : onNewAzimuth: -608.5807
07-08 16:28:15.837 14031 14031 E RRR     : onNewAzimuth: -608.58856
07-08 16:28:15.846 14031 14031 E RRR     : onNewAzimuth: -608.56885
07-08 16:28:15.855 14031 14031 E RRR     : onNewAzimuth: -608.56445
07-08 16:28:15.855 14031 14031 E RRR     : onNewAzimuth: -608.5664
07-08 16:28:15.855 14031 14031 E RRR     : onNewAzimuth: -608.56445
07-08 16:28:15.855 14031 14031 E RRR     : onNewAzimuth: -608.5664
07-08 16:28:15.864 14031 14031 E RRR     : onNewAzimuth: -608.5818
07-08 16:28:15.871 14031 14031 E RRR     : onNewAzimuth: -608.6057
07-08 16:28:15.873 14031 14031 E RRR     : onNewAzimuth: -608.61426
07-08 16:28:15.884 14031 14031 E RRR     : onNewAzimuth: -608.6283
07-08 16:28:15.890 14031 14031 E RRR     : onNewAzimuth: -608.62885
07-08 16:28:15.894 14031 14031 E RRR     : onNewAzimuth: -608.72174
07-08 16:28:15.905 14031 14031 E RRR     : onNewAzimuth: -608.71313
07-08 16:28:15.911 14031 14031 E RRR     : onNewAzimuth: -608.69934
07-08 16:28:15.913 14031 14031 E RRR     : onNewAzimuth: -608.6981
07-08 16:28:15.928 14031 14031 E RRR     : onNewAzimuth: -608.69165
07-08 16:28:15.931 14031 14031 E RRR     : onNewAzimuth: -608.6963
07-08 16:28:15.937 14031 14031 E RRR     : onNewAzimuth: -608.702
07-08 16:28:15.944 14031 14031 E RRR     : onNewAzimuth: -608.71484
07-08 16:28:15.954 14031 14031 E RRR     : onNewAzimuth: -608.72546
07-08 16:28:15.954 14031 14031 E RRR     : onNewAzimuth: -608.7297
07-08 16:28:15.969 14031 14031 E RRR     : onNewAzimuth: -608.7308
07-08 16:28:15.971 14031 14031 E RRR     : onNewAzimuth: -608.7231
07-08 16:28:15.973 14031 14031 E RRR     : onNewAzimuth: -608.72845
07-08 16:28:15.989 14031 14031 E RRR     : onNewAzimuth: -608.72314
07-08 16:28:15.990 14031 14031 E RRR     : onNewAzimuth: -608.7177
07-08 16:28:15.999 14031 14031 E RRR     : onNewAzimuth: -608.71606
07-08 16:28:16.011 14031 14031 E RRR     : onNewAzimuth: -608.69916
07-08 16:28:16.012 14031 14031 E RRR     : onNewAzimuth: -608.66956
07-08 16:28:16.012 14031 14031 E RRR     : onNewAzimuth: -608.69916
07-08 16:28:16.012 14031 14031 E RRR     : onNewAzimuth: -608.66956
07-08 16:28:16.013 14031 14031 E RRR     : onNewAzimuth: -608.584
07-08 16:28:16.029 14031 14031 E RRR     : onNewAzimuth: -608.55444
07-08 16:28:16.031 14031 14031 E RRR     : onNewAzimuth: -608.5249
07-08 16:28:16.037 14031 14031 E RRR     : onNewAzimuth: -608.5326
07-08 16:28:16.052 14031 14031 E RRR     : onNewAzimuth: -608.4947
07-08 16:28:16.054 14031 14031 E RRR     : onNewAzimuth: -608.464
07-08 16:28:16.055 14031 14031 E RRR     : onNewAzimuth: -608.39435
07-08 16:28:16.068 28667 28667 I StylusModule: StylusModule.onUpdateToolType():774 Update tool type = 0
07-08 16:28:16.071 14031 14031 E RRR     : onNewAzimuth: -608.3839
07-08 16:28:16.071 14031 14031 E RRR     : onNewAzimuth: -608.40454
07-08 16:28:16.071 14031 14031 E RRR     : onNewAzimuth: -608.3839
07-08 16:28:16.072 14031 14031 E RRR     : onNewAzimuth: -608.40454
07-08 16:28:16.074 14031 14031 E RRR     : onNewAzimuth: -608.3296
07-08 16:28:16.090 14031 14031 E RRR     : onNewAzimuth: -608.44666
07-08 16:28:16.090 14031 14031 E RRR     : onNewAzimuth: -608.68567
07-08 16:28:16.091 14031 14031 E RRR     : onNewAzimuth: -608.44666
07-08 16:28:16.091 14031 14031 E RRR     : onNewAzimuth: -608.68567
07-08 16:28:16.097 14031 14031 E RRR     : onNewAzimuth: -608.6136
07-08 16:28:16.105 14031 14031 E RRR     : onNewAzimuth: -608.8722
07-08 16:28:16.113 14031 14031 E RRR     : onNewAzimuth: -609.00525
07-08 16:28:16.114 14031 14031 E RRR     : onNewAzimuth: -609.0194
07-08 16:28:16.164 14031 14031 E RRR     : onNewAzimuth: -608.9927
07-08 16:28:16.165 14031 14031 E RRR     : onNewAzimuth: -608.86597
07-08 16:28:16.165 14031 14031 E RRR     : onNewAzimuth: -608.8796
07-08 16:28:16.165 14031 14031 E RRR     : onNewAzimuth: -608.7236
07-08 16:28:16.165 14031 14031 E RRR     : onNewAzimuth: -608.60095
07-08 16:28:16.165 14031 14031 E RRR     : onNewAzimuth: -608.5594
07-08 16:28:16.165 14031 14031 E RRR     : onNewAzimuth: -608.5724
07-08 16:28:16.165 14031 14031 E RRR     : onNewAzimuth: -608.9927
07-08 16:28:16.165 14031 14031 E RRR     : onNewAzimuth: -608.86597
07-08 16:28:16.165 14031 14031 E RRR     : onNewAzimuth: -608.8796
07-08 16:28:16.165 14031 14031 E RRR     : onNewAzimuth: -608.7236
07-08 16:28:16.165 14031 14031 E RRR     : onNewAzimuth: -608.60095
07-08 16:28:16.165 14031 14031 E RRR     : onNewAzimuth: -608.5594
07-08 16:28:16.165 14031 14031 E RRR     : onNewAzimuth: -608.5724
07-08 16:28:16.172 14031 14031 E RRR     : onNewAzimuth: -608.60596
07-08 16:28:16.177 14031 14031 E RRR     : onNewAzimuth: -608.53503
07-08 16:28:16.194 14031 14031 E RRR     : onNewAzimuth: -608.58826
07-08 16:28:16.194 14031 14031 E RRR     : onNewAzimuth: -608.63336
07-08 16:28:16.194 14031 14031 E RRR     : onNewAzimuth: -608.6482
07-08 16:28:16.195 14031 14031 E RRR     : onNewAzimuth: -608.58826
07-08 16:28:16.195 14031 14031 E RRR     : onNewAzimuth: -608.63336
07-08 16:28:16.195 14031 14031 E RRR     : onNewAzimuth: -608.6482
07-08 16:28:16.212 14031 14031 E RRR     : onNewAzimuth: -608.6709
07-08 16:28:16.212 14031 14031 E RRR     : onNewAzimuth: -608.6691
07-08 16:28:16.212 14031 14031 E RRR     : onNewAzimuth: -608.6709
07-08 16:28:16.213 14031 14031 E RRR     : onNewAzimuth: -608.6691
07-08 16:28:16.213 14031 14031 E RRR     : onNewAzimuth: -608.67773
07-08 16:28:16.231 14031 14031 E RRR     : onNewAzimuth: -608.6625
07-08 16:28:16.231 14031 14031 E RRR     : onNewAzimuth: -608.6472
07-08 16:28:16.231 14031 14031 E RRR     : onNewAzimuth: -608.6625
07-08 16:28:16.231 14031 14031 E RRR     : onNewAzimuth: -608.6472
07-08 16:28:16.236 14031 14031 E RRR     : onNewAzimuth: -608.5774
07-08 16:28:16.253 14031 14031 E RRR     : onNewAzimuth: -608.5713
07-08 16:28:16.254 14031 14031 E RRR     : onNewAzimuth: -608.5676
07-08 16:28:16.254 14031 14031 E RRR     : onNewAzimuth: -608.5713
07-08 16:28:16.254 14031 14031 E RRR     : onNewAzimuth: -608.5676
07-08 16:28:16.256 14031 14031 E RRR     : onNewAzimuth: -608.5839
07-08 16:28:16.267 14031 14031 E RRR     : onNewAzimuth: -608.5834
07-08 16:28:16.273 14031 14031 E RRR     : onNewAzimuth: -608.5842
07-08 16:28:16.278 14526 14556 I HWUI    : [destroy] CanvasContext will be destroyed.
07-08 16:28:16.291 14031 14031 E RRR     : onNewAzimuth: -608.60004
07-08 16:28:16.291 14031 14031 E RRR     : onNewAzimuth: -608.6057
07-08 16:28:16.291 14031 14031 E RRR     : onNewAzimuth: -608.6152
07-08 16:28:16.291 14031 14031 E RRR     : onNewAzimuth: -608.60004
07-08 16:28:16.292 14031 14031 E RRR     : onNewAzimuth: -608.6057
07-08 16:28:16.292 14031 14031 E RRR     : onNewAzimuth: -608.6152
07-08 16:28:16.292 14526 14526 W WindowOnBackDispatcher: OnBackInvokedCallback is not enabled for the application.
07-08 16:28:16.292 14526 14526 W WindowOnBackDispatcher: Set 'android:enableOnBackInvokedCallback="true"' in the application manifest.
07-08 16:28:16.293 14031 14031 E RRR     : onNewAzimuth: -608.6305
07-08 16:28:16.293 14526 14526 W unknown:BridgelessReact: ReactHost{0}.onHostResume(activity)
07-08 16:28:16.293 14526 14526 W unknown:BridgelessReact: ReactContext.onHostResume()
07-08 16:28:16.313 14031 14031 E RRR     : onNewAzimuth: -608.63245
07-08 16:28:16.313 14031 14031 E RRR     : onNewAzimuth: -608.62585
07-08 16:28:16.320 14526 14526 D ViewRootImpl: AppSizeAfterRelayout, size: Point(1260, 2800), rotation: ROTATION_0
07-08 16:28:16.321 14526 14526 D BufferQueueConsumer: [](id:38be00000001,api:0,p:-1,c:14526) connect: controlledByApp=false
07-08 16:28:16.321 14526 14526 D BLASTBufferQueue: [VRI[MainActivity,type=1]#1](f:0,a:0) constructor()
07-08 16:28:16.321 14526 14526 D BLASTBufferQueue: [VRI[MainActivity,type=1]#1](f:0,a:0) update width=1260 height=2800 format=-1 mTransformHint=0
07-08 16:28:16.321 14031 14031 E RRR     : onNewAzimuth: -608.63245
