07-08 16:28:09.246 14031 14031 E RRR     : onNewAzimuth: -615.2381
07-08 16:28:09.246 14031 14031 E RRR     : onNewAzimuth: -615.29584
07-08 16:28:09.246 14031 14031 E RRR     : onNewAzimuth: -615.17084
07-08 16:28:09.246 14031 14031 E RRR     : onNewAzimuth: -615.0596
07-08 16:28:09.246 14031 14031 E RRR     : onNewAzimuth: -615.113
07-08 16:28:09.247 14031 14031 E RRR     : onNewAzimuth: -615.0268
07-08 16:28:09.247 14031 14031 E RRR     : onNewAzimuth: -614.97266
07-08 16:28:09.247 14031 14031 E RRR     : onNewAzimuth: -615.1145
07-08 16:28:09.247 14031 14031 E RRR     : onNewAzimuth: -615.0853
07-08 16:28:09.247 14031 14031 E RRR     : onNewAzimuth: -615.0651
07-08 16:28:09.247 14031 14031 E RRR     : onNewAzimuth: -615.0995
07-08 16:28:09.247 14031 14031 E RRR     : onNewAzimuth: -615.05896
07-08 16:28:09.247 14031 14031 E RRR     : onNewAzimuth: -614.9856
07-08 16:28:09.250 14031 14031 E RRR     : onNewAzimuth: -615.04626
07-08 16:28:09.251 14031 14031 E RRR     : onNewAzimuth: -614.9337
07-08 16:28:09.252 14031 14031 E RRR     : onNewAzimuth: -614.7897
07-08 16:28:09.252 14031 14031 E RRR     : onNewAzimuth: -614.83484
07-08 16:28:09.252 14031 14031 E RRR     : onNewAzimuth: -614.66003
07-08 16:28:09.252 14031 14031 E RRR     : onNewAzimuth: -614.4591
07-08 16:28:09.252 14031 14031 E RRR     : onNewAzimuth: -614.50354
07-08 16:28:09.252 14031 14031 E RRR     : onNewAzimuth: -614.32056
07-08 16:28:09.252 14031 14031 E RRR     : onNewAzimuth: -614.1821
07-08 16:28:09.252 14031 14031 E RRR     : onNewAzimuth: -614.3159
07-08 16:28:09.252 14031 14031 E RRR     : onNewAzimuth: -614.2217
07-08 16:28:09.252 14031 14031 E RRR     : onNewAzimuth: -614.14124
07-08 16:28:09.252 14031 14031 E RRR     : onNewAzimuth: -614.27136
07-08 16:28:09.252 14031 14031 E RRR     : onNewAzimuth: -614.1824
07-08 16:28:09.277 14526 14526 W VSPA    : Unable to open /proc/vivo_rsc/frame_set_priority: Permission denied
07-08 16:28:09.278 14526 14526 W VSPA    : Unable to open /proc/vivo_rsc/frame_set_priority: Permission denied
07-08 16:28:09.278 14526 14526 W VSPA    : Unable to open /proc/vivo_rsc/frame_set_priority: Permission denied
07-08 16:28:09.289 14526 14526 W VSPA    : Unable to open /proc/vivo_rsc/frame_set_priority: Permission denied
07-08 16:28:09.319 19536 19815 I HWUI    : [destroy] CanvasContext will be destroyed.
07-08 16:28:09.363 19536 19536 D ViewRootImpl: AppSizeAfterRelayout, size: Point(1260, 2800), rotation: ROTATION_0
07-08 16:28:09.364 19536 19536 D BLASTBufferQueue: [VRI[GoogleDiscoverWindow,type=4]#892](f:0,a:2) destructor()
07-08 16:28:09.364 19536 19536 D BufferQueueConsumer: [VRI[GoogleDiscoverWindow,type=4]#892(BLAST Consumer)892](id:4c500000037c,api:0,p:-1,c:19536) disconnect
07-08 16:28:09.372 19536 19536 I cbfe    : onStop
07-08 16:28:09.431 14526 14582 I ExpoModulesCore: ✅ AppContext was initialized
07-08 16:28:09.444 14031 14031 E RRR     : onNewAzimuth: -614.0652
07-08 16:28:09.444 14031 14031 E RRR     : onNewAzimuth: -614.1918
07-08 16:28:09.444 14031 14031 E RRR     : onNewAzimuth: -614.0521
07-08 16:28:09.444 14031 14031 E RRR     : onNewAzimuth: -613.9098
07-08 16:28:09.444 14031 14031 E RRR     : onNewAzimuth: -614.03296
07-08 16:28:09.444 14031 14031 E RRR     : onNewAzimuth: -613.90234
07-08 16:28:09.444 14031 14031 E RRR     : onNewAzimuth: -613.7865
07-08 16:28:09.444 14031 14031 E RRR     : onNewAzimuth: -613.9065
07-08 16:28:09.444 14031 14031 E RRR     : onNewAzimuth: -613.7943
07-08 16:28:09.444 14031 14031 E RRR     : onNewAzimuth: -613.67114
07-08 16:28:09.444 14031 14031 E RRR     : onNewAzimuth: -613.7882
07-08 16:28:09.444 14031 14031 E RRR     : onNewAzimuth: -613.6508
07-08 16:28:09.444 14031 14031 E RRR     : onNewAzimuth: -613.49854
07-08 16:28:09.444 14031 14031 E RRR     : onNewAzimuth: -613.3353
07-08 16:28:09.444 14031 14031 E RRR     : onNewAzimuth: -613.4498
07-08 16:28:09.444 14031 14031 E RRR     : onNewAzimuth: -613.2887
07-08 16:28:09.444 14031 14031 E RRR     : onNewAzimuth: -613.3998
07-08 16:28:09.444 14031 14031 E RRR     : onNewAzimuth: -613.23804
07-08 16:28:09.444 14031 14031 E RRR     : onNewAzimuth: -613.0726
07-08 16:28:09.444 14031 14031 E RRR     : onNewAzimuth: -613.16846
07-08 16:28:09.444 14031 14031 E RRR     : onNewAzimuth: -613.01074
07-08 16:28:09.444 14031 14031 E RRR     : onNewAzimuth: -612.8677
07-08 16:28:09.445 14031 14031 E RRR     : onNewAzimuth: -612.97314
07-08 16:28:09.445 14031 14031 E RRR     : onNewAzimuth: -612.8359
07-08 16:28:09.445 14031 14031 E RRR     : onNewAzimuth: -612.6809
07-08 16:28:09.445 14031 14031 E RRR     : onNewAzimuth: -612.7717
07-08 16:28:09.445 14031 14031 E RRR     : onNewAzimuth: -612.5867
07-08 16:28:09.445 14031 14031 E RRR     : onNewAzimuth: -614.0652
07-08 16:28:09.445 14031 14031 E RRR     : onNewAzimuth: -614.1918
07-08 16:28:09.445 14031 14031 E RRR     : onNewAzimuth: -614.0521
07-08 16:28:09.445 14031 14031 E RRR     : onNewAzimuth: -613.9098
07-08 16:28:09.445 14031 14031 E RRR     : onNewAzimuth: -614.03296
07-08 16:28:09.445 14031 14031 E RRR     : onNewAzimuth: -613.90234
07-08 16:28:09.445 14031 14031 E RRR     : onNewAzimuth: -613.7865
07-08 16:28:09.445 14031 14031 E RRR     : onNewAzimuth: -613.9065
07-08 16:28:09.445 14031 14031 E RRR     : onNewAzimuth: -613.7943
07-08 16:28:09.445 14031 14031 E RRR     : onNewAzimuth: -613.67114
07-08 16:28:09.445 14031 14031 E RRR     : onNewAzimuth: -613.7882
07-08 16:28:09.445 14031 14031 E RRR     : onNewAzimuth: -613.6508
07-08 16:28:09.445 14031 14031 E RRR     : onNewAzimuth: -613.49854
07-08 16:28:09.445 14031 14031 E RRR     : onNewAzimuth: -613.3353
07-08 16:28:09.445 14031 14031 E RRR     : onNewAzimuth: -613.4498
07-08 16:28:09.445 14031 14031 E RRR     : onNewAzimuth: -613.2887
07-08 16:28:09.445 14031 14031 E RRR     : onNewAzimuth: -613.3998
07-08 16:28:09.445 14031 14031 E RRR     : onNewAzimuth: -613.23804
07-08 16:28:09.445 14031 14031 E RRR     : onNewAzimuth: -613.0726
07-08 16:28:09.445 14031 14031 E RRR     : onNewAzimuth: -613.16846
07-08 16:28:09.445 14031 14031 E RRR     : onNewAzimuth: -613.01074
07-08 16:28:09.445 14031 14031 E RRR     : onNewAzimuth: -612.8677
07-08 16:28:09.445 14031 14031 E RRR     : onNewAzimuth: -612.97314
07-08 16:28:09.445 14031 14031 E RRR     : onNewAzimuth: -612.8359
07-08 16:28:09.445 14031 14031 E RRR     : onNewAzimuth: -612.6809
07-08 16:28:09.445 14031 14031 E RRR     : onNewAzimuth: -612.7717
07-08 16:28:09.445 14031 14031 E RRR     : onNewAzimuth: -612.5867
07-08 16:28:09.448 14031 14031 E RRR     : onNewAzimuth: -612.379
07-08 16:28:09.448 14031 14031 E RRR     : onNewAzimuth: -612.4792
07-08 16:28:09.448 14031 14031 E RRR     : onNewAzimuth: -612.26184
07-08 16:28:09.449 14031 14031 E RRR     : onNewAzimuth: -612.379
07-08 16:28:09.449 14031 14031 E RRR     : onNewAzimuth: -612.4792
07-08 16:28:09.449 14031 14031 E RRR     : onNewAzimuth: -612.26184
07-08 16:28:09.456 14526 14582 W unknown:BridgelessReact: ReactHost{0}.getOrCreateReactInstanceTask(): Loading JS Bundle
07-08 16:28:09.458 14526 14582 W unknown:BridgelessReact: ReactHost{0}.getOrCreateReactInstanceTask(): Calling DevSupportManagerBase.onNewReactContextCreated(reactContext)
07-08 16:28:09.458 14526 14582 W unknown:BridgelessReact: ReactHost{0}.startSurface(surfaceId = 0): Execute
07-08 16:28:09.460 14031 14031 E RRR     : onNewAzimuth: -612.0522
07-08 16:28:09.460 14031 14031 E RRR     : onNewAzimuth: -612.14984
07-08 16:28:09.462 14031 14031 E RRR     : onNewAzimuth: -612.0522
07-08 16:28:09.462 14031 14031 E RRR     : onNewAzimuth: -612.14984
07-08 16:28:09.464 14526 14526 W unknown:BridgelessReact: ReactContext.onHostResume()
07-08 16:28:09.464 14526 14526 W unknown:BridgelessReact: ReactHost{0}.getOrCreateReactInstanceTask(): Executing ReactInstanceEventListeners
07-08 16:28:09.507 14031 14031 E RRR     : onNewAzimuth: -611.9667
07-08 16:28:09.509 14031 14031 E RRR     : onNewAzimuth: -611.81616
07-08 16:28:09.510 14031 14031 E RRR     : onNewAzimuth: -611.90063
07-08 16:28:09.510 14031 14031 E RRR     : onNewAzimuth: -611.77686
07-08 16:28:09.510 14031 14031 E RRR     : onNewAzimuth: -611.6517
07-08 16:28:09.510 14031 14031 E RRR     : onNewAzimuth: -611.82666
07-08 16:28:09.510 14031 14031 E RRR     : onNewAzimuth: -611.6837
07-08 16:28:09.510 14031 14031 E RRR     : onNewAzimuth: -611.9667
07-08 16:28:09.510 14031 14031 E RRR     : onNewAzimuth: -611.81616
07-08 16:28:09.510 14031 14031 E RRR     : onNewAzimuth: -611.90063
07-08 16:28:09.510 14031 14031 E RRR     : onNewAzimuth: -611.77686
07-08 16:28:09.510 14031 14031 E RRR     : onNewAzimuth: -611.6517
07-08 16:28:09.510 14031 14031 E RRR     : onNewAzimuth: -611.82666
07-08 16:28:09.510 14031 14031 E RRR     : onNewAzimuth: -611.6837
07-08 16:28:09.521 14526 14583 D nativeloader: Load /data/app/~~GLLvvSbyipcjh8RgLZGabQ==/com.emergent.salahalarm.lxw9zs-mV6fl1Z5kuDVBfRrsKdTSw==/base.apk!/lib/arm64-v8a/libexpo-modules-core.so using class loader ns clns-9 (caller=/data/app/~~GLLvvSbyipcjh8RgLZGabQ==/com.emergent.salahalarm.lxw9zs-mV6fl1Z5kuDVBfRrsKdTSw==/base.apk!classes2.dex): ok
07-08 16:28:09.534 14031 14031 E RRR     : onNewAzimuth: -611.5362
07-08 16:28:09.534 14031 14031 E RRR     : onNewAzimuth: -611.6135
07-08 16:28:09.534 14031 14031 E RRR     : onNewAzimuth: -611.47107
07-08 16:28:09.534 14031 14031 E RRR     : onNewAzimuth: -611.5362
07-08 16:28:09.534 14031 14031 E RRR     : onNewAzimuth: -611.6135
07-08 16:28:09.534 14031 14031 E RRR     : onNewAzimuth: -611.47107
07-08 16:28:09.537 14031 14031 E RRR     : onNewAzimuth: -611.3339
07-08 16:28:09.538 14031 14031 E RRR     : onNewAzimuth: -611.4094
07-08 16:28:09.538 14031 14031 E RRR     : onNewAzimuth: -611.3339
07-08 16:28:09.538 14031 14031 E RRR     : onNewAzimuth: -611.4094
07-08 16:28:09.548 14526 14583 W unknown:ViewManagerPropertyUpdater: Could not find generated setter for class com.th3rdwave.safeareacontext.SafeAreaProviderManager
07-08 16:28:09.550 14526 14583 W unknown:ViewManagerPropertyUpdater: Could not find generated setter for class com.facebook.react.uimanager.LayoutShadowNode
07-08 16:28:09.551 14526 14583 W unknown:ViewManagerPropertyUpdater: Could not find generated setter for class com.swmansion.rnscreens.SearchBarManager
07-08 16:28:09.553 14526 14583 W unknown:ViewManagerPropertyUpdater: Could not find generated setter for class com.swmansion.rnscreens.ScreenFooterManager
07-08 16:28:09.554 14526 14583 W unknown:ViewManagerPropertyUpdater: Could not find generated setter for class com.swmansion.rnscreens.gamma.tabs.TabScreenViewManager
07-08 16:28:09.555 14526 14583 W unknown:ViewManagerPropertyUpdater: Could not find generated setter for class expo.modules.kotlin.views.GroupViewManagerWrapper
07-08 16:28:09.556 14526 14583 W unknown:ViewManagerPropertyUpdater: Could not find generated setter for class com.swmansion.rnscreens.ScreenContainerViewManager
07-08 16:28:09.557 14526 14583 W unknown:ViewManagerPropertyUpdater: Could not find generated setter for class com.reactnativecommunity.slider.ReactSliderManager
07-08 16:28:09.557 14031 14031 E RRR     : onNewAzimuth: -611.2737
07-08 16:28:09.558 14031 14031 E RRR     : onNewAzimuth: -611.1411
07-08 16:28:09.558 14031 14031 E RRR     : onNewAzimuth: -611.3076
07-08 16:28:09.558 14031 14031 E RRR     : onNewAzimuth: -611.1411
07-08 16:28:09.559 14031 14031 E RRR     : onNewAzimuth: -611.3076
07-08 16:28:09.559 14526 14583 W unknown:ViewManagerPropertyUpdater: Could not find generated setter for class com.swmansion.rnscreens.gamma.tabs.TabsHostViewManager
07-08 16:28:09.560 14526 14583 W unknown:ViewManagerPropertyUpdater: Could not find generated setter for class com.reactnativecommunity.webview.RNCWebViewManager
07-08 16:28:09.562 14526 14583 W unknown:ViewManagerPropertyUpdater: Could not find generated setter for class com.swmansion.rnscreens.ModalScreenViewManager
07-08 16:28:09.564 14526 14583 W unknown:ViewManagerPropertyUpdater: Could not find generated setter for class com.swmansion.rnscreens.ScreenStackHeaderConfigViewManager
07-08 16:28:09.564 14526 14583 W unknown:ViewManagerPropertyUpdater: Could not find generated setter for class com.swmansion.rnscreens.ScreenContentWrapperManager
07-08 16:28:09.565 14526 14583 W unknown:ViewManagerPropertyUpdater: Could not find generated setter for class com.th3rdwave.safeareacontext.SafeAreaViewManager
07-08 16:28:09.566 14526 14583 W unknown:ViewManagerPropertyUpdater: Could not find generated setter for class com.th3rdwave.safeareacontext.SafeAreaViewShadowNode
07-08 16:28:09.566 14526 14583 W unknown:ViewManagerPropertyUpdater: Could not find generated setter for class com.swmansion.rnscreens.ScreenViewManager
07-08 16:28:09.566 14526 14583 W unknown:ViewManagerPropertyUpdater: Could not find generated setter for class expo.modules.kotlin.views.SimpleViewManagerWrapper
07-08 16:28:09.567 14526 14583 W unknown:ViewManagerPropertyUpdater: Could not find generated setter for class com.swmansion.rnscreens.ScreenStackHeaderSubviewManager
07-08 16:28:09.569 14526 14583 W unknown:ViewManagerPropertyUpdater: Could not find generated setter for class com.swmansion.rnscreens.ScreenStackViewManager
07-08 16:28:09.571 14031 14031 E RRR     : onNewAzimuth: -611.18005
07-08 16:28:09.574 14031 14031 E RRR     : onNewAzimuth: -611.06213
07-08 16:28:09.574 14031 14031 E RRR     : onNewAzimuth: -611.224
07-08 16:28:09.574 14031 14031 E RRR     : onNewAzimuth: -611.06213
07-08 16:28:09.574 14031 14031 E RRR     : onNewAzimuth: -611.224
07-08 16:28:09.591 14526 14583 W unknown:ViewManagerPropertyUpdater: Could not find generated setter for class com.swmansion.gesturehandler.react.RNGestureHandlerButtonViewManager
07-08 16:28:09.593 14526 14583 W unknown:ViewManagerPropertyUpdater: Could not find generated setter for class com.facebook.react.views.safeareaview.ReactSafeAreaViewManager
07-08 16:28:09.594 14526 14583 W unknown:ViewManagerPropertyUpdater: Could not find generated setter for class com.facebook.react.views.safeareaview.ReactSafeAreaViewShadowNode
07-08 16:28:09.595 14526 14583 W unknown:ViewManagerPropertyUpdater: Could not find generated setter for class com.facebook.react.views.modal.ReactModalHostManager
07-08 16:28:09.597 14526 14583 W unknown:ViewManagerPropertyUpdater: Could not find generated setter for class com.facebook.react.views.text.frescosupport.FrescoBasedReactTextInlineImageViewManager
07-08 16:28:09.597 14526 14583 W unknown:ViewManagerPropertyUpdater: Could not find generated setter for class com.facebook.react.views.text.frescosupport.FrescoBasedReactTextInlineImageShadowNode
07-08 16:28:09.597 14031 14031 E RRR     : onNewAzimuth: -611.1107
07-08 16:28:09.598 14031 14031 E RRR     : onNewAzimuth: -610.9892
07-08 16:28:09.598 14031 14031 E RRR     : onNewAzimuth: -611.2294
07-08 16:28:09.598 14031 14031 E RRR     : onNewAzimuth: -611.1107
07-08 16:28:09.598 14031 14031 E RRR     : onNewAzimuth: -610.9892
07-08 16:28:09.598 14031 14031 E RRR     : onNewAzimuth: -611.2294
07-08 16:28:09.599 14526 14583 W unknown:ViewManagerPropertyUpdater: Could not find generated setter for class com.facebook.react.views.progressbar.ReactProgressBarViewManager
07-08 16:28:09.599 14526 14583 W unknown:ViewManagerPropertyUpdater: Could not find generated setter for class com.facebook.react.views.progressbar.ProgressBarShadowNode
07-08 16:28:09.601 14526 14583 W unknown:ViewManagerPropertyUpdater: Could not find generated setter for class com.facebook.react.views.scroll.ReactHorizontalScrollViewManager
07-08 16:28:09.602 14031 14031 E RRR     : onNewAzimuth: -611.08057
07-08 16:28:09.603 14526 14583 W unknown:ViewManagerPropertyUpdater: Could not find generated setter for class com.facebook.react.views.image.ReactImageManager
07-08 16:28:09.605 14526 14583 W unknown:ViewManagerPropertyUpdater: Could not find generated setter for class com.facebook.react.views.text.ReactTextViewManager
07-08 16:28:09.606 14526 14583 W unknown:ViewManagerPropertyUpdater: Could not find generated setter for class com.facebook.react.views.text.ReactTextShadowNode
07-08 16:28:09.609 14526 14583 W unknown:ViewManagerPropertyUpdater: Could not find generated setter for class com.facebook.react.views.scroll.ReactHorizontalScrollContainerViewManager
07-08 16:28:09.611 14526 14583 W unknown:ViewManagerPropertyUpdater: Could not find generated setter for class com.facebook.react.views.unimplementedview.ReactUnimplementedViewManager
07-08 16:28:09.614 14526 14583 W unknown:ViewManagerPropertyUpdater: Could not find generated setter for class com.facebook.react.views.scroll.ReactScrollViewManager
07-08 16:28:09.617 14526 14583 W unknown:ViewManagerPropertyUpdater: Could not find generated setter for class com.facebook.react.views.view.ReactViewManager
07-08 16:28:09.618 14526 14583 W unknown:ViewManagerPropertyUpdater: Could not find generated setter for class com.facebook.react.views.drawer.ReactDrawerLayoutManager
07-08 16:28:09.622 14526 14583 W unknown:ViewManagerPropertyUpdater: Could not find generated setter for class com.facebook.react.views.switchview.ReactSwitchManager
07-08 16:28:09.623 14526 14583 W unknown:ViewManagerPropertyUpdater: Could not find generated setter for class com.facebook.react.views.switchview.ReactSwitchShadowNode
07-08 16:28:09.624 14526 14583 W unknown:ViewManagerPropertyUpdater: Could not find generated setter for class com.facebook.react.views.text.ReactVirtualTextViewManager
07-08 16:28:09.624 14526 14583 W unknown:ViewManagerPropertyUpdater: Could not find generated setter for class com.facebook.react.views.text.ReactVirtualTextShadowNode
07-08 16:28:09.625 14526 14583 W unknown:ViewManagerPropertyUpdater: Could not find generated setter for class com.facebook.react.views.swiperefresh.SwipeRefreshLayoutManager
07-08 16:28:09.627 14526 14583 W unknown:ViewManagerPropertyUpdater: Could not find generated setter for class com.facebook.react.views.text.ReactRawTextManager
07-08 16:28:09.627 14526 14583 W unknown:ViewManagerPropertyUpdater: Could not find generated setter for class com.facebook.react.views.text.ReactRawTextShadowNode
07-08 16:28:09.628  6310  8156 I FontLog : (REDACTED) Received query %s, URI %s
07-08 16:28:09.628  6310  8156 I FontLog : (REDACTED) Query [%s] resolved to %s
07-08 16:28:09.629 14526 14583 W unknown:ViewManagerPropertyUpdater: Could not find generated setter for class com.facebook.react.views.textinput.ReactTextInputManager
07-08 16:28:09.630 14031 14031 E RRR     : onNewAzimuth: -610.8941
07-08 16:28:09.630 14031 14031 E RRR     : onNewAzimuth: -611.21967
07-08 16:28:09.630 14031 14031 E RRR     : onNewAzimuth: -611.00476
07-08 16:28:09.630 14031 14031 E RRR     : onNewAzimuth: -610.8941
07-08 16:28:09.630 14031 14031 E RRR     : onNewAzimuth: -611.21967
07-08 16:28:09.630 14031 14031 E RRR     : onNewAzimuth: -611.00476
07-08 16:28:09.632 14526 14583 W unknown:ViewManagerPropertyUpdater: Could not find generated setter for class com.facebook.react.views.textinput.ReactTextInputShadowNode
07-08 16:28:09.634 14526 14583 W unknown:ViewManagerPropertyUpdater: Could not find generated setter for class com.swmansion.gesturehandler.react.RNGestureHandlerRootViewManager
07-08 16:28:09.635 14031 14031 E RRR     : onNewAzimuth: -610.76306
07-08 16:28:09.635 14031 14031 E RRR     : onNewAzimuth: -611.0791
07-08 16:28:09.636  6310  8156 I FontLog : (REDACTED) Fetch %s end status %s
07-08 16:28:09.636 14031 14031 E RRR     : onNewAzimuth: -610.76306
07-08 16:28:09.636 14031 14031 E RRR     : onNewAzimuth: -611.0791
07-08 16:28:09.638  6310  6323 I FontLog : (REDACTED) Pulling font file for id = %d, cache size = %d
07-08 16:28:09.639 14526 14583 W BridgelessReactContext: [WARNING] Bridgeless doesn't support CatalystInstance. Accessing an API that's not part of the new architecture is not encouraged usage.
07-08 16:28:09.646 14526 14583 I ExpoModulesCore: ✅ JSI interop was installed
07-08 16:28:09.646  6310  6323 I FontLog : (REDACTED) Pulling font file for id = %d, cache size = %d
07-08 16:28:09.647 14031 14031 E RRR     : onNewAzimuth: -610.8151
07-08 16:28:09.656 14031 14031 E RRR     : onNewAzimuth: -610.54706
07-08 16:28:09.656 14031 14031 E RRR     : onNewAzimuth: -610.84576
07-08 16:28:09.656 14031 14031 E RRR     : onNewAzimuth: -610.54706
07-08 16:28:09.657 14031 14031 E RRR     : onNewAzimuth: -610.84576
07-08 16:28:09.661 14031 14031 E RRR     : onNewAzimuth: -610.5725
07-08 16:28:09.661 14526 14583 I ExpoModulesCore: ✅ Constants were exported
07-08 16:28:09.674 14031 14031 E RRR     : onNewAzimuth: -610.27686
07-08 16:28:09.674 14031 14031 E RRR     : onNewAzimuth: -610.579
07-08 16:28:09.675 14031 14031 E RRR     : onNewAzimuth: -610.27686
07-08 16:28:09.675 14031 14031 E RRR     : onNewAzimuth: -610.579
07-08 16:28:09.681 14031 14031 E RRR     : onNewAzimuth: -610.2613
07-08 16:28:09.694 14031 14031 E RRR     : onNewAzimuth: -609.941
07-08 16:28:09.694 14031 14031 E RRR     : onNewAzimuth: -610.22626
07-08 16:28:09.695 14031 14031 E RRR     : onNewAzimuth: -609.941
07-08 16:28:09.695 14031 14031 E RRR     : onNewAzimuth: -610.22626
07-08 16:28:09.703 14031 14031 E RRR     : onNewAzimuth: -609.9264
07-08 16:28:09.712 14526 14583 D nativeloader: Load /data/app/~~GLLvvSbyipcjh8RgLZGabQ==/com.emergent.salahalarm.lxw9zs-mV6fl1Z5kuDVBfRrsKdTSw==/base.apk!/lib/arm64-v8a/librnscreens.so using class loader ns clns-9 (caller=/data/app/~~GLLvvSbyipcjh8RgLZGabQ==/com.emergent.salahalarm.lxw9zs-mV6fl1Z5kuDVBfRrsKdTSw==/base.apk!classes3.dex): ok
07-08 16:28:09.715 14031 14031 E RRR     : onNewAzimuth: -609.64746
07-08 16:28:09.716 14031 14031 E RRR     : onNewAzimuth: -609.9267
07-08 16:28:09.716 14031 14031 E RRR     : onNewAzimuth: -609.64746
07-08 16:28:09.716 14031 14031 E RRR     : onNewAzimuth: -609.9267
07-08 16:28:09.719 14526 14583 I ReactNativeJS: Running "main"
07-08 16:28:09.722 14031 14031 E RRR     : onNewAzimuth: -609.6588
07-08 16:28:09.735 14031 14031 E RRR     : onNewAzimuth: -609.3864
07-08 16:28:09.735 14031 14031 E RRR     : onNewAzimuth: -609.7463
07-08 16:28:09.735 14031 14031 E RRR     : onNewAzimuth: -609.3864
07-08 16:28:09.735 14031 14031 E RRR     : onNewAzimuth: -609.7463
07-08 16:28:09.744 14031 14031 E RRR     : onNewAzimuth: -609.46533
07-08 16:28:09.747 14526 14583 D nativeloader: Load /data/app/~~GLLvvSbyipcjh8RgLZGabQ==/com.emergent.salahalarm.lxw9zs-mV6fl1Z5kuDVBfRrsKdTSw==/base.apk!/lib/arm64-v8a/libworklets.so using class loader ns clns-9 (caller=/data/app/~~GLLvvSbyipcjh8RgLZGabQ==/com.emergent.salahalarm.lxw9zs-mV6fl1Z5kuDVBfRrsKdTSw==/base.apk!classes2.dex): ok
07-08 16:28:09.755 14031 14031 E RRR     : onNewAzimuth: -609.1657
07-08 16:28:09.755 14031 14031 E RRR     : onNewAzimuth: -609.5099
07-08 16:28:09.755 14031 14031 E RRR     : onNewAzimuth: -609.1657
07-08 16:28:09.756 14031 14031 E RRR     : onNewAzimuth: -609.5099
07-08 16:28:09.761 14031 14031 E RRR     : onNewAzimuth: -609.20703
07-08 16:28:09.776 14526 14583 D nativeloader: Load /data/app/~~GLLvvSbyipcjh8RgLZGabQ==/com.emergent.salahalarm.lxw9zs-mV6fl1Z5kuDVBfRrsKdTSw==/base.apk!/lib/arm64-v8a/libreanimated.so using class loader ns clns-9 (caller=/data/app/~~GLLvvSbyipcjh8RgLZGabQ==/com.emergent.salahalarm.lxw9zs-mV6fl1Z5kuDVBfRrsKdTSw==/base.apk!classes2.dex): ok
07-08 16:28:09.782 14031 14031 E RRR     : onNewAzimuth: -608.9099
07-08 16:28:09.782 14031 14031 E RRR     : onNewAzimuth: -608.6061
07-08 16:28:09.782 14031 14031 E RRR     : onNewAzimuth: -608.9099
07-08 16:28:09.782 14031 14031 E RRR     : onNewAzimuth: -608.6061
07-08 16:28:09.784 14031 14031 E RRR     : onNewAzimuth: -608.9546
07-08 16:28:09.794 14031 14031 E RRR     : onNewAzimuth: -608.6497
07-08 16:28:09.794 14031 14031 E RRR     : onNewAzimuth: -608.9878
07-08 16:28:09.794 14031 14031 E RRR     : onNewAzimuth: -608.6497
07-08 16:28:09.794 14031 14031 E RRR     : onNewAzimuth: -608.9878
07-08 16:28:09.801 14031 14031 E RRR     : onNewAzimuth: -608.6976
07-08 16:28:09.814 14031 14031 E RRR     : onNewAzimuth: -608.4275
07-08 16:28:09.814 14031 14031 E RRR     : onNewAzimuth: -608.7672
07-08 16:28:09.814 14031 14031 E RRR     : onNewAzimuth: -608.4275
07-08 16:28:09.814 14031 14031 E RRR     : onNewAzimuth: -608.7672
07-08 16:28:09.821 14031 14031 E RRR     : onNewAzimuth: -608.50916
07-08 16:28:09.834 14031 14031 E RRR     : onNewAzimuth: -608.24585
07-08 16:28:09.834 14031 14031 E RRR     : onNewAzimuth: -608.57654
07-08 16:28:09.834 14031 14031 E RRR     : onNewAzimuth: -608.24585
07-08 16:28:09.834 14031 14031 E RRR     : onNewAzimuth: -608.57654
07-08 16:28:09.843 14031 14031 E RRR     : onNewAzimuth: -608.3076
07-08 16:28:09.866 14031 14031 E RRR     : onNewAzimuth: -608.0329
07-08 16:28:09.866 14031 14031 E RRR     : onNewAzimuth: -608.33923
07-08 16:28:09.866 14031 14031 E RRR     : onNewAzimuth: -608.05554
07-08 16:28:09.866 14031 14031 E RRR     : onNewAzimuth: -608.0329
07-08 16:28:09.866 14031 14031 E RRR     : onNewAzimuth: -608.33923
07-08 16:28:09.866 14031 14031 E RRR     : onNewAzimuth: -608.05554
07-08 16:28:09.876 12749 12988 I PermissionControllerServiceImpl: Updating user sensitive for uid 10686
07-08 16:28:09.890 14031 14031 E RRR     : onNewAzimuth: -607.7587
07-08 16:28:09.890 14031 14031 E RRR     : onNewAzimuth: -608.0641
07-08 16:28:09.890 14031 14031 E RRR     : onNewAzimuth: -607.77057
07-08 16:28:09.890 14031 14031 E RRR     : onNewAzimuth: -607.7587
07-08 16:28:09.890 14031 14031 E RRR     : onNewAzimuth: -608.0641
07-08 16:28:09.890 14031 14031 E RRR     : onNewAzimuth: -607.77057
07-08 16:28:09.901  6831 14610 I FraudProtectUtils: Not in testing population, skipping local test bank apps. [CONTEXT service_id=469 ]
07-08 16:28:09.901  6831 14610 I FraudProtectUtils: (REDACTED) Latest bank app list size: %d, %s isBankApp: false
07-08 16:28:09.901  6831 14610 W ComponentChangedIO: No package name in intent data or package is not a bank app [CONTEXT service_id=469 ]
07-08 16:28:09.903 14031 14031 E RRR     : onNewAzimuth: -607.4881
07-08 16:28:09.903 14031 14031 E RRR     : onNewAzimuth: -607.78
07-08 16:28:09.903 14031 14031 E RRR     : onNewAzimuth: -607.5073
07-08 16:28:09.903 14031 14031 E RRR     : onNewAzimuth: -607.4881
07-08 16:28:09.904 14031 14031 E RRR     : onNewAzimuth: -607.78
07-08 16:28:09.904 14031 14031 E RRR     : onNewAzimuth: -607.5073
07-08 16:28:09.914 14031 14031 E RRR     : onNewAzimuth: -607.23505
07-08 16:28:09.914 14031 14031 E RRR     : onNewAzimuth: -607.61633
07-08 16:28:09.915 14031 14031 E RRR     : onNewAzimuth: -607.23505
07-08 16:28:09.915 14031 14031 E RRR     : onNewAzimuth: -607.61633
07-08 16:28:09.923 14031 14031 E RRR     : onNewAzimuth: -607.3353
07-08 16:28:09.936 14031 14031 E RRR     : onNewAzimuth: -607.0559
07-08 16:28:09.936 14031 14031 E RRR     : onNewAzimuth: -607.3345
07-08 16:28:09.936 14031 14031 E RRR     : onNewAzimuth: -607.0559
07-08 16:28:09.936 14031 14031 E RRR     : onNewAzimuth: -607.3345
07-08 16:28:09.939 14526 14583 D nativeloader: Load /data/app/~~GLLvvSbyipcjh8RgLZGabQ==/com.emergent.salahalarm.lxw9zs-mV6fl1Z5kuDVBfRrsKdTSw==/base.apk!/lib/arm64-v8a/libgesturehandler.so using class loader ns clns-9 (caller=/data/app/~~GLLvvSbyipcjh8RgLZGabQ==/com.emergent.salahalarm.lxw9zs-mV6fl1Z5kuDVBfRrsKdTSw==/base.apk!classes2.dex): ok
07-08 16:28:09.939 14526 14583 D jni_lib_merge: Entering merged library JNI_OnLoad.
07-08 16:28:09.939 14526 14583 D jni_lib_merge: Preparing 12 pre-merged libs (including stub)
07-08 16:28:09.939 14526 14583 D jni_lib_merge: Preparing to register libfabricjni_so.  onload_func: 0x7646cdaedc
07-08 16:28:09.939 14526 14583 D jni_lib_merge: Preparing to register libreact_devsupportjni_so.  onload_func: 0x7646dabf40
07-08 16:28:09.939 14526 14583 D jni_lib_merge: Preparing to register libreact_featureflagsjni_so.  onload_func: 0x7646dbe9f8
07-08 16:28:09.939 14526 14583 D jni_lib_merge: Preparing to register libreact_newarchdefaults_so.  onload_func: 0x7646de3e30
07-08 16:28:09.939 14526 14583 D jni_lib_merge: Preparing to register libreactnativeblob_so.  onload_func: 0x7646e765b0
07-08 16:28:09.939 14526 14583 D jni_lib_merge: Preparing to register libreactnativejni_so.  onload_func: 0x7646e90b24
07-08 16:28:09.939 14526 14583 D jni_lib_merge: Preparing to register libreactnativejni_common_so.  onload_func: 0x7646e97458
07-08 16:28:09.939 14526 14583 D jni_lib_merge: Preparing to register librninstance_so.  onload_func: 0x7646eb3070
07-08 16:28:09.939 14526 14583 D jni_lib_merge: Preparing to register libturbomodulejsijni_so.  onload_func: 0x7646f4b1a4
07-08 16:28:09.939 14526 14583 D jni_lib_merge: Preparing to register libuimanagerjni_so.  onload_func: 0x7646f527e0
07-08 16:28:09.939 14526 14583 D jni_lib_merge: Preparing to register libyoga_so.  onload_func: 0x7646f59da4
07-08 16:28:09.939 14526 14583 D jni_lib_merge: About to register 11 actual methods.
07-08 16:28:09.940 14526 14526 I ReactNative: [GESTURE HANDLER] Initialize gesture handler for root view com.facebook.react.runtime.ReactSurfaceView{2370ece V.E...... ......ID 0,0-1260,2800 #1}
07-08 16:28:09.951 14031 14031 E RRR     : onNewAzimuth: -607.0812
07-08 16:28:09.954 14526 14622 D nativeloader: Load /data/app/~~GLLvvSbyipcjh8RgLZGabQ==/com.emergent.salahalarm.lxw9zs-mV6fl1Z5kuDVBfRrsKdTSw==/base.apk!/lib/arm64-v8a/libimagepipeline.so using class loader ns clns-9 (caller=/data/app/~~GLLvvSbyipcjh8RgLZGabQ==/com.emergent.salahalarm.lxw9zs-mV6fl1Z5kuDVBfRrsKdTSw==/base.apk!classes2.dex): ok
07-08 16:28:09.962 14031 14031 E RRR     : onNewAzimuth: -606.86694
07-08 16:28:09.962 14031 14031 E RRR     : onNewAzimuth: -607.23816
07-08 16:28:09.962 14031 14031 E RRR     : onNewAzimuth: -607.06323
07-08 16:28:09.968 14031 14031 E RRR     : onNewAzimuth: -606.86694
07-08 16:28:09.968 14031 14031 E RRR     : onNewAzimuth: -607.23816
07-08 16:28:09.968 14031 14031 E RRR     : onNewAzimuth: -607.06323
07-08 16:28:09.975 14031 14031 E RRR     : onNewAzimuth: -606.8849
07-08 16:28:09.975 14031 14031 E RRR     : onNewAzimuth: -607.1476
07-08 16:28:09.975 14031 14031 E RRR     : onNewAzimuth: -606.8849
07-08 16:28:09.975 14031 14031 E RRR     : onNewAzimuth: -607.1476
07-08 16:28:09.982 14031 14031 E RRR     : onNewAzimuth: -606.9542
07-08 16:28:10.004 14031 14031 E RRR     : onNewAzimuth: -606.7528
07-08 16:28:10.004 14031 14031 E RRR     : onNewAzimuth: -606.5499
07-08 16:28:10.004 14031 14031 E RRR     : onNewAzimuth: -606.807
07-08 16:28:10.005 14031 14031 E RRR     : onNewAzimuth: -606.7528
07-08 16:28:10.005 14031 14031 E RRR     : onNewAzimuth: -606.5499
07-08 16:28:10.005 14031 14031 E RRR     : onNewAzimuth: -606.807
07-08 16:28:10.014 14031 14031 E RRR     : onNewAzimuth: -606.6054
07-08 16:28:10.014 14031 14031 E RRR     : onNewAzimuth: -606.9433
07-08 16:28:10.014 14031 14031 E RRR     : onNewAzimuth: -606.6054
07-08 16:28:10.014 14031 14031 E RRR     : onNewAzimuth: -606.9433
07-08 16:28:10.020 14031 14031 E RRR     : onNewAzimuth: -606.75275
07-08 16:28:10.026 14526 14623 W HWUI    : Image decoding logging dropped!
07-08 16:28:10.034 14031 14031 E RRR     : onNewAzimuth: -606.5889
07-08 16:28:10.034 14031 14031 E RRR     : onNewAzimuth: -606.9242
07-08 16:28:10.034 14031 14031 E RRR     : onNewAzimuth: -606.5889
07-08 16:28:10.035 14031 14031 E RRR     : onNewAzimuth: -606.9242
07-08 16:28:10.045 14031 14031 E RRR     : onNewAzimuth: -606.8033
07-08 16:28:10.060 14031 14031 E RRR     : onNewAzimuth: -606.71423
07-08 16:28:10.060 14031 14031 E RRR     : onNewAzimuth: -606.9416
07-08 16:28:10.060 14031 14031 E RRR     : onNewAzimuth: -606.8702
07-08 16:28:10.060 14031 14031 E RRR     : onNewAzimuth: -606.71423
07-08 16:28:10.060 14031 14031 E RRR     : onNewAzimuth: -606.9416
07-08 16:28:10.061 14031 14031 E RRR     : onNewAzimuth: -606.8702
07-08 16:28:10.074 14031 14031 E RRR     : onNewAzimuth: -606.8104
07-08 16:28:10.074 14031 14031 E RRR     : onNewAzimuth: -607.1273
07-08 16:28:10.075 14031 14031 E RRR     : onNewAzimuth: -606.8104
07-08 16:28:10.075 14031 14031 E RRR     : onNewAzimuth: -607.1273
07-08 16:28:10.081 14031 14031 E RRR     : onNewAzimuth: -607.06824
07-08 16:28:10.094 14031 14031 E RRR     : onNewAzimuth: -606.9856
07-08 16:28:10.094 14031 14031 E RRR     : onNewAzimuth: -607.28516
07-08 16:28:10.095 14031 14031 E RRR     : onNewAzimuth: -606.9856
07-08 16:28:10.095 14031 14031 E RRR     : onNewAzimuth: -607.28516
07-08 16:28:10.101 14031 14031 E RRR     : onNewAzimuth: -607.1785
07-08 16:28:10.115 14031 14031 E RRR     : onNewAzimuth: -607.0563
07-08 16:28:10.115 14031 14031 E RRR     : onNewAzimuth: -607.24927
07-08 16:28:10.115 14031 14031 E RRR     : onNewAzimuth: -607.0563
07-08 16:28:10.115 14031 14031 E RRR     : onNewAzimuth: -607.24927
07-08 16:28:10.121 14031 14031 E RRR     : onNewAzimuth: -607.1325
07-08 16:28:10.126 14526 14526 I ExoPlayerImpl: Init 5c61eb0 [AndroidXMedia3/1.8.0] [V2309, V2309, vivo, 36]
07-08 16:28:10.129 14526 14526 W VSPA    : Unable to open /proc/vivo_rsc/frame_set_priority: Permission denied
07-08 16:28:10.129 14526 14526 W VSPA    : Unable to open /proc/vivo_rsc/frame_set_priority: Permission denied
07-08 16:28:10.134 14031 14031 E RRR     : onNewAzimuth: -607.037
07-08 16:28:10.134 14031 14031 E RRR     : onNewAzimuth: -607.3269
07-08 16:28:10.134 14031 14031 E RRR     : onNewAzimuth: -607.037
07-08 16:28:10.134 14031 14031 E RRR     : onNewAzimuth: -607.3269
07-08 16:28:10.135 14526 14526 W VSPA    : Unable to open /proc/vivo_rsc/frame_set_priority: Permission denied
07-08 16:28:10.135 14526 14526 W VSPA    : Unable to open /proc/vivo_rsc/frame_set_priority: Permission denied
07-08 16:28:10.141 14526 14626 D AudioSystem: onNewServiceWithAdapter: media.audio_flinger service obtained 0xb4000078c02de690
07-08 16:28:10.142 14526 14626 D AudioSystem: getService: checking for service media.audio_flinger: 0xb4000078003535d0
07-08 16:28:10.143 14031 14031 E RRR     : onNewAzimuth: -607.2648
07-08 16:28:10.154 14031 14031 E RRR     : onNewAzimuth: -607.224
07-08 16:28:10.154 14031 14031 E RRR     : onNewAzimuth: -607.401
07-08 16:28:10.154 14031 14031 E RRR     : onNewAzimuth: -607.224
07-08 16:28:10.154 14031 14031 E RRR     : onNewAzimuth: -607.401
07-08 16:28:10.160 14031 14031 E RRR     : onNewAzimuth: -607.3739
07-08 16:28:10.174 14031 14031 E RRR     : onNewAzimuth: -607.36414
07-08 16:28:10.174 14031 14031 E RRR     : onNewAzimuth: -607.53296
07-08 16:28:10.174 14031 14031 E RRR     : onNewAzimuth: -607.36414
07-08 16:28:10.174 14031 14031 E RRR     : onNewAzimuth: -607.53296
07-08 16:28:10.180 14031 14031 E RRR     : onNewAzimuth: -607.5532
07-08 16:28:10.189 14526 14526 W [RNScreens]: backTitleVisible prop is not available on Android
07-08 16:28:10.189 14526 14526 W [RNScreens]: backTitleFontFamily prop is not available on Android
07-08 16:28:10.189 14526 14526 W [RNScreens]: disableBackButtonMenu prop is not available on Android
07-08 16:28:10.189 14526 14526 W [RNScreens]: largeTitleFontFamily prop is not available on Android
07-08 16:28:10.189 14526 14526 W [RNScreens]: largeTitleFontWeight prop is not available on Android
07-08 16:28:10.189 14526 14526 W [RNScreens]: largeTitleHideShadow prop is not available on Android
07-08 16:28:10.194 14031 14031 E RRR     : onNewAzimuth: -607.61475
07-08 16:28:10.194 14031 14031 E RRR     : onNewAzimuth: -607.8804
07-08 16:28:10.194 14031 14031 E RRR     : onNewAzimuth: -607.61475
07-08 16:28:10.194 14031 14031 E RRR     : onNewAzimuth: -607.8804
07-08 16:28:10.196 14526 14626 D AudioSystem: onNewService: media.audio_policy service obtained 0xb4000078003572c0
07-08 16:28:10.197 14526 14626 D AudioSystem: getService: checking for service media.audio_policy: 0xb4000078003572c0
07-08 16:28:10.200 14031 14031 E RRR     : onNewAzimuth: -607.9813
07-08 16:28:10.210 14031 14031 E RRR     : onNewAzimuth: -608.1061
07-08 16:28:10.220 14031 14031 E RRR     : onNewAzimuth: -608.2655
07-08 16:28:10.220 14031 14031 E RRR     : onNewAzimuth: -608.3811
07-08 16:28:10.230 14031 14031 E RRR     : onNewAzimuth: -608.45544
07-08 16:28:10.233 14526 14585 W unknown:ReactNative: StatusBarModule: Ignored status bar change, current activity is edge-to-edge.
07-08 16:28:10.233 14526 14585 W unknown:ReactNative: StatusBarModule: Ignored status bar change, current activity is edge-to-edge.
07-08 16:28:10.234 14031 14031 E RRR     : onNewAzimuth: -608.60864
07-08 16:28:10.236 14526 14583 W ReactNativeJS: `setPositionAsync` is not supported with edge-to-edge enabled.
07-08 16:28:10.236 14526 14583 W ReactNativeJS: `setBehaviorAsync` is not supported with edge-to-edge enabled.
07-08 16:28:10.237 14526 14526 D InsetsController: Setting requestedVisibleTypes to -5131 (was -5129)
07-08 16:28:10.237 14526 14526 W VSPA    : Unable to open /proc/vivo_rsc/frame_set_priority: Permission denied
07-08 16:28:10.238 14526 14526 W VSPA    : Unable to open /proc/vivo_rsc/frame_set_priority: Permission denied
07-08 16:28:10.238 14526 14583 W ReactNativeJS: `setBackgroundColorAsync` is not supported with edge-to-edge enabled.
07-08 16:28:10.248 14526 14626 W MediaCodec-JNI: pid:14526,client name:com.emergent.salahalarm.lxw9zs
07-08 16:28:10.250 14526 14626 W AudioCapabilities: Unsupported mediaType audio/x-ms-wma
07-08 16:28:10.250 14526 14626 W AudioCapabilities: Unsupported mediaType audio/mpeg-L1
07-08 16:28:10.251 14526 14626 W AudioCapabilities: Unsupported mediaType audio/mpeg-L2
07-08 16:28:10.251 14526 14626 W AudioCapabilities: Unsupported mediaType audio/ra
07-08 16:28:10.252 14526 14626 W AudioCapabilities: Unsupported mediaType audio/alac
07-08 16:28:10.253 14526 14626 W AudioCapabilities: Unsupported mediaType audio/ape
07-08 16:28:10.255 14526 14626 W AudioCapabilities: Unsupported mediaType audio/x-ape
07-08 16:28:10.255 14526 14626 W AudioCapabilities: Unsupported mediaType audio/adpcm
07-08 16:28:10.255 14526 14626 W AudioCapabilities: Unsupported mediaType audio/x-ms-adpcm
07-08 16:28:10.256 14526 14626 W AudioCapabilities: Unsupported mediaType audio/pcm
07-08 16:28:10.256 14526 14626 W AudioCapabilities: Unsupported mediaType audio/dsd
07-08 16:28:10.257 14526 14626 W VideoCapabilities: Unsupported mime video/rv
07-08 16:28:10.258 14526 14626 W VideoCapabilities: Unsupported mime video/x-ms-wmv
07-08 16:28:10.258 14526 14626 W VideoCapabilities: Unsupported mime video/x-ms-wmv2
07-08 16:28:10.259 14031 14031 E RRR     : onNewAzimuth: -608.61975
07-08 16:28:10.260 14031 14031 E RRR     : onNewAzimuth: -608.57166
07-08 16:28:10.260 14031 14031 E RRR     : onNewAzimuth: -608.71954
07-08 16:28:10.260 14031 14031 E RRR     : onNewAzimuth: -608.61975
07-08 16:28:10.260 14031 14031 E RRR     : onNewAzimuth: -608.57166
07-08 16:28:10.260 14031 14031 E RRR     : onNewAzimuth: -608.71954
07-08 16:28:10.260 14526 14626 W VideoCapabilities: Unsupported mime video/divx3
07-08 16:28:10.260 14031 14031 E RRR     : onNewAzimuth: -608.6279
07-08 16:28:10.260 14526 14626 W VideoCapabilities: Unsupported mime video/flv1
07-08 16:28:10.261 14526 14626 W VideoCapabilities: Unsupported mime video/x-flv
07-08 16:28:10.261 14526 14626 W VideoCapabilities: Unsupported mime video/mjpeg
07-08 16:28:10.262 14526 14626 W VideoCapabilities: Unsupported mime video/x-motion-jpeg
07-08 16:28:10.263 14526 14626 W AudioCapabilities: Unsupported mediaType audio/x-adpcm-dvi-ima
07-08 16:28:10.264 14526 14626 W AudioCapabilities: Unsupported mediaType audio/x-adpcm-ms
07-08 16:28:10.264 14526 14626 W AudioCapabilities: Unsupported mediaType audio/alac
07-08 16:28:10.270 14526 14526 W VSPA    : Unable to open /proc/vivo_rsc/frame_set_priority: Permission denied
07-08 16:28:10.270 14526 14526 W VSPA    : Unable to open /proc/vivo_rsc/frame_set_priority: Permission denied
07-08 16:28:10.271 14526 14626 W VideoCapabilities: Unsupported mime image/vnd.android.heic
07-08 16:28:10.272 14526 14626 W VideoCapabilities: Unsupported mime image/vnd.android.heic
07-08 16:28:10.280 14526 14583 I ReactNativeJS: 'NOTIFEE SETTINGS:', '{\n  "authorizationStatus": 0,\n  "android": {\n    "alarm": 1\n  },\n  "ios": {\n    "alert": 1,\n    "badge": 1,\n    "criticalAlert": 1,\n    "showPreviews": 1,\n    "sound": 1,\n    "carPlay": 1,\n    "lockScreen": 1,\n    "announcement": 1,\n    "notificationCenter": 1,\n    "inAppNotificationSettings": 1,\n    "authorizationStatus": 0\n  },\n  "web": {}\n}'
07-08 16:28:10.280 14031 14031 E RRR     : onNewAzimuth: -608.5238
07-08 16:28:10.281 14031 14031 E RRR     : onNewAzimuth: -608.43396
07-08 16:28:10.282 14031 14031 E RRR     : onNewAzimuth: -608.5707
07-08 16:28:10.282 14031 14031 E RRR     : onNewAzimuth: -608.5238
07-08 16:28:10.282 14031 14031 E RRR     : onNewAzimuth: -608.43396
07-08 16:28:10.282 14031 14031 E RRR     : onNewAzimuth: -608.5707
07-08 16:28:10.289 14526 14626 W AudioCapabilities: Unsupported mediaType audio/x-ms-wma
07-08 16:28:10.289 14526 14626 W AudioCapabilities: Unsupported mediaType audio/mpeg-L1
07-08 16:28:10.290 14526 14626 W AudioCapabilities: Unsupported mediaType audio/mpeg-L2
07-08 16:28:10.291 14526 14626 W AudioCapabilities: Unsupported mediaType audio/ra
07-08 16:28:10.291 14526 14626 W AudioCapabilities: Unsupported mediaType audio/alac
07-08 16:28:10.292 14526 14626 W AudioCapabilities: Unsupported mediaType audio/ape
07-08 16:28:10.292 14526 14626 W AudioCapabilities: Unsupported mediaType audio/x-ape
07-08 16:28:10.293 14526 14626 W AudioCapabilities: Unsupported mediaType audio/adpcm
07-08 16:28:10.293 14526 14626 W AudioCapabilities: Unsupported mediaType audio/x-ms-adpcm
07-08 16:28:10.293 14526 14626 W AudioCapabilities: Unsupported mediaType audio/pcm
07-08 16:28:10.293 14526 14626 W AudioCapabilities: Unsupported mediaType audio/dsd
07-08 16:28:10.294 14526 14626 W VideoCapabilities: Unsupported mime video/rv
07-08 16:28:10.294 14526 14626 W VideoCapabilities: Unsupported mime video/x-ms-wmv
07-08 16:28:10.295 14526 14626 W VideoCapabilities: Unsupported mime video/x-ms-wmv2
07-08 16:28:10.297 14526 14626 W VideoCapabilities: Unsupported mime video/divx3
07-08 16:28:10.298 14526 14626 W VideoCapabilities: Unsupported mime video/flv1
07-08 16:28:10.299 14526 14626 W VideoCapabilities: Unsupported mime video/x-flv
07-08 16:28:10.299 14526 14626 W VideoCapabilities: Unsupported mime video/mjpeg
07-08 16:28:10.300 14526 14626 W VideoCapabilities: Unsupported mime video/x-motion-jpeg
07-08 16:28:10.300 14526 14626 W AudioCapabilities: Unsupported mediaType audio/x-adpcm-dvi-ima
07-08 16:28:10.300 14031 14031 E RRR     : onNewAzimuth: -608.5133
07-08 16:28:10.300 14526 14626 W AudioCapabilities: Unsupported mediaType audio/x-adpcm-ms
07-08 16:28:10.300 14031 14031 E RRR     : onNewAzimuth: -608.6449
07-08 16:28:10.300 14031 14031 E RRR     : onNewAzimuth: -608.6236
07-08 16:28:10.300 14031 14031 E RRR     : onNewAzimuth: -608.5133
07-08 16:28:10.300 14526 14626 W AudioCapabilities: Unsupported mediaType audio/alac
07-08 16:28:10.300 14031 14031 E RRR     : onNewAzimuth: -608.6449
07-08 16:28:10.300 14031 14031 E RRR     : onNewAzimuth: -608.6236
07-08 16:28:10.310 14526 14626 W VideoCapabilities: Unsupported mime image/vnd.android.heic
07-08 16:28:10.311 14031 14031 E RRR     : onNewAzimuth: -608.62256
07-08 16:28:10.311 14526 14626 W VideoCapabilities: Unsupported mime image/vnd.android.heic
07-08 16:28:10.314 14031 14031 E RRR     : onNewAzimuth: -608.74927
07-08 16:28:10.320 14031 14031 E RRR     : onNewAzimuth: -608.74585
07-08 16:28:10.329 14526 14626 W AudioCapabilities: Unsupported mime audio/x-ms-wma
07-08 16:28:10.331 14031 14031 E RRR     : onNewAzimuth: -608.72095
07-08 16:28:10.334 14526 14626 W AudioCapabilities: Unsupported mime audio/mpeg-L1
07-08 16:28:10.334 14526 14626 W AudioCapabilities: Unsupported mime audio/mpeg-L2
07-08 16:28:10.334 14526 14626 W AudioCapabilities: Unsupported mime audio/ra
07-08 16:28:10.335 14526 14626 W AudioCapabilities: Unsupported mime audio/alac
07-08 16:28:10.335 14526 14626 W AudioCapabilities: Unsupported mime audio/ape
07-08 16:28:10.335 14526 14626 W AudioCapabilities: Unsupported mime audio/x-ape
07-08 16:28:10.335 14526 14626 W AudioCapabilities: Unsupported mime audio/adpcm
07-08 16:28:10.335 14526 14626 W AudioCapabilities: Unsupported mime audio/x-ms-adpcm
07-08 16:28:10.335 14526 14626 W AudioCapabilities: Unsupported mime audio/pcm
07-08 16:28:10.335 14526 14626 W AudioCapabilities: Unsupported mime audio/dsd
07-08 16:28:10.335 14526 14626 W VideoCapabilities: Unsupported mime video/rv
07-08 16:28:10.335 14526 14626 W VideoCapabilities: Unsupported mime video/x-ms-wmv
07-08 16:28:10.335 14031 14031 E RRR     : onNewAzimuth: -608.8429
07-08 16:28:10.335 14526 14626 W VideoCapabilities: Unsupported mime video/x-ms-wmv2
07-08 16:28:10.336 14526 14626 W VideoCapabilities: Unsupported mime video/divx3
07-08 16:28:10.336 14526 14626 W VideoCapabilities: Unsupported mime video/flv1
07-08 16:28:10.336 14526 14626 W VideoCapabilities: Unsupported mime video/x-flv
07-08 16:28:10.336 14526 14626 W VideoCapabilities: Unsupported mime video/mjpeg
07-08 16:28:10.336 14526 14626 W VideoCapabilities: Unsupported mime video/x-motion-jpeg
07-08 16:28:10.336 14526 14626 W AudioCapabilities: Unsupported mime audio/x-adpcm-dvi-ima
07-08 16:28:10.336 14526 14626 W AudioCapabilities: Unsupported mime audio/x-adpcm-ms
07-08 16:28:10.336 14526 14626 W AudioCapabilities: Unsupported mime audio/alac
07-08 16:28:10.337 14526 14626 W VideoCapabilities: Unsupported mime image/vnd.android.heic
07-08 16:28:10.337 14526 14626 W VideoCapabilities: Unsupported mime image/vnd.android.heic
07-08 16:28:10.338 14526 14583 I ReactNativeJS: 'GET LAUNCH ALARM RESULT (mount):', 'null'
07-08 16:28:10.339 14526 14626 W AudioCapabilities: Unsupported mime audio/x-ms-wma
07-08 16:28:10.340 14526 14626 W AudioCapabilities: Unsupported mime audio/mpeg-L1
07-08 16:28:10.340 14526 14626 W AudioCapabilities: Unsupported mime audio/mpeg-L1
07-08 16:28:10.340 14526 14626 W AudioCapabilities: Unsupported mime audio/ra
07-08 16:28:10.340 14526 14626 W AudioCapabilities: Unsupported mime audio/alac
07-08 16:28:10.340 14526 14626 W AudioCapabilities: Unsupported mime audio/ape
07-08 16:28:10.340 14526 14626 W AudioCapabilities: Unsupported mime audio/ape
07-08 16:28:10.340 14526 14626 W AudioCapabilities: Unsupported mime audio/pcm
07-08 16:28:10.340 14526 14626 W AudioCapabilities: Unsupported mime audio/dsd
07-08 16:28:10.340 14526 14626 W VideoCapabilities: Unsupported mime video/rv
07-08 16:28:10.340 14526 14626 W VideoCapabilities: Unsupported mime video/x-ms-wmv
07-08 16:28:10.340 14526 14626 W VideoCapabilities: Unsupported mime video/x-ms-wmv
07-08 16:28:10.340 14526 14626 W VideoCapabilities: Unsupported mime video/divx3
07-08 16:28:10.340 14526 14626 W VideoCapabilities: Unsupported mime video/flv1
07-08 16:28:10.341 14526 14626 W VideoCapabilities: Unsupported mime video/flv1
07-08 16:28:10.341 14526 14626 W VideoCapabilities: Unsupported mime video/mjpeg
07-08 16:28:10.341 14526 14626 W VideoCapabilities: Unsupported mime video/mjpeg
07-08 16:28:10.341 14526 14626 W AudioCapabilities: Unsupported mime audio/x-adpcm-dvi-ima
07-08 16:28:10.341 14526 14626 W AudioCapabilities: Unsupported mime audio/x-adpcm-ms
07-08 16:28:10.341 14526 14626 W AudioCapabilities: Unsupported mime audio/alac
07-08 16:28:10.342 14526 14626 W VideoCapabilities: Unsupported mime image/vnd.android.heic
07-08 16:28:10.342 14526 14626 W VideoCapabilities: Unsupported mime image/vnd.android.heic
07-08 16:28:10.345 14031 14031 E RRR     : onNewAzimuth: -608.7937
07-08 16:28:10.348 14526 14626 D VivoSpatializer: checkGoogleApiEnabled, mGoogleApiEnabled: false, originalArdVersion: 34, deniedPkg: false, clientPkg: com.emergent.salahalarm.lxw9zs
07-08 16:28:10.349 14526 14626 D VivoSpatializer: registerAudioFeatureCallback succeeded for tag: NOTIFY_V_SPAT_STATE_CHANGED
07-08 16:28:10.354 14031 14031 E RRR     : onNewAzimuth: -608.7206
07-08 16:28:10.356 14031 14031 E RRR     : onNewAzimuth: -608.8386
07-08 16:28:10.360 14031 14031 E RRR     : onNewAzimuth: -608.751
07-08 16:28:10.361 14526 14626 I DMCodecAdapterFactory: Creating an asynchronous MediaCodec adapter for track type audio
07-08 16:28:10.363 14526 14626 D MediaCodec: CreateByComponentName: name c2.android.mp3.decoder
07-08 16:28:10.364 14526 14626 W libc    : Access denied finding property "vendor.debug.stagefright.mediacodec.trace"
07-08 16:28:10.364 14526 14626 W libc    : Access denied finding property "vendor.media.c2.frameworks.debug.log"
07-08 16:28:10.372 14031 14031 E RRR     : onNewAzimuth: -608.6644
07-08 16:28:10.377 14031 14031 E RRR     : onNewAzimuth: -608.77893
07-08 16:28:10.379 14526 14626 W libc    : Access denied finding property "vendor.debug.stagefright.BufferCount"
07-08 16:28:10.379 14526 14626 W libc    : Access denied finding property "vendor.media.c2.frameworks.debug.log"
07-08 16:28:10.379 14526 14626 W libc    : Access denied finding property "vendor.media.c2.frameworks.buffercount.trace"
07-08 16:28:10.379 14526 14626 D CCodecBufferChannel: mBufferCountTrace=0 mIsUserLoad=1
07-08 16:28:10.379 14526 14626 I CCodecBufferChannel: Constructor 0xb4000078402b0370
07-08 16:28:10.379 14526 14626 I CCodecBufferChannel: mIsVivoLogEnable = 0
07-08 16:28:10.380 14526 14626 I CCodecBufferChannel: CCodecBufferChannel[0xb4000078402b0370], mNumOutputsSlotAdd: 0
07-08 16:28:10.380 14526 14626 W libc    : Access denied finding property "vendor.media.c2.frameworks.debug.log"
07-08 16:28:10.380 14526 14626 D MediaCodec: [0xb4000077b0367320] init: CCodec 0xb4000078b03066f0, CCodecBufferChannel 0xb4000078402b0370
07-08 16:28:10.380 14526 14638 D MediaCodec: [0xb4000077b0367320] setState: 1
07-08 16:28:10.381 14526 14638 D CCodec  : allocate(c2.android.mp3.decoder)
07-08 16:28:10.381 14031 14031 E RRR     : onNewAzimuth: -608.70557
07-08 16:28:10.393 14031 14031 E RRR     : onNewAzimuth: -608.6498
07-08 16:28:10.393 14031 14031 E RRR     : onNewAzimuth: -608.76074
07-08 16:28:10.393 14031 14031 E RRR     : onNewAzimuth: -608.6498
07-08 16:28:10.393 14031 14031 E RRR     : onNewAzimuth: -608.76074
