07-08 16:28:10.400 14031 14031 E RRR     : onNewAzimuth: -608.6959
07-08 16:28:10.414 14031 14031 E RRR     : onNewAzimuth: -608.59796
07-08 16:28:10.415 14031 14031 E RRR     : onNewAzimuth: -608.6986
07-08 16:28:10.421 14031 14031 E RRR     : onNewAzimuth: -608.5637
07-08 16:28:10.434 14031 14031 E RRR     : onNewAzimuth: -608.4106
07-08 16:28:10.443 14031 14031 E RRR     : onNewAzimuth: -608.2654
07-08 16:28:10.443 14031 14031 E RRR     : onNewAzimuth: -608.3649
07-08 16:28:10.443 14031 14031 E RRR     : onNewAzimuth: -608.2654
07-08 16:28:10.443 14031 14031 E RRR     : onNewAzimuth: -608.3649
07-08 16:28:10.456 14031 14031 E RRR     : onNewAzimuth: -608.2418
07-08 16:28:10.456 14031 14031 E RRR     : onNewAzimuth: -608.33813
07-08 16:28:10.456 14031 14031 E RRR     : onNewAzimuth: -608.2418
07-08 16:28:10.456 14031 14031 E RRR     : onNewAzimuth: -608.33813
07-08 16:28:10.460 14031 14031 E RRR     : onNewAzimuth: -608.2245
07-08 16:28:10.474 14031 14031 E RRR     : onNewAzimuth: -608.1039
07-08 16:28:10.474 14031 14031 E RRR     : onNewAzimuth: -608.198
07-08 16:28:10.474 14526 14638 I ApexCodecsLazy: Failed to load libcom.android.media.swcodec.apexcodecs.so: dlopen failed: library "libcom.android.media.swcodec.apexcodecs.so" not found
07-08 16:28:10.474 14526 14638 I Codec2Client: Available Codec2 services: "default" "software" "vivocodec"
07-08 16:28:10.475 14031 14031 E RRR     : onNewAzimuth: -608.1039
07-08 16:28:10.475 14031 14031 E RRR     : onNewAzimuth: -608.198
07-08 16:28:10.480 14031 14031 E RRR     : onNewAzimuth: -608.0706
07-08 16:28:10.489 14526 14638 I CCodec  : setting up 'default' as default (vendor) store
07-08 16:28:10.494 14031 14031 E RRR     : onNewAzimuth: -607.9427
07-08 16:28:10.494 14031 14031 E RRR     : onNewAzimuth: -608.03467
07-08 16:28:10.495 14031 14031 E RRR     : onNewAzimuth: -607.9427
07-08 16:28:10.495 14031 14031 E RRR     : onNewAzimuth: -608.03467
07-08 16:28:10.501 14031 14031 E RRR     : onNewAzimuth: -607.9217
07-08 16:28:10.515 14031 14031 E RRR     : onNewAzimuth: -607.831
07-08 16:28:10.515 14031 14031 E RRR     : onNewAzimuth: -607.9144
07-08 16:28:10.515 14031 14031 E RRR     : onNewAzimuth: -607.831
07-08 16:28:10.516 14031 14031 E RRR     : onNewAzimuth: -607.9144
07-08 16:28:10.517 14526 14630 D InsetsAnimationCtrlImpl: notify control request finished for types: 2
07-08 16:28:10.517 14526 14630 I ANDR-VIVO-PERF: vivo inside perf_lock_rel of client
07-08 16:28:10.519 14526 14630 W InteractionJankMonitor: Initializing without READ_DEVICE_CONFIG permission. enabled=false, interval=1, missedFrameThreshold=3, frameTimeThreshold=64, package=com.emergent.salahalarm.lxw9zs
07-08 16:28:10.530 14031 14031 E RRR     : onNewAzimuth: -607.8373
07-08 16:28:10.534 14031 14031 E RRR     : onNewAzimuth: -607.76306
07-08 16:28:10.534 14031 14031 E RRR     : onNewAzimuth: -607.8504
07-08 16:28:10.534 14031 14031 E RRR     : onNewAzimuth: -607.76306
07-08 16:28:10.534 14031 14031 E RRR     : onNewAzimuth: -607.8504
07-08 16:28:10.540 14031 14031 E RRR     : onNewAzimuth: -607.7819
07-08 16:28:10.554 14031 14031 E RRR     : onNewAzimuth: -607.7113
07-08 16:28:10.556 14031 14031 E RRR     : onNewAzimuth: -607.79004
07-08 16:28:10.560 14031 14031 E RRR     : onNewAzimuth: -607.719
07-08 16:28:10.574 14526 14638 I CCodec  : Created component [c2.android.mp3.decoder] for [c2.android.mp3.decoder]
07-08 16:28:10.574 14526 14638 D CCodecBufferChannel: [0xb4000078402b0370] setComponent: mName c2.android.mp3.decoder#507, mPipelineWatcher 0xb4000078402b0860
07-08 16:28:10.575 14526 14638 D CCodecBufferChannel: PipelineWatcher debug info [c2.android.mp3.decoder#507] enable=0
07-08 16:28:10.575 14031 14031 E RRR     : onNewAzimuth: -607.641
07-08 16:28:10.575 14526 14638 D CCodecConfig: read media type: audio/mpeg
07-08 16:28:10.575 14031 14031 E RRR     : onNewAzimuth: -607.7177
07-08 16:28:10.576 14031 14031 E RRR     : onNewAzimuth: -607.641
07-08 16:28:10.576 14031 14031 E RRR     : onNewAzimuth: -607.7177
07-08 16:28:10.579 14526 14638 D ReflectedParamUpdater: extent() != 1 for single value type: algo.buffers.max-count.values
07-08 16:28:10.579 14526 14638 D ReflectedParamUpdater: extent() != 1 for single value type: output.subscribed-indices.values
07-08 16:28:10.579 14526 14638 D ReflectedParamUpdater: extent() != 1 for single value type: input.buffers.allocator-ids.values
07-08 16:28:10.580 14526 14638 D ReflectedParamUpdater: extent() != 1 for single value type: output.buffers.allocator-ids.values
07-08 16:28:10.580 14526 14638 D ReflectedParamUpdater: extent() != 1 for single value type: algo.buffers.allocator-ids.values
07-08 16:28:10.580 14526 14638 D ReflectedParamUpdater: extent() != 1 for single value type: output.buffers.pool-ids.values
07-08 16:28:10.580 14031 14031 E RRR     : onNewAzimuth: -607.63806
07-08 16:28:10.581 14526 14638 D ReflectedParamUpdater: extent() != 1 for single value type: algo.buffers.pool-ids.values
07-08 16:28:10.583 14526 14638 I CCodecConfig: query failed after returning 8 values (BAD_INDEX)
07-08 16:28:10.583 14526 14638 D CCodecConfig: c2 config diff is Dict {
07-08 16:28:10.583 14526 14638 D CCodecConfig:   c2::u32 coded.bitrate.value = 64000
07-08 16:28:10.583 14526 14638 D CCodecConfig:   c2::u32 input.buffers.max-size.value = 8192
07-08 16:28:10.583 14526 14638 D CCodecConfig:   c2::u32 input.delay.value = 0
07-08 16:28:10.583 14526 14638 D CCodecConfig:   string input.media-type.value = "audio/mpeg"
07-08 16:28:10.583 14526 14638 D CCodecConfig:   c2::u32 output.large-frame.max-size = 0
07-08 16:28:10.583 14526 14638 D CCodecConfig:   c2::u32 output.large-frame.threshold-size = 0
07-08 16:28:10.583 14526 14638 D CCodecConfig:   string output.media-type.value = "audio/raw"
07-08 16:28:10.583 14526 14638 D CCodecConfig:   c2::u32 raw.channel-count.value = 2
07-08 16:28:10.583 14526 14638 D CCodecConfig:   c2::u32 raw.sample-rate.value = 44100
07-08 16:28:10.583 14526 14638 D CCodecConfig: }
07-08 16:28:10.584 14526 14638 D MediaCodec: [0xb4000077b0367320] setState: 2
07-08 16:28:10.586 14526 14626 D MediaCodec: mInitName[c2.android.mp3.decoder], mMediacodec[0xb4000077b0367320], mCodec[0xb4000078b03066f0], mBufferChannel[0xb4000078402b0370]
07-08 16:28:10.586 14526 14626 D MediaCodec: createbyComponent:pid:-1 14526 tid=14626
07-08 16:28:10.588 14526 14638 I MediaCodec: MediaCodec will operate in async mode
07-08 16:28:10.588 14526 14626 D MediaCodec: [0xb4000077b0367320] [c2.android.mp3.decoder] configure
07-08 16:28:10.588 14526 14626 D VivoCodecProcessSdk: get client pid:14526
07-08 16:28:10.590 14526 14626 E MediaCodec: Media Quality Service not found.
07-08 16:28:10.590 14526 14638 D MediaCodec: [0xb4000077b0367320] setState: 3
07-08 16:28:10.591 14526 14638 D CCodec  : [c2.android.mp3.decoder] buffers are bound to CCodec for this session
07-08 16:28:10.591 14526 14638 D CCodecConfig: no c2 equivalents for log-session-id
07-08 16:28:10.591 14526 14638 D CCodecConfig: no c2 equivalents for importance
07-08 16:28:10.591 14526 14638 D CCodecConfig: no c2 equivalents for flags
07-08 16:28:10.595 14526 14638 D CCodecConfig: config failed => CORRUPTED
07-08 16:28:10.595 14526 14638 D CCodecConfig: c2 config diff is   c2::u32 raw.sample-rate.value = 24000
07-08 16:28:10.596 14526 14638 W Codec2Client: query -- param skipped: index = 1107298332.
07-08 16:28:10.596 14526 14638 D CCodec  : client requested max input size 4096, which is smaller than what component recommended (8192); overriding with component recommendation.
07-08 16:28:10.596 14526 14638 W CCodec  : This behavior is subject to change. It is recommended that app developers double check whether the requested max input size is in reasonable range.
07-08 16:28:10.596 14526 14638 D CCodec  : encoding statistics level = 0
07-08 16:28:10.596 14526 14638 D CCodec  : setup formats input: AMessage(what = 0x00000000) = {
07-08 16:28:10.596 14526 14638 D CCodec  :   int32_t bitrate = 64000
07-08 16:28:10.596 14526 14638 D CCodec  :   int32_t channel-count = 2
07-08 16:28:10.596 14526 14638 D CCodec  :   int32_t max-input-size = 8192
07-08 16:28:10.596 14526 14638 D CCodec  :   string mime = "audio/mpeg"
07-08 16:28:10.596 14526 14638 D CCodec  :   int32_t sample-rate = 24000
07-08 16:28:10.596 14526 14638 D CCodec  : }
07-08 16:28:10.596 14031 14031 E RRR     : onNewAzimuth: -607.57874
07-08 16:28:10.596 14526 14638 D CCodec  : setup formats output: AMessage(what = 0x00000000) = {
07-08 16:28:10.596 14526 14638 D CCodec  :   int32_t bitrate = 64000
07-08 16:28:10.596 14526 14638 D CCodec  :   int32_t buffer-batch-max-output-size = 0
07-08 16:28:10.596 14526 14638 D CCodec  :   int32_t buffer-batch-threshold-output-size = 0
07-08 16:28:10.596 14526 14638 D CCodec  :   int32_t channel-count = 2
07-08 16:28:10.596 14526 14638 D CCodec  :   string mime = "audio/raw"
07-08 16:28:10.596 14526 14638 D CCodec  :   int32_t sample-rate = 24000
07-08 16:28:10.596 14526 14638 D CCodec  :   int32_t android._config-pcm-encoding = 2
07-08 16:28:10.596 14526 14638 D CCodec  : }
07-08 16:28:10.596 14031 14031 E RRR     : onNewAzimuth: -607.56274
07-08 16:28:10.597 14031 14031 E RRR     : onNewAzimuth: -607.57874
07-08 16:28:10.597 14031 14031 E RRR     : onNewAzimuth: -607.56274
07-08 16:28:10.597 14526 14638 I CCodecConfig: query failed after returning 8 values (BAD_INDEX)
07-08 16:28:10.597 14526 14638 E lahalarm.lxw9zs: Failed to query component interface for required system resources: 6
07-08 16:28:10.597 14526 14638 D MediaCodec: [0xb4000077b0367320] setState: 4
07-08 16:28:10.598 14526 14626 D MediaCodec: keep callback message for reclaim
07-08 16:28:10.598 14526 14638 D MediaCodec: [0xb4000077b0367320] setState: 5
07-08 16:28:10.599 14526 14638 W Codec2Client: query -- param skipped: index = 1342179345.
07-08 16:28:10.599 14526 14638 W Codec2Client: query -- param skipped: index = 2415921170.
07-08 16:28:10.599 14031 14031 E RRR     : onNewAzimuth: -607.5288
07-08 16:28:10.599 14526 14638 I CCodecBufferChannel: mIsVivoLogEnable = 0
07-08 16:28:10.600 14526 14638 D C2Store : Using DMABUF Heaps
07-08 16:28:10.601 14526 14638 D CCodecBufferChannel: [c2.android.mp3.decoder#507] Created input block pool with allocatorID 16 => poolID 17 - OK (0)
07-08 16:28:10.603 14526 14638 I CCodecBufferChannel: [c2.android.mp3.decoder#507] Created output block pool with allocatorID 16 => poolID 4164 - OK
07-08 16:28:10.603 14526 14638 D CCodecBufferChannel: [c2.android.mp3.decoder#507] Configured output block pool ids 4164 => OK
07-08 16:28:10.603 14526 14638 D CCodecBufferChannel: [0xb4000078402b0370] [c2.android.mp3.decoder#507] start: output->outputDelay 0, output->numSlots 4
07-08 16:28:10.603 14526 14638 I CCodecBufferChannel: [0xb4000078402b0370][c2.android.mp3.decoder#507],using arrayMode ouputBuffers for linear outputstream.
07-08 16:28:10.603 14526 14638 D CCodecBuffers: [c2.android.mp3.decoder#507:1D-Output.Impl[N]] converted 0 buffers to array mode of 4
07-08 16:28:10.604 14526 14638 I DMABUFHEAPS: Using DMA-BUF heap named: mtk_mm
07-08 16:28:10.610 14526 14638 D MediaCodec: [0xb4000077b0367320] setState: 6
07-08 16:28:10.611 14526 14556 I GrallocExtra: gralloc_extra_query:is_SW3D 0
07-08 16:28:10.611 14526 14556 E MEMCWrapper: MEMC_POST_PROCESSING_ENABLE_PROPERTY false.
07-08 16:28:10.611 14526 14556 D BLASTBufferQueue: [VRI[MainActivity,type=1]#0](f:0,a:1) acquireNextBufferLocked size=1260x2800 mFrameNumber=1 applyTransaction=true mTimestamp=118803670806465(auto) mPendingTransactions.size=0 graphicBufferId=62388694941700 transform=0
07-08 16:28:10.611 14526 14626 W LoudnessCodecController: MediaCodec mime type not supported for loudness annotation
07-08 16:28:10.611 14526 14626 V LoudnessCodecController: Could not extract codec loudness information
07-08 16:28:10.615 14031 14031 E RRR     : onNewAzimuth: -607.5195
07-08 16:28:10.615 14031 14031 E RRR     : onNewAzimuth: -607.50635
07-08 16:28:10.615 14031 14031 E RRR     : onNewAzimuth: -607.5195
07-08 16:28:10.615 14031 14031 E RRR     : onNewAzimuth: -607.50635
07-08 16:28:10.618 14526 14638 D PipelineWatcher: [0xb4000078402b0860] pipelineFull: too many frames in pipeline (4)
07-08 16:28:10.620 14031 14031 E RRR     : onNewAzimuth: -607.51324
07-08 16:28:10.623 14526 14638 I MediaCodec: [c2.android.mp3.decoder] output format changed to: AMessage(what = 0x00000000) = {
07-08 16:28:10.623 14526 14638 I MediaCodec:       int32_t bitrate = 64000
07-08 16:28:10.623 14526 14638 I MediaCodec:       int32_t buffer-batch-max-output-size = 0
07-08 16:28:10.623 14526 14638 I MediaCodec:       int32_t buffer-batch-threshold-output-size = 0
07-08 16:28:10.623 14526 14638 I MediaCodec:       int32_t channel-count = 2
07-08 16:28:10.623 14526 14638 I MediaCodec:       string mime = "audio/raw"
07-08 16:28:10.623 14526 14638 I MediaCodec:       int32_t sample-rate = 24000
07-08 16:28:10.623 14526 14638 I MediaCodec:       int32_t android._config-pcm-encoding = 2
07-08 16:28:10.623 14526 14638 I MediaCodec:     }
07-08 16:28:10.623 14526 14638 D MediaCodec: get mPcmBytesMs = 96.000000
07-08 16:28:10.634 14526 14526 W lahalarm.lxw9zs: type=1400 audit(0.0:3794910): avc:  denied  { read } for  name="frame_set_priority" dev="proc" ino=4026533329 scontext=u:r:untrusted_app:s0:c174,c258,c512,c768 tcontext=u:object_r:proc:s0 tclass=file permissive=0 app=com.emergent.salahalarm.lxw9zs
07-08 16:28:10.634 14526 14526 W lahalarm.lxw9zs: type=1400 audit(0.0:3794911): avc:  denied  { read } for  name="frame_set_priority" dev="proc" ino=4026533329 scontext=u:r:untrusted_app:s0:c174,c258,c512,c768 tcontext=u:object_r:proc:s0 tclass=file permissive=0 app=com.emergent.salahalarm.lxw9zs
07-08 16:28:10.636 14031 14031 E RRR     : onNewAzimuth: -607.5215
07-08 16:28:10.636 14031 14031 E RRR     : onNewAzimuth: -607.5969
07-08 16:28:10.637 14031 14031 E RRR     : onNewAzimuth: -607.5215
07-08 16:28:10.637 14031 14031 E RRR     : onNewAzimuth: -607.5969
07-08 16:28:10.637 14526 14526 W VSPA    : Unable to open /proc/vivo_rsc/frame_set_priority: Permission denied
07-08 16:28:10.637 14526 14526 W VSPA    : Unable to open /proc/vivo_rsc/frame_set_priority: Permission denied
07-08 16:28:10.646 14031 14031 E RRR     : onNewAzimuth: -607.5933
07-08 16:28:10.656 14031 14031 E RRR     : onNewAzimuth: -607.564
07-08 16:28:10.658 14031 14031 E RRR     : onNewAzimuth: -607.543
07-08 16:28:10.659 14031 14031 E RRR     : onNewAzimuth: -607.4718
07-08 16:28:10.674 14031 14031 E RRR     : onNewAzimuth: -607.35876
07-08 16:28:10.674 14031 14031 E RRR     : onNewAzimuth: -607.343
07-08 16:28:10.674 14031 14031 E RRR     : onNewAzimuth: -607.35876
07-08 16:28:10.674 14031 14031 E RRR     : onNewAzimuth: -607.343
07-08 16:28:10.679 14031 14031 E RRR     : onNewAzimuth: -607.20715
07-08 16:28:10.694 14031 14031 E RRR     : onNewAzimuth: -607.062
07-08 16:28:10.694 14031 14031 E RRR     : onNewAzimuth: -607.1378
07-08 16:28:10.694 14031 14031 E RRR     : onNewAzimuth: -607.062
07-08 16:28:10.694 14031 14031 E RRR     : onNewAzimuth: -607.1378
07-08 16:28:10.700 14031 14031 E RRR     : onNewAzimuth: -606.9981
07-08 16:28:10.720 14031 14031 E RRR     : onNewAzimuth: -606.8755
07-08 16:28:10.720 14031 14031 E RRR     : onNewAzimuth: -606.7787
07-08 16:28:10.720 14031 14031 E RRR     : onNewAzimuth: -606.7654
07-08 16:28:10.720 14031 14031 E RRR     : onNewAzimuth: -606.8755
07-08 16:28:10.720 14031 14031 E RRR     : onNewAzimuth: -606.7787
07-08 16:28:10.720 14031 14031 E RRR     : onNewAzimuth: -606.7654
07-08 16:28:10.726 14526 14526 I Choreographer: Skipped 42 frames!  The application may be doing too much work on its main thread.
07-08 16:28:10.726 14526 14583 W ReactNativeJS: `setPositionAsync` is not supported with edge-to-edge enabled.
07-08 16:28:10.727 14526 14583 W ReactNativeJS: `setBehaviorAsync` is not supported with edge-to-edge enabled.
07-08 16:28:10.727 14526 14583 W ReactNativeJS: `setBackgroundColorAsync` is not supported with edge-to-edge enabled.
07-08 16:28:10.729 14526 14583 I ReactNativeJS: 'GET LAUNCH ALARM RESULT (resume):', 'null'
07-08 16:28:10.736 14031 14031 E RRR     : onNewAzimuth: -606.6869
07-08 16:28:10.736 14031 14031 E RRR     : onNewAzimuth: -606.67444
07-08 16:28:10.736 14031 14031 E RRR     : onNewAzimuth: -606.6869
07-08 16:28:10.736 14031 14031 E RRR     : onNewAzimuth: -606.67444
07-08 16:28:10.739 14031 14031 E RRR     : onNewAzimuth: -606.6065
07-08 16:28:10.757 14031 14031 E RRR     : onNewAzimuth: -606.5387
07-08 16:28:10.757 14031 14031 E RRR     : onNewAzimuth: -606.5273
07-08 16:28:10.758 14031 14031 E RRR     : onNewAzimuth: -606.5387
07-08 16:28:10.758 14031 14031 E RRR     : onNewAzimuth: -606.5273
07-08 16:28:10.758 14031 14031 E RRR     : onNewAzimuth: -606.44965
07-08 16:28:10.775 14031 14031 E RRR     : onNewAzimuth: -606.3521
07-08 16:28:10.775 14031 14031 E RRR     : onNewAzimuth: -606.3418
07-08 16:28:10.775 14031 14031 E RRR     : onNewAzimuth: -606.3521
07-08 16:28:10.775 14031 14031 E RRR     : onNewAzimuth: -606.3418
07-08 16:28:10.780 14031 14031 E RRR     : onNewAzimuth: -606.2262
07-08 16:28:10.795 14031 14031 E RRR     : onNewAzimuth: -606.0967
07-08 16:28:10.795 14031 14031 E RRR     : onNewAzimuth: -606.08765
07-08 16:28:10.795 14031 14031 E RRR     : onNewAzimuth: -606.0967
07-08 16:28:10.796 14031 14031 E RRR     : onNewAzimuth: -606.08765
07-08 16:28:10.826 14526 14526 W binder:14526_3: type=1400 audit(0.0:3794913): avc:  denied  { ioctl } for  path="/proc/fas/render" dev="proc" ino=4026533325 ioctlcmd=0x6609 scontext=u:r:untrusted_app:s0:c174,c258,c512,c768 tcontext=u:object_r:proc_fas:s0 tclass=file permissive=0 app=com.emergent.salahalarm.lxw9zs
07-08 16:28:10.798 14526 14526 V ImeFocusController: onWindowFocus: com.android.internal.policy.DecorView{a68211f V.E...... R.....ID 0,0-1260,2800}[MainActivity] softInputMode=STATE_UNSPECIFIED|ADJUST_RESIZE|IS_FORWARD_NAVIGATION
07-08 16:28:10.814 14031 14031 E RRR     : onNewAzimuth: -605.95605
07-08 16:28:10.816 14031 14031 E RRR     : onNewAzimuth: -605.8302
07-08 16:28:10.816 14031 14031 E RRR     : onNewAzimuth: -605.8225
07-08 16:28:10.817 14031 14031 E RRR     : onNewAzimuth: -605.8302
07-08 16:28:10.817 14031 14031 E RRR     : onNewAzimuth: -605.8225
07-08 16:28:10.818 14526 14526 W unknown:BridgelessReact: ReactHost{0}.onUserLeaveHint(activity)
07-08 16:28:10.819 14526 14526 W unknown:BridgelessReact: ReactHost{0}.onHostPause(activity)
07-08 16:28:10.819 14526 14526 W unknown:BridgelessReact: ReactContext.onHostPause()
07-08 16:28:10.819 14031 14031 E RRR     : onNewAzimuth: -605.7196
07-08 16:28:10.821 28667 28667 V InputMethod: unbindInput(): binding=InputBinding{android.os.BinderProxy@c993447 / uid 10103 / pid 5063} ic=RemoteInputConnection{idHash=#4b17c91}
07-08 16:28:10.832 28667 28667 V InputMethod: bindInput(): binding=InputBinding{android.os.BinderProxy@d29e81d / uid 10686 / pid 14526} ic=RemoteInputConnection{idHash=#2feda92}
07-08 16:28:10.839 12749 14672 I DisplayManager: Choreographer implicitly registered for the refresh rate.
07-08 16:28:10.840 14031 14031 E RRR     : onNewAzimuth: -605.6478
07-08 16:28:10.841 14031 14031 E RRR     : onNewAzimuth: -605.63556
07-08 16:28:10.841 14031 14031 E RRR     : onNewAzimuth: -605.6478
07-08 16:28:10.841 14031 14031 E RRR     : onNewAzimuth: -605.63556
07-08 16:28:10.841 12749 14672 I GameManager: __progname=com.google.android.permissioncontroller
07-08 16:28:10.842 14031 14031 E RRR     : onNewAzimuth: -605.595
07-08 16:28:10.865 12749 12749 I ssioncontroller: AssetManager2(0xb4000077a0288758) locale list changing from [] to [en-GB]
07-08 16:28:10.886 14526 14526 I ImeTracker: com.emergent.salahalarm.lxw9zs:571a47a0: onCancelled at PHASE_CLIENT_ALREADY_HIDDEN
07-08 16:28:10.917 28667 28667 V InputMethod: startInput(): editor=android.view.inputmethod.EditorInfo@c07bc63
07-08 16:28:10.917 28667 28667 V InputMethodService: CALL: doFinishInput
07-08 16:28:10.917 28667 28667 D InlineSuggestionSessionController: notifyOnFinishInput
07-08 16:28:10.917 28667 28667 V InputMethodService: CALL: onFinishInput
07-08 16:28:10.917 28667 28667 I GoogleInputMethodService: GoogleInputMethodService.onFinishInput():2276 
07-08 16:28:10.918 28667 28667 I Module  : DeviceLockedStatusModuleProvider$Module.updateDeviceLockedStatusInternal():129 repeatCheckTimes = 0, locked = false
07-08 16:28:10.922 28667 28667 V InputMethodService: finishStylusHandwriting()
07-08 16:28:10.922 28667 28667 D InlineSuggestionSessionController: notifyOnStartInput: com.emergent.salahalarm.lxw9zs, 0
07-08 16:28:10.922 28667 28667 V InputMethodService: CALL: onStartInput
07-08 16:28:10.922 28667 28667 I GoogleInputMethodService: GoogleInputMethodService.onStartInput():1460 onStartInput(EditorInfo{EditorInfo{packageName=com.emergent.salahalarm.lxw9zs, inputType=0, inputTypeString=NULL, enableLearning=false, autoCorrection=false, autoComplete=false, imeOptions=0, privateImeOptions=null, actionName=UNSPECIFIED, actionLabel=null, initialSelStart=-1, initialSelEnd=-1, initialCapsMode=0, label=null, fieldId=0, fieldName=null, extras=null, hintText=null, hintLocales=[]}}, false)
07-08 16:28:10.922 28667 28667 I LatinIMEBase: LatinIMEBase.updateInputViewCoverNavigation():317 Update input view padding, isNavbarOverInputWindow=true, bottom inset=126
07-08 16:28:10.969 28667 28667 I Module  : DeviceLockedStatusModuleProvider$Module.updateDeviceLockedStatusInternal():129 repeatCheckTimes = 1, locked = false
07-08 16:28:10.971 28667 28667 W NotificationCenter: NotificationCenter$NotificationQueue.notifyPendingNotificationsOnExecutor():878 Heavy notify work detected on UI thread: [ocw->loy, ocw->loy, ocw->mtn, ocw->hfe, ocw->hic, ocw->iib, ocw->loy, ocw->loy, ocw->loy, ocw->pxc, ocw->obx, ocw->loy, ocw->nna, ocw->mzz, ocw->loy, ocw->lrz, ocw->loy, ocw->loy, ocw->loy, ocw->loy, ocw->obo, ocw->qoa, ocw->loy, ocw->jac] takes 47ms
07-08 16:28:11.032 14699 14699 D nativeloader: Load libframework-connectivity-tiramisu-jni.so using APEX ns com_android_tethering for caller /apex/com.android.tethering/javalib/framework-connectivity-t.jar: ok
07-08 16:28:11.035 14347 14428 W LegacyMessageQueue: Handler (i1.b70$c) {6e44d0b} sending message to a Handler on a dead thread
07-08 16:28:11.035 14347 14428 W LegacyMessageQueue: java.lang.IllegalStateException: Handler (i1.b70$c) {6e44d0b} sending message to a Handler on a dead thread
07-08 16:28:11.035 14347 14428 W LegacyMessageQueue: 	at android.os.MessageQueue.enqueueMessageLegacy(MessageQueue.java:1295)
07-08 16:28:11.035 14347 14428 W LegacyMessageQueue: 	at android.os.MessageQueue.enqueueMessage(MessageQueue.java:1411)
07-08 16:28:11.035 14347 14428 W LegacyMessageQueue: 	at android.os.Handler.enqueueMessage(Handler.java:846)
07-08 16:28:11.035 14347 14428 W LegacyMessageQueue: 	at android.os.Handler.sendMessageAtTime(Handler.java:743)
07-08 16:28:11.035 14347 14428 W LegacyMessageQueue: 	at android.os.Handler.sendMessageDelayed(Handler.java:713)
07-08 16:28:11.035 14347 14428 W LegacyMessageQueue: 	at android.os.Handler.sendEmptyMessageDelayed(Handler.java:678)
07-08 16:28:11.035 14347 14428 W LegacyMessageQueue: 	at android.os.Handler.sendEmptyMessage(Handler.java:663)
07-08 16:28:11.035 14347 14428 W LegacyMessageQueue: 	at i1.b70.e(SourceFile:218)
07-08 16:28:11.035 14347 14428 W LegacyMessageQueue: 	at com.connectivityassistant.sdk.framework.qTUq.a(SourceFile:102)
07-08 16:28:11.035 14347 14428 W LegacyMessageQueue: 	at com.connectivityassistant.sdk.framework.qTUq.a(SourceFile:37)
07-08 16:28:11.035 14347 14428 W LegacyMessageQueue: 	at com.connectivityassistant.sdk.framework.SDKStandard.b(SourceFile:17)
07-08 16:28:11.035 14347 14428 W LegacyMessageQueue: 	at com.connectivityassistant.sdk.framework.SDKStandard.a(SourceFile:80)
07-08 16:28:11.035 14347 14428 W LegacyMessageQueue: 	at com.connectivityassistant.sdk.framework.TUqq.run(SourceFile:26)
07-08 16:28:11.035 14347 14428 W LegacyMessageQueue: 	at android.os.Handler.handleCallback(Handler.java:1051)
07-08 16:28:11.035 14347 14428 W LegacyMessageQueue: 	at android.os.Handler.dispatchMessage(Handler.java:107)
07-08 16:28:11.035 14347 14428 W LegacyMessageQueue: 	at android.os.Looper.loopOnce(Looper.java:266)
07-08 16:28:11.035 14347 14428 W LegacyMessageQueue: 	at android.os.Looper.loop(Looper.java:361)
07-08 16:28:11.035 14347 14428 W LegacyMessageQueue: 	at android.os.HandlerThread.run(HandlerThread.java:103)
07-08 16:28:11.036 14699 14699 E on.gearhead:car: BBinder_init Processname  com.google.android.projection.gearhead:car  
07-08 16:28:11.036 14699 14699 E on.gearhead:car: BBinder_init hasGetProcessName  com.google.android.projection.gearhead:car
07-08 16:28:11.080 14031 14031 E RRR     : onNewAzimuth: -605.5858
07-08 16:28:11.080 14031 14031 E RRR     : onNewAzimuth: -605.4802
07-08 16:28:11.080 14031 14031 E RRR     : onNewAzimuth: -605.50397
07-08 16:28:11.080 14031 14031 E RRR     : onNewAzimuth: -605.5454
07-08 16:28:11.081 14031 14031 E RRR     : onNewAzimuth: -605.59686
07-08 16:28:11.081 14031 14031 E RRR     : onNewAzimuth: -605.5001
07-08 16:28:11.081 14031 14031 E RRR     : onNewAzimuth: -605.55414
07-08 16:28:11.081 14031 14031 E RRR     : onNewAzimuth: -605.4569
07-08 16:28:11.081 14031 14031 E RRR     : onNewAzimuth: -605.50757
07-08 16:28:11.081 14031 14031 E RRR     : onNewAzimuth: -605.5512
07-08 16:28:11.081 14031 14031 E RRR     : onNewAzimuth: -605.5526
07-08 16:28:11.082 14031 14031 E RRR     : onNewAzimuth: -605.58057
07-08 16:28:11.082 14031 14031 E RRR     : onNewAzimuth: -605.5881
07-08 16:28:11.082 14031 14031 E RRR     : onNewAzimuth: -605.58923
07-08 16:28:11.082 14031 14031 E RRR     : onNewAzimuth: -605.57495
07-08 16:28:11.082 14031 14031 E RRR     : onNewAzimuth: -605.54224
07-08 16:28:11.082 14031 14031 E RRR     : onNewAzimuth: -605.4519
07-08 16:28:11.082 14031 14031 E RRR     : onNewAzimuth: -605.4132
07-08 16:28:11.083 14031 14031 E RRR     : onNewAzimuth: -605.3875
07-08 16:28:11.083 14031 14031 E RRR     : onNewAzimuth: -605.30054
07-08 16:28:11.083 14031 14031 E RRR     : onNewAzimuth: -605.29297
07-08 16:28:11.083 14031 14031 E RRR     : onNewAzimuth: -605.2976
07-08 16:28:11.083 14031 14031 E RRR     : onNewAzimuth: -605.1166
07-08 16:28:11.083 14031 14031 E RRR     : onNewAzimuth: -605.1305
07-08 16:28:11.083 14031 14031 E RRR     : onNewAzimuth: -605.14594
07-08 16:28:11.083 14031 14031 E RRR     : onNewAzimuth: -605.0622
07-08 16:28:11.083 14031 14031 E RRR     : onNewAzimuth: -605.07477
07-08 16:28:11.083 14031 14031 E RRR     : onNewAzimuth: -605.0828
07-08 16:28:11.083 14031 14031 E RRR     : onNewAzimuth: -605.0078
07-08 16:28:11.083 14031 14031 E RRR     : onNewAzimuth: -605.0206
07-08 16:28:11.083 14031 14031 E RRR     : onNewAzimuth: -605.04004
07-08 16:28:11.083 14031 14031 E RRR     : onNewAzimuth: -604.96155
07-08 16:28:11.083 14031 14031 E RRR     : onNewAzimuth: -604.9852
07-08 16:28:11.083 14031 14031 E RRR     : onNewAzimuth: -605.00903
07-08 16:28:11.083 14031 14031 E RRR     : onNewAzimuth: -604.9331
07-08 16:28:11.084 14031 14031 E RRR     : onNewAzimuth: -605.5858
07-08 16:28:11.084 14031 14031 E RRR     : onNewAzimuth: -605.4802
07-08 16:28:11.084 14031 14031 E RRR     : onNewAzimuth: -605.50397
07-08 16:28:11.084 14031 14031 E RRR     : onNewAzimuth: -605.5454
07-08 16:28:11.084 14031 14031 E RRR     : onNewAzimuth: -605.59686
07-08 16:28:11.084 14031 14031 E RRR     : onNewAzimuth: -605.5001
07-08 16:28:11.084 14031 14031 E RRR     : onNewAzimuth: -605.55414
07-08 16:28:11.084 14031 14031 E RRR     : onNewAzimuth: -605.4569
07-08 16:28:11.084 14031 14031 E RRR     : onNewAzimuth: -605.50757
07-08 16:28:11.084 14031 14031 E RRR     : onNewAzimuth: -605.5512
07-08 16:28:11.084 14031 14031 E RRR     : onNewAzimuth: -605.5526
07-08 16:28:11.084 14031 14031 E RRR     : onNewAzimuth: -605.58057
07-08 16:28:11.084 14031 14031 E RRR     : onNewAzimuth: -605.5881
07-08 16:28:11.084 14031 14031 E RRR     : onNewAzimuth: -605.58923
07-08 16:28:11.084 14031 14031 E RRR     : onNewAzimuth: -605.57495
07-08 16:28:11.084 14031 14031 E RRR     : onNewAzimuth: -605.54224
07-08 16:28:11.084 14031 14031 E RRR     : onNewAzimuth: -605.4519
07-08 16:28:11.084 14031 14031 E RRR     : onNewAzimuth: -605.4132
07-08 16:28:11.084 14031 14031 E RRR     : onNewAzimuth: -605.3875
07-08 16:28:11.084 14031 14031 E RRR     : onNewAzimuth: -605.30054
07-08 16:28:11.084 14031 14031 E RRR     : onNewAzimuth: -605.29297
07-08 16:28:11.084 14031 14031 E RRR     : onNewAzimuth: -605.2976
07-08 16:28:11.084 14031 14031 E RRR     : onNewAzimuth: -605.1166
07-08 16:28:11.084 14031 14031 E RRR     : onNewAzimuth: -605.1305
07-08 16:28:11.084 14031 14031 E RRR     : onNewAzimuth: -605.14594
07-08 16:28:11.084 14031 14031 E RRR     : onNewAzimuth: -605.0622
07-08 16:28:11.084 14031 14031 E RRR     : onNewAzimuth: -605.07477
07-08 16:28:11.084 14031 14031 E RRR     : onNewAzimuth: -605.0828
07-08 16:28:11.084 14031 14031 E RRR     : onNewAzimuth: -605.0078
07-08 16:28:11.084 14031 14031 E RRR     : onNewAzimuth: -605.0206
07-08 16:28:11.084 14031 14031 E RRR     : onNewAzimuth: -605.04004
07-08 16:28:11.084 14031 14031 E RRR     : onNewAzimuth: -604.96155
07-08 16:28:11.084 14031 14031 E RRR     : onNewAzimuth: -604.9852
07-08 16:28:11.084 14031 14031 E RRR     : onNewAzimuth: -605.00903
07-08 16:28:11.084 14031 14031 E RRR     : onNewAzimuth: -604.9331
07-08 16:28:11.098 14031 14031 E RRR     : onNewAzimuth: -604.96594
07-08 16:28:11.105 14031 14031 E RRR     : onNewAzimuth: -605.02014
07-08 16:28:11.106 14031 14031 E RRR     : onNewAzimuth: -604.94653
07-08 16:28:11.106 14031 14031 E RRR     : onNewAzimuth: -605.02625
07-08 16:28:11.106 14031 14031 E RRR     : onNewAzimuth: -605.02014
07-08 16:28:11.107 14031 14031 E RRR     : onNewAzimuth: -604.94653
07-08 16:28:11.107 14031 14031 E RRR     : onNewAzimuth: -605.02625
07-08 16:28:11.130 14031 14031 E RRR     : onNewAzimuth: -605.1262
07-08 16:28:11.130 14031 14031 E RRR     : onNewAzimuth: -605.06104
07-08 16:28:11.130 14031 14031 E RRR     : onNewAzimuth: -605.1704
07-08 16:28:11.130 14031 14031 E RRR     : onNewAzimuth: -605.1262
07-08 16:28:11.130 14031 14031 E RRR     : onNewAzimuth: -605.06104
07-08 16:28:11.130 14031 14031 E RRR     : onNewAzimuth: -605.1704
07-08 16:28:11.144 14031 14031 E RRR     : onNewAzimuth: -605.28394
07-08 16:28:11.145 14031 14031 E RRR     : onNewAzimuth: -605.13055
07-08 16:28:11.145 14031 14031 E RRR     : onNewAzimuth: -605.24084
07-08 16:28:11.145 14031 14031 E RRR     : onNewAzimuth: -605.28394
07-08 16:28:11.145 14031 14031 E RRR     : onNewAzimuth: -605.13055
07-08 16:28:11.145 14031 14031 E RRR     : onNewAzimuth: -605.24084
07-08 16:28:11.146 12749 12749 E FeatureFlagsImplExport: android.os.flagging.AconfigStorageReadException: ERROR_PACKAGE_NOT_FOUND: package com.android.settingslib.widget.theme.flags cannot be found on the device
07-08 16:28:11.147 14699 14699 D ApplicationLoaders: Returning zygote-cached class loader: /system_ext/framework/androidx.window.extensions.jar
07-08 16:28:11.147 14699 14699 D ApplicationLoaders: Returning zygote-cached class loader: /system_ext/framework/androidx.window.sidecar.jar
07-08 16:28:11.161 14031 14031 E RRR     : onNewAzimuth: -605.3502
07-08 16:28:11.161 14031 14031 E RRR     : onNewAzimuth: -605.4584
07-08 16:28:11.161 14031 14031 E RRR     : onNewAzimuth: -605.4042
07-08 16:28:11.161 14031 14031 E RRR     : onNewAzimuth: -605.3502
07-08 16:28:11.161 14031 14031 E RRR     : onNewAzimuth: -605.4584
07-08 16:28:11.161 14031 14031 E RRR     : onNewAzimuth: -605.4042
07-08 16:28:11.176 14031 14031 E RRR     : onNewAzimuth: -605.50464
07-08 16:28:11.176 14031 14031 E RRR     : onNewAzimuth: -605.44775
07-08 16:28:11.176 14031 14031 E RRR     : onNewAzimuth: -605.50464
07-08 16:28:11.176 14031 14031 E RRR     : onNewAzimuth: -605.44775
07-08 16:28:11.179 14031 14031 E RRR     : onNewAzimuth: -605.54065
07-08 16:28:11.192 14699 14699 W on.gearhead:car: Failed to find entry 'classes.dex': Entry not found
07-08 16:28:11.194 14031 14031 E RRR     : onNewAzimuth: -605.618
07-08 16:28:11.194 14031 14031 E RRR     : onNewAzimuth: -605.4677
07-08 16:28:11.194 14031 14031 E RRR     : onNewAzimuth: -605.618
07-08 16:28:11.194 14031 14031 E RRR     : onNewAzimuth: -605.4677
07-08 16:28:11.194 14699 14699 W on.gearhead:car: Failed to find entry 'classes.dex': Entry not found
07-08 16:28:11.197 14699 14699 W on.gearhead:car: Failed to find entry 'classes.dex': Entry not found
07-08 16:28:11.200 14699 14699 D nativeloader: Configuring clns-9 for other apk /data/app/~~ZNbgm3-KXVInPHipohzc3Q==/com.google.android.projection.gearhead-fsnbKHYYic-GNRUg8hRGgg==/base.apk:/data/app/~~ZNbgm3-KXVInPHipohzc3Q==/com.google.android.projection.gearhead-fsnbKHYYic-GNRUg8hRGgg==/split_config.arm64_v8a.apk:/data/app/~~ZNbgm3-KXVInPHipohzc3Q==/com.google.android.projection.gearhead-fsnbKHYYic-GNRUg8hRGgg==/split_config.en.apk:/data/app/~~ZNbgm3-KXVInPHipohzc3Q==/com.google.android.projection.gearhead-fsnbKHYYic-GNRUg8hRGgg==/split_config.xxhdpi.apk. target_sdk_version=37, uses_libraries=, library_path=/data/app/~~ZNbgm3-KXVInPHipohzc3Q==/com.google.android.projection.gearhead-fsnbKHYYic-GNRUg8hRGgg==/lib/arm64:/data/app/~~ZNbgm3-KXVInPHipohzc3Q==/com.google.android.projection.gearhead-fsnbKHYYic-GNRUg8hRGgg==/base.apk!/lib/arm64-v8a:/data/app/~~ZNbgm3-KXVInPHipohzc3Q==/com.google.android.projection.gearhead-fsnbKHYYic-GNRUg8hRGgg==/split_config.arm64_v8a.apk!/lib/arm64-v8a:/data/app/~~ZNbgm3-KXVInPHipohzc3Q==/com.google.android.projection.gearhe
07-08 16:28:11.202 14031 14031 E RRR     : onNewAzimuth: -605.525
07-08 16:28:11.218 14031 14031 E RRR     : onNewAzimuth: -605.56055
07-08 16:28:11.218 14031 14031 E RRR     : onNewAzimuth: -605.4219
07-08 16:28:11.218 14031 14031 E RRR     : onNewAzimuth: -605.4399
07-08 16:28:11.218 14031 14031 E RRR     : onNewAzimuth: -605.56055
07-08 16:28:11.219 14031 14031 E RRR     : onNewAzimuth: -605.4219
07-08 16:28:11.219 14031 14031 E RRR     : onNewAzimuth: -605.4399
07-08 16:28:11.242 14031 14031 E RRR     : onNewAzimuth: -605.4631
07-08 16:28:11.242 14031 14031 E RRR     : onNewAzimuth: -605.32715
07-08 16:28:11.242 14031 14031 E RRR     : onNewAzimuth: -605.3762
07-08 16:28:11.242 14031 14031 E RRR     : onNewAzimuth: -605.4631
07-08 16:28:11.242 14031 14031 E RRR     : onNewAzimuth: -605.32715
07-08 16:28:11.242 14031 14031 E RRR     : onNewAzimuth: -605.3762
07-08 16:28:11.249 14526 14630 D InsetsAnimationCtrlImpl: notify control request finished for types: 2
07-08 16:28:11.249 14526 14630 I ANDR-VIVO-PERF: vivo inside perf_lock_rel of client
07-08 16:28:11.250 14699 14699 I on.gearhead:car: AssetManager2(0xb4000077a028acd8) locale list changing from [] to [en-GB]
07-08 16:28:11.259 14031 14031 E RRR     : onNewAzimuth: -605.45984
07-08 16:28:11.259 14031 14031 E RRR     : onNewAzimuth: -605.4136
07-08 16:28:11.259 14031 14031 E RRR     : onNewAzimuth: -605.5254
07-08 16:28:11.260 14031 14031 E RRR     : onNewAzimuth: -605.45984
07-08 16:28:11.260 14031 14031 E RRR     : onNewAzimuth: -605.4136
07-08 16:28:11.260 14031 14031 E RRR     : onNewAzimuth: -605.5254
07-08 16:28:11.261 12749 12749 W LOTTIE  : Animation contains merge paths. Merge paths are only supported on KitKat+ and must be manually enabled by calling enableMergePathsForKitKatAndAbove().
07-08 16:28:11.272 12749 12749 W LOTTIE  : Animation contains merge paths but they are disabled.
07-08 16:28:11.280 14031 14031 E RRR     : onNewAzimuth: -605.6386
07-08 16:28:11.280 14031 14031 E RRR     : onNewAzimuth: -605.5039
07-08 16:28:11.280 14031 14031 E RRR     : onNewAzimuth: -605.5958
07-08 16:28:11.285 14031 14031 E RRR     : onNewAzimuth: -605.6386
07-08 16:28:11.285 14031 14031 E RRR     : onNewAzimuth: -605.5039
07-08 16:28:11.285 14031 14031 E RRR     : onNewAzimuth: -605.5958
07-08 16:28:11.291 12749 12749 D DesktopModeFlags: Toggle override initialized to: OVERRIDE_UNSET
07-08 16:28:11.293 14699 14699 V GraphicsEnvironment: Currently set values for:
07-08 16:28:11.293 14699 14699 V GraphicsEnvironment:   angle_gl_driver_selection_pkgs=[com.android.angle, com.linecorp.b612.android, com.campmobile.snow, com.google.android.apps.tachyon]
07-08 16:28:11.293 14699 14699 V GraphicsEnvironment:   angle_gl_driver_selection_values=[angle, native, native, native]
07-08 16:28:11.293 14699 14699 V GraphicsEnvironment: com.google.android.projection.gearhead is not listed in per-application setting
07-08 16:28:11.293 14699 14699 V GraphicsEnvironment: ANGLE allowlist from config: 
07-08 16:28:11.293 14699 14699 V GraphicsEnvironment: com.google.android.projection.gearhead is not listed in ANGLE allowlist or settings, returning default
07-08 16:28:11.293 14699 14699 V GraphicsEnvironment: Neither updatable production driver nor prerelease driver is supported.
07-08 16:28:11.301 14031 14031 E RRR     : onNewAzimuth: -605.65405
07-08 16:28:11.302 14031 14031 E RRR     : onNewAzimuth: -605.5281
07-08 16:28:11.302 14031 14031 E RRR     : onNewAzimuth: -605.55554
07-08 16:28:11.302 14031 14031 E RRR     : onNewAzimuth: -605.65405
07-08 16:28:11.302 14031 14031 E RRR     : onNewAzimuth: -605.5281
07-08 16:28:11.302 14031 14031 E RRR     : onNewAzimuth: -605.55554
07-08 16:28:11.309 14031 14031 E RRR     : onNewAzimuth: -605.562
07-08 16:28:11.316 12749 12749 W libc    : Access denied finding property "persist.vivo.ltw.enabled"
07-08 16:28:11.319 12749 14753 W ServiceManagerCppClient: Failed to get isDeclared for mapper/mediatek: Status(-1, EX_SECURITY): 'SELinux denied for service.'
07-08 16:28:11.319 12749 14753 E Gralloc5: Failed to load mapper.mediatek.so
07-08 16:28:11.324 14031 14031 E RRR     : onNewAzimuth: -605.56305
07-08 16:28:11.324 14031 14031 E RRR     : onNewAzimuth: -605.5309
07-08 16:28:11.325 14031 14031 E RRR     : onNewAzimuth: -605.56305
07-08 16:28:11.325 14031 14031 E RRR     : onNewAzimuth: -605.5309
07-08 16:28:11.328 14031 14031 E RRR     : onNewAzimuth: -605.53174
07-08 16:28:11.335 14031 14031 E RRR     : onNewAzimuth: -605.4105
07-08 16:28:11.345 12749 12749 D ViewRootImpl: AppSizeAfterRelayout, size: Point(1389, 193), rotation: ROTATION_0
07-08 16:28:11.346 12749 12749 E ssioncontroller: [perfctl] 12749 12749 FPSGO ver:7
07-08 16:28:11.346 12749 12749 E ssioncontroller: [perfctl] 1 1 1 0
07-08 16:28:11.347 12749 12749 D BufferQueueConsumer: [](id:31cd00000000,api:0,p:-1,c:12749) connect: controlledByApp=false
07-08 16:28:11.348 12749 12749 D BLASTBufferQueue: [VRI[GrantPermissionsActivity,type=1]#0](f:0,a:0) constructor()
07-08 16:28:11.348 12749 12749 D BLASTBufferQueue: [VRI[GrantPermissionsActivity,type=1]#0](f:0,a:0) update width=1389 height=193 format=-2 mTransformHint=0
07-08 16:28:11.351 14031 14031 E RRR     : onNewAzimuth: -605.42053
07-08 16:28:11.351 14031 14031 E RRR     : onNewAzimuth: -605.44183
07-08 16:28:11.351 14031 14031 E RRR     : onNewAzimuth: -605.42053
07-08 16:28:11.352 14031 14031 E RRR     : onNewAzimuth: -605.44183
07-08 16:28:11.354 12749 14672 W BLASTBufferQueue: Unable to open /proc/vivo_rsc/frame_set_priority: Permission denied
07-08 16:28:11.354 12749 14672 I BLASTBufferQueue: QoSAllocBuff Successful. Ret 0 
07-08 16:28:11.356 14031 14031 E RRR     : onNewAzimuth: -605.32007
07-08 16:28:11.370 14526 14626 D AudioTrack: INSP: type=audio,case=1,set=0xb4000078402ac310,stream_type=-1,sample_rate=24000,format=0x1,channel_mask=0x3,frame_count=6000,flags=0x0,notification_frames=0,session_id=21985,transfer_type=3,uid=10686,pid=14526,packageName=com.emergent.salahalarm.lxw9zs
07-08 16:28:11.370 14526 14626 D AudioTrack: INSP: type=audio,case=1,attributes=1,content_type=0,usage=1,source=-1,flags=0xa00
07-08 16:28:11.371 14526 14626 V VivoAudioPolicyProxyNative: VivoAudioPolicyProxy getInstanceInter: binding to vivoaudiopolicy service success!
07-08 16:28:11.373 14031 14031 E RRR     : onNewAzimuth: -605.3527
07-08 16:28:11.373 14031 14031 E RRR     : onNewAzimuth: -605.3981
07-08 16:28:11.373 14031 14031 E RRR     : onNewAzimuth: -605.3527
07-08 16:28:11.384 14526 14626 I AudioTrack: set(): streamType -1, sampleRate 24000, format 0x1, channelMask 0x3, frameCount 6000, flags 0, notificationFrames 0, sessionId 21985, transferType 3, uid 10686, pid 14526
07-08 16:28:11.385 14526 14626 D AudioSystem: +setParameters(): PlaybackCaptureProtectSupport=com.emergent.salahalarm.lxw9zs 
07-08 16:28:11.386 14526 14626 D AudioTrack: get APPSharePck NULL
07-08 16:28:11.389 12749 12749 V ImeFocusController: onWindowFocus: com.android.internal.policy.DecorView{ad19b43 V.E...... R.....ID 0,0-1197,0}[GrantPermissionsActivity] softInputMode=STATE_ALWAYS_HIDDEN|ADJUST_NOTHING|IS_FORWARD_NAVIGATION
07-08 16:28:11.392 14031 14031 E RRR     : onNewAzimuth: -605.3981
07-08 16:28:11.392 14031 14031 E RRR     : onNewAzimuth: -605.2803
07-08 16:28:11.392 14031 14031 E RRR     : onNewAzimuth: -605.3457
07-08 16:28:11.392 14031 14031 E RRR     : onNewAzimuth: -605.4344
07-08 16:28:11.392 14031 14031 E RRR     : onNewAzimuth: -605.2803
07-08 16:28:11.392 14031 14031 E RRR     : onNewAzimuth: -605.3457
07-08 16:28:11.392 14031 14031 E RRR     : onNewAzimuth: -605.4344
07-08 16:28:11.394 28667 28667 V InputMethod: unbindInput(): binding=InputBinding{android.os.BinderProxy@d29e81d / uid 10686 / pid 14526} ic=RemoteInputConnection{idHash=#2feda92}
07-08 16:28:11.398 28667 28667 V InputMethod: bindInput(): binding=InputBinding{android.os.BinderProxy@dafbbbf / uid 10233 / pid 12749} ic=RemoteInputConnection{idHash=#3c1528c}
07-08 16:28:11.399 28667 28667 V InputMethod: startInput(): editor=android.view.inputmethod.EditorInfo@4befdd5
07-08 16:28:11.399 28667 28667 V InputMethodService: CALL: doFinishInput
07-08 16:28:11.399 28667 28667 D InlineSuggestionSessionController: notifyOnFinishInput
07-08 16:28:11.399 28667 28667 V InputMethodService: CALL: onFinishInput
07-08 16:28:11.399 28667 28667 I GoogleInputMethodService: GoogleInputMethodService.onFinishInput():2276 
07-08 16:28:11.400 28667 28667 I Module  : DeviceLockedStatusModuleProvider$Module.updateDeviceLockedStatusInternal():129 repeatCheckTimes = 0, locked = false
07-08 16:28:11.400 28667 28667 V InputMethodService: finishStylusHandwriting()
07-08 16:28:11.400 28667 28667 D InlineSuggestionSessionController: notifyOnStartInput: com.google.android.permissioncontroller, 0
07-08 16:28:11.401 28667 28667 V InputMethodService: CALL: onStartInput
07-08 16:28:11.401 28667 28667 I GoogleInputMethodService: GoogleInputMethodService.onStartInput():1460 onStartInput(EditorInfo{EditorInfo{packageName=com.google.android.permissioncontroller, inputType=0, inputTypeString=NULL, enableLearning=false, autoCorrection=false, autoComplete=false, imeOptions=0, privateImeOptions=null, actionName=UNSPECIFIED, actionLabel=null, initialSelStart=-1, initialSelEnd=-1, initialCapsMode=0, label=null, fieldId=0, fieldName=null, extras=null, hintText=null, hintLocales=[]}}, false)
07-08 16:28:11.401 28667 28667 I LatinIMEBase: LatinIMEBase.updateInputViewCoverNavigation():317 Update input view padding, isNavbarOverInputWindow=true, bottom inset=126
07-08 16:28:11.402 28667 28667 I Module  : DeviceLockedStatusModuleProvider$Module.updateDeviceLockedStatusInternal():129 repeatCheckTimes = 1, locked = false
07-08 16:28:11.417 14031 14031 E RRR     : onNewAzimuth: -605.3273
07-08 16:28:11.417 14031 14031 E RRR     : onNewAzimuth: -605.44324
07-08 16:28:11.417 14031 14031 E RRR     : onNewAzimuth: -605.5841
07-08 16:28:11.417 14031 14031 E RRR     : onNewAzimuth: -605.48016
07-08 16:28:11.417 14031 14031 E RRR     : onNewAzimuth: -605.3273
07-08 16:28:11.417 14031 14031 E RRR     : onNewAzimuth: -605.44324
07-08 16:28:11.417 14031 14031 E RRR     : onNewAzimuth: -605.5841
07-08 16:28:11.418 14031 14031 E RRR     : onNewAzimuth: -605.48016
07-08 16:28:11.420 14031 14031 E RRR     : onNewAzimuth: -605.6439
07-08 16:28:11.431 14526 14626 D AudioTrack: createTrack_l(3030): 0xb4000078402ac310, mCblk = 0x7986914000, mLatency = 378, mAfLatency = 128, frameCount = 6000, mSampleRate = 24000, mFlags = 0x8, mReqFrameCount = 6000, mNotificationFramesAct = 2000
07-08 16:28:11.437 14526 14626 D AudioTrack: setVolume(3030): 0xb4000078402ac310, left = 1.000000, right = 1.000000, sessionId:21985, calling package is:com.emergent.salahalarm.lxw9zs
07-08 16:28:11.439 14526 14626 D AudioSystem: +setParameters(): AudioTrack-Process=14526;AudioTrack-AudioThread=14626 
07-08 16:28:11.448 14031 14031 E RRR     : onNewAzimuth: -605.8241
07-08 16:28:11.449 14031 14031 E RRR     : onNewAzimuth: -605.7209
07-08 16:28:11.449 14031 14031 E RRR     : onNewAzimuth: -605.89294
07-08 16:28:11.449 14031 14031 E RRR     : onNewAzimuth: -605.8241
07-08 16:28:11.449 14031 14031 E RRR     : onNewAzimuth: -605.7209
07-08 16:28:11.449 14031 14031 E RRR     : onNewAzimuth: -605.89294
07-08 16:28:11.451 14031 14031 E RRR     : onNewAzimuth: -606.0403
07-08 16:28:11.454 14031 14031 E RRR     : onNewAzimuth: -605.93713
07-08 16:28:11.458  2171  2244 I ActivityTaskManager: Displayed com.google.android.permissioncontroller/com.android.permissioncontroller.permission.ui.GrantPermissionsActivity for user 0: +596ms
07-08 16:28:11.480 14031 14031 E RRR     : onNewAzimuth: -606.0553
07-08 16:28:11.480 14031 14031 E RRR     : onNewAzimuth: -606.1452
07-08 16:28:11.480 14031 14031 E RRR     : onNewAzimuth: -606.056
07-08 16:28:11.481 14031 14031 E RRR     : onNewAzimuth: -606.1228
07-08 16:28:11.481 14031 14031 E RRR     : onNewAzimuth: -606.0553
07-08 16:28:11.481 14031 14031 E RRR     : onNewAzimuth: -606.1452
07-08 16:28:11.481 14031 14031 E RRR     : onNewAzimuth: -606.056
07-08 16:28:11.481 14031 14031 E RRR     : onNewAzimuth: -606.1228
07-08 16:28:11.485 14699 14699 I CAR.GH  : onCreate
07-08 16:28:11.492 14031 14031 E RRR     : onNewAzimuth: -606.1712
07-08 16:28:11.499 14031 14031 E RRR     : onNewAzimuth: -606.0779
07-08 16:28:11.499 14031 14031 E RRR     : onNewAzimuth: -606.1712
07-08 16:28:11.499 14031 14031 E RRR     : onNewAzimuth: -606.0779
07-08 16:28:11.500 14031 14031 E RRR     : onNewAzimuth: -606.121
07-08 16:28:11.512 14031 14031 E RRR     : onNewAzimuth: -606.17114
07-08 16:28:11.516 14031 14031 E RRR     : onNewAzimuth: -606.0807
07-08 16:28:11.519 14031 14031 E RRR     : onNewAzimuth: -606.1476
07-08 16:28:11.528 12749 12749 I ssioncontroller: AssetManager2(0xb4000077a0290458) locale list changing from [] to [en-GB]
07-08 16:28:11.532 14031 14031 E RRR     : onNewAzimuth: -606.2405
07-08 16:28:11.544 14031 14031 E RRR     : onNewAzimuth: -606.36786
07-08 16:28:11.545 14031 14031 E RRR     : onNewAzimuth: -606.2859
07-08 16:28:11.547 14699 14699 I GH.PrimesMgr: transmitting to prod
07-08 16:28:11.548 14031 14031 E RRR     : onNewAzimuth: -606.36786
07-08 16:28:11.548 14031 14031 E RRR     : onNewAzimuth: -606.2859
07-08 16:28:11.558 14526 14526 W binder:14526_3: type=1400 audit(0.0:3794948): avc:  denied  { ioctl } for  path="/proc/fas/render" dev="proc" ino=4026533325 ioctlcmd=0x6609 scontext=u:r:untrusted_app:s0:c174,c258,c512,c768 tcontext=u:object_r:proc_fas:s0 tclass=file permissive=0 app=com.emergent.salahalarm.lxw9zs
07-08 16:28:11.574 14526 14526 W binder:14526_3: type=1400 audit(0.0:3794949): avc:  denied  { ioctl } for  path="/proc/fas/render" dev="proc" ino=4026533325 ioctlcmd=0x6609 scontext=u:r:untrusted_app:s0:c174,c258,c512,c768 tcontext=u:object_r:proc_fas:s0 tclass=file permissive=0 app=com.emergent.salahalarm.lxw9zs
07-08 16:28:11.570 12749 12749 D ViewRootImpl: AppSizeAfterRelayout, size: Point(1389, 1273), rotation: ROTATION_0
07-08 16:28:11.570 12749 12749 D BLASTBufferQueue: [VRI[GrantPermissionsActivity,type=1]#0](f:0,a:0) update width=1389 height=1273 format=-2 mTransformHint=0
07-08 16:28:11.582 14526 14526 W binder:14526_3: type=1400 audit(0.0:3794950): avc:  denied  { ioctl } for  path="/proc/fas/render" dev="proc" ino=4026533325 ioctlcmd=0x6609 scontext=u:r:untrusted_app:s0:c174,c258,c512,c768 tcontext=u:object_r:proc_fas:s0 tclass=file permissive=0 app=com.emergent.salahalarm.lxw9zs
07-08 16:28:11.580 14031 14031 E RRR     : onNewAzimuth: -606.4441
07-08 16:28:11.580 14031 14031 E RRR     : onNewAzimuth: -606.3589
07-08 16:28:11.580 14031 14031 E RRR     : onNewAzimuth: -606.5412
07-08 16:28:11.580 14031 14031 E RRR     : onNewAzimuth: -606.72974
07-08 16:28:11.580 14031 14031 E RRR     : onNewAzimuth: -606.6471
07-08 16:28:11.580 14031 14031 E RRR     : onNewAzimuth: -606.4441
07-08 16:28:11.580 14031 14031 E RRR     : onNewAzimuth: -606.3589
07-08 16:28:11.580 14031 14031 E RRR     : onNewAzimuth: -606.5412
07-08 16:28:11.580 14031 14031 E RRR     : onNewAzimuth: -606.72974
07-08 16:28:11.580 14031 14031 E RRR     : onNewAzimuth: -606.6471
07-08 16:28:11.587 14699 14699 I CAR.GH  : Process: CAR
07-08 16:28:11.587 14699 14699 I CAR.GH  : Channel: PROD
07-08 16:28:11.588 14699 14699 I CAR.GH  : onCreate completed
07-08 16:28:11.601 12749 14672 I GrallocExtra: gralloc_extra_query:is_SW3D 0
07-08 16:28:11.601 12749 14672 D BLASTBufferQueue: [VRI[GrantPermissionsActivity,type=1]#0](f:0,a:1) producer disconnected before acquireNextBufferLocked
07-08 16:28:11.601 12749 14672 E MEMCWrapper: MEMC_POST_PROCESSING_ENABLE_PROPERTY false.
07-08 16:28:11.601 12749 14672 D BLASTBufferQueue: [VRI[GrantPermissionsActivity,type=1]#0](f:0,a:1) acquireNextBufferLocked size=1389x1273 mFrameNumber=1 applyTransaction=true mTimestamp=118804661365850(auto) mPendingTransactions.size=0 graphicBufferId=54756538056709 transform=0
07-08 16:28:11.614 14699 14699 I GH.CAR  : onCreate
07-08 16:28:11.606 14526 14526 W binder:14526_3: type=1400 audit(0.0:3794951): avc:  denied  { ioctl } for  path="/proc/fas/render" dev="proc" ino=4026533325 ioctlcmd=0x6609 scontext=u:r:untrusted_app:s0:c174,c258,c512,c768 tcontext=u:object_r:proc_fas:s0 tclass=file permissive=0 app=com.emergent.salahalarm.lxw9zs
07-08 16:28:11.619 14699 14699 I GH.CAR  : GearheadCarStartupService.onBind
07-08 16:28:11.633 14699 14788 I GH.CAR  : gearheadCarServiceBinder in mainHandler: true
