07-08 16:28:16.915 14526 14583 I ReactNativeJS: 'FOREGROUND EVENT RAW:', '{"type":7,"detail":{"notification":{"title":"Maghrib time","data":{"customUri":"","label":"Maghrib","type":"alarm","pre":"0","sound":"beep","prayer":"maghrib"},"id":"alarm-maghrib-0-1784060880000","body":"It\'s time for Maghrib prayer.","android":{"importance":4,"groupSummary":false,"pressAction":{"launchActivity":"default","id":"default"},"fullScreenAction":{"launchActivity":"default","id":"default"},"lightUpScreen":false,"loopSound":false,"channelId":"prayer-alarm-beep","colorized":false,"vibrationPattern":[300,500,300,500],"visibility":1,"groupAlertBehavior":0,"circularLargeIcon":false,"asForegroundService":false,"ongoing":false,"smallIcon":"ic_launcher","showTimestamp":false,"badgeIconType":2,"onlyAlertOnce":false,"showChronometer":false,"autoCancel":false,"localOnly":false,"defaults":[-1],"chronometerDirection":"up","category":"alarm"}}}}'
07-08 16:28:16.915 14031 14031 E RRR     : onNewAzimuth: -608.82776
07-08 16:28:16.915 14031 14031 E RRR     : onNewAzimuth: -608.85657
07-08 16:28:16.915 14031 14031 E RRR     : onNewAzimuth: -608.87476
07-08 16:28:16.915 14031 14031 E RRR     : onNewAzimuth: -608.87976
07-08 16:28:16.915 14031 14031 E RRR     : onNewAzimuth: -608.8789
07-08 16:28:16.915 14031 14031 E RRR     : onNewAzimuth: -608.85614
07-08 16:28:16.915 14031 14031 E RRR     : onNewAzimuth: -608.86804
07-08 16:28:16.916 14031 14031 E RRR     : onNewAzimuth: -608.8377
07-08 16:28:16.916 14031 14031 E RRR     : onNewAzimuth: -608.8137
07-08 16:28:16.916 14031 14031 E RRR     : onNewAzimuth: -608.8183
07-08 16:28:16.916 14031 14031 E RRR     : onNewAzimuth: -608.811
07-08 16:28:16.916 14031 14031 E RRR     : onNewAzimuth: -608.82245
07-08 16:28:16.916 14031 14031 E RRR     : onNewAzimuth: -608.8269
07-08 16:28:16.916 14031 14031 E RRR     : onNewAzimuth: -608.84094
07-08 16:28:16.916 14031 14031 E RRR     : onNewAzimuth: -608.8439
07-08 16:28:16.916 14031 14031 E RRR     : onNewAzimuth: -608.8482
07-08 16:28:16.916 14031 14031 E RRR     : onNewAzimuth: -608.8377
07-08 16:28:16.916 14031 14031 E RRR     : onNewAzimuth: -608.8219
07-08 16:28:16.916 14031 14031 E RRR     : onNewAzimuth: -608.8136
07-08 16:28:16.916 14031 14031 E RRR     : onNewAzimuth: -608.81775
07-08 16:28:16.916 14031 14031 E RRR     : onNewAzimuth: -608.8273
07-08 16:28:16.916 14031 14031 E RRR     : onNewAzimuth: -608.83826
07-08 16:28:16.916 14031 14031 E RRR     : onNewAzimuth: -608.8773
07-08 16:28:16.916 14031 14031 E RRR     : onNewAzimuth: -608.93677
07-08 16:28:16.916 14031 14031 E RRR     : onNewAzimuth: -608.9404
07-08 16:28:16.923 14526 14583 I ReactNativeJS: 'FOREGROUND EVENT RAW:', '{"type":7,"detail":{"notification":{"title":"Isha time","data":{"customUri":"","label":"Isha","type":"alarm","pre":"0","sound":"beep","prayer":"isha"},"id":"alarm-isha-0-1784066400000","body":"It\'s time for Isha prayer.","android":{"importance":4,"groupSummary":false,"pressAction":{"launchActivity":"default","id":"default"},"fullScreenAction":{"launchActivity":"default","id":"default"},"lightUpScreen":false,"loopSound":false,"channelId":"prayer-alarm-beep","colorized":false,"vibrationPattern":[300,500,300,500],"visibility":1,"groupAlertBehavior":0,"circularLargeIcon":false,"asForegroundService":false,"ongoing":false,"smallIcon":"ic_launcher","showTimestamp":false,"badgeIconType":2,"onlyAlertOnce":false,"showChronometer":false,"autoCancel":false,"localOnly":false,"defaults":[-1],"chronometerDirection":"up","category":"alarm"}}}}'
07-08 16:28:16.924 14031 14031 E RRR     : onNewAzimuth: -608.98865
07-08 16:28:16.932 14031 14031 E RRR     : onNewAzimuth: -608.99774
07-08 16:28:16.933 14526 14583 I ReactNativeJS: 'FOREGROUND EVENT RAW:', '{"type":7,"detail":{"notification":{"title":"Fajr time","data":{"customUri":"","label":"Fajr","type":"alarm","pre":"0","sound":"beep","prayer":"fajr"},"id":"alarm-fajr-0-1784085300000","body":"It\'s time for Fajr prayer.","android":{"importance":4,"groupSummary":false,"pressAction":{"launchActivity":"default","id":"default"},"fullScreenAction":{"launchActivity":"default","id":"default"},"lightUpScreen":false,"loopSound":false,"channelId":"prayer-alarm-beep","colorized":false,"vibrationPattern":[300,500,300,500],"visibility":1,"groupAlertBehavior":0,"circularLargeIcon":false,"asForegroundService":false,"ongoing":false,"smallIcon":"ic_launcher","showTimestamp":false,"badgeIconType":2,"onlyAlertOnce":false,"showChronometer":false,"autoCancel":false,"localOnly":false,"defaults":[-1],"chronometerDirection":"up","category":"alarm"}}}}'
07-08 16:28:16.934 14031 14031 E RRR     : onNewAzimuth: -609.0084
07-08 16:28:16.940 14526 14583 I ReactNativeJS: 'FOREGROUND EVENT RAW:', '{"type":7,"detail":{"notification":{"title":"Zuhr time","data":{"customUri":"","label":"Zuhr","type":"alarm","pre":"0","sound":"beep","prayer":"zuhr"},"id":"alarm-zuhr-0-1784120400000","body":"It\'s time for Zuhr prayer.","android":{"importance":4,"groupSummary":false,"pressAction":{"launchActivity":"default","id":"default"},"fullScreenAction":{"launchActivity":"default","id":"default"},"lightUpScreen":false,"loopSound":false,"channelId":"prayer-alarm-beep","colorized":false,"vibrationPattern":[300,500,300,500],"visibility":1,"groupAlertBehavior":0,"circularLargeIcon":false,"asForegroundService":false,"ongoing":false,"smallIcon":"ic_launcher","showTimestamp":false,"badgeIconType":2,"onlyAlertOnce":false,"showChronometer":false,"autoCancel":false,"localOnly":false,"defaults":[-1],"chronometerDirection":"up","category":"alarm"}}}}'
07-08 16:28:16.945 14031 14031 E RRR     : onNewAzimuth: -608.98364
07-08 16:28:16.962 14031 14031 E RRR     : onNewAzimuth: -608.9464
07-08 16:28:16.963 14031 14031 E RRR     : onNewAzimuth: -608.9568
07-08 16:28:16.963 14031 14031 E RRR     : onNewAzimuth: -608.9464
07-08 16:28:16.963 14031 14031 E RRR     : onNewAzimuth: -608.9568
07-08 16:28:16.973 14031 14031 E RRR     : onNewAzimuth: -608.9328
07-08 16:28:16.973 14031 14031 E RRR     : onNewAzimuth: -608.93384
07-08 16:28:16.973 14031 14031 E RRR     : onNewAzimuth: -608.9328
07-08 16:28:16.973 14031 14031 E RRR     : onNewAzimuth: -608.93384
07-08 16:28:16.974 14031 14031 E RRR     : onNewAzimuth: -608.93677
07-08 16:28:16.984 14031 14031 E RRR     : onNewAzimuth: -608.9634
07-08 16:28:16.993 14031 14031 E RRR     : onNewAzimuth: -609.0083
07-08 16:28:16.996 14031 14031 E RRR     : onNewAzimuth: -609.0183
07-08 16:28:17.100 14031 14031 E RRR     : onNewAzimuth: -609.067
07-08 16:28:17.100 14031 14031 E RRR     : onNewAzimuth: -609.1078
07-08 16:28:17.100 14031 14031 E RRR     : onNewAzimuth: -609.0339
07-08 16:28:17.100 14031 14031 E RRR     : onNewAzimuth: -609.06433
07-08 16:28:17.100 14031 14031 E RRR     : onNewAzimuth: -609.08875
07-08 16:28:17.100 14031 14031 E RRR     : onNewAzimuth: -609.1107
07-08 16:28:17.100 14031 14031 E RRR     : onNewAzimuth: -609.1227
07-08 16:28:17.100 14031 14031 E RRR     : onNewAzimuth: -609.1438
07-08 16:28:17.100 14031 14031 E RRR     : onNewAzimuth: -609.1555
07-08 16:28:17.100 14031 14031 E RRR     : onNewAzimuth: -609.1763
07-08 16:28:17.101 14031 14031 E RRR     : onNewAzimuth: -609.067
07-08 16:28:17.101 14031 14031 E RRR     : onNewAzimuth: -609.1078
07-08 16:28:17.101 14031 14031 E RRR     : onNewAzimuth: -609.0339
07-08 16:28:17.101 14031 14031 E RRR     : onNewAzimuth: -609.06433
07-08 16:28:17.101 14031 14031 E RRR     : onNewAzimuth: -609.08875
07-08 16:28:17.101 14031 14031 E RRR     : onNewAzimuth: -609.1107
07-08 16:28:17.101 14031 14031 E RRR     : onNewAzimuth: -609.1227
07-08 16:28:17.101 14031 14031 E RRR     : onNewAzimuth: -609.1438
07-08 16:28:17.101 14031 14031 E RRR     : onNewAzimuth: -609.1555
07-08 16:28:17.101 14031 14031 E RRR     : onNewAzimuth: -609.1763
07-08 16:28:17.133 14031 14031 E RRR     : onNewAzimuth: -609.1908
07-08 16:28:17.133 14031 14031 E RRR     : onNewAzimuth: -609.2003
07-08 16:28:17.133 14031 14031 E RRR     : onNewAzimuth: -609.2124
07-08 16:28:17.133 14031 14031 E RRR     : onNewAzimuth: -609.23193
07-08 16:28:17.133 14031 14031 E RRR     : onNewAzimuth: -609.23553
07-08 16:28:17.133 14031 14031 E RRR     : onNewAzimuth: -609.27734
07-08 16:28:17.133 14031 14031 E RRR     : onNewAzimuth: -609.33704
07-08 16:28:17.133 14031 14031 E RRR     : onNewAzimuth: -609.34045
07-08 16:28:17.134 14031 14031 E RRR     : onNewAzimuth: -609.1908
07-08 16:28:17.134 14031 14031 E RRR     : onNewAzimuth: -609.2003
07-08 16:28:17.134 14031 14031 E RRR     : onNewAzimuth: -609.2124
07-08 16:28:17.134 14031 14031 E RRR     : onNewAzimuth: -609.23193
07-08 16:28:17.134 14031 14031 E RRR     : onNewAzimuth: -609.23553
07-08 16:28:17.134 14031 14031 E RRR     : onNewAzimuth: -609.27734
07-08 16:28:17.134 14031 14031 E RRR     : onNewAzimuth: -609.33704
07-08 16:28:17.134 14031 14031 E RRR     : onNewAzimuth: -609.34045
07-08 16:28:17.145 14031 14031 E RRR     : onNewAzimuth: -609.3937
07-08 16:28:17.146 14031 14031 E RRR     : onNewAzimuth: -609.4349
07-08 16:28:17.146 14031 14031 E RRR     : onNewAzimuth: -609.4308
07-08 16:28:17.146 14031 14031 E RRR     : onNewAzimuth: -609.3937
07-08 16:28:17.146 14031 14031 E RRR     : onNewAzimuth: -609.4349
07-08 16:28:17.146 14031 14031 E RRR     : onNewAzimuth: -609.4308
07-08 16:28:17.172 14031 14031 E RRR     : onNewAzimuth: -609.45593
07-08 16:28:17.172 14031 14031 E RRR     : onNewAzimuth: -609.46155
07-08 16:28:17.172 14031 14031 E RRR     : onNewAzimuth: -609.4649
07-08 16:28:17.172 14031 14031 E RRR     : onNewAzimuth: -609.4581
07-08 16:28:17.172 14031 14031 E RRR     : onNewAzimuth: -609.4525
07-08 16:28:17.172 14031 14031 E RRR     : onNewAzimuth: -609.45593
07-08 16:28:17.172 14031 14031 E RRR     : onNewAzimuth: -609.46155
07-08 16:28:17.172 14031 14031 E RRR     : onNewAzimuth: -609.4649
07-08 16:28:17.172 14031 14031 E RRR     : onNewAzimuth: -609.4581
07-08 16:28:17.172 14031 14031 E RRR     : onNewAzimuth: -609.4525
07-08 16:28:17.178 14031 14031 E RRR     : onNewAzimuth: -609.3649
07-08 16:28:17.191 14031 14031 E RRR     : onNewAzimuth: -609.36005
07-08 16:28:17.191 14031 14031 E RRR     : onNewAzimuth: -609.353
07-08 16:28:17.192 14031 14031 E RRR     : onNewAzimuth: -609.36005
07-08 16:28:17.192 14031 14031 E RRR     : onNewAzimuth: -609.353
07-08 16:28:17.195 14031 14031 E RRR     : onNewAzimuth: -609.2754
07-08 16:28:17.228 14031 14031 E RRR     : onNewAzimuth: -609.25757
07-08 16:28:17.228 14031 14031 E RRR     : onNewAzimuth: -609.2301
07-08 16:28:17.228 14031 14031 E RRR     : onNewAzimuth: -609.2384
07-08 16:28:17.228 14031 14031 E RRR     : onNewAzimuth: -609.2035
07-08 16:28:17.228 14031 14031 E RRR     : onNewAzimuth: -609.25757
07-08 16:28:17.228 14031 14031 E RRR     : onNewAzimuth: -609.2301
07-08 16:28:17.228 14031 14031 E RRR     : onNewAzimuth: -609.2384
07-08 16:28:17.228 14031 14031 E RRR     : onNewAzimuth: -609.2035
07-08 16:28:17.248 14031 14031 E RRR     : onNewAzimuth: -609.1611
07-08 16:28:17.249 14031 14031 E RRR     : onNewAzimuth: -609.0853
07-08 16:28:17.249 14031 14031 E RRR     : onNewAzimuth: -609.03595
07-08 16:28:17.249 14031 14031 E RRR     : onNewAzimuth: -608.97815
07-08 16:28:17.249 14031 14031 E RRR     : onNewAzimuth: -609.1611
07-08 16:28:17.249 14031 14031 E RRR     : onNewAzimuth: -609.0853
07-08 16:28:17.249 14031 14031 E RRR     : onNewAzimuth: -609.03595
07-08 16:28:17.249 14031 14031 E RRR     : onNewAzimuth: -608.97815
07-08 16:28:17.265 14031 14031 E RRR     : onNewAzimuth: -608.9184
07-08 16:28:17.265 14031 14031 E RRR     : onNewAzimuth: -608.92896
07-08 16:28:17.267 14031 14031 E RRR     : onNewAzimuth: -608.9184
07-08 16:28:17.267 14031 14031 E RRR     : onNewAzimuth: -608.92896
07-08 16:28:17.284 14031 14031 E RRR     : onNewAzimuth: -608.8785
07-08 16:28:17.284 14031 14031 E RRR     : onNewAzimuth: -608.8888
07-08 16:28:17.284 14031 14031 E RRR     : onNewAzimuth: -608.8785
07-08 16:28:17.284 14031 14031 E RRR     : onNewAzimuth: -608.8888
07-08 16:28:17.295 14031 14031 E RRR     : onNewAzimuth: -608.8575
07-08 16:28:17.295 14031 14031 E RRR     : onNewAzimuth: -608.84467
07-08 16:28:17.296 14031 14031 E RRR     : onNewAzimuth: -608.8575
07-08 16:28:17.296 14031 14031 E RRR     : onNewAzimuth: -608.84467
07-08 16:28:17.314 14031 14031 E RRR     : onNewAzimuth: -608.8471
07-08 16:28:17.314 14031 14031 E RRR     : onNewAzimuth: -608.8393
07-08 16:28:17.314 14031 14031 E RRR     : onNewAzimuth: -608.81384
07-08 16:28:17.314 14031 14031 E RRR     : onNewAzimuth: -608.8471
07-08 16:28:17.314 14031 14031 E RRR     : onNewAzimuth: -608.8393
07-08 16:28:17.314 14031 14031 E RRR     : onNewAzimuth: -608.81384
07-08 16:28:17.337  8138  8138 D CellBroadcastReceiver: onReceive Intent { act=android.intent.action.SERVICE_STATE flg=0x1000010 xflg=0x4 cmp=com.google.android.cellbroadcastreceiver/com.android.cellbroadcastreceiver.CellBroadcastReceiver (has extras) }
07-08 16:28:17.340 14031 14031 E RRR     : onNewAzimuth: -608.7678
07-08 16:28:17.341 14031 14031 E RRR     : onNewAzimuth: -608.77783
07-08 16:28:17.341 14031 14031 E RRR     : onNewAzimuth: -608.7235
07-08 16:28:17.341 14031 14031 E RRR     : onNewAzimuth: -608.8115
07-08 16:28:17.341 14031 14031 E RRR     : onNewAzimuth: -608.7678
07-08 16:28:17.342 14031 14031 E RRR     : onNewAzimuth: -608.77783
07-08 16:28:17.342 14031 14031 E RRR     : onNewAzimuth: -608.7235
07-08 16:28:17.342 14031 14031 E RRR     : onNewAzimuth: -608.8115
07-08 16:28:17.345  8138  8138 D CellBroadcastReceiver: onServiceStateChanged, ss: 0
07-08 16:28:17.345  8138  8138 D CellBroadcastReceiver: networkOperator: 23420
07-08 16:28:17.345  8138  8138 D CellBroadcastReceiver: mockmodem is running? = false
07-08 16:28:17.348  8138  8138 D CellBroadcastReceiver: update supported roaming operator as 
07-08 16:28:17.355 14031 14031 E RRR     : onNewAzimuth: -608.7621
07-08 16:28:17.355 14031 14031 E RRR     : onNewAzimuth: -608.7303
07-08 16:28:17.355 14031 14031 E RRR     : onNewAzimuth: -608.81573
07-08 16:28:17.357 14031 14031 E RRR     : onNewAzimuth: -608.7621
07-08 16:28:17.357 14031 14031 E RRR     : onNewAzimuth: -608.7303
07-08 16:28:17.357 14031 14031 E RRR     : onNewAzimuth: -608.81573
07-08 16:28:17.376 14031 14031 E RRR     : onNewAzimuth: -608.8037
07-08 16:28:17.376 14031 14031 E RRR     : onNewAzimuth: -608.8002
07-08 16:28:17.376 14031 14031 E RRR     : onNewAzimuth: -608.7971
07-08 16:28:17.376 14031 14031 E RRR     : onNewAzimuth: -608.8037
07-08 16:28:17.376 14031 14031 E RRR     : onNewAzimuth: -608.8002
07-08 16:28:17.377 14031 14031 E RRR     : onNewAzimuth: -608.7971
07-08 16:28:17.381 14031 14031 E RRR     : onNewAzimuth: -608.79456
07-08 16:28:17.394 14031 14031 E RRR     : onNewAzimuth: -608.7831
07-08 16:28:17.394 14031 14031 E RRR     : onNewAzimuth: -608.8661
07-08 16:28:17.394 14031 14031 E RRR     : onNewAzimuth: -608.7831
07-08 16:28:17.394 14031 14031 E RRR     : onNewAzimuth: -608.8661
07-08 16:28:17.411 14031 14031 E RRR     : onNewAzimuth: -608.83936
07-08 16:28:17.411 14031 14031 E RRR     : onNewAzimuth: -608.8069
07-08 16:28:17.411 14031 14031 E RRR     : onNewAzimuth: -608.83936
07-08 16:28:17.411 14031 14031 E RRR     : onNewAzimuth: -608.8069
07-08 16:28:17.413 14031 14031 E RRR     : onNewAzimuth: -608.80896
07-08 16:28:17.450 14031 14031 E RRR     : onNewAzimuth: -608.7888
07-08 16:28:17.450 14031 14031 E RRR     : onNewAzimuth: -608.7949
07-08 16:28:17.450 14031 14031 E RRR     : onNewAzimuth: -608.7969
07-08 16:28:17.450 14031 14031 E RRR     : onNewAzimuth: -608.7888
07-08 16:28:17.450 14031 14031 E RRR     : onNewAzimuth: -608.7949
07-08 16:28:17.451 14031 14031 E RRR     : onNewAzimuth: -608.7969
07-08 16:28:17.458 14031 14031 E RRR     : onNewAzimuth: -608.8377
07-08 16:28:17.458 14031 14031 E RRR     : onNewAzimuth: -608.8981
07-08 16:28:17.458 14031 14031 E RRR     : onNewAzimuth: -608.8999
07-08 16:28:17.458 14031 14031 E RRR     : onNewAzimuth: -608.8377
07-08 16:28:17.458 14031 14031 E RRR     : onNewAzimuth: -608.8981
07-08 16:28:17.458 14031 14031 E RRR     : onNewAzimuth: -608.8999
07-08 16:28:17.463  8138  8138 D CellBroadcastReceiver: onReceive Intent { act=android.intent.action.SERVICE_STATE flg=0x1000010 xflg=0x4 cmp=com.google.android.cellbroadcastreceiver/com.android.cellbroadcastreceiver.CellBroadcastReceiver (has extras) }
07-08 16:28:17.464  8138  8138 D CellBroadcastReceiver: onServiceStateChanged, ss: 0
07-08 16:28:17.464  8138  8138 D CellBroadcastReceiver: networkOperator: 23420
07-08 16:28:17.464  8138  8138 D CellBroadcastReceiver: mockmodem is running? = false
07-08 16:28:17.464  8138  8138 D CellBroadcastReceiver: update supported roaming operator as 
07-08 16:28:17.478 14031 14031 E RRR     : onNewAzimuth: -608.9713
07-08 16:28:17.478 14031 14031 E RRR     : onNewAzimuth: -609.00684
07-08 16:28:17.478 14031 14031 E RRR     : onNewAzimuth: -608.9713
07-08 16:28:17.478 14031 14031 E RRR     : onNewAzimuth: -609.00684
07-08 16:28:17.499 14031 14031 E RRR     : onNewAzimuth: -608.93005
07-08 16:28:17.499 14031 14031 E RRR     : onNewAzimuth: -608.9319
07-08 16:28:17.499 14031 14031 E RRR     : onNewAzimuth: -608.80005
07-08 16:28:17.499 14031 14031 E RRR     : onNewAzimuth: -608.93005
07-08 16:28:17.499 14031 14031 E RRR     : onNewAzimuth: -608.9319
07-08 16:28:17.499 14031 14031 E RRR     : onNewAzimuth: -608.80005
07-08 16:28:17.509 14031 14031 E RRR     : onNewAzimuth: -608.80176
07-08 16:28:17.509 14031 14031 E RRR     : onNewAzimuth: -608.7134
07-08 16:28:17.509 14031 14031 E RRR     : onNewAzimuth: -608.67303
07-08 16:28:17.509 14031 14031 E RRR     : onNewAzimuth: -608.80176
07-08 16:28:17.510 14031 14031 E RRR     : onNewAzimuth: -608.7134
07-08 16:28:17.510 14031 14031 E RRR     : onNewAzimuth: -608.67303
07-08 16:28:17.522 14031 14031 E RRR     : onNewAzimuth: -608.6748
07-08 16:28:17.532 14031 14031 E RRR     : onNewAzimuth: -608.6676
07-08 16:28:17.532 14031 14031 E RRR     : onNewAzimuth: -608.67725
07-08 16:28:17.532 14031 14031 E RRR     : onNewAzimuth: -608.6676
07-08 16:28:17.532 14031 14031 E RRR     : onNewAzimuth: -608.67725
07-08 16:28:17.545 14031 14031 E RRR     : onNewAzimuth: -608.6856
07-08 16:28:17.545 14031 14031 E RRR     : onNewAzimuth: -608.6874
07-08 16:28:17.545 14031 14031 E RRR     : onNewAzimuth: -608.6856
07-08 16:28:17.545 14031 14031 E RRR     : onNewAzimuth: -608.6874
07-08 16:28:17.548 14031 14031 E RRR     : onNewAzimuth: -608.6865
07-08 16:28:17.557 14031 14031 E RRR     : onNewAzimuth: -608.6808
07-08 16:28:17.560 14526 14526 W HWUI    : Image decoding logging dropped!
07-08 16:28:17.561 14526 14526 W HWUI    : Image decoding logging dropped!
07-08 16:28:17.562 14526 14526 W HWUI    : Image decoding logging dropped!
07-08 16:28:17.578 14031 14031 E RRR     : onNewAzimuth: -608.6709
07-08 16:28:17.578 14031 14031 E RRR     : onNewAzimuth: -608.66077
07-08 16:28:17.578 14031 14031 E RRR     : onNewAzimuth: -608.6626
07-08 16:28:17.578 14031 14031 E RRR     : onNewAzimuth: -608.6709
07-08 16:28:17.578 14031 14031 E RRR     : onNewAzimuth: -608.66077
07-08 16:28:17.578 14031 14031 E RRR     : onNewAzimuth: -608.6626
07-08 16:28:17.603 14031 14031 E RRR     : onNewAzimuth: -608.6524
07-08 16:28:17.603 14031 14031 E RRR     : onNewAzimuth: -608.6422
07-08 16:28:17.603 14031 14031 E RRR     : onNewAzimuth: -608.7356
07-08 16:28:17.603 14031 14031 E RRR     : onNewAzimuth: -608.6524
07-08 16:28:17.603 14031 14031 E RRR     : onNewAzimuth: -608.6422
07-08 16:28:17.603 14031 14031 E RRR     : onNewAzimuth: -608.7356
07-08 16:28:17.639  8138  8138 D CellBroadcastReceiver: onReceive Intent { act=android.intent.action.SERVICE_STATE flg=0x1000010 xflg=0x4 cmp=com.google.android.cellbroadcastreceiver/com.android.cellbroadcastreceiver.CellBroadcastReceiver (has extras) }
07-08 16:28:17.640  8138  8138 D CellBroadcastReceiver: onServiceStateChanged, ss: 0
07-08 16:28:17.640  8138  8138 D CellBroadcastReceiver: networkOperator: 23420
07-08 16:28:17.640  8138  8138 D CellBroadcastReceiver: mockmodem is running? = false
07-08 16:28:17.640  8138  8138 D CellBroadcastReceiver: update supported roaming operator as 
07-08 16:28:17.641 14031 14031 E RRR     : onNewAzimuth: -608.7234
07-08 16:28:17.641 14031 14031 E RRR     : onNewAzimuth: -608.7145
07-08 16:28:17.641 14031 14031 E RRR     : onNewAzimuth: -608.719
07-08 16:28:17.641 14031 14031 E RRR     : onNewAzimuth: -608.71436
07-08 16:28:17.641 14031 14031 E RRR     : onNewAzimuth: -608.7103
07-08 16:28:17.641 14031 14031 E RRR     : onNewAzimuth: -608.7092
07-08 16:28:17.641 14031 14031 E RRR     : onNewAzimuth: -608.7234
07-08 16:28:17.641 14031 14031 E RRR     : onNewAzimuth: -608.7145
07-08 16:28:17.641 14031 14031 E RRR     : onNewAzimuth: -608.719
07-08 16:28:17.641 14031 14031 E RRR     : onNewAzimuth: -608.71436
07-08 16:28:17.641 14031 14031 E RRR     : onNewAzimuth: -608.7103
07-08 16:28:17.641 14031 14031 E RRR     : onNewAzimuth: -608.7092
07-08 16:28:17.648 14031 14031 E RRR     : onNewAzimuth: -608.7102
07-08 16:28:17.648 14031 14031 E RRR     : onNewAzimuth: -608.72064
07-08 16:28:17.649 14031 14031 E RRR     : onNewAzimuth: -608.7102
07-08 16:28:17.649 14031 14031 E RRR     : onNewAzimuth: -608.72064
07-08 16:28:17.655 14031 14031 E RRR     : onNewAzimuth: -608.7195
07-08 16:28:17.668 14031 14031 E RRR     : onNewAzimuth: -608.73816
07-08 16:28:17.668 14031 14031 E RRR     : onNewAzimuth: -608.75256
07-08 16:28:17.668 14031 14031 E RRR     : onNewAzimuth: -608.73816
07-08 16:28:17.668 14031 14031 E RRR     : onNewAzimuth: -608.75256
07-08 16:28:17.674 14031 14031 E RRR     : onNewAzimuth: -608.75146
07-08 16:28:17.688 14031 14031 E RRR     : onNewAzimuth: -608.7431
07-08 16:28:17.688 14031 14031 E RRR     : onNewAzimuth: -608.7189
07-08 16:28:17.689 14031 14031 E RRR     : onNewAzimuth: -608.7431
07-08 16:28:17.689 14031 14031 E RRR     : onNewAzimuth: -608.7189
07-08 16:28:17.699 14031 14031 E RRR     : onNewAzimuth: -608.69867
07-08 16:28:17.704 14031 14031 E RRR     : onNewAzimuth: -608.7117
07-08 16:28:17.710 14031 14031 E RRR     : onNewAzimuth: -608.7024
07-08 16:28:17.710 14031 14031 E RRR     : onNewAzimuth: -608.7117
07-08 16:28:17.710 14031 14031 E RRR     : onNewAzimuth: -608.7024
07-08 16:28:17.714 14031 14031 E RRR     : onNewAzimuth: -608.78516
07-08 16:28:17.718 14031 14031 E RRR     : onNewAzimuth: -608.77435
07-08 16:28:17.726  7529  1999 I eokz    : (REDACTED) HDM. appOpsListener %s %s
07-08 16:28:17.727  7529  1999 I eokz    : (REDACTED) HDM. Ignoring irrelevant audio permission changes for package %s
07-08 16:28:17.727  7529  1999 I eokz    : (REDACTED) HDM. appOpsListener %s %s
07-08 16:28:17.727  7529  1999 I eokz    : (REDACTED) HDM. Ignoring irrelevant audio permission changes for package %s
07-08 16:28:17.730 14031 14031 E RRR     : onNewAzimuth: -608.76025
07-08 16:28:17.734 14031 14031 E RRR     : onNewAzimuth: -608.7563
07-08 16:28:17.738 14031 14031 E RRR     : onNewAzimuth: -608.7428
07-08 16:28:17.738 14526 14526 W binder:14526_3: type=1400 audit(0.0:3795587): avc:  denied  { ioctl } for  path="/proc/fas/render" dev="proc" ino=4026533325 ioctlcmd=0x6609 scontext=u:r:untrusted_app:s0:c174,c258,c512,c768 tcontext=u:object_r:proc_fas:s0 tclass=file permissive=0 app=com.emergent.salahalarm.lxw9zs
07-08 16:28:17.748 14031 14031 E RRR     : onNewAzimuth: -608.7357
07-08 16:28:17.750 14526 14526 W binder:14526_3: type=1400 audit(0.0:3795588): avc:  denied  { ioctl } for  path="/proc/fas/render" dev="proc" ino=4026533325 ioctlcmd=0x6609 scontext=u:r:untrusted_app:s0:c174,c258,c512,c768 tcontext=u:object_r:proc_fas:s0 tclass=file permissive=0 app=com.emergent.salahalarm.lxw9zs
07-08 16:28:17.755 14031 14031 E RRR     : onNewAzimuth: -608.7319
07-08 16:28:17.759 14031 14031 E RRR     : onNewAzimuth: -608.7374
07-08 16:28:17.762 14526 14526 W binder:14526_1: type=1400 audit(0.0:3795589): avc:  denied  { ioctl } for  path="/proc/fas/render" dev="proc" ino=4026533325 ioctlcmd=0x6609 scontext=u:r:untrusted_app:s0:c174,c258,c512,c768 tcontext=u:object_r:proc_fas:s0 tclass=file permissive=0 app=com.emergent.salahalarm.lxw9zs
07-08 16:28:17.768 14031 14031 E RRR     : onNewAzimuth: -608.75507
07-08 16:28:17.776 14031 14031 E RRR     : onNewAzimuth: -608.8356
07-08 16:28:17.774 14526 14526 W binder:14526_1: type=1400 audit(0.0:3795590): avc:  denied  { ioctl } for  path="/proc/fas/render" dev="proc" ino=4026533325 ioctlcmd=0x6609 scontext=u:r:untrusted_app:s0:c174,c258,c512,c768 tcontext=u:object_r:proc_fas:s0 tclass=file permissive=0 app=com.emergent.salahalarm.lxw9zs
07-08 16:28:17.778 14031 14031 E RRR     : onNewAzimuth: -608.8568
07-08 16:28:17.788 14031 14031 E RRR     : onNewAzimuth: -608.8699
07-08 16:28:17.797 14031 14031 E RRR     : onNewAzimuth: -608.9479
07-08 16:28:17.798 14031 14031 E RRR     : onNewAzimuth: -608.9522
07-08 16:28:17.814 14031 14031 E RRR     : onNewAzimuth: -608.95557
07-08 16:28:17.819 14031 14031 E RRR     : onNewAzimuth: -608.9524
07-08 16:28:17.819 14031 14031 E RRR     : onNewAzimuth: -608.9562
07-08 16:28:17.819 14031 14031 E RRR     : onNewAzimuth: -608.9524
07-08 16:28:17.819 14031 14031 E RRR     : onNewAzimuth: -608.9562
07-08 16:28:17.832 14031 14031 E RRR     : onNewAzimuth: -608.95874
07-08 16:28:17.834 14031 14031 E RRR     : onNewAzimuth: -608.95575
07-08 16:28:17.842 14031 14031 E RRR     : onNewAzimuth: -608.963
07-08 16:28:17.848 14031 14031 E RRR     : onNewAzimuth: -608.9756
07-08 16:28:17.855 14031 14031 E RRR     : onNewAzimuth: -608.9673
07-08 16:28:17.859 14031 14031 E RRR     : onNewAzimuth: -608.9747
07-08 16:28:17.869 14031 14031 E RRR     : onNewAzimuth: -608.96027
07-08 16:28:17.877 14031 14031 E RRR     : onNewAzimuth: -608.95215
07-08 16:28:17.879 14031 14031 E RRR     : onNewAzimuth: -608.9254
07-08 16:28:17.888 14031 14031 E RRR     : onNewAzimuth: -608.9046
07-08 16:28:17.907 14031 14031 E RRR     : onNewAzimuth: -608.9022
07-08 16:28:17.908 14031 14031 E RRR     : onNewAzimuth: -608.8985
07-08 16:28:17.908 14031 14031 E RRR     : onNewAzimuth: -608.90546
07-08 16:28:17.908 14031 14031 E RRR     : onNewAzimuth: -608.9022
07-08 16:28:17.908 14031 14031 E RRR     : onNewAzimuth: -608.8985
07-08 16:28:17.908 14031 14031 E RRR     : onNewAzimuth: -608.90546
07-08 16:28:17.919 14031 14031 E RRR     : onNewAzimuth: -608.905
07-08 16:28:17.919 14031 14031 E RRR     : onNewAzimuth: -608.98816
07-08 16:28:17.919 14031 14031 E RRR     : onNewAzimuth: -608.905
07-08 16:28:17.919 14031 14031 E RRR     : onNewAzimuth: -608.98816
07-08 16:28:17.932 14031 14031 E RRR     : onNewAzimuth: -608.97986
07-08 16:28:17.934 14031 14031 E RRR     : onNewAzimuth: -608.975
07-08 16:28:17.943 14031 14031 E RRR     : onNewAzimuth: -608.968
07-08 16:28:17.947 14031 14031 E RRR     : onNewAzimuth: -608.9586
07-08 16:28:17.954 14031 14031 E RRR     : onNewAzimuth: -608.95386
07-08 16:28:17.963 14031 14031 E RRR     : onNewAzimuth: -608.9443
07-08 16:28:17.967 14031 14031 E RRR     : onNewAzimuth: -608.9381
07-08 16:28:17.979 14031 14031 E RRR     : onNewAzimuth: -608.9271
07-08 16:28:17.979 14031 14031 E RRR     : onNewAzimuth: -608.91724
07-08 16:28:17.979 14031 14031 E RRR     : onNewAzimuth: -608.9271
07-08 16:28:17.979 14031 14031 E RRR     : onNewAzimuth: -608.91724
07-08 16:28:17.988 14031 14031 E RRR     : onNewAzimuth: -608.90247
07-08 16:28:17.994 14031 14031 E RRR     : onNewAzimuth: -608.8928
07-08 16:28:18.003 14031 14031 E RRR     : onNewAzimuth: -608.8876
07-08 16:28:18.010 14031 14031 E RRR     : onNewAzimuth: -608.8971
07-08 16:28:18.014 14031 14031 E RRR     : onNewAzimuth: -608.8877
07-08 16:28:18.020 14031 14031 E RRR     : onNewAzimuth: -608.8984
07-08 16:28:18.031 14031 14031 E RRR     : onNewAzimuth: -608.90295
07-08 16:28:18.034 14031 14031 E RRR     : onNewAzimuth: -608.8993
07-08 16:28:18.041  6310  9344 I NearbySharing: Network state changed: NetworkState(isRestricted=false, isOnline=true, isCongested=false, isMetered=false, isWifiConnected=true)
07-08 16:28:18.044 14031 14031 E RRR     : onNewAzimuth: -608.90533
07-08 16:28:18.048  6310  9344 I NearbySharing: Network state changed: NetworkState(isRestricted=false, isOnline=true, isCongested=false, isMetered=false, isWifiConnected=true)
07-08 16:28:18.053 14031 14031 E RRR     : onNewAzimuth: -608.92175
07-08 16:28:18.054 14031 14031 E RRR     : onNewAzimuth: -608.9268
07-08 16:28:18.054 14031 14031 E RRR     : onNewAzimuth: -608.92175
07-08 16:28:18.054 14031 14031 E RRR     : onNewAzimuth: -608.9268
07-08 16:28:18.065 14031 14031 E RRR     : onNewAzimuth: -608.947
07-08 16:28:18.068 14031 14031 E RRR     : onNewAzimuth: -608.97095
07-08 16:28:18.075 14031 14031 E RRR     : onNewAzimuth: -608.9672
07-08 16:28:18.085 14031 14031 E RRR     : onNewAzimuth: -608.9963
07-08 16:28:18.090 14031 14031 E RRR     : onNewAzimuth: -609.026
07-08 16:28:18.102 14031 14031 E RRR     : onNewAzimuth: -609.01697
07-08 16:28:18.108 14031 14031 E RRR     : onNewAzimuth: -609.03973
07-08 16:28:18.108 14031 14031 E RRR     : onNewAzimuth: -609.05286
07-08 16:28:18.108 14031 14031 E RRR     : onNewAzimuth: -609.03973
07-08 16:28:18.108 14031 14031 E RRR     : onNewAzimuth: -609.05286
07-08 16:28:18.114 14031 14031 E RRR     : onNewAzimuth: -609.04944
07-08 16:28:18.125 14031 14031 E RRR     : onNewAzimuth: -609.0487
07-08 16:28:18.131 14031 14031 E RRR     : onNewAzimuth: -609.02985
07-08 16:28:18.146 14031 14031 E RRR     : onNewAzimuth: -609.00244
07-08 16:28:18.146 14031 14031 E RRR     : onNewAzimuth: -608.99915
07-08 16:28:18.146 14031 14031 E RRR     : onNewAzimuth: -609.00244
07-08 16:28:18.146 14031 14031 E RRR     : onNewAzimuth: -608.99915
07-08 16:28:18.153 14031 14031 E RRR     : onNewAzimuth: -608.9702
07-08 16:28:18.154 14031 14031 E RRR     : onNewAzimuth: -608.9671
07-08 16:28:18.166 14031 14031 E RRR     : onNewAzimuth: -608.94055
07-08 16:28:18.167 14031 14031 E RRR     : onNewAzimuth: -608.9225
07-08 16:28:18.174 14031 14031 E RRR     : onNewAzimuth: -608.91406
07-08 16:28:18.180 14031 14031 E RRR     : onNewAzimuth: -608.9081
07-08 16:28:18.186 14031 14031 E RRR     : onNewAzimuth: -608.9121
07-08 16:28:18.195 14031 14031 E RRR     : onNewAzimuth: -608.90216
07-08 16:28:18.207 14031 14031 E RRR     : onNewAzimuth: -608.91003
07-08 16:28:18.207 14031 14031 E RRR     : onNewAzimuth: -608.9158
07-08 16:28:18.207 14031 14031 E RRR     : onNewAzimuth: -608.91003
07-08 16:28:18.207 14031 14031 E RRR     : onNewAzimuth: -608.9158
07-08 16:28:18.214 14031 14031 E RRR     : onNewAzimuth: -608.9133
07-08 16:28:18.229 14031 14031 E RRR     : onNewAzimuth: -608.9164
07-08 16:28:18.230 14031 14031 E RRR     : onNewAzimuth: -608.9079
07-08 16:28:18.230 14031 14031 E RRR     : onNewAzimuth: -608.9164
07-08 16:28:18.230 14031 14031 E RRR     : onNewAzimuth: -608.9079
07-08 16:28:18.234 14031 14031 E RRR     : onNewAzimuth: -608.9055
07-08 16:28:18.246  7481  9392 I ActivityScheduler: nextTriggerTime: 135629332, in 55300ms, detectorType: 39, FULL_TYPE alarmWindowMillis: 7500
07-08 16:28:18.248 14031 14031 E RRR     : onNewAzimuth: -608.8741
07-08 16:28:18.248 14031 14031 E RRR     : onNewAzimuth: -608.8174
07-08 16:28:18.248 14031 14031 E RRR     : onNewAzimuth: -608.8741
07-08 16:28:18.248 14031 14031 E RRR     : onNewAzimuth: -608.8174
07-08 16:28:18.255 14031 14031 E RRR     : onNewAzimuth: -608.8097
07-08 16:28:18.267 14031 14031 E RRR     : onNewAzimuth: -608.7412
07-08 16:28:18.267 14031 14031 E RRR     : onNewAzimuth: -608.68823
07-08 16:28:18.268 14031 14031 E RRR     : onNewAzimuth: -608.7412
07-08 16:28:18.268 14031 14031 E RRR     : onNewAzimuth: -608.68823
07-08 16:28:18.275 14031 14031 E RRR     : onNewAzimuth: -608.68616
07-08 16:28:18.287 14031 14031 E RRR     : onNewAzimuth: -608.66125
07-08 16:28:18.287 14031 14031 E RRR     : onNewAzimuth: -608.6624
07-08 16:28:18.287 14031 14031 E RRR     : onNewAzimuth: -608.66125
07-08 16:28:18.288 14031 14031 E RRR     : onNewAzimuth: -608.6624
07-08 16:28:18.294 14031 14031 E RRR     : onNewAzimuth: -608.6604
07-08 16:28:18.307 14031 14031 E RRR     : onNewAzimuth: -608.67224
07-08 16:28:18.307 14031 14031 E RRR     : onNewAzimuth: -608.6786
07-08 16:28:18.308 14031 14031 E RRR     : onNewAzimuth: -608.67224
07-08 16:28:18.308 14031 14031 E RRR     : onNewAzimuth: -608.6786
07-08 16:28:18.314 14031 14031 E RRR     : onNewAzimuth: -608.67664
07-08 16:28:18.329 14031 14031 E RRR     : onNewAzimuth: -608.6719
07-08 16:28:18.329 14031 14031 E RRR     : onNewAzimuth: -608.66626
07-08 16:28:18.330 14031 14031 E RRR     : onNewAzimuth: -608.6719
07-08 16:28:18.330 14031 14031 E RRR     : onNewAzimuth: -608.66626
07-08 16:28:18.334 14031 14031 E RRR     : onNewAzimuth: -608.6643
07-08 16:28:18.350 14031 14031 E RRR     : onNewAzimuth: -608.66534
07-08 16:28:18.364 14031 14031 E RRR     : onNewAzimuth: -608.66455
07-08 16:28:18.364 14031 14031 E RRR     : onNewAzimuth: -608.6627
07-08 16:28:18.365 14031 14031 E RRR     : onNewAzimuth: -608.66455
07-08 16:28:18.365 14031 14031 E RRR     : onNewAzimuth: -608.6627
07-08 16:28:18.367 14031 14031 E RRR     : onNewAzimuth: -608.65906
07-08 16:28:18.376 14031 14031 E RRR     : onNewAzimuth: -608.6519
07-08 16:28:18.387 14031 14031 E RRR     : onNewAzimuth: -608.6502
07-08 16:28:18.387 14031 14031 E RRR     : onNewAzimuth: -608.6548
07-08 16:28:18.388 14031 14031 E RRR     : onNewAzimuth: -608.6502
07-08 16:28:18.388 14031 14031 E RRR     : onNewAzimuth: -608.6548
07-08 16:28:18.397 14031 14031 E RRR     : onNewAzimuth: -608.6532
07-08 16:28:18.407 14031 14031 E RRR     : onNewAzimuth: -608.66376
07-08 16:28:18.407 14031 14031 E RRR     : onNewAzimuth: -608.6825
07-08 16:28:18.407 14031 14031 E RRR     : onNewAzimuth: -608.66376
07-08 16:28:18.407 14031 14031 E RRR     : onNewAzimuth: -608.6825
07-08 16:28:18.419 14031 14031 E RRR     : onNewAzimuth: -608.7073
07-08 16:28:18.419 14031 14031 E RRR     : onNewAzimuth: -608.6167
07-08 16:28:18.419 14031 14031 E RRR     : onNewAzimuth: -608.7073
07-08 16:28:18.419 14031 14031 E RRR     : onNewAzimuth: -608.6167
07-08 16:28:18.431 14031 14031 E RRR     : onNewAzimuth: -608.6415
07-08 16:28:18.434 14031 14031 E RRR     : onNewAzimuth: -608.5591
07-08 16:28:18.450 14031 14031 E RRR     : onNewAzimuth: -608.5812
07-08 16:28:18.450 14031 14031 E RRR     : onNewAzimuth: -608.59534
07-08 16:28:18.450 14031 14031 E RRR     : onNewAzimuth: -608.5812
07-08 16:28:18.450 14031 14031 E RRR     : onNewAzimuth: -608.59534
07-08 16:28:18.454 14031 14031 E RRR     : onNewAzimuth: -608.59357
07-08 16:28:18.468 14031 14031 E RRR     : onNewAzimuth: -608.6015
07-08 16:28:18.468 14031 14031 E RRR     : onNewAzimuth: -608.61096
07-08 16:28:18.469 14031 14031 E RRR     : onNewAzimuth: -608.6015
07-08 16:28:18.469 14031 14031 E RRR     : onNewAzimuth: -608.61096
07-08 16:28:18.474 14031 14031 E RRR     : onNewAzimuth: -608.5312
07-08 16:28:18.487 14031 14031 E RRR     : onNewAzimuth: -608.56006
07-08 16:28:18.487 14031 14031 E RRR     : onNewAzimuth: -608.61145
07-08 16:28:18.487 14031 14031 E RRR     : onNewAzimuth: -608.56006
07-08 16:28:18.487 14031 14031 E RRR     : onNewAzimuth: -608.61145
07-08 16:28:18.494 14031 14031 E RRR     : onNewAzimuth: -608.5342
07-08 16:28:18.500 14031 14031 E RRR     : onNewAzimuth: -608.59985
07-08 16:28:18.508 14031 14031 E RRR     : onNewAzimuth: -608.6693
07-08 16:28:18.516 14031 14031 E RRR     : onNewAzimuth: -608.5944
07-08 16:28:18.530 14031 14031 E RRR     : onNewAzimuth: -608.6631
07-08 16:28:18.530 14031 14031 E RRR     : onNewAzimuth: -608.72815
07-08 16:28:18.530 14031 14031 E RRR     : onNewAzimuth: -608.6631
07-08 16:28:18.530 14031 14031 E RRR     : onNewAzimuth: -608.72815
07-08 16:28:18.534 14031 14031 E RRR     : onNewAzimuth: -608.65564
07-08 16:28:18.551 14031 14031 E RRR     : onNewAzimuth: -608.7186
07-08 16:28:18.551 14031 14031 E RRR     : onNewAzimuth: -608.7875
07-08 16:28:18.551 14031 14031 E RRR     : onNewAzimuth: -608.7186
07-08 16:28:18.551 14031 14031 E RRR     : onNewAzimuth: -608.7875
07-08 16:28:18.554 14031 14031 E RRR     : onNewAzimuth: -608.8004
07-08 16:28:18.567 14031 14031 E RRR     : onNewAzimuth: -608.8711
07-08 16:28:18.567 14031 14031 E RRR     : onNewAzimuth: -608.9281
07-08 16:28:18.567 14031 14031 E RRR     : onNewAzimuth: -608.8711
07-08 16:28:18.567 14031 14031 E RRR     : onNewAzimuth: -608.9281
07-08 16:28:18.588 14031 14031 E RRR     : onNewAzimuth: -608.9678
07-08 16:28:18.588 14031 14031 E RRR     : onNewAzimuth: -608.8973
07-08 16:28:18.588 14031 14031 E RRR     : onNewAzimuth: -608.92896
07-08 16:28:18.588 14031 14031 E RRR     : onNewAzimuth: -608.9678
07-08 16:28:18.588 14031 14031 E RRR     : onNewAzimuth: -608.8973
07-08 16:28:18.588 14031 14031 E RRR     : onNewAzimuth: -608.92896
07-08 16:28:18.596 14031 14031 E RRR     : onNewAzimuth: -608.86914
07-08 16:28:18.607 14031 14031 E RRR     : onNewAzimuth: -608.90625
07-08 16:28:18.607 14031 14031 E RRR     : onNewAzimuth: -608.95483
07-08 16:28:18.607 14031 14031 E RRR     : onNewAzimuth: -608.90625
07-08 16:28:18.607 14031 14031 E RRR     : onNewAzimuth: -608.95483
07-08 16:28:18.621 14031 14031 E RRR     : onNewAzimuth: -608.8882
07-08 16:28:18.622 14526 14641 D BufferPoolAccessor2.0: bufferpool2 0xb4000078b031c698 : 5(40960 size) total buffers - 0(0 size) used buffers - 14/19 (recycle/alloc) - 9/36 (fetch/transfer)
07-08 16:28:18.622 14526 14641 D BufferPoolAccessor2.0: evictor expired: 1, evicted: 1
07-08 16:28:18.630 14031 14031 E RRR     : onNewAzimuth: -608.9474
07-08 16:28:18.630 14031 14031 E RRR     : onNewAzimuth: -609.0193
07-08 16:28:18.630 14031 14031 E RRR     : onNewAzimuth: -608.9474
07-08 16:28:18.630 14031 14031 E RRR     : onNewAzimuth: -609.0193
07-08 16:28:18.633 14031 14031 E RRR     : onNewAzimuth: -608.9635
07-08 16:28:18.651 14031 14031 E RRR     : onNewAzimuth: -609.05286
07-08 16:28:18.652 14031 14031 E RRR     : onNewAzimuth: -609.05286
07-08 16:28:18.652 14031 14031 E RRR     : onNewAzimuth: -609.1605
07-08 16:28:18.653 14031 14031 E RRR     : onNewAzimuth: -609.0979
07-08 16:28:18.664 14031 14031 E RRR     : onNewAzimuth: -609.2049
07-08 16:28:18.667 14031 14031 E RRR     : onNewAzimuth: -609.29175
07-08 16:28:18.673 14031 14031 E RRR     : onNewAzimuth: -609.2401
07-08 16:28:18.690 14699 14788 V ClearcutMetricXmitter: Transmission is done.
07-08 16:28:18.693 14699 14731 V ClearcutMetricXmitter: Transmission is done.
07-08 16:28:18.695 14031 14031 E RRR     : onNewAzimuth: -609.30383
07-08 16:28:18.696 14031 14031 E RRR     : onNewAzimuth: -609.3546
07-08 16:28:18.696 14031 14031 E RRR     : onNewAzimuth: -609.21436
07-08 16:28:18.696 14031 14031 E RRR     : onNewAzimuth: -609.30383
07-08 16:28:18.696 14031 14031 E RRR     : onNewAzimuth: -609.3546
07-08 16:28:18.696 14031 14031 E RRR     : onNewAzimuth: -609.21436
07-08 16:28:18.707 14031 14031 E RRR     : onNewAzimuth: -609.2552
07-08 16:28:18.707 14031 14031 E RRR     : onNewAzimuth: -609.28796
07-08 16:28:18.707 14031 14031 E RRR     : onNewAzimuth: -609.2552
07-08 16:28:18.707 14031 14031 E RRR     : onNewAzimuth: -609.28796
07-08 16:28:18.714 14031 14031 E RRR     : onNewAzimuth: -609.15186
07-08 16:28:18.729 14031 14031 E RRR     : onNewAzimuth: -609.192
07-08 16:28:18.729 14031 14031 E RRR     : onNewAzimuth: -609.2604
07-08 16:28:18.729 14031 14031 E RRR     : onNewAzimuth: -609.192
07-08 16:28:18.729 14031 14031 E RRR     : onNewAzimuth: -609.2604
07-08 16:28:18.734 14031 14031 E RRR     : onNewAzimuth: -609.12854
07-08 16:28:18.750 14031 14031 E RRR     : onNewAzimuth: -609.22723
07-08 16:28:18.751 14031 14031 E RRR     : onNewAzimuth: -609.33514
07-08 16:28:18.751 14031 14031 E RRR     : onNewAzimuth: -609.22723
07-08 16:28:18.751 14031 14031 E RRR     : onNewAzimuth: -609.33514
07-08 16:28:18.754 14031 14031 E RRR     : onNewAzimuth: -609.2138
07-08 16:28:18.766 14031 14031 E RRR     : onNewAzimuth: -609.3149
07-08 16:28:18.766 14031 14031 E RRR     : onNewAzimuth: -609.4017
07-08 16:28:18.767 14031 14031 E RRR     : onNewAzimuth: -609.3149
07-08 16:28:18.767 14031 14031 E RRR     : onNewAzimuth: -609.4017
07-08 16:28:18.774 14031 14031 E RRR     : onNewAzimuth: -609.27795
07-08 16:28:18.786 14031 14031 E RRR     : onNewAzimuth: -609.35046
07-08 16:28:18.787 14031 14031 E RRR     : onNewAzimuth: -609.4225
07-08 16:28:18.787 14031 14031 E RRR     : onNewAzimuth: -609.35046
07-08 16:28:18.787 14031 14031 E RRR     : onNewAzimuth: -609.4225
07-08 16:28:18.804 14031 14031 E RRR     : onNewAzimuth: -609.5022
07-08 16:28:18.805 14031 14031 E RRR     : onNewAzimuth: -609.38257
07-08 16:28:18.805 14031 14031 E RRR     : onNewAzimuth: -609.5022
07-08 16:28:18.805 14031 14031 E RRR     : onNewAzimuth: -609.38257
07-08 16:28:18.806 14031 14031 E RRR     : onNewAzimuth: -609.4708
07-08 16:28:18.810 14526 14532 I lahalarm.lxw9zs: Background concurrent copying GC freed 30MB AllocSpace bytes, 66(3020KB) LOS objects, 49% free, 10MB/20MB, paused 85us,63us total 140.045ms
07-08 16:28:18.816 14031 14031 E RRR     : onNewAzimuth: -609.3548
07-08 16:28:18.820 14031 14031 E RRR     : onNewAzimuth: -609.4435
07-08 16:28:18.828 14031 14031 E RRR     : onNewAzimuth: -609.5281
07-08 16:28:18.834 14031 14031 E RRR     : onNewAzimuth: -609.42236
07-08 16:28:18.851 14031 14031 E RRR     : onNewAzimuth: -609.5055
07-08 16:28:18.851 14031 14031 E RRR     : onNewAzimuth: -609.5885
07-08 16:28:18.851 14031 14031 E RRR     : onNewAzimuth: -609.5055
07-08 16:28:18.851 14031 14031 E RRR     : onNewAzimuth: -609.5885
07-08 16:28:18.855 14031 14031 E RRR     : onNewAzimuth: -609.6642
07-08 16:28:18.861 14031 14031 E RRR     : onNewAzimuth: -609.57153
07-08 16:28:18.866 14031 14031 E RRR     : onNewAzimuth: -609.63306
07-08 16:28:18.874 14031 14031 E RRR     : onNewAzimuth: -609.53467
07-08 16:28:18.876 14031 14031 E RRR     : onNewAzimuth: -609.57996
07-08 16:28:18.886 14031 14031 E RRR     : onNewAzimuth: -609.6211
07-08 16:28:18.895 14031 14031 E RRR     : onNewAzimuth: -609.53394
07-08 16:28:18.896 14031 14031 E RRR     : onNewAzimuth: -609.5849
07-08 16:28:18.908 14031 14031 E RRR     : onNewAzimuth: -609.6538
07-08 16:28:18.915 14031 14031 E RRR     : onNewAzimuth: -609.5531
07-08 16:28:18.916 14031 14031 E RRR     : onNewAzimuth: -609.6455
07-08 16:28:18.916 14031 14031 E RRR     : onNewAzimuth: -609.5531
07-08 16:28:18.916 14031 14031 E RRR     : onNewAzimuth: -609.6455
07-08 16:28:18.927 14031 14031 E RRR     : onNewAzimuth: -609.7493
07-08 16:28:18.934 14031 14031 E RRR     : onNewAzimuth: -609.65955
07-08 16:28:18.940 14031 14031 E RRR     : onNewAzimuth: -609.7523
07-08 16:28:18.951 14031 14031 E RRR     : onNewAzimuth: -609.8204
07-08 16:28:18.953 14031 14031 E RRR     : onNewAzimuth: -609.72546
07-08 16:28:18.956 14031 14031 E RRR     : onNewAzimuth: -609.77014
07-08 16:28:18.971 14031 14031 E RRR     : onNewAzimuth: -609.81433
07-08 16:28:18.974 14031 14031 E RRR     : onNewAzimuth: -609.72235
07-08 16:28:18.976 14031 14031 E RRR     : onNewAzimuth: -609.77075
07-08 16:28:18.986 14031 14031 E RRR     : onNewAzimuth: -609.82434
07-08 16:28:18.995 14031 14031 E RRR     : onNewAzimuth: -609.73517
07-08 16:28:18.997 14031 14031 E RRR     : onNewAzimuth: -609.80133
07-08 16:28:19.007 14031 14031 E RRR     : onNewAzimuth: -609.8762
07-08 16:28:19.019 14031 14031 E RRR     : onNewAzimuth: -609.9447
07-08 16:28:19.020 14031 14031 E RRR     : onNewAzimuth: -609.8583
07-08 16:28:19.020 14031 14031 E RRR     : onNewAzimuth: -609.9447
07-08 16:28:19.020 14031 14031 E RRR     : onNewAzimuth: -609.8583
07-08 16:28:19.030 14031 14031 E RRR     : onNewAzimuth: -609.90924
07-08 16:28:19.034 14031 14031 E RRR     : onNewAzimuth: -609.8253
07-08 16:28:19.038 14031 14031 E RRR     : onNewAzimuth: -609.8573
07-08 16:28:19.049 14031 14031 E RRR     : onNewAzimuth: -609.87616
07-08 16:28:19.054 14031 14031 E RRR     : onNewAzimuth: -609.79474
07-08 16:28:19.061 14031 14031 E RRR     : onNewAzimuth: -609.8163
07-08 16:28:19.066 14031 14031 E RRR     : onNewAzimuth: -609.85547
07-08 16:28:19.080 14031 14031 E RRR     : onNewAzimuth: -609.91833
07-08 16:28:19.080 14031 14031 E RRR     : onNewAzimuth: -609.92883
07-08 16:28:19.080 14031 14031 E RRR     : onNewAzimuth: -609.91833
07-08 16:28:19.081 14031 14031 E RRR     : onNewAzimuth: -609.92883
07-08 16:28:19.087 14031 14031 E RRR     : onNewAzimuth: -610.00226
07-08 16:28:19.094 14031 14031 E RRR     : onNewAzimuth: -610.0126
07-08 16:28:19.101 14031 14031 E RRR     : onNewAzimuth: -610.0698
07-08 16:28:19.106 14031 14031 E RRR     : onNewAzimuth: -610.1073
07-08 16:28:19.115 14031 14031 E RRR     : onNewAzimuth: -610.04504
07-08 16:28:19.119 14031 14031 E RRR     : onNewAzimuth: -610.0765
07-08 16:28:19.138 14031 14031 E RRR     : onNewAzimuth: -610.1064
07-08 16:28:19.138 14031 14031 E RRR     : onNewAzimuth: -610.13776
07-08 16:28:19.138 14031 14031 E RRR     : onNewAzimuth: -610.06024
07-08 16:28:19.138 14031 14031 E RRR     : onNewAzimuth: -610.1064
07-08 16:28:19.138 14031 14031 E RRR     : onNewAzimuth: -610.13776
07-08 16:28:19.138 14031 14031 E RRR     : onNewAzimuth: -610.06024
07-08 16:28:19.150 14031 14031 E RRR     : onNewAzimuth: -610.0913
07-08 16:28:19.154 14031 14031 E RRR     : onNewAzimuth: -610.0161
07-08 16:28:19.161 14031 14031 E RRR     : onNewAzimuth: -610.04956
07-08 16:28:19.165 14031 14031 E RRR     : onNewAzimuth: -610.0856
07-08 16:28:19.174 14031 14031 E RRR     : onNewAzimuth: -610.0201
07-08 16:28:19.182 14031 14031 E RRR     : onNewAzimuth: -610.0599
07-08 16:28:19.186 14031 14031 E RRR     : onNewAzimuth: -610.1089
07-08 16:28:19.194 14031 14031 E RRR     : onNewAzimuth: -610.038
07-08 16:28:19.199 14031 14031 E RRR     : onNewAzimuth: -610.0912
07-08 16:28:19.206 14031 14031 E RRR     : onNewAzimuth: -610.12964
07-08 16:28:19.218 14031 14031 E RRR     : onNewAzimuth: -610.0608
07-08 16:28:19.219 14031 14031 E RRR     : onNewAzimuth: -610.07556
07-08 16:28:19.226 14031 14031 E RRR     : onNewAzimuth: -610.0742
07-08 16:28:19.240 14031 14031 E RRR     : onNewAzimuth: -610.078
07-08 16:28:19.245 14031 14031 E RRR     : onNewAzimuth: -610.0112
07-08 16:28:19.245 14031 14031 E RRR     : onNewAzimuth: -610.0304
07-08 16:28:19.252 14031 14031 E RRR     : onNewAzimuth: -610.0112
07-08 16:28:19.252 14031 14031 E RRR     : onNewAzimuth: -610.0304
07-08 16:28:19.254 14031 14031 E RRR     : onNewAzimuth: -609.97314
07-08 16:28:19.262 14031 14031 E RRR     : onNewAzimuth: -609.9923
07-08 16:28:19.258 14526 14526 W binder:14526_1: type=1400 audit(0.0:3795598): avc:  denied  { ioctl } for  path="/proc/fas/render" dev="proc" ino=4026533325 ioctlcmd=0x6609 scontext=u:r:untrusted_app:s0:c174,c258,c512,c768 tcontext=u:object_r:proc_fas:s0 tclass=file permissive=0 app=com.emergent.salahalarm.lxw9zs
07-08 16:28:19.265 14031 14037 I azan.holy.quran: Background young concurrent copying GC freed 53MB AllocSpace bytes, 0(0B) LOS objects, 49% free, 55MB/108MB, paused 7.764ms,129us total 215.092ms
07-08 16:28:19.265 14031 14031 E RRR     : onNewAzimuth: -610.0095
07-08 16:28:19.274 14031 14031 E RRR     : onNewAzimuth: -609.94635
07-08 16:28:19.282 14031 14031 E RRR     : onNewAzimuth: -609.97
07-08 16:28:19.285 14031 14031 E RRR     : onNewAzimuth: -610.00183
07-08 16:28:19.294 14031 14031 E RRR     : onNewAzimuth: -610.0217
07-08 16:28:19.305 14031 14031 E RRR     : onNewAzimuth: -610.05676
07-08 16:28:19.305 14031 14031 E RRR     : onNewAzimuth: -610.0951
07-08 16:28:19.305 14031 14031 E RRR     : onNewAzimuth: -610.05676
07-08 16:28:19.306 14031 14031 E RRR     : onNewAzimuth: -610.0951
07-08 16:28:19.315 14031 14031 E RRR     : onNewAzimuth: -610.0408
07-08 16:28:19.326 14031 14031 E RRR     : onNewAzimuth: -610.0703
07-08 16:28:19.326 14031 14031 E RRR     : onNewAzimuth: -610.08795
07-08 16:28:19.326 14031 14031 E RRR     : onNewAzimuth: -610.0703
07-08 16:28:19.326 14031 14031 E RRR     : onNewAzimuth: -610.08795
07-08 16:28:19.337 14031 14031 E RRR     : onNewAzimuth: -610.0276
07-08 16:28:19.343 14031 14031 E RRR     : onNewAzimuth: -610.03955
07-08 16:28:19.356 14031 14031 E RRR     : onNewAzimuth: -610.04224
07-08 16:28:19.356 14031 14031 E RRR     : onNewAzimuth: -610.03625
07-08 16:28:19.356 14031 14031 E RRR     : onNewAzimuth: -610.05896
07-08 16:28:19.359 14031 14031 E RRR     : onNewAzimuth: -610.04224
07-08 16:28:19.359 14031 14031 E RRR     : onNewAzimuth: -610.03625
07-08 16:28:19.360 14031 14031 E RRR     : onNewAzimuth: -610.05896
07-08 16:28:19.365 14031 14031 E RRR     : onNewAzimuth: -610.0531
07-08 16:28:19.374 14031 14031 E RRR     : onNewAzimuth: -610.07526
07-08 16:28:19.384 14031 14031 E RRR     : onNewAzimuth: -610.07715
07-08 16:28:19.385 14031 14031 E RRR     : onNewAzimuth: -610.0848
07-08 16:28:19.394 14031 14031 E RRR     : onNewAzimuth: -610.10626
07-08 16:28:19.404 14031 14031 E RRR     : onNewAzimuth: -610.1186
07-08 16:28:19.409 14031 14031 E RRR     : onNewAzimuth: -610.1295
07-08 16:28:19.417 14031 14031 E RRR     : onNewAzimuth: -610.07654
07-08 16:28:19.429 14031 14031 E RRR     : onNewAzimuth: -610.078
07-08 16:28:19.429 14031 14031 E RRR     : onNewAzimuth: -610.06116
07-08 16:28:19.429 14031 14031 E RRR     : onNewAzimuth: -610.078
07-08 16:28:19.429 14031 14031 E RRR     : onNewAzimuth: -610.06116
07-08 16:28:19.436 14031 14031 E RRR     : onNewAzimuth: -610.0019
07-08 16:28:19.436 14031 14031 E RRR     : onNewAzimuth: -609.9706
07-08 16:28:19.436 14031 14031 E RRR     : onNewAzimuth: -610.0019
07-08 16:28:19.436 14031 14031 E RRR     : onNewAzimuth: -609.9706
07-08 16:28:19.448 14031 14031 E RRR     : onNewAzimuth: -609.9342
07-08 16:28:19.453 14526 15035 W libc    : Access denied finding property "ro.vendor.vivo.software.ai.llm.disable"
07-08 16:28:19.461 14031 14031 E RRR     : onNewAzimuth: -609.8899
07-08 16:28:19.461 14031 14031 E RRR     : onNewAzimuth: -609.83215
07-08 16:28:19.461 14031 14031 E RRR     : onNewAzimuth: -609.8899
07-08 16:28:19.461 14031 14031 E RRR     : onNewAzimuth: -609.83215
07-08 16:28:19.465 14031 14031 E RRR     : onNewAzimuth: -609.77783
07-08 16:28:19.474 14031 14031 E RRR     : onNewAzimuth: -609.7217
