07-08 16:31:35.353 14031 14031 E RRR     : onNewAzimuth: -607.60077
07-08 16:31:35.353 14031 14031 E RRR     : onNewAzimuth: -607.60706
07-08 16:31:35.353 14031 14031 E RRR     : onNewAzimuth: -607.6339
07-08 16:31:35.353 14031 14031 E RRR     : onNewAzimuth: -607.60077
07-08 16:31:35.353 14031 14031 E RRR     : onNewAzimuth: -607.60706
07-08 16:31:35.370 14031 14031 E RRR     : onNewAzimuth: -607.61395
07-08 16:31:35.374 14031 14031 E RRR     : onNewAzimuth: -607.62
07-08 16:31:35.374 14031 14031 E RRR     : onNewAzimuth: -607.5957
07-08 16:31:35.374 14031 14031 E RRR     : onNewAzimuth: -607.62
07-08 16:31:35.374 14031 14031 E RRR     : onNewAzimuth: -607.5957
07-08 16:31:35.379  6310 16288 I NearbySharing: Network state changed: NetworkState(isRestricted=false, isOnline=true, isCongested=false, isMetered=false, isWifiConnected=true)
07-08 16:31:35.379  6310 16236 I NearbySharing: Network state changed: NetworkState(isRestricted=false, isOnline=true, isCongested=false, isMetered=false, isWifiConnected=true)
07-08 16:31:35.388 14031 14031 E RRR     : onNewAzimuth: -607.5985
07-08 16:31:35.388 14031 14031 E RRR     : onNewAzimuth: -607.57495
07-08 16:31:35.389 14031 14031 E RRR     : onNewAzimuth: -607.5985
07-08 16:31:35.389 14031 14031 E RRR     : onNewAzimuth: -607.57495
07-08 16:31:35.393 14031 14031 E RRR     : onNewAzimuth: -607.5758
07-08 16:31:35.408 14031 14031 E RRR     : onNewAzimuth: -607.5769
07-08 16:31:35.408 14031 14031 E RRR     : onNewAzimuth: -607.55396
07-08 16:31:35.409 14031 14031 E RRR     : onNewAzimuth: -607.5769
07-08 16:31:35.409 14031 14031 E RRR     : onNewAzimuth: -607.55396
07-08 16:31:35.411 14031 14031 E RRR     : onNewAzimuth: -607.55756
07-08 16:31:35.429 14031 14031 E RRR     : onNewAzimuth: -607.56384
07-08 16:31:35.429 14031 14031 E RRR     : onNewAzimuth: -607.53345
07-08 16:31:35.430 14031 14031 E RRR     : onNewAzimuth: -607.56384
07-08 16:31:35.430 14031 14031 E RRR     : onNewAzimuth: -607.53345
07-08 16:31:35.436 14031 14031 E RRR     : onNewAzimuth: -607.53754
07-08 16:31:35.449 14031 14031 E RRR     : onNewAzimuth: -607.53955
07-08 16:31:35.449 14031 14031 E RRR     : onNewAzimuth: -607.51
07-08 16:31:35.455 14031 14031 E RRR     : onNewAzimuth: -607.5138
07-08 16:31:35.456 14031 14031 E RRR     : onNewAzimuth: -607.53955
07-08 16:31:35.456 14031 14031 E RRR     : onNewAzimuth: -607.51
07-08 16:31:35.456 14031 14031 E RRR     : onNewAzimuth: -607.5138
07-08 16:31:35.469 14031 14031 E RRR     : onNewAzimuth: -607.518
07-08 16:31:35.469 14031 14031 E RRR     : onNewAzimuth: -607.5652
07-08 16:31:35.470 14031 14031 E RRR     : onNewAzimuth: -607.518
07-08 16:31:35.470 14031 14031 E RRR     : onNewAzimuth: -607.5652
07-08 16:31:35.472 14031 14031 E RRR     : onNewAzimuth: -607.5641
07-08 16:31:35.488 14031 14031 E RRR     : onNewAzimuth: -607.5574
07-08 16:31:35.488 14031 14031 E RRR     : onNewAzimuth: -607.52783
07-08 16:31:35.488 14031 14031 E RRR     : onNewAzimuth: -607.5574
07-08 16:31:35.489 14031 14031 E RRR     : onNewAzimuth: -607.52783
07-08 16:31:35.492 14031 14031 E RRR     : onNewAzimuth: -607.5234
07-08 16:31:35.508 14031 14031 E RRR     : onNewAzimuth: -607.5224
07-08 16:31:35.508 14031 14031 E RRR     : onNewAzimuth: -607.4938
07-08 16:31:35.509 14031 14031 E RRR     : onNewAzimuth: -607.5224
07-08 16:31:35.509 14031 14031 E RRR     : onNewAzimuth: -607.4938
07-08 16:31:35.512 14031 14031 E RRR     : onNewAzimuth: -607.4961
07-08 16:31:35.529 14031 14031 E RRR     : onNewAzimuth: -607.4999
07-08 16:31:35.529 14031 14031 E RRR     : onNewAzimuth: -607.46545
07-08 16:31:35.530 14031 14031 E RRR     : onNewAzimuth: -607.4999
07-08 16:31:35.530 14031 14031 E RRR     : onNewAzimuth: -607.46545
07-08 16:31:35.537 14031 14031 E RRR     : onNewAzimuth: -607.4704
07-08 16:31:35.554 14031 14031 E RRR     : onNewAzimuth: -607.48035
07-08 16:31:35.554 14031 14031 E RRR     : onNewAzimuth: -607.4537
07-08 16:31:35.554 14031 14031 E RRR     : onNewAzimuth: -607.47
07-08 16:31:35.554 14031 14031 E RRR     : onNewAzimuth: -607.48035
07-08 16:31:35.554 14031 14031 E RRR     : onNewAzimuth: -607.4537
07-08 16:31:35.554 14031 14031 E RRR     : onNewAzimuth: -607.47
07-08 16:31:35.569 14031 14031 E RRR     : onNewAzimuth: -607.48663
07-08 16:31:35.569 14031 14031 E RRR     : onNewAzimuth: -607.4684
07-08 16:31:35.569 14031 14031 E RRR     : onNewAzimuth: -607.48663
07-08 16:31:35.570 14031 14031 E RRR     : onNewAzimuth: -607.4684
07-08 16:31:35.572 14031 14031 E RRR     : onNewAzimuth: -607.48346
07-08 16:31:35.588 14031 14031 E RRR     : onNewAzimuth: -607.4923
07-08 16:31:35.588 14031 14031 E RRR     : onNewAzimuth: -607.4746
07-08 16:31:35.590 14031 14031 E RRR     : onNewAzimuth: -607.4923
07-08 16:31:35.590 14031 14031 E RRR     : onNewAzimuth: -607.4746
07-08 16:31:35.592 14031 14031 E RRR     : onNewAzimuth: -607.4796
07-08 16:31:35.609 14031 14031 E RRR     : onNewAzimuth: -607.4868
07-08 16:31:35.609 14031 14031 E RRR     : onNewAzimuth: -607.55145
07-08 16:31:35.610 14031 14031 E RRR     : onNewAzimuth: -607.4868
07-08 16:31:35.610 14031 14031 E RRR     : onNewAzimuth: -607.55145
07-08 16:31:35.612 14031 14031 E RRR     : onNewAzimuth: -607.5626
07-08 16:31:35.628 14031 14031 E RRR     : onNewAzimuth: -607.5764
07-08 16:31:35.629 14031 14031 E RRR     : onNewAzimuth: -607.62463
07-08 16:31:35.630 14031 14031 E RRR     : onNewAzimuth: -607.5764
07-08 16:31:35.630 14031 14031 E RRR     : onNewAzimuth: -607.62463
07-08 16:31:35.636 14031 14031 E RRR     : onNewAzimuth: -607.63806
07-08 16:31:35.654 14031 14031 E RRR     : onNewAzimuth: -607.6502
07-08 16:31:35.654 14031 14031 E RRR     : onNewAzimuth: -607.7051
07-08 16:31:35.654 14031 14031 E RRR     : onNewAzimuth: -607.70905
07-08 16:31:35.654 14031 14031 E RRR     : onNewAzimuth: -607.6502
07-08 16:31:35.654 14031 14031 E RRR     : onNewAzimuth: -607.7051
07-08 16:31:35.654 14031 14031 E RRR     : onNewAzimuth: -607.70905
07-08 16:31:35.670 14031 14031 E RRR     : onNewAzimuth: -607.70197
07-08 16:31:35.670 14031 14031 E RRR     : onNewAzimuth: -607.67993
07-08 16:31:35.670 14031 14031 E RRR     : onNewAzimuth: -607.70197
07-08 16:31:35.670 14031 14031 E RRR     : onNewAzimuth: -607.67993
07-08 16:31:35.672 14031 14031 E RRR     : onNewAzimuth: -607.65857
07-08 16:31:35.688 14031 14031 E RRR     : onNewAzimuth: -607.622
07-08 16:31:35.688 14031 14031 E RRR     : onNewAzimuth: -607.6676
07-08 16:31:35.689 14031 14031 E RRR     : onNewAzimuth: -607.622
07-08 16:31:35.689 14031 14031 E RRR     : onNewAzimuth: -607.6676
07-08 16:31:35.692 14031 14031 E RRR     : onNewAzimuth: -607.62036
07-08 16:31:35.708 14031 14031 E RRR     : onNewAzimuth: -607.57104
07-08 16:31:35.709 14031 14031 E RRR     : onNewAzimuth: -607.6216
07-08 16:31:35.709 14031 14031 E RRR     : onNewAzimuth: -607.57104
07-08 16:31:35.709 14031 14031 E RRR     : onNewAzimuth: -607.6216
07-08 16:31:35.712 14031 14031 E RRR     : onNewAzimuth: -607.5707
07-08 16:31:35.729 14031 14031 E RRR     : onNewAzimuth: -607.5173
07-08 16:31:35.729 14031 14031 E RRR     : onNewAzimuth: -607.49286
07-08 16:31:35.730 14031 14031 E RRR     : onNewAzimuth: -607.5173
07-08 16:31:35.730 14031 14031 E RRR     : onNewAzimuth: -607.49286
07-08 16:31:35.735 14031 14031 E RRR     : onNewAzimuth: -607.43567
07-08 16:31:35.749 14031 14031 E RRR     : onNewAzimuth: -607.37006
07-08 16:31:35.749 14031 14031 E RRR     : onNewAzimuth: -607.4277
07-08 16:31:35.753 14031 14031 E RRR     : onNewAzimuth: -607.3551
07-08 16:31:35.754 14031 14031 E RRR     : onNewAzimuth: -607.37006
07-08 16:31:35.754 14031 14031 E RRR     : onNewAzimuth: -607.4277
07-08 16:31:35.754 14031 14031 E RRR     : onNewAzimuth: -607.3551
07-08 16:31:35.769 14031 14031 E RRR     : onNewAzimuth: -607.289
07-08 16:31:35.769 14031 14031 E RRR     : onNewAzimuth: -607.2633
07-08 16:31:35.769 14031 14031 E RRR     : onNewAzimuth: -607.289
07-08 16:31:35.769 14031 14031 E RRR     : onNewAzimuth: -607.2633
07-08 16:31:35.772 14031 14031 E RRR     : onNewAzimuth: -607.2198
07-08 16:31:35.788 14031 14031 E RRR     : onNewAzimuth: -607.20654
07-08 16:31:35.788 14031 14031 E RRR     : onNewAzimuth: -607.17444
07-08 16:31:35.788 14031 14031 E RRR     : onNewAzimuth: -607.20654
07-08 16:31:35.789 14031 14031 E RRR     : onNewAzimuth: -607.17444
07-08 16:31:35.792 14031 14031 E RRR     : onNewAzimuth: -607.18896
07-08 16:31:35.819 14031 14031 E RRR     : onNewAzimuth: -607.2245
07-08 16:31:35.819 14031 14031 E RRR     : onNewAzimuth: -607.26825
07-08 16:31:35.820 14031 14031 E RRR     : onNewAzimuth: -607.2443
07-08 16:31:35.820 14031 14031 E RRR     : onNewAzimuth: -607.2245
07-08 16:31:35.820 14031 14031 E RRR     : onNewAzimuth: -607.26825
07-08 16:31:35.820 14031 14031 E RRR     : onNewAzimuth: -607.2443
07-08 16:31:35.828 14031 14031 E RRR     : onNewAzimuth: -607.286
07-08 16:31:35.829 14031 14031 E RRR     : onNewAzimuth: -607.24927
07-08 16:31:35.829 14031 14031 E RRR     : onNewAzimuth: -607.286
07-08 16:31:35.830 14031 14031 E RRR     : onNewAzimuth: -607.24927
07-08 16:31:35.835 14031 14031 E RRR     : onNewAzimuth: -607.28674
07-08 16:31:35.852 14031 14031 E RRR     : onNewAzimuth: -607.32776
07-08 16:31:35.852 14031 14031 E RRR     : onNewAzimuth: -607.292
07-08 16:31:35.852 14031 14031 E RRR     : onNewAzimuth: -607.34094
07-08 16:31:35.853 14031 14031 E RRR     : onNewAzimuth: -607.32776
07-08 16:31:35.853 14031 14031 E RRR     : onNewAzimuth: -607.292
07-08 16:31:35.853 14031 14031 E RRR     : onNewAzimuth: -607.34094
07-08 16:31:35.868 14031 14031 E RRR     : onNewAzimuth: -607.40234
07-08 16:31:35.868 14031 14031 E RRR     : onNewAzimuth: -607.3815
07-08 16:31:35.869 14031 14031 E RRR     : onNewAzimuth: -607.40234
07-08 16:31:35.869 14031 14031 E RRR     : onNewAzimuth: -607.3815
07-08 16:31:35.872 14031 14031 E RRR     : onNewAzimuth: -607.45386
07-08 16:31:35.888 14031 14031 E RRR     : onNewAzimuth: -607.5349
07-08 16:31:35.888 14031 14031 E RRR     : onNewAzimuth: -607.50714
07-08 16:31:35.889 14031 14031 E RRR     : onNewAzimuth: -607.5349
07-08 16:31:35.889 14031 14031 E RRR     : onNewAzimuth: -607.50714
07-08 16:31:35.892 14031 14031 E RRR     : onNewAzimuth: -607.5916
07-08 16:31:35.908 14031 14031 E RRR     : onNewAzimuth: -607.6708
07-08 16:31:35.908 14031 14031 E RRR     : onNewAzimuth: -607.6516
07-08 16:31:35.909 14031 14031 E RRR     : onNewAzimuth: -607.6708
07-08 16:31:35.909 14031 14031 E RRR     : onNewAzimuth: -607.6516
07-08 16:31:35.913 14031 14031 E RRR     : onNewAzimuth: -607.7203
07-08 16:31:35.929 14031 14031 E RRR     : onNewAzimuth: -607.7815
07-08 16:31:35.929 14031 14031 E RRR     : onNewAzimuth: -607.75464
07-08 16:31:35.929 14031 14031 E RRR     : onNewAzimuth: -607.7815
07-08 16:31:35.929 14031 14031 E RRR     : onNewAzimuth: -607.75464
07-08 16:31:35.934 14031 14031 E RRR     : onNewAzimuth: -607.81433
07-08 16:31:35.940 14031 14031 E RRR     : onNewAzimuth: -607.8777
07-08 16:31:35.951 14031 14031 E RRR     : onNewAzimuth: -607.85156
07-08 16:31:35.951 14031 14031 E RRR     : onNewAzimuth: -607.92004
07-08 16:31:35.970 14031 14031 E RRR     : onNewAzimuth: -607.9871
07-08 16:31:35.970 14031 14031 E RRR     : onNewAzimuth: -607.9551
07-08 16:31:35.970 14031 14031 E RRR     : onNewAzimuth: -608.01514
07-08 16:31:35.971 14031 14031 E RRR     : onNewAzimuth: -607.9871
07-08 16:31:35.971 14031 14031 E RRR     : onNewAzimuth: -607.9551
07-08 16:31:35.971 14031 14031 E RRR     : onNewAzimuth: -608.01514
07-08 16:31:35.984 14031 14031 E RRR     : onNewAzimuth: -608.0696
07-08 16:31:35.988 14031 14031 E RRR     : onNewAzimuth: -608.05396
07-08 16:31:35.991 14031 14031 E RRR     : onNewAzimuth: -608.10254
07-08 16:31:36.001 14031 14031 E RRR     : onNewAzimuth: -608.14624
07-08 16:31:36.008 14031 14031 E RRR     : onNewAzimuth: -608.12244
07-08 16:31:36.011 14031 14031 E RRR     : onNewAzimuth: -608.16016
07-08 16:31:36.022 14031 14031 E RRR     : onNewAzimuth: -608.1886
07-08 16:31:36.029 14031 14031 E RRR     : onNewAzimuth: -608.1654
07-08 16:31:36.036 14031 14031 E RRR     : onNewAzimuth: -608.182
07-08 16:31:36.042 14031 14031 E RRR     : onNewAzimuth: -608.1853
07-08 16:31:36.052 14031 14031 E RRR     : onNewAzimuth: -608.15576
07-08 16:31:36.052 14031 14031 E RRR     : onNewAzimuth: -608.1487
07-08 16:31:36.052 14031 14031 E RRR     : onNewAzimuth: -608.15576
07-08 16:31:36.052 14031 14031 E RRR     : onNewAzimuth: -608.1487
07-08 16:31:36.063 14031 14031 E RRR     : onNewAzimuth: -608.1362
07-08 16:31:36.070 14031 14031 E RRR     : onNewAzimuth: -608.03296
07-08 16:31:36.071 14031 14031 E RRR     : onNewAzimuth: -608.0192
07-08 16:31:36.083 14031 14031 E RRR     : onNewAzimuth: -608.00635
07-08 16:31:36.089 14031 14031 E RRR     : onNewAzimuth: -607.906
07-08 16:31:36.090 14031 14031 E RRR     : onNewAzimuth: -607.89343
07-08 16:31:36.103 14031 14031 E RRR     : onNewAzimuth: -607.8797
07-08 16:31:36.109 14031 14031 E RRR     : onNewAzimuth: -607.77405
07-08 16:31:36.111 14031 14031 E RRR     : onNewAzimuth: -607.7627
07-08 16:31:36.123 14031 14031 E RRR     : onNewAzimuth: -607.75305
07-08 16:31:36.128 14031 14031 E RRR     : onNewAzimuth: -607.73413
07-08 16:31:36.134 14031 14031 E RRR     : onNewAzimuth: -607.7243
07-08 16:31:36.144 14031 14031 E RRR     : onNewAzimuth: -607.71533
07-08 16:31:36.150 14031 14031 E RRR     : onNewAzimuth: -607.70337
07-08 16:31:36.151 14031 14031 E RRR     : onNewAzimuth: -607.69324
07-08 16:31:36.177 14031 14031 E RRR     : onNewAzimuth: -607.681
07-08 16:31:36.177 14031 14031 E RRR     : onNewAzimuth: -607.6631
07-08 16:31:36.177 14031 14031 E RRR     : onNewAzimuth: -607.6537
07-08 16:31:36.177 14031 14031 E RRR     : onNewAzimuth: -607.681
07-08 16:31:36.177 14031 14031 E RRR     : onNewAzimuth: -607.6631
07-08 16:31:36.177 14031 14031 E RRR     : onNewAzimuth: -607.6537
07-08 16:31:36.184 14031 14031 E RRR     : onNewAzimuth: -607.646
07-08 16:31:36.188 14031 14031 E RRR     : onNewAzimuth: -607.62744
07-08 16:31:36.190 14031 14031 E RRR     : onNewAzimuth: -607.6207
07-08 16:31:36.204 14031 14031 E RRR     : onNewAzimuth: -607.6149
07-08 16:31:36.208 14031 14031 E RRR     : onNewAzimuth: -607.59814
07-08 16:31:36.211 14031 14031 E RRR     : onNewAzimuth: -607.59326
07-08 16:31:36.225 14031 14031 E RRR     : onNewAzimuth: -607.5909
07-08 16:31:36.228 14031 14031 E RRR     : onNewAzimuth: -607.57465
07-08 16:31:36.233 14031 14031 E RRR     : onNewAzimuth: -607.5773
07-08 16:31:36.245 14031 14031 E RRR     : onNewAzimuth: -607.5858
07-08 16:31:36.254 14031 14031 E RRR     : onNewAzimuth: -607.6002
07-08 16:31:36.254 14031 14031 E RRR     : onNewAzimuth: -607.5844
07-08 16:31:36.254 14031 14031 E RRR     : onNewAzimuth: -607.6002
07-08 16:31:36.255 14031 14031 E RRR     : onNewAzimuth: -607.5844
07-08 16:31:36.269 14031 14031 E RRR     : onNewAzimuth: -607.59735
07-08 16:31:36.269 14031 14031 E RRR     : onNewAzimuth: -607.58826
07-08 16:31:36.269 14031 14031 E RRR     : onNewAzimuth: -607.59735
07-08 16:31:36.269 14031 14031 E RRR     : onNewAzimuth: -607.58826
07-08 16:31:36.270 14031 14031 E RRR     : onNewAzimuth: -607.5956
07-08 16:31:36.286 14031 14031 E RRR     : onNewAzimuth: -607.5929
07-08 16:31:36.288 14031 14031 E RRR     : onNewAzimuth: -607.5851
07-08 16:31:36.290 14031 14031 E RRR     : onNewAzimuth: -607.5764
07-08 16:31:36.307 14031 14031 E RRR     : onNewAzimuth: -607.5654
07-08 16:31:36.308 14031 14031 E RRR     : onNewAzimuth: -607.5568
07-08 16:31:36.311 14031 14031 E RRR     : onNewAzimuth: -607.54456
07-08 16:31:36.328 14031 14031 E RRR     : onNewAzimuth: -607.5366
07-08 16:31:36.328 14031 14031 E RRR     : onNewAzimuth: -607.5222
07-08 16:31:36.328 14031 14031 E RRR     : onNewAzimuth: -607.5366
07-08 16:31:36.328 14031 14031 E RRR     : onNewAzimuth: -607.5222
07-08 16:31:36.333 14031 14031 E RRR     : onNewAzimuth: -607.5246
07-08 16:31:36.350 14031 14031 E RRR     : onNewAzimuth: -607.5343
07-08 16:31:36.350 14031 14031 E RRR     : onNewAzimuth: -607.52026
07-08 16:31:36.350 14031 14031 E RRR     : onNewAzimuth: -607.5343
07-08 16:31:36.350 14031 14031 E RRR     : onNewAzimuth: -607.52026
07-08 16:31:36.350 14031 14031 E RRR     : onNewAzimuth: -607.5314
07-08 16:31:38.693 14031 14031 I Choreographer: Skipped 139 frames!  The application may be doing too much work on its main thread.
07-08 16:31:38.737 14031 14031 E RRR     : onNewAzimuth: -607.52435
07-08 16:31:38.738 14031 14031 E RRR     : onNewAzimuth: -607.60974
07-08 16:31:38.738 14031 14031 E RRR     : onNewAzimuth: -607.7008
07-08 16:31:38.738 14031 14031 E RRR     : onNewAzimuth: -607.7395
07-08 16:31:38.738 14031 14031 E RRR     : onNewAzimuth: -607.7357
07-08 16:31:38.738 14031 14031 E RRR     : onNewAzimuth: -607.7163
07-08 16:31:38.738 14031 14031 E RRR     : onNewAzimuth: -607.69653
07-08 16:31:38.738 14031 14031 E RRR     : onNewAzimuth: -607.6802
07-08 16:31:38.738 14031 14031 E RRR     : onNewAzimuth: -607.6879
07-08 16:31:38.738 14031 14031 E RRR     : onNewAzimuth: -607.7354
07-08 16:31:38.738 14031 14031 E RRR     : onNewAzimuth: -607.7827
07-08 16:31:38.738 14031 14031 E RRR     : onNewAzimuth: -607.8002
07-08 16:31:38.738 14031 14031 E RRR     : onNewAzimuth: -607.803
07-08 16:31:38.738 14031 14031 E RRR     : onNewAzimuth: -607.8005
07-08 16:31:38.738 14031 14031 E RRR     : onNewAzimuth: -607.7946
07-08 16:31:38.738 14031 14031 E RRR     : onNewAzimuth: -607.77185
07-08 16:31:38.738 14031 14031 E RRR     : onNewAzimuth: -607.52435
07-08 16:31:38.738 14031 14031 E RRR     : onNewAzimuth: -607.60974
07-08 16:31:38.738 14031 14031 E RRR     : onNewAzimuth: -607.7008
07-08 16:31:38.738 14031 14031 E RRR     : onNewAzimuth: -607.7395
07-08 16:31:38.738 14031 14031 E RRR     : onNewAzimuth: -607.7357
07-08 16:31:38.738 14031 14031 E RRR     : onNewAzimuth: -607.7163
07-08 16:31:38.739 14031 14031 E RRR     : onNewAzimuth: -607.69653
07-08 16:31:38.739 14031 14031 E RRR     : onNewAzimuth: -607.6802
07-08 16:31:38.739 14031 14031 E RRR     : onNewAzimuth: -607.6879
07-08 16:31:38.739 14031 14031 E RRR     : onNewAzimuth: -607.7354
07-08 16:31:38.739 14031 14031 E RRR     : onNewAzimuth: -607.7827
07-08 16:31:38.739 14031 14031 E RRR     : onNewAzimuth: -607.8002
07-08 16:31:38.739 14031 14031 E RRR     : onNewAzimuth: -607.803
07-08 16:31:38.739 14031 14031 E RRR     : onNewAzimuth: -607.8005
07-08 16:31:38.739 14031 14031 E RRR     : onNewAzimuth: -607.7946
07-08 16:31:38.739 14031 14031 E RRR     : onNewAzimuth: -607.77185
07-08 16:31:38.742 14031 14031 E RRR     : onNewAzimuth: -607.7734
07-08 16:31:38.759 14031 14031 E RRR     : onNewAzimuth: -607.7279
07-08 16:31:38.759 14031 14031 E RRR     : onNewAzimuth: -607.6771
07-08 16:31:38.759 14031 14031 E RRR     : onNewAzimuth: -607.7279
07-08 16:31:38.759 14031 14031 E RRR     : onNewAzimuth: -607.6771
07-08 16:31:38.761 14031 14031 E RRR     : onNewAzimuth: -607.67847
07-08 16:31:38.777 14031 14031 E RRR     : onNewAzimuth: -607.6306
07-08 16:31:38.778 14031 14031 E RRR     : onNewAzimuth: -607.607
07-08 16:31:38.778 14031 14031 E RRR     : onNewAzimuth: -607.6306
07-08 16:31:38.778 14031 14031 E RRR     : onNewAzimuth: -607.607
07-08 16:31:38.782 14031 14031 E RRR     : onNewAzimuth: -607.6083
07-08 16:31:38.797 14031 14031 E RRR     : onNewAzimuth: -607.59827
07-08 16:31:38.797 14031 14031 E RRR     : onNewAzimuth: -607.5977
07-08 16:31:38.797 14031 14031 E RRR     : onNewAzimuth: -607.59827
07-08 16:31:38.798 14031 14031 E RRR     : onNewAzimuth: -607.5977
07-08 16:31:38.801 14031 14031 E RRR     : onNewAzimuth: -607.6804
07-08 16:31:38.816 14031 14031 E RRR     : onNewAzimuth: -607.6763
07-08 16:31:38.816 14031 14031 E RRR     : onNewAzimuth: -607.66235
07-08 16:31:38.817 14031 14031 E RRR     : onNewAzimuth: -607.6763
07-08 16:31:38.817 14031 14031 E RRR     : onNewAzimuth: -607.66235
07-08 16:31:38.820 14031 14031 E RRR     : onNewAzimuth: -607.65234
07-08 16:31:38.839 14031 14031 E RRR     : onNewAzimuth: -607.6426
07-08 16:31:38.839 14031 14031 E RRR     : onNewAzimuth: -607.63275
07-08 16:31:38.840 14031 14031 E RRR     : onNewAzimuth: -607.6426
07-08 16:31:38.840 14031 14031 E RRR     : onNewAzimuth: -607.63275
07-08 16:31:38.843 14031 14031 E RRR     : onNewAzimuth: -607.6318
07-08 16:31:38.862 14031 14031 E RRR     : onNewAzimuth: -607.62225
07-08 16:31:38.862 14031 14031 E RRR     : onNewAzimuth: -607.6191
07-08 16:31:38.862 14031 14031 E RRR     : onNewAzimuth: -607.61035
07-08 16:31:38.862 14031 14031 E RRR     : onNewAzimuth: -607.62225
07-08 16:31:38.862 14031 14031 E RRR     : onNewAzimuth: -607.6191
07-08 16:31:38.862 14031 14031 E RRR     : onNewAzimuth: -607.61035
07-08 16:31:38.876 14031 14031 E RRR     : onNewAzimuth: -607.6065
07-08 16:31:38.876 14031 14031 E RRR     : onNewAzimuth: -607.5956
07-08 16:31:38.877 14031 14031 E RRR     : onNewAzimuth: -607.6065
07-08 16:31:38.877 14031 14031 E RRR     : onNewAzimuth: -607.5956
07-08 16:31:38.881 14031 14031 E RRR     : onNewAzimuth: -607.51196
07-08 16:31:38.896 14031 14031 E RRR     : onNewAzimuth: -607.49646
07-08 16:31:38.896 14031 14031 E RRR     : onNewAzimuth: -607.4818
07-08 16:31:38.897 14031 14031 E RRR     : onNewAzimuth: -607.49646
07-08 16:31:38.897 14031 14031 E RRR     : onNewAzimuth: -607.4818
07-08 16:31:38.902 14031 14031 E RRR     : onNewAzimuth: -607.4689
07-08 16:31:38.916 14031 14031 E RRR     : onNewAzimuth: -607.4569
07-08 16:31:38.916 14031 14031 E RRR     : onNewAzimuth: -607.4442
07-08 16:31:38.916 14031 14031 E RRR     : onNewAzimuth: -607.4569
07-08 16:31:38.916 14031 14031 E RRR     : onNewAzimuth: -607.4442
07-08 16:31:38.921 14031 14031 E RRR     : onNewAzimuth: -607.4463
07-08 16:31:38.936 14031 14031 E RRR     : onNewAzimuth: -607.4341
07-08 16:31:38.936 14031 14031 E RRR     : onNewAzimuth: -607.42535
07-08 16:31:38.937 14031 14031 E RRR     : onNewAzimuth: -607.4341
07-08 16:31:38.937 14031 14031 E RRR     : onNewAzimuth: -607.42535
07-08 16:31:38.944 14031 14031 E RRR     : onNewAzimuth: -607.42737
07-08 16:31:38.959 14031 14031 E RRR     : onNewAzimuth: -607.42584
07-08 16:31:38.959 14031 14031 E RRR     : onNewAzimuth: -607.4253
07-08 16:31:38.960 14031 14031 E RRR     : onNewAzimuth: -607.42584
07-08 16:31:38.960 14031 14031 E RRR     : onNewAzimuth: -607.4253
07-08 16:31:38.961 14031 14031 E RRR     : onNewAzimuth: -607.41974
07-08 16:31:38.976 14031 14031 E RRR     : onNewAzimuth: -607.4199
07-08 16:31:38.977 14031 14031 E RRR     : onNewAzimuth: -607.43005
07-08 16:31:38.977 14031 14031 E RRR     : onNewAzimuth: -607.4199
07-08 16:31:38.977 14031 14031 E RRR     : onNewAzimuth: -607.43005
07-08 16:31:38.981 14031 14031 E RRR     : onNewAzimuth: -607.4176
07-08 16:31:38.995 14031 14031 E RRR     : onNewAzimuth: -607.4366
07-08 16:31:38.996 14031 14031 E RRR     : onNewAzimuth: -607.4501
07-08 16:31:38.996 14031 14031 E RRR     : onNewAzimuth: -607.4366
07-08 16:31:38.996 14031 14031 E RRR     : onNewAzimuth: -607.4501
07-08 16:31:39.012 14031 14031 E RRR     : onNewAzimuth: -607.44336
07-08 16:31:39.012 14031 14031 E RRR     : onNewAzimuth: -607.44586
07-08 16:31:39.012 14031 14031 E RRR     : onNewAzimuth: -607.44336
07-08 16:31:39.012 14031 14031 E RRR     : onNewAzimuth: -607.44586
07-08 16:31:39.016 14031 14031 E RRR     : onNewAzimuth: -607.4276
07-08 16:31:39.022 14031 14031 E RRR     : onNewAzimuth: -607.43005
07-08 16:31:39.036 14031 14031 E RRR     : onNewAzimuth: -607.4109
07-08 16:31:39.036 14031 14031 E RRR     : onNewAzimuth: -607.4065
07-08 16:31:39.037 14031 14031 E RRR     : onNewAzimuth: -607.4109
07-08 16:31:39.037 14031 14031 E RRR     : onNewAzimuth: -607.4065
07-08 16:31:39.043 14031 14031 E RRR     : onNewAzimuth: -607.4088
07-08 16:31:39.056 14031 14031 E RRR     : onNewAzimuth: -607.4253
07-08 16:31:39.056 14031 14031 E RRR     : onNewAzimuth: -607.4417
07-08 16:31:39.061 14031 14031 E RRR     : onNewAzimuth: -607.4253
07-08 16:31:39.062 14031 14031 E RRR     : onNewAzimuth: -607.4417
07-08 16:31:39.062 14031 14031 E RRR     : onNewAzimuth: -607.444
07-08 16:31:39.077 14031 14031 E RRR     : onNewAzimuth: -607.45276
07-08 16:31:39.077 14031 14031 E RRR     : onNewAzimuth: -607.4548
07-08 16:31:39.077 14031 14031 E RRR     : onNewAzimuth: -607.45276
07-08 16:31:39.077 14031 14031 E RRR     : onNewAzimuth: -607.4548
07-08 16:31:39.082 14031 14031 E RRR     : onNewAzimuth: -607.4483
07-08 16:31:39.096 14031 14031 E RRR     : onNewAzimuth: -607.45355
07-08 16:31:39.096 14031 14031 E RRR     : onNewAzimuth: -607.4717
07-08 16:31:39.096 14031 14031 E RRR     : onNewAzimuth: -607.45355
07-08 16:31:39.096 14031 14031 E RRR     : onNewAzimuth: -607.4717
07-08 16:31:39.102 14031 14031 E RRR     : onNewAzimuth: -607.4741
07-08 16:31:39.116 14031 14031 E RRR     : onNewAzimuth: -607.48413
07-08 16:31:39.116 14031 14031 E RRR     : onNewAzimuth: -607.4891
07-08 16:31:39.116 14031 14031 E RRR     : onNewAzimuth: -607.48413
07-08 16:31:39.116 14031 14031 E RRR     : onNewAzimuth: -607.4891
07-08 16:31:39.121 14031 14031 E RRR     : onNewAzimuth: -607.4084
07-08 16:31:39.136 14031 14031 E RRR     : onNewAzimuth: -607.4206
07-08 16:31:39.136 14031 14031 E RRR     : onNewAzimuth: -607.4321
07-08 16:31:39.136 14031 14031 E RRR     : onNewAzimuth: -607.4206
07-08 16:31:39.136 14031 14031 E RRR     : onNewAzimuth: -607.4321
07-08 16:31:39.140 14031 14031 E RRR     : onNewAzimuth: -607.42224
07-08 16:31:39.157 14031 14031 E RRR     : onNewAzimuth: -607.3973
07-08 16:31:39.157 14031 14031 E RRR     : onNewAzimuth: -607.34735
07-08 16:31:39.157 14031 14031 E RRR     : onNewAzimuth: -607.3973
07-08 16:31:39.157 14031 14031 E RRR     : onNewAzimuth: -607.34735
07-08 16:31:39.168 14031 14031 E RRR     : onNewAzimuth: -607.3091
07-08 16:31:39.169 14031 14031 E RRR     : onNewAzimuth: -607.38684
07-08 16:31:39.169 14031 14031 E RRR     : onNewAzimuth: -607.3091
07-08 16:31:39.169 14031 14031 E RRR     : onNewAzimuth: -607.38684
07-08 16:31:39.175 14031 14031 E RRR     : onNewAzimuth: -607.36676
07-08 16:31:39.182 14031 14031 E RRR     : onNewAzimuth: -607.36084
07-08 16:31:39.197 14031 14031 E RRR     : onNewAzimuth: -607.34216
07-08 16:31:39.197 14031 14031 E RRR     : onNewAzimuth: -607.30237
07-08 16:31:39.197 14031 14031 E RRR     : onNewAzimuth: -607.34216
07-08 16:31:39.197 14031 14031 E RRR     : onNewAzimuth: -607.30237
07-08 16:31:39.201 14031 14031 E RRR     : onNewAzimuth: -607.2965
07-08 16:31:39.205 14031 14031 E RRR     : onNewAzimuth: -607.2539
07-08 16:31:39.216 14031 14031 E RRR     : onNewAzimuth: -607.25665
07-08 16:31:39.221 14031 14031 E RRR     : onNewAzimuth: -607.3269
07-08 16:31:39.235 14031 14031 E RRR     : onNewAzimuth: -607.3819
07-08 16:31:39.237 14031 14031 E RRR     : onNewAzimuth: -607.42505
07-08 16:31:39.279  6310  6310 D BoundBrokerSvc: onUnbind: Intent { act=com.google.android.gms.libs.gmscorelogger.service.START dat=chimera-action:/... xflg=0x4 cmp=com.google.android.gms/.chimera.PersistentDirectBootAwareApiService }
07-08 16:31:39.296 14031 14031 E RRR     : onNewAzimuth: -607.41736
07-08 16:31:39.296 14031 14031 E RRR     : onNewAzimuth: -607.4238
07-08 16:31:39.296 14031 14031 E RRR     : onNewAzimuth: -607.4021
07-08 16:31:39.296 14031 14031 E RRR     : onNewAzimuth: -607.3946
07-08 16:31:39.296 14031 14031 E RRR     : onNewAzimuth: -607.37573
07-08 16:31:39.296 14031 14031 E RRR     : onNewAzimuth: -607.3657
07-08 16:31:39.296 14031 14031 E RRR     : onNewAzimuth: -607.44025
07-08 16:31:39.296 14031 14031 E RRR     : onNewAzimuth: -607.4454
07-08 16:31:39.296 14031 14031 E RRR     : onNewAzimuth: -607.46185
07-08 16:31:39.296 14031 14031 E RRR     : onNewAzimuth: -607.41736
07-08 16:31:39.296 14031 14031 E RRR     : onNewAzimuth: -607.4238
07-08 16:31:39.296 14031 14031 E RRR     : onNewAzimuth: -607.4021
07-08 16:31:39.296 14031 14031 E RRR     : onNewAzimuth: -607.3946
07-08 16:31:39.296 14031 14031 E RRR     : onNewAzimuth: -607.37573
07-08 16:31:39.296 14031 14031 E RRR     : onNewAzimuth: -607.3657
07-08 16:31:39.296 14031 14031 E RRR     : onNewAzimuth: -607.44025
07-08 16:31:39.296 14031 14031 E RRR     : onNewAzimuth: -607.4454
07-08 16:31:39.296 14031 14031 E RRR     : onNewAzimuth: -607.46185
07-08 16:31:39.315 14031 14031 E RRR     : onNewAzimuth: -607.4524
07-08 16:31:39.315 14031 14031 E RRR     : onNewAzimuth: -607.46454
07-08 16:31:39.315 14031 14031 E RRR     : onNewAzimuth: -607.4524
07-08 16:31:39.315 14031 14031 E RRR     : onNewAzimuth: -607.46454
07-08 16:31:39.321 14031 14031 E RRR     : onNewAzimuth: -607.46246
07-08 16:31:39.322 14031 14031 E RRR     : onNewAzimuth: -607.4459
07-08 16:31:39.347 28667 28667 V InputMethod: startInput(): editor=android.view.inputmethod.EditorInfo@a3e5840
07-08 16:31:39.347 28667 28667 V InputMethodService: CALL: doFinishInput
07-08 16:31:39.347 28667 28667 D InlineSuggestionSessionController: notifyOnFinishInput
07-08 16:31:39.347 28667 28667 V InputMethodService: CALL: onFinishInput
07-08 16:31:39.347 28667 28667 I GoogleInputMethodService: GoogleInputMethodService.onFinishInput():2276 
07-08 16:31:39.350 28667 28667 I Module  : DeviceLockedStatusModuleProvider$Module.updateDeviceLockedStatusInternal():129 repeatCheckTimes = 0, locked = false
07-08 16:31:39.350 28667 28667 V InputMethodService: finishStylusHandwriting()
07-08 16:31:39.350 28667 28667 D InlineSuggestionSessionController: notifyOnStartInput: com.android.launcher3, 0
07-08 16:31:39.350 28667 28667 V InputMethodService: CALL: onStartInput
07-08 16:31:39.350 17088 17088 I lahalarm.lxw9zs: Using generational CollectorTypeCC GC.
07-08 16:31:39.351 28667 28667 I GoogleInputMethodService: GoogleInputMethodService.onStartInput():1460 onStartInput(EditorInfo{EditorInfo{packageName=com.android.launcher3, inputType=0, inputTypeString=NULL, enableLearning=false, autoCorrection=false, autoComplete=false, imeOptions=0, privateImeOptions=null, actionName=UNSPECIFIED, actionLabel=null, initialSelStart=-1, initialSelEnd=-1, initialCapsMode=0, label=null, fieldId=0, fieldName=null, extras=null, hintText=null, hintLocales=[]}}, false)
07-08 16:31:39.352 28667 28667 I LatinIMEBase: LatinIMEBase.updateInputViewCoverNavigation():317 Update input view padding, isNavbarOverInputWindow=true, bottom inset=126
07-08 16:31:39.353 28667 28667 I Module  : DeviceLockedStatusModuleProvider$Module.updateDeviceLockedStatusInternal():129 repeatCheckTimes = 1, locked = false
07-08 16:31:39.363 17088 17088 D nativeloader: Load libframework-connectivity-tiramisu-jni.so using APEX ns com_android_tethering for caller /apex/com.android.tethering/javalib/framework-connectivity-t.jar: ok
07-08 16:31:39.364 17088 17088 E lahalarm.lxw9zs: BBinder_init Processname  com.emergent.salahalarm.lxw9zs  
07-08 16:31:39.364 17088 17088 E lahalarm.lxw9zs: BBinder_init hasGetProcessName  com.emergent.salahalarm.lxw9zs
07-08 16:31:39.369 14031 14031 E RRR     : onNewAzimuth: -607.43494
07-08 16:31:39.369 14031 14031 E RRR     : onNewAzimuth: -607.4265
07-08 16:31:39.369 14031 14031 E RRR     : onNewAzimuth: -607.4105
07-08 16:31:39.369 14031 14031 E RRR     : onNewAzimuth: -607.4065
07-08 16:31:39.369 14031 14031 E RRR     : onNewAzimuth: -607.4132
07-08 16:31:39.369 14031 14031 E RRR     : onNewAzimuth: -607.4795
07-08 16:31:39.369 14031 14031 E RRR     : onNewAzimuth: -607.49835
07-08 16:31:39.369 14031 14031 E RRR     : onNewAzimuth: -607.46246
07-08 16:31:39.369 14031 14031 E RRR     : onNewAzimuth: -607.4459
07-08 16:31:39.369 14031 14031 E RRR     : onNewAzimuth: -607.43494
07-08 16:31:39.370 14031 14031 E RRR     : onNewAzimuth: -607.4265
07-08 16:31:39.370 14031 14031 E RRR     : onNewAzimuth: -607.4105
07-08 16:31:39.370 14031 14031 E RRR     : onNewAzimuth: -607.4065
07-08 16:31:39.370 14031 14031 E RRR     : onNewAzimuth: -607.4132
07-08 16:31:39.370 14031 14031 E RRR     : onNewAzimuth: -607.4795
07-08 16:31:39.370 14031 14031 E RRR     : onNewAzimuth: -607.49835
07-08 16:31:39.375 14031 14031 E RRR     : onNewAzimuth: -607.5209
07-08 16:31:39.406 14031 14031 E RRR     : onNewAzimuth: -607.5388
07-08 16:31:39.406 14031 14031 E RRR     : onNewAzimuth: -607.5136
07-08 16:31:39.406 14031 14031 E RRR     : onNewAzimuth: -607.521
07-08 16:31:39.406 14031 14031 E RRR     : onNewAzimuth: -607.4966
07-08 16:31:39.406 14031 14031 E RRR     : onNewAzimuth: -607.5388
07-08 16:31:39.406 14031 14031 E RRR     : onNewAzimuth: -607.5136
07-08 16:31:39.406 14031 14031 E RRR     : onNewAzimuth: -607.521
07-08 16:31:39.406 14031 14031 E RRR     : onNewAzimuth: -607.4966
07-08 16:31:39.407 14031 14031 E RRR     : onNewAzimuth: -607.4851
07-08 16:31:39.413 19536 19536 I cbfe    : onPause
07-08 16:31:39.415 19536 19536 W drep    : measuring already stopped.
07-08 16:31:39.418 14031 14031 E RRR     : onNewAzimuth: -607.4627
07-08 16:31:39.421 17088 17088 D nativeloader: Configuring clns-9 for other apk /data/app/~~GLLvvSbyipcjh8RgLZGabQ==/com.emergent.salahalarm.lxw9zs-mV6fl1Z5kuDVBfRrsKdTSw==/base.apk. target_sdk_version=36, uses_libraries=, library_path=/data/app/~~GLLvvSbyipcjh8RgLZGabQ==/com.emergent.salahalarm.lxw9zs-mV6fl1Z5kuDVBfRrsKdTSw==/lib/arm64:/data/app/~~GLLvvSbyipcjh8RgLZGabQ==/com.emergent.salahalarm.lxw9zs-mV6fl1Z5kuDVBfRrsKdTSw==/base.apk!/lib/arm64-v8a, permitted_path=/data:/mnt/expand:/data/user/0/com.emergent.salahalarm.lxw9zs
07-08 16:31:39.422 14031 14031 E RRR     : onNewAzimuth: -607.44666
07-08 16:31:39.425 17088 17088 I lahalarm.lxw9zs: AssetManager2(0xb4000077a0288758) locale list changing from [] to [en-GB]
07-08 16:31:39.429 17088 17088 W VSPA    : Unable to open /proc/vivo_rsc/frame_set_priority: Permission denied
07-08 16:31:39.430 17088 17088 W VSPA    : Unable to open /proc/vivo_rsc/frame_set_priority: Permission denied
07-08 16:31:39.433 17088 17088 V GraphicsEnvironment: Currently set values for:
07-08 16:31:39.433 17088 17088 V GraphicsEnvironment:   angle_gl_driver_selection_pkgs=[com.android.angle, com.linecorp.b612.android, com.campmobile.snow, com.google.android.apps.tachyon]
07-08 16:31:39.433 17088 17088 V GraphicsEnvironment:   angle_gl_driver_selection_values=[angle, native, native, native]
07-08 16:31:39.433 17088 17088 V GraphicsEnvironment: com.emergent.salahalarm.lxw9zs is not listed in per-application setting
07-08 16:31:39.433 17088 17088 V GraphicsEnvironment: ANGLE allowlist from config: 
07-08 16:31:39.433 17088 17088 V GraphicsEnvironment: com.emergent.salahalarm.lxw9zs is not listed in ANGLE allowlist or settings, returning default
07-08 16:31:39.433 17088 17088 V GraphicsEnvironment: Neither updatable production driver nor prerelease driver is supported.
07-08 16:31:39.444 14031 14031 E RRR     : onNewAzimuth: -607.4289
07-08 16:31:39.444 14031 14031 E RRR     : onNewAzimuth: -607.4226
07-08 16:31:39.445 14031 14031 E RRR     : onNewAzimuth: -607.44666
07-08 16:31:39.445 14031 14031 E RRR     : onNewAzimuth: -607.4289
07-08 16:31:39.445 14031 14031 E RRR     : onNewAzimuth: -607.4226
07-08 16:31:39.445 14031 14031 E RRR     : onNewAzimuth: -607.4248
07-08 16:31:39.445 14031 14031 E RRR     : onNewAzimuth: -607.4093
07-08 16:31:39.445 14031 14031 E RRR     : onNewAzimuth: -607.4248
07-08 16:31:39.445 14031 14031 E RRR     : onNewAzimuth: -607.4093
07-08 16:31:39.450 17088 17088 W FirebaseApp: Default FirebaseApp failed to initialize because no default options were found. This usually means that com.google.gms:google-services was not applied to your gradle project.
07-08 16:31:39.450 17088 17088 I FirebaseInitProvider: FirebaseApp initialization unsuccessful
07-08 16:31:39.455 17088 17088 D WM-WrkMgrInitializer: Initializing WorkManager with default configuration.
07-08 16:31:39.458 17088 17088 D NOTIFEE : (context): received application context
07-08 16:31:39.461 17088 17088 W SoLoader: Initializing SoLoader: 0
07-08 16:31:39.461 17088 17088 W SoLoader: Recording new base apk path: /data/app/~~GLLvvSbyipcjh8RgLZGabQ==/com.emergent.salahalarm.lxw9zs-mV6fl1Z5kuDVBfRrsKdTSw==/base.apk
07-08 16:31:39.461 17088 17088 W SoLoader: Previously recorded 0 base apk paths.
07-08 16:31:39.461 17088 17088 I SoLoader: Preparing SO source: DirectorySoSource[root = /vendor/lib64 flags = 2]
07-08 16:31:39.461 17088 17088 I SoLoader: Preparing SO source: DirectorySoSource[root = /system/lib64 flags = 2]
07-08 16:31:39.461 17088 17088 I SoLoader: Preparing SO source: DirectApkSoSource[root = [/data/app/~~GLLvvSbyipcjh8RgLZGabQ==/com.emergent.salahalarm.lxw9zs-mV6fl1Z5kuDVBfRrsKdTSw==/base.apk!/lib/arm64-v8a]]
07-08 16:31:39.465 17088 17088 I SoLoader: Preparing SO source: ApplicationSoSource[DirectorySoSource[root = /data/app/~~GLLvvSbyipcjh8RgLZGabQ==/com.emergent.salahalarm.lxw9zs-mV6fl1Z5kuDVBfRrsKdTSw==/lib/arm64 flags = 0]]
07-08 16:31:39.465 17088 17088 I SoLoader: init finish: 4 SO sources prepared
07-08 16:31:39.465 17088 17088 W SoLoader: SoLoader initialized: 8
07-08 16:31:39.473 17088 17088 D nativeloader: Load /data/app/~~GLLvvSbyipcjh8RgLZGabQ==/com.emergent.salahalarm.lxw9zs-mV6fl1Z5kuDVBfRrsKdTSw==/base.apk!/lib/arm64-v8a/libc++_shared.so using class loader ns clns-9 (caller=/data/app/~~GLLvvSbyipcjh8RgLZGabQ==/com.emergent.salahalarm.lxw9zs-mV6fl1Z5kuDVBfRrsKdTSw==/base.apk!classes2.dex): ok
07-08 16:31:39.477 17088 17088 D nativeloader: Load /data/app/~~GLLvvSbyipcjh8RgLZGabQ==/com.emergent.salahalarm.lxw9zs-mV6fl1Z5kuDVBfRrsKdTSw==/base.apk!/lib/arm64-v8a/libjsi.so using class loader ns clns-9 (caller=/data/app/~~GLLvvSbyipcjh8RgLZGabQ==/com.emergent.salahalarm.lxw9zs-mV6fl1Z5kuDVBfRrsKdTSw==/base.apk!classes2.dex): ok
07-08 16:31:39.481 14031 14031 E RRR     : onNewAzimuth: -607.4149
07-08 16:31:39.481 14031 14031 E RRR     : onNewAzimuth: -607.39233
07-08 16:31:39.481 14031 14031 E RRR     : onNewAzimuth: -607.3954
07-08 16:31:39.481 14031 14031 E RRR     : onNewAzimuth: -607.39105
07-08 16:31:39.481 14031 14031 E RRR     : onNewAzimuth: -607.4523
07-08 16:31:39.482 14031 14031 E RRR     : onNewAzimuth: -607.4149
07-08 16:31:39.482 14031 14031 E RRR     : onNewAzimuth: -607.39233
07-08 16:31:39.482 14031 14031 E RRR     : onNewAzimuth: -607.3954
07-08 16:31:39.482 14031 14031 E RRR     : onNewAzimuth: -607.39105
07-08 16:31:39.482 14031 14031 E RRR     : onNewAzimuth: -607.4523
07-08 16:31:39.482 17088 17088 D nativeloader: Load /data/app/~~GLLvvSbyipcjh8RgLZGabQ==/com.emergent.salahalarm.lxw9zs-mV6fl1Z5kuDVBfRrsKdTSw==/base.apk!/lib/arm64-v8a/libfbjni.so using class loader ns clns-9 (caller=/data/app/~~GLLvvSbyipcjh8RgLZGabQ==/com.emergent.salahalarm.lxw9zs-mV6fl1Z5kuDVBfRrsKdTSw==/base.apk!classes2.dex): ok
07-08 16:31:39.487 14031 14031 E RRR     : onNewAzimuth: -607.4398
07-08 16:31:39.489 17088 17088 D nativeloader: Load /data/app/~~GLLvvSbyipcjh8RgLZGabQ==/com.emergent.salahalarm.lxw9zs-mV6fl1Z5kuDVBfRrsKdTSw==/base.apk!/lib/arm64-v8a/libreactnative.so using class loader ns clns-9 (caller=/data/app/~~GLLvvSbyipcjh8RgLZGabQ==/com.emergent.salahalarm.lxw9zs-mV6fl1Z5kuDVBfRrsKdTSw==/base.apk!classes2.dex): ok
07-08 16:31:39.489 17088 17088 D jni_lib_merge: Entering merged library JNI_OnLoad.
07-08 16:31:39.489 17088 17088 D jni_lib_merge: Preparing 12 pre-merged libs (including stub)
07-08 16:31:39.489 17088 17088 D jni_lib_merge: Preparing to register libfabricjni_so.  onload_func: 0x7642ebbedc
07-08 16:31:39.489 17088 17088 D jni_lib_merge: Preparing to register libreact_devsupportjni_so.  onload_func: 0x7642f8cf40
07-08 16:31:39.489 17088 17088 D jni_lib_merge: Preparing to register libreact_featureflagsjni_so.  onload_func: 0x7642f9f9f8
07-08 16:31:39.489 17088 17088 D jni_lib_merge: Preparing to register libreact_newarchdefaults_so.  onload_func: 0x7642fc4e30
07-08 16:31:39.489 17088 17088 D jni_lib_merge: Preparing to register libreactnativeblob_so.  onload_func: 0x76430575b0
07-08 16:31:39.489 17088 17088 D jni_lib_merge: Preparing to register libreactnativejni_so.  onload_func: 0x7643071b24
07-08 16:31:39.489 17088 17088 D jni_lib_merge: Preparing to register libreactnativejni_common_so.  onload_func: 0x7643078458
07-08 16:31:39.489 17088 17088 D jni_lib_merge: Preparing to register librninstance_so.  onload_func: 0x7643094070
07-08 16:31:39.489 17088 17088 D jni_lib_merge: Preparing to register libturbomodulejsijni_so.  onload_func: 0x764312c1a4
07-08 16:31:39.489 17088 17088 D jni_lib_merge: Preparing to register libuimanagerjni_so.  onload_func: 0x76431337e0
07-08 16:31:39.489 17088 17088 D jni_lib_merge: Preparing to register libyoga_so.  onload_func: 0x764313ada4
07-08 16:31:39.489 17088 17088 D jni_lib_merge: About to register 11 actual methods.
07-08 16:31:39.495 14031 14031 E RRR     : onNewAzimuth: -607.4204
07-08 16:31:39.497 17088 17088 D nativeloader: Load /data/app/~~GLLvvSbyipcjh8RgLZGabQ==/com.emergent.salahalarm.lxw9zs-mV6fl1Z5kuDVBfRrsKdTSw==/base.apk!/lib/arm64-v8a/libreact_codegen_rnscreens.so using class loader ns clns-9 (caller=/data/app/~~GLLvvSbyipcjh8RgLZGabQ==/com.emergent.salahalarm.lxw9zs-mV6fl1Z5kuDVBfRrsKdTSw==/base.apk!classes2.dex): ok
07-08 16:31:39.497 17088 17088 D jni_lib_merge: Entering merged library JNI_OnLoad.
07-08 16:31:39.497 17088 17088 D jni_lib_merge: Preparing 12 pre-merged libs (including stub)
07-08 16:31:39.497 17088 17088 D jni_lib_merge: Preparing to register libfabricjni_so.  onload_func: 0x7642ebbedc
07-08 16:31:39.497 17088 17088 D jni_lib_merge: Preparing to register libreact_devsupportjni_so.  onload_func: 0x7642f8cf40
07-08 16:31:39.497 17088 17088 D jni_lib_merge: Preparing to register libreact_featureflagsjni_so.  onload_func: 0x7642f9f9f8
07-08 16:31:39.497 17088 17088 D jni_lib_merge: Preparing to register libreact_newarchdefaults_so.  onload_func: 0x7642fc4e30
07-08 16:31:39.497 17088 17088 D jni_lib_merge: Preparing to register libreactnativeblob_so.  onload_func: 0x76430575b0
07-08 16:31:39.497 17088 17088 D jni_lib_merge: Preparing to register libreactnativejni_so.  onload_func: 0x7643071b24
07-08 16:31:39.497 17088 17088 D jni_lib_merge: Preparing to register libreactnativejni_common_so.  onload_func: 0x7643078458
07-08 16:31:39.497 17088 17088 D jni_lib_merge: Preparing to register librninstance_so.  onload_func: 0x7643094070
07-08 16:31:39.497 17088 17088 D jni_lib_merge: Preparing to register libturbomodulejsijni_so.  onload_func: 0x764312c1a4
07-08 16:31:39.497 17088 17088 D jni_lib_merge: Preparing to register libuimanagerjni_so.  onload_func: 0x76431337e0
07-08 16:31:39.497 17088 17088 D jni_lib_merge: Preparing to register libyoga_so.  onload_func: 0x764313ada4
07-08 16:31:39.497 17088 17088 D jni_lib_merge: About to register 11 actual methods.
07-08 16:31:39.501 17088 17088 D nativeloader: Load /data/app/~~GLLvvSbyipcjh8RgLZGabQ==/com.emergent.salahalarm.lxw9zs-mV6fl1Z5kuDVBfRrsKdTSw==/base.apk!/lib/arm64-v8a/libreact_codegen_RNCSlider.so using class loader ns clns-9 (caller=/data/app/~~GLLvvSbyipcjh8RgLZGabQ==/com.emergent.salahalarm.lxw9zs-mV6fl1Z5kuDVBfRrsKdTSw==/base.apk!classes2.dex): ok
07-08 16:31:39.504 17088 17088 D nativeloader: Load /data/app/~~GLLvvSbyipcjh8RgLZGabQ==/com.emergent.salahalarm.lxw9zs-mV6fl1Z5kuDVBfRrsKdTSw==/base.apk!/lib/arm64-v8a/libreact_codegen_safeareacontext.so using class loader ns clns-9 (caller=/data/app/~~GLLvvSbyipcjh8RgLZGabQ==/com.emergent.salahalarm.lxw9zs-mV6fl1Z5kuDVBfRrsKdTSw==/base.apk!classes2.dex): ok
07-08 16:31:39.508 17088 17088 D nativeloader: Load /data/app/~~GLLvvSbyipcjh8RgLZGabQ==/com.emergent.salahalarm.lxw9zs-mV6fl1Z5kuDVBfRrsKdTSw==/base.apk!/lib/arm64-v8a/libappmodules.so using class loader ns clns-9 (caller=/data/app/~~GLLvvSbyipcjh8RgLZGabQ==/com.emergent.salahalarm.lxw9zs-mV6fl1Z5kuDVBfRrsKdTSw==/base.apk!classes2.dex): ok
--------- beginning of system
07-08 16:31:39.523 17088 17117 I DisplayManager: Choreographer implicitly registered for the refresh rate.
07-08 16:31:39.524 17088 17088 I lahalarm.lxw9zs: AssetManager2(0xb4000077a028acd8) locale list changing from [] to [en-GB]
07-08 16:31:39.524 17088 17117 I GameManager: __progname=com.emergent.salahalarm.lxw9zs
07-08 16:31:39.528 17088 17088 D AppCompatDelegate: Checking for metadata for AppLocalesMetadataHolderService : Service not found
07-08 16:31:39.528 17088 17088 I lahalarm.lxw9zs: AssetManager2(0xb4000077a028d578) locale list changing from [] to [en-GB]
07-08 16:31:39.535 14031 14031 E RRR     : onNewAzimuth: -607.4055
07-08 16:31:39.535 14031 14031 E RRR     : onNewAzimuth: -607.38635
07-08 16:31:39.535 14031 14031 E RRR     : onNewAzimuth: -607.36975
07-08 16:31:39.535 14031 14031 E RRR     : onNewAzimuth: -607.354
07-08 16:31:39.535 14031 14031 E RRR     : onNewAzimuth: -607.3422
07-08 16:31:39.535 14031 14031 E RRR     : onNewAzimuth: -607.4055
07-08 16:31:39.535 14031 14031 E RRR     : onNewAzimuth: -607.38635
07-08 16:31:39.535 14031 14031 E RRR     : onNewAzimuth: -607.36975
07-08 16:31:39.535 14031 14031 E RRR     : onNewAzimuth: -607.354
07-08 16:31:39.535 14031 14031 E RRR     : onNewAzimuth: -607.3422
07-08 16:31:39.544 17088 17088 W VSPA    : Unable to open /proc/vivo_rsc/frame_set_priority: Permission denied
07-08 16:31:39.545 14031 14031 E RRR     : onNewAzimuth: -607.3384
07-08 16:31:39.545 14031 14031 E RRR     : onNewAzimuth: -607.40454
07-08 16:31:39.545 14031 14031 E RRR     : onNewAzimuth: -607.3384
07-08 16:31:39.545 14031 14031 E RRR     : onNewAzimuth: -607.40454
07-08 16:31:39.545 17088 17088 W VSPA    : Unable to open /proc/vivo_rsc/frame_set_priority: Permission denied
07-08 16:31:39.548 17088 17088 D CompatChangeReporter: Compat change id reported: 377864165; UID 10686; state: ENABLED
07-08 16:31:39.550 17088 17088 D DesktopModeFlags: Toggle override initialized to: OVERRIDE_UNSET
07-08 16:31:39.563 17088 17088 W VSPA    : Unable to open /proc/vivo_rsc/frame_set_priority: Permission denied
07-08 16:31:39.564 17088 17088 W VSPA    : Unable to open /proc/vivo_rsc/frame_set_priority: Permission denied
07-08 16:31:39.564 17088 17088 W unknown:BridgelessReact: ReactHost{0}.startSurface(surfaceId = 0): Schedule
07-08 16:31:39.564 17088 17088 W unknown:BridgelessReact: ReactHost{0}.attachSurface(surfaceId = 0)
07-08 16:31:39.565 14031 14031 E RRR     : onNewAzimuth: -607.40466
07-08 16:31:39.565 14031 14031 E RRR     : onNewAzimuth: -607.4097
07-08 16:31:39.565 14031 14031 E RRR     : onNewAzimuth: -607.4812
07-08 16:31:39.565 14031 14031 E RRR     : onNewAzimuth: -607.40466
07-08 16:31:39.565 14031 14031 E RRR     : onNewAzimuth: -607.4097
07-08 16:31:39.565 14031 14031 E RRR     : onNewAzimuth: -607.4812
07-08 16:31:39.565 17088 17134 W unknown:BridgelessReact: ReactHost{0}.getOrCreateReactInstanceTask()
07-08 16:31:39.565 17088 17134 W unknown:BridgelessReact: ReactHost{0}.getOrCreateReactInstanceTask(): Start
07-08 16:31:39.565 17088 17134 W unknown:BridgelessReact: ReactHost{0}.getJSBundleLoader()
07-08 16:31:39.565 17088 17134 W unknown:BridgelessReact: ReactHost{0}.getOrCreateReactContext(): Creating BridgelessReactContext
07-08 16:31:39.566 17088 17134 W unknown:BridgelessReact: ReactHost{0}.getOrCreateReactInstanceTask(): Creating ReactInstance
07-08 16:31:39.568 14031 14031 E RRR     : onNewAzimuth: -607.5011
07-08 16:31:39.568 17088 17088 W WindowOnBackDispatcher: OnBackInvokedCallback is not enabled for the application.
07-08 16:31:39.568 17088 17088 W WindowOnBackDispatcher: Set 'android:enableOnBackInvokedCallback="true"' in the application manifest.
07-08 16:31:39.572 17088 17088 W unknown:BridgelessReact: ReactHost{0}.onHostResume(activity)
07-08 16:31:39.572 17088 17088 W unknown:BridgelessReact: ReactContext.onHostResume()
07-08 16:31:39.575 14031 14031 E RRR     : onNewAzimuth: -607.5204
07-08 16:31:39.578 17088 17088 W libc    : Access denied finding property "persist.vivo.ltw.enabled"
07-08 16:31:39.580 17088 17134 D nativeloader: Load /data/app/~~GLLvvSbyipcjh8RgLZGabQ==/com.emergent.salahalarm.lxw9zs-mV6fl1Z5kuDVBfRrsKdTSw==/base.apk!/lib/arm64-v8a/libhermes.so using class loader ns clns-9 (caller=/data/app/~~GLLvvSbyipcjh8RgLZGabQ==/com.emergent.salahalarm.lxw9zs-mV6fl1Z5kuDVBfRrsKdTSw==/base.apk!classes2.dex): ok
07-08 16:31:39.582 17088 17138 W ServiceManagerCppClient: Failed to get isDeclared for mapper/mediatek: Status(-1, EX_SECURITY): 'SELinux denied for service.'
07-08 16:31:39.582 17088 17138 E Gralloc5: Failed to load mapper.mediatek.so
07-08 16:31:39.583 17088 17134 D nativeloader: Load /data/app/~~GLLvvSbyipcjh8RgLZGabQ==/com.emergent.salahalarm.lxw9zs-mV6fl1Z5kuDVBfRrsKdTSw==/base.apk!/lib/arm64-v8a/libhermestooling.so using class loader ns clns-9 (caller=/data/app/~~GLLvvSbyipcjh8RgLZGabQ==/com.emergent.salahalarm.lxw9zs-mV6fl1Z5kuDVBfRrsKdTSw==/base.apk!classes2.dex): ok
07-08 16:31:39.584 17088 17134 D jni_lib_merge: Entering merged library JNI_OnLoad.
07-08 16:31:39.584 17088 17134 D jni_lib_merge: Preparing 4 pre-merged libs (including stub)
07-08 16:31:39.584 17088 17134 D jni_lib_merge: Preparing to register libhermes_executor_so.  onload_func: 0x76c695d4b0
07-08 16:31:39.584 17088 17134 D jni_lib_merge: Preparing to register libhermesinstancejni_so.  onload_func: 0x76c6964900
07-08 16:31:39.584 17088 17134 D jni_lib_merge: Preparing to register libjsijniprofiler_so.  onload_func: 0x76c69650ec
07-08 16:31:39.584 17088 17134 D jni_lib_merge: About to register 3 actual methods.
07-08 16:31:39.600 17088 17088 D ViewRootImpl: AppSizeAfterRelayout, size: Point(1260, 2800), rotation: ROTATION_0
07-08 16:31:39.601 17088 17088 E lahalarm.lxw9zs: [perfctl] 17088 17088 FPSGO ver:7
07-08 16:31:39.601 17088 17088 E lahalarm.lxw9zs: [perfctl] 1 1 1 0
07-08 16:31:39.602 17088 17088 D BufferQueueConsumer: [](id:42c000000000,api:0,p:-1,c:17088) connect: controlledByApp=false
07-08 16:31:39.603 17088 17088 D BLASTBufferQueue: [VRI[MainActivity,type=1]#0](f:0,a:0) constructor()
07-08 16:31:39.603 17088 17088 D BLASTBufferQueue: [VRI[MainActivity,type=1]#0](f:0,a:0) update width=1260 height=2800 format=-1 mTransformHint=0
07-08 16:31:39.606 17088 17117 W BLASTBufferQueue: Unable to open /proc/vivo_rsc/frame_set_priority: Permission denied
07-08 16:31:39.606 17088 17117 I BLASTBufferQueue: QoSAllocBuff Successful. Ret 0 
