07-08 16:31:39.607 17088 17088 W VSPA    : Unable to open /proc/vivo_rsc/frame_set_priority: Permission denied
07-08 16:31:39.608 17088 17088 W VSPA    : Unable to open /proc/vivo_rsc/frame_set_priority: Permission denied
07-08 16:31:39.608 17088 17088 W VSPA    : Unable to open /proc/vivo_rsc/frame_set_priority: Permission denied
07-08 16:31:39.609 17088 17088 W VSPA    : Unable to open /proc/vivo_rsc/frame_set_priority: Permission denied
07-08 16:31:39.611 14031 14031 E RRR     : onNewAzimuth: -607.5763
07-08 16:31:39.611 14031 14031 E RRR     : onNewAzimuth: -607.5764
07-08 16:31:39.611 14031 14031 E RRR     : onNewAzimuth: -607.56714
07-08 16:31:39.611 14031 14031 E RRR     : onNewAzimuth: -607.55347
07-08 16:31:39.611 14031 14031 E RRR     : onNewAzimuth: -607.5325
07-08 16:31:39.611 14031 14031 E RRR     : onNewAzimuth: -607.5763
07-08 16:31:39.611 14031 14031 E RRR     : onNewAzimuth: -607.5764
07-08 16:31:39.611 14031 14031 E RRR     : onNewAzimuth: -607.56714
07-08 16:31:39.611 14031 14031 E RRR     : onNewAzimuth: -607.55347
07-08 16:31:39.611 14031 14031 E RRR     : onNewAzimuth: -607.5325
07-08 16:31:39.614 14031 14031 E RRR     : onNewAzimuth: -607.515
07-08 16:31:39.628 17088 17134 I ExpoModulesCore: ✅ AppContext was initialized
07-08 16:31:39.645 14031 14031 E RRR     : onNewAzimuth: -607.4946
07-08 16:31:39.645 14031 14031 E RRR     : onNewAzimuth: -607.48065
07-08 16:31:39.645 14031 14031 E RRR     : onNewAzimuth: -607.4744
07-08 16:31:39.645 14031 14031 E RRR     : onNewAzimuth: -607.45465
07-08 16:31:39.645 14031 14031 E RRR     : onNewAzimuth: -607.4946
07-08 16:31:39.645 14031 14031 E RRR     : onNewAzimuth: -607.48065
07-08 16:31:39.645 14031 14031 E RRR     : onNewAzimuth: -607.4744
07-08 16:31:39.645 14031 14031 E RRR     : onNewAzimuth: -607.45465
07-08 16:31:39.645 17088 17134 W unknown:BridgelessReact: ReactHost{0}.getOrCreateReactInstanceTask(): Loading JS Bundle
07-08 16:31:39.646 17088 17134 W unknown:BridgelessReact: ReactHost{0}.getOrCreateReactInstanceTask(): Calling DevSupportManagerBase.onNewReactContextCreated(reactContext)
07-08 16:31:39.646 17088 17134 W unknown:BridgelessReact: ReactHost{0}.startSurface(surfaceId = 0): Execute
07-08 16:31:39.650 14031 14031 E RRR     : onNewAzimuth: -607.45776
07-08 16:31:39.654 17088 17088 W unknown:BridgelessReact: ReactContext.onHostResume()
07-08 16:31:39.654 17088 17088 W unknown:BridgelessReact: ReactHost{0}.getOrCreateReactInstanceTask(): Executing ReactInstanceEventListeners
07-08 16:31:39.665 17088 17135 D nativeloader: Load /data/app/~~GLLvvSbyipcjh8RgLZGabQ==/com.emergent.salahalarm.lxw9zs-mV6fl1Z5kuDVBfRrsKdTSw==/base.apk!/lib/arm64-v8a/libexpo-modules-core.so using class loader ns clns-9 (caller=/data/app/~~GLLvvSbyipcjh8RgLZGabQ==/com.emergent.salahalarm.lxw9zs-mV6fl1Z5kuDVBfRrsKdTSw==/base.apk!classes2.dex): ok
07-08 16:31:39.676 17088 17135 W unknown:ViewManagerPropertyUpdater: Could not find generated setter for class com.th3rdwave.safeareacontext.SafeAreaProviderManager
07-08 16:31:39.676 14031 14031 E RRR     : onNewAzimuth: -607.4573
07-08 16:31:39.676 14031 14031 E RRR     : onNewAzimuth: -607.43805
07-08 16:31:39.676 14031 14031 E RRR     : onNewAzimuth: -607.436
07-08 16:31:39.677 14031 14031 E RRR     : onNewAzimuth: -607.4469
07-08 16:31:39.677 14031 14031 E RRR     : onNewAzimuth: -607.4573
07-08 16:31:39.677 14031 14031 E RRR     : onNewAzimuth: -607.43805
07-08 16:31:39.677 14031 14031 E RRR     : onNewAzimuth: -607.436
07-08 16:31:39.677 14031 14031 E RRR     : onNewAzimuth: -607.4469
07-08 16:31:39.677 17088 17135 W unknown:ViewManagerPropertyUpdater: Could not find generated setter for class com.facebook.react.uimanager.LayoutShadowNode
07-08 16:31:39.678 17088 17135 W unknown:ViewManagerPropertyUpdater: Could not find generated setter for class com.swmansion.rnscreens.SearchBarManager
07-08 16:31:39.678 17088 17135 W unknown:ViewManagerPropertyUpdater: Could not find generated setter for class com.swmansion.rnscreens.ScreenFooterManager
07-08 16:31:39.679 17088 17135 W unknown:ViewManagerPropertyUpdater: Could not find generated setter for class com.swmansion.rnscreens.gamma.tabs.TabScreenViewManager
07-08 16:31:39.680 17088 17135 W unknown:ViewManagerPropertyUpdater: Could not find generated setter for class expo.modules.kotlin.views.GroupViewManagerWrapper
07-08 16:31:39.681 17088 17135 W unknown:ViewManagerPropertyUpdater: Could not find generated setter for class com.swmansion.rnscreens.ScreenContainerViewManager
07-08 16:31:39.681 17088 17135 W unknown:ViewManagerPropertyUpdater: Could not find generated setter for class com.reactnativecommunity.slider.ReactSliderManager
07-08 16:31:39.682 14031 14031 E RRR     : onNewAzimuth: -607.5171
07-08 16:31:39.682 17088 17135 W unknown:ViewManagerPropertyUpdater: Could not find generated setter for class com.swmansion.rnscreens.gamma.tabs.TabsHostViewManager
07-08 16:31:39.683 17088 17135 W unknown:ViewManagerPropertyUpdater: Could not find generated setter for class com.reactnativecommunity.webview.RNCWebViewManager
07-08 16:31:39.684 17088 17135 W unknown:ViewManagerPropertyUpdater: Could not find generated setter for class com.swmansion.rnscreens.ModalScreenViewManager
07-08 16:31:39.685 17088 17135 W unknown:ViewManagerPropertyUpdater: Could not find generated setter for class com.swmansion.rnscreens.ScreenStackHeaderConfigViewManager
07-08 16:31:39.686 17088 17135 W unknown:ViewManagerPropertyUpdater: Could not find generated setter for class com.swmansion.rnscreens.ScreenContentWrapperManager
07-08 16:31:39.686 17088 17135 W unknown:ViewManagerPropertyUpdater: Could not find generated setter for class com.th3rdwave.safeareacontext.SafeAreaViewManager
07-08 16:31:39.686 17088 17135 W unknown:ViewManagerPropertyUpdater: Could not find generated setter for class com.th3rdwave.safeareacontext.SafeAreaViewShadowNode
07-08 16:31:39.687 17088 17135 W unknown:ViewManagerPropertyUpdater: Could not find generated setter for class com.swmansion.rnscreens.ScreenViewManager
07-08 16:31:39.687 17088 17135 W unknown:ViewManagerPropertyUpdater: Could not find generated setter for class expo.modules.kotlin.views.SimpleViewManagerWrapper
07-08 16:31:39.688 17088 17135 W unknown:ViewManagerPropertyUpdater: Could not find generated setter for class com.swmansion.rnscreens.ScreenStackHeaderSubviewManager
07-08 16:31:39.689 17088 17135 W unknown:ViewManagerPropertyUpdater: Could not find generated setter for class com.swmansion.rnscreens.ScreenStackViewManager
07-08 16:31:39.710 14031 14031 E RRR     : onNewAzimuth: -607.53613
07-08 16:31:39.711 14031 14031 E RRR     : onNewAzimuth: -607.5492
07-08 16:31:39.711 14031 14031 E RRR     : onNewAzimuth: -607.61005
07-08 16:31:39.711 14031 14031 E RRR     : onNewAzimuth: -607.6116
07-08 16:31:39.711 14031 14031 E RRR     : onNewAzimuth: -607.53613
07-08 16:31:39.711 14031 14031 E RRR     : onNewAzimuth: -607.5492
07-08 16:31:39.711 14031 14031 E RRR     : onNewAzimuth: -607.61005
07-08 16:31:39.711 14031 14031 E RRR     : onNewAzimuth: -607.6116
07-08 16:31:39.712 17088 17135 W unknown:ViewManagerPropertyUpdater: Could not find generated setter for class com.swmansion.gesturehandler.react.RNGestureHandlerButtonViewManager
07-08 16:31:39.714 17088 17135 W unknown:ViewManagerPropertyUpdater: Could not find generated setter for class com.facebook.react.views.safeareaview.ReactSafeAreaViewManager
07-08 16:31:39.714 17088 17135 W unknown:ViewManagerPropertyUpdater: Could not find generated setter for class com.facebook.react.views.safeareaview.ReactSafeAreaViewShadowNode
07-08 16:31:39.715 17088 17135 W unknown:ViewManagerPropertyUpdater: Could not find generated setter for class com.facebook.react.views.modal.ReactModalHostManager
07-08 16:31:39.717 17088 17135 W unknown:ViewManagerPropertyUpdater: Could not find generated setter for class com.facebook.react.views.text.frescosupport.FrescoBasedReactTextInlineImageViewManager
07-08 16:31:39.717 17088 17135 W unknown:ViewManagerPropertyUpdater: Could not find generated setter for class com.facebook.react.views.text.frescosupport.FrescoBasedReactTextInlineImageShadowNode
07-08 16:31:39.718 17088 17135 W unknown:ViewManagerPropertyUpdater: Could not find generated setter for class com.facebook.react.views.progressbar.ReactProgressBarViewManager
07-08 16:31:39.718 17088 17135 W unknown:ViewManagerPropertyUpdater: Could not find generated setter for class com.facebook.react.views.progressbar.ProgressBarShadowNode
07-08 16:31:39.719 14031 14031 E RRR     : onNewAzimuth: -607.6041
07-08 16:31:39.719 17088 17135 W unknown:ViewManagerPropertyUpdater: Could not find generated setter for class com.facebook.react.views.scroll.ReactHorizontalScrollViewManager
07-08 16:31:39.721 17088 17135 W unknown:ViewManagerPropertyUpdater: Could not find generated setter for class com.facebook.react.views.image.ReactImageManager
07-08 16:31:39.723 17088 17135 W unknown:ViewManagerPropertyUpdater: Could not find generated setter for class com.facebook.react.views.text.ReactTextViewManager
07-08 16:31:39.723 17088 17135 W unknown:ViewManagerPropertyUpdater: Could not find generated setter for class com.facebook.react.views.text.ReactTextShadowNode
07-08 16:31:39.725 17088 17135 W unknown:ViewManagerPropertyUpdater: Could not find generated setter for class com.facebook.react.views.scroll.ReactHorizontalScrollContainerViewManager
07-08 16:31:39.726 17088 17135 W unknown:ViewManagerPropertyUpdater: Could not find generated setter for class com.facebook.react.views.unimplementedview.ReactUnimplementedViewManager
07-08 16:31:39.727 17088 17135 W unknown:ViewManagerPropertyUpdater: Could not find generated setter for class com.facebook.react.views.scroll.ReactScrollViewManager
07-08 16:31:39.730 17088 17135 W unknown:ViewManagerPropertyUpdater: Could not find generated setter for class com.facebook.react.views.view.ReactViewManager
07-08 16:31:39.731 17088 17135 W unknown:ViewManagerPropertyUpdater: Could not find generated setter for class com.facebook.react.views.drawer.ReactDrawerLayoutManager
07-08 16:31:39.732 17088 17135 W unknown:ViewManagerPropertyUpdater: Could not find generated setter for class com.facebook.react.views.switchview.ReactSwitchManager
07-08 16:31:39.732 17088 17135 W unknown:ViewManagerPropertyUpdater: Could not find generated setter for class com.facebook.react.views.switchview.ReactSwitchShadowNode
07-08 16:31:39.733 17088 17135 W unknown:ViewManagerPropertyUpdater: Could not find generated setter for class com.facebook.react.views.text.ReactVirtualTextViewManager
07-08 16:31:39.734 17088 17135 W unknown:ViewManagerPropertyUpdater: Could not find generated setter for class com.facebook.react.views.text.ReactVirtualTextShadowNode
07-08 16:31:39.735 17088 17135 W unknown:ViewManagerPropertyUpdater: Could not find generated setter for class com.facebook.react.views.swiperefresh.SwipeRefreshLayoutManager
07-08 16:31:39.736 17088 17135 W unknown:ViewManagerPropertyUpdater: Could not find generated setter for class com.facebook.react.views.text.ReactRawTextManager
07-08 16:31:39.736 17088 17135 W unknown:ViewManagerPropertyUpdater: Could not find generated setter for class com.facebook.react.views.text.ReactRawTextShadowNode
07-08 16:31:39.737 17088 17135 W unknown:ViewManagerPropertyUpdater: Could not find generated setter for class com.facebook.react.views.textinput.ReactTextInputManager
07-08 16:31:39.738 14031 14031 E RRR     : onNewAzimuth: -607.58154
07-08 16:31:39.738 14031 14031 E RRR     : onNewAzimuth: -607.57056
07-08 16:31:39.738 14031 14031 E RRR     : onNewAzimuth: -607.56036
07-08 16:31:39.738 14031 14031 E RRR     : onNewAzimuth: -607.58154
07-08 16:31:39.738 17088 17135 W unknown:ViewManagerPropertyUpdater: Could not find generated setter for class com.facebook.react.views.textinput.ReactTextInputShadowNode
07-08 16:31:39.738 14031 14031 E RRR     : onNewAzimuth: -607.57056
07-08 16:31:39.738 14031 14031 E RRR     : onNewAzimuth: -607.56036
07-08 16:31:39.740 17088 17135 W unknown:ViewManagerPropertyUpdater: Could not find generated setter for class com.swmansion.gesturehandler.react.RNGestureHandlerRootViewManager
07-08 16:31:39.741 14031 14031 E RRR     : onNewAzimuth: -607.53845
07-08 16:31:39.746 17088 17135 W BridgelessReactContext: [WARNING] Bridgeless doesn't support CatalystInstance. Accessing an API that's not part of the new architecture is not encouraged usage.
07-08 16:31:39.751 14031 14031 E RRR     : onNewAzimuth: -607.5294
07-08 16:31:39.751 17088 17135 I ExpoModulesCore: ✅ JSI interop was installed
07-08 16:31:39.760 17088 17135 I ExpoModulesCore: ✅ Constants were exported
07-08 16:31:39.775 19536 19536 D VRI[GoogleDiscoverWindow,type=4]: visibilityChanged oldVisibility=true newVisibility=false
07-08 16:31:39.777 14031 14031 E RRR     : onNewAzimuth: -607.52655
07-08 16:31:39.777 14031 14031 E RRR     : onNewAzimuth: -607.587
07-08 16:31:39.777 14031 14031 E RRR     : onNewAzimuth: -607.58954
07-08 16:31:39.777 14031 14031 E RRR     : onNewAzimuth: -607.59766
07-08 16:31:39.777 14031 14031 E RRR     : onNewAzimuth: -607.52655
07-08 16:31:39.777 14031 14031 E RRR     : onNewAzimuth: -607.587
07-08 16:31:39.777 14031 14031 E RRR     : onNewAzimuth: -607.58954
07-08 16:31:39.777 14031 14031 E RRR     : onNewAzimuth: -607.59766
07-08 16:31:39.781 14031 14031 E RRR     : onNewAzimuth: -607.65625
07-08 16:31:39.793 14031 14031 E RRR     : onNewAzimuth: -607.6608
07-08 16:31:39.794 14031 14031 E RRR     : onNewAzimuth: -607.6574
07-08 16:31:39.795 19536 19815 I HWUI    : [destroy] CanvasContext will be destroyed.
07-08 16:31:39.801 14031 14031 E RRR     : onNewAzimuth: -607.6326
07-08 16:31:39.814 19536 19536 D ViewRootImpl: AppSizeAfterRelayout, size: Point(1260, 2800), rotation: ROTATION_0
07-08 16:31:39.816 19536 19536 D BLASTBufferQueue: [VRI[GoogleDiscoverWindow,type=4]#896](f:0,a:2) destructor()
07-08 16:31:39.816 19536 19536 D BufferQueueConsumer: [VRI[GoogleDiscoverWindow,type=4]#896(BLAST Consumer)896](id:4c5000000380,api:0,p:-1,c:19536) disconnect
07-08 16:31:39.816 14031 14031 E RRR     : onNewAzimuth: -607.6193
07-08 16:31:39.816 14031 14031 E RRR     : onNewAzimuth: -607.59717
07-08 16:31:39.816 14031 14031 E RRR     : onNewAzimuth: -607.6193
07-08 16:31:39.816 14031 14031 E RRR     : onNewAzimuth: -607.59717
07-08 16:31:39.818 19536 19536 I cbfe    : onStop
07-08 16:31:39.826 17088 17135 D nativeloader: Load /data/app/~~GLLvvSbyipcjh8RgLZGabQ==/com.emergent.salahalarm.lxw9zs-mV6fl1Z5kuDVBfRrsKdTSw==/base.apk!/lib/arm64-v8a/librnscreens.so using class loader ns clns-9 (caller=/data/app/~~GLLvvSbyipcjh8RgLZGabQ==/com.emergent.salahalarm.lxw9zs-mV6fl1Z5kuDVBfRrsKdTSw==/base.apk!classes3.dex): ok
07-08 16:31:39.833 17088 17135 I ReactNativeJS: Running "main"
07-08 16:31:39.852 14031 14031 E RRR     : onNewAzimuth: -607.5709
07-08 16:31:39.852 14031 14031 E RRR     : onNewAzimuth: -607.63586
07-08 16:31:39.852 14031 14031 E RRR     : onNewAzimuth: -607.61084
07-08 16:31:39.852 14031 14031 E RRR     : onNewAzimuth: -607.59204
07-08 16:31:39.852 14031 14031 E RRR     : onNewAzimuth: -607.5709
07-08 16:31:39.852 14031 14031 E RRR     : onNewAzimuth: -607.63586
07-08 16:31:39.852 14031 14031 E RRR     : onNewAzimuth: -607.61084
07-08 16:31:39.852 14031 14031 E RRR     : onNewAzimuth: -607.59204
07-08 16:31:39.858 17088 17135 D nativeloader: Load /data/app/~~GLLvvSbyipcjh8RgLZGabQ==/com.emergent.salahalarm.lxw9zs-mV6fl1Z5kuDVBfRrsKdTSw==/base.apk!/lib/arm64-v8a/libworklets.so using class loader ns clns-9 (caller=/data/app/~~GLLvvSbyipcjh8RgLZGabQ==/com.emergent.salahalarm.lxw9zs-mV6fl1Z5kuDVBfRrsKdTSw==/base.apk!classes2.dex): ok
07-08 16:31:39.864 14031 14031 E RRR     : onNewAzimuth: -607.5769
07-08 16:31:39.864 14031 14031 E RRR     : onNewAzimuth: -607.57574
07-08 16:31:39.864 14031 14031 E RRR     : onNewAzimuth: -607.6393
07-08 16:31:39.864 14031 14031 E RRR     : onNewAzimuth: -607.5769
07-08 16:31:39.864 14031 14031 E RRR     : onNewAzimuth: -607.57574
07-08 16:31:39.864 14031 14031 E RRR     : onNewAzimuth: -607.6393
07-08 16:31:39.873 14031 14031 E RRR     : onNewAzimuth: -607.6457
07-08 16:31:39.873 14031 14031 E RRR     : onNewAzimuth: -607.6531
07-08 16:31:39.874 14031 14031 E RRR     : onNewAzimuth: -607.6457
07-08 16:31:39.874 14031 14031 E RRR     : onNewAzimuth: -607.6531
07-08 16:31:39.886 17088 17135 D nativeloader: Load /data/app/~~GLLvvSbyipcjh8RgLZGabQ==/com.emergent.salahalarm.lxw9zs-mV6fl1Z5kuDVBfRrsKdTSw==/base.apk!/lib/arm64-v8a/libreanimated.so using class loader ns clns-9 (caller=/data/app/~~GLLvvSbyipcjh8RgLZGabQ==/com.emergent.salahalarm.lxw9zs-mV6fl1Z5kuDVBfRrsKdTSw==/base.apk!classes2.dex): ok
07-08 16:31:39.887 14031 14031 E RRR     : onNewAzimuth: -607.65686
07-08 16:31:39.887 14031 14031 E RRR     : onNewAzimuth: -607.62964
07-08 16:31:39.888 14031 14031 E RRR     : onNewAzimuth: -607.65686
07-08 16:31:39.888 14031 14031 E RRR     : onNewAzimuth: -607.62964
07-08 16:31:39.894 14031 14031 E RRR     : onNewAzimuth: -607.62866
07-08 16:31:39.902 14031 14031 E RRR     : onNewAzimuth: -607.68396
07-08 16:31:39.928 14031 14031 E RRR     : onNewAzimuth: -607.677
07-08 16:31:39.928 14031 14031 E RRR     : onNewAzimuth: -607.66174
07-08 16:31:39.928 14031 14031 E RRR     : onNewAzimuth: -607.70905
07-08 16:31:39.928 14031 14031 E RRR     : onNewAzimuth: -607.677
07-08 16:31:39.928 14031 14031 E RRR     : onNewAzimuth: -607.66174
07-08 16:31:39.928 14031 14031 E RRR     : onNewAzimuth: -607.70905
07-08 16:31:39.934 14031 14031 E RRR     : onNewAzimuth: -607.6935
07-08 16:31:39.934 14031 14031 E RRR     : onNewAzimuth: -607.6815
07-08 16:31:39.934 14031 14031 E RRR     : onNewAzimuth: -607.6935
07-08 16:31:39.934 14031 14031 E RRR     : onNewAzimuth: -607.6815
07-08 16:31:39.941 14031 14031 E RRR     : onNewAzimuth: -607.65204
07-08 16:31:39.956 14031 14031 E RRR     : onNewAzimuth: -607.64813
07-08 16:31:39.957 14031 14031 E RRR     : onNewAzimuth: -607.65515
07-08 16:31:39.957 14031 14031 E RRR     : onNewAzimuth: -607.64813
07-08 16:31:39.957 14031 14031 E RRR     : onNewAzimuth: -607.65515
07-08 16:31:39.961 14031 14031 E RRR     : onNewAzimuth: -607.6266
07-08 16:31:39.975 14031 14031 E RRR     : onNewAzimuth: -607.63245
07-08 16:31:39.975 14031 14031 E RRR     : onNewAzimuth: -607.64233
07-08 16:31:39.976 14031 14031 E RRR     : onNewAzimuth: -607.63245
07-08 16:31:39.976 14031 14031 E RRR     : onNewAzimuth: -607.64233
07-08 16:31:39.982 14031 14031 E RRR     : onNewAzimuth: -607.6963
07-08 16:31:40.000 14031 14031 E RRR     : onNewAzimuth: -607.70624
07-08 16:31:40.000 14031 14031 E RRR     : onNewAzimuth: -607.7149
07-08 16:31:40.000 14031 14031 E RRR     : onNewAzimuth: -607.70624
07-08 16:31:40.000 14031 14031 E RRR     : onNewAzimuth: -607.7149
07-08 16:31:40.001 14031 14031 E RRR     : onNewAzimuth: -607.7673
07-08 16:31:40.006 17088 17088 I ReactNative: [GESTURE HANDLER] Initialize gesture handler for root view com.facebook.react.runtime.ReactSurfaceView{a810e0b V.E...... ......ID 0,0-1260,2800 #1}
07-08 16:31:40.015 17088 17135 D nativeloader: Load /data/app/~~GLLvvSbyipcjh8RgLZGabQ==/com.emergent.salahalarm.lxw9zs-mV6fl1Z5kuDVBfRrsKdTSw==/base.apk!/lib/arm64-v8a/libgesturehandler.so using class loader ns clns-9 (caller=/data/app/~~GLLvvSbyipcjh8RgLZGabQ==/com.emergent.salahalarm.lxw9zs-mV6fl1Z5kuDVBfRrsKdTSw==/base.apk!classes2.dex): ok
07-08 16:31:40.016 17088 17135 D jni_lib_merge: Entering merged library JNI_OnLoad.
07-08 16:31:40.016 17088 17135 D jni_lib_merge: Preparing 12 pre-merged libs (including stub)
07-08 16:31:40.016 17088 17135 D jni_lib_merge: Preparing to register libfabricjni_so.  onload_func: 0x7642ebbedc
07-08 16:31:40.016 17088 17135 D jni_lib_merge: Preparing to register libreact_devsupportjni_so.  onload_func: 0x7642f8cf40
07-08 16:31:40.016 17088 17135 D jni_lib_merge: Preparing to register libreact_featureflagsjni_so.  onload_func: 0x7642f9f9f8
07-08 16:31:40.016 17088 17135 D jni_lib_merge: Preparing to register libreact_newarchdefaults_so.  onload_func: 0x7642fc4e30
07-08 16:31:40.016 17088 17135 D jni_lib_merge: Preparing to register libreactnativeblob_so.  onload_func: 0x76430575b0
07-08 16:31:40.016 17088 17135 D jni_lib_merge: Preparing to register libreactnativejni_so.  onload_func: 0x7643071b24
07-08 16:31:40.016 17088 17135 D jni_lib_merge: Preparing to register libreactnativejni_common_so.  onload_func: 0x7643078458
07-08 16:31:40.016 17088 17135 D jni_lib_merge: Preparing to register librninstance_so.  onload_func: 0x7643094070
07-08 16:31:40.016 17088 17135 D jni_lib_merge: Preparing to register libturbomodulejsijni_so.  onload_func: 0x764312c1a4
07-08 16:31:40.016 17088 17135 D jni_lib_merge: Preparing to register libuimanagerjni_so.  onload_func: 0x76431337e0
07-08 16:31:40.016 17088 17135 D jni_lib_merge: Preparing to register libyoga_so.  onload_func: 0x764313ada4
07-08 16:31:40.016 17088 17135 D jni_lib_merge: About to register 11 actual methods.
07-08 16:31:40.018 14031 14031 E RRR     : onNewAzimuth: -607.76904
07-08 16:31:40.018 14031 14031 E RRR     : onNewAzimuth: -607.76605
07-08 16:31:40.018 17088 17158 D nativeloader: Load /data/app/~~GLLvvSbyipcjh8RgLZGabQ==/com.emergent.salahalarm.lxw9zs-mV6fl1Z5kuDVBfRrsKdTSw==/base.apk!/lib/arm64-v8a/libimagepipeline.so using class loader ns clns-9 (caller=/data/app/~~GLLvvSbyipcjh8RgLZGabQ==/com.emergent.salahalarm.lxw9zs-mV6fl1Z5kuDVBfRrsKdTSw==/base.apk!classes2.dex): ok
07-08 16:31:40.018 14031 14031 E RRR     : onNewAzimuth: -607.76904
07-08 16:31:40.018 14031 14031 E RRR     : onNewAzimuth: -607.76605
07-08 16:31:40.021 14031 14031 E RRR     : onNewAzimuth: -607.73584
07-08 16:31:40.034 14031 14031 E RRR     : onNewAzimuth: -607.73254
07-08 16:31:40.034 14031 14031 E RRR     : onNewAzimuth: -607.73
07-08 16:31:40.034 14031 14031 E RRR     : onNewAzimuth: -607.73254
07-08 16:31:40.035 14031 14031 E RRR     : onNewAzimuth: -607.73
07-08 16:31:40.042 14031 14031 E RRR     : onNewAzimuth: -607.78235
07-08 16:31:40.056 14031 14031 E RRR     : onNewAzimuth: -607.7826
07-08 16:31:40.056 14031 14031 E RRR     : onNewAzimuth: -607.78107
07-08 16:31:40.056 14031 14031 E RRR     : onNewAzimuth: -607.7826
07-08 16:31:40.056 14031 14031 E RRR     : onNewAzimuth: -607.78107
07-08 16:31:40.061 14031 14031 E RRR     : onNewAzimuth: -607.8311
07-08 16:31:40.076 14031 14031 E RRR     : onNewAzimuth: -607.8237
07-08 16:31:40.076 14031 14031 E RRR     : onNewAzimuth: -607.8109
07-08 16:31:40.076 14031 14031 E RRR     : onNewAzimuth: -607.8237
07-08 16:31:40.076 14031 14031 E RRR     : onNewAzimuth: -607.8109
07-08 16:31:40.081 14031 14031 E RRR     : onNewAzimuth: -607.8529
07-08 16:31:40.094 14031 14031 E RRR     : onNewAzimuth: -607.83984
07-08 16:31:40.095 14031 14031 E RRR     : onNewAzimuth: -607.827
07-08 16:31:40.095 14031 14031 E RRR     : onNewAzimuth: -607.83984
07-08 16:31:40.095 14031 14031 E RRR     : onNewAzimuth: -607.827
07-08 16:31:40.103 17088 17159 W HWUI    : Image decoding logging dropped!
07-08 16:31:40.106  6310  8370 I FontLog : (REDACTED) Received query %s, URI %s
07-08 16:31:40.106  6310  8370 I FontLog : (REDACTED) Query [%s] resolved to %s
07-08 16:31:40.108  6310  8370 I FontLog : (REDACTED) Fetch %s end status %s
07-08 16:31:40.111  6310  9626 I FontLog : (REDACTED) Pulling font file for id = %d, cache size = %d
07-08 16:31:40.118 14031 14031 E RRR     : onNewAzimuth: -607.8165
07-08 16:31:40.118 14031 14031 E RRR     : onNewAzimuth: -607.8638
07-08 16:31:40.118 14031 14031 E RRR     : onNewAzimuth: -607.85535
07-08 16:31:40.118 14031 14031 E RRR     : onNewAzimuth: -607.8165
07-08 16:31:40.118 14031 14031 E RRR     : onNewAzimuth: -607.8638
07-08 16:31:40.118 14031 14031 E RRR     : onNewAzimuth: -607.85535
07-08 16:31:40.120  6310  8370 I FontLog : (REDACTED) Pulling font file for id = %d, cache size = %d
07-08 16:31:40.127 14031 14031 E RRR     : onNewAzimuth: -607.8946
07-08 16:31:40.133 14031 14031 E RRR     : onNewAzimuth: -607.8892
07-08 16:31:40.133 14031 14031 E RRR     : onNewAzimuth: -607.8898
07-08 16:31:40.134 14031 14031 E RRR     : onNewAzimuth: -607.8892
07-08 16:31:40.134 14031 14031 E RRR     : onNewAzimuth: -607.8898
07-08 16:31:40.144 14031 14031 E RRR     : onNewAzimuth: -607.9343
07-08 16:31:40.158 14031 14031 E RRR     : onNewAzimuth: -607.9293
07-08 16:31:40.158 14031 14031 E RRR     : onNewAzimuth: -607.9343
07-08 16:31:40.158 14031 14031 E RRR     : onNewAzimuth: -607.9293
07-08 16:31:40.163 14031 14031 E RRR     : onNewAzimuth: -607.97974
07-08 16:31:40.171 17088 17088 I ExoPlayerImpl: Init 380c5ba [AndroidXMedia3/1.8.0] [V2309, V2309, vivo, 36]
07-08 16:31:40.172 17088 17088 W VSPA    : Unable to open /proc/vivo_rsc/frame_set_priority: Permission denied
07-08 16:31:40.172 17088 17088 W VSPA    : Unable to open /proc/vivo_rsc/frame_set_priority: Permission denied
07-08 16:31:40.173 14031 14031 E RRR     : onNewAzimuth: -607.96985
07-08 16:31:40.173 14031 14031 E RRR     : onNewAzimuth: -607.9587
07-08 16:31:40.173 14031 14031 E RRR     : onNewAzimuth: -607.96985
07-08 16:31:40.173 14031 14031 E RRR     : onNewAzimuth: -607.9587
07-08 16:31:40.174 17088 17088 W VSPA    : Unable to open /proc/vivo_rsc/frame_set_priority: Permission denied
07-08 16:31:40.174 17088 17088 W VSPA    : Unable to open /proc/vivo_rsc/frame_set_priority: Permission denied
07-08 16:31:40.178 17088 17163 D AudioSystem: onNewServiceWithAdapter: media.audio_flinger service obtained 0xb4000078c02dea50
07-08 16:31:40.180 17088 17163 D AudioSystem: getService: checking for service media.audio_flinger: 0xb400007800353a80
07-08 16:31:40.181 14031 14031 E RRR     : onNewAzimuth: -607.9191
07-08 16:31:40.193 14031 14031 E RRR     : onNewAzimuth: -607.9093
07-08 16:31:40.193 14031 14031 E RRR     : onNewAzimuth: -607.9034
07-08 16:31:40.193 14031 14031 E RRR     : onNewAzimuth: -607.9093
07-08 16:31:40.194 14031 14031 E RRR     : onNewAzimuth: -607.9034
07-08 16:31:40.202 14031 14031 E RRR     : onNewAzimuth: -607.8721
07-08 16:31:40.213 14031 14031 E RRR     : onNewAzimuth: -607.869
07-08 16:31:40.213 14031 14031 E RRR     : onNewAzimuth: -607.8706
07-08 16:31:40.214 14031 14031 E RRR     : onNewAzimuth: -607.869
07-08 16:31:40.214 14031 14031 E RRR     : onNewAzimuth: -607.8706
07-08 16:31:40.222 14031 14031 E RRR     : onNewAzimuth: -607.833
07-08 16:31:40.225 17088 17163 D AudioSystem: onNewService: media.audio_policy service obtained 0xb400007800353da0
07-08 16:31:40.225 17088 17088 W [RNScreens]: backTitleVisible prop is not available on Android
07-08 16:31:40.225 17088 17088 W [RNScreens]: backTitleFontFamily prop is not available on Android
07-08 16:31:40.225 17088 17088 W [RNScreens]: disableBackButtonMenu prop is not available on Android
07-08 16:31:40.225 17088 17088 W [RNScreens]: largeTitleFontFamily prop is not available on Android
07-08 16:31:40.225 17088 17088 W [RNScreens]: largeTitleFontWeight prop is not available on Android
07-08 16:31:40.225 17088 17088 W [RNScreens]: largeTitleHideShadow prop is not available on Android
07-08 16:31:40.225 17088 17163 D AudioSystem: getService: checking for service media.audio_policy: 0xb400007800353da0
07-08 16:31:40.233 14031 14031 E RRR     : onNewAzimuth: -607.84106
07-08 16:31:40.233 14031 14031 E RRR     : onNewAzimuth: -607.8577
07-08 16:31:40.234 14031 14031 E RRR     : onNewAzimuth: -607.84106
07-08 16:31:40.234 14031 14031 E RRR     : onNewAzimuth: -607.8577
07-08 16:31:40.234 17088 17163 W MediaCodec-JNI: pid:17088,client name:com.emergent.salahalarm.lxw9zs
07-08 16:31:40.235 17088 17163 W AudioCapabilities: Unsupported mediaType audio/x-ms-wma
07-08 16:31:40.236 17088 17163 W AudioCapabilities: Unsupported mediaType audio/mpeg-L1
07-08 16:31:40.236 17088 17163 W AudioCapabilities: Unsupported mediaType audio/mpeg-L2
07-08 16:31:40.236 17088 17163 W AudioCapabilities: Unsupported mediaType audio/ra
07-08 16:31:40.237 17088 17163 W AudioCapabilities: Unsupported mediaType audio/alac
07-08 16:31:40.237 17088 17163 W AudioCapabilities: Unsupported mediaType audio/ape
07-08 16:31:40.237 17088 17163 W AudioCapabilities: Unsupported mediaType audio/x-ape
07-08 16:31:40.238 17088 17163 W AudioCapabilities: Unsupported mediaType audio/adpcm
07-08 16:31:40.238 17088 17163 W AudioCapabilities: Unsupported mediaType audio/x-ms-adpcm
07-08 16:31:40.238 17088 17163 W AudioCapabilities: Unsupported mediaType audio/pcm
07-08 16:31:40.238 17088 17163 W AudioCapabilities: Unsupported mediaType audio/dsd
07-08 16:31:40.239 17088 17163 W VideoCapabilities: Unsupported mime video/rv
07-08 16:31:40.239 17088 17163 W VideoCapabilities: Unsupported mime video/x-ms-wmv
07-08 16:31:40.240 17088 17163 W VideoCapabilities: Unsupported mime video/x-ms-wmv2
07-08 16:31:40.241 14031 14031 E RRR     : onNewAzimuth: -607.82117
07-08 16:31:40.241 17088 17163 W VideoCapabilities: Unsupported mime video/divx3
07-08 16:31:40.242 17088 17163 W VideoCapabilities: Unsupported mime video/flv1
07-08 16:31:40.242 17088 17163 W VideoCapabilities: Unsupported mime video/x-flv
07-08 16:31:40.243 17088 17163 W VideoCapabilities: Unsupported mime video/mjpeg
07-08 16:31:40.243 17088 17163 W VideoCapabilities: Unsupported mime video/x-motion-jpeg
07-08 16:31:40.244 17088 17163 W AudioCapabilities: Unsupported mediaType audio/x-adpcm-dvi-ima
07-08 16:31:40.244 17088 17163 W AudioCapabilities: Unsupported mediaType audio/x-adpcm-ms
07-08 16:31:40.244 17088 17163 W AudioCapabilities: Unsupported mediaType audio/alac
07-08 16:31:40.251 17088 17136 W unknown:ReactNative: StatusBarModule: Ignored status bar change, current activity is edge-to-edge.
07-08 16:31:40.251 17088 17136 W unknown:ReactNative: StatusBarModule: Ignored status bar change, current activity is edge-to-edge.
07-08 16:31:40.255 14031 14031 E RRR     : onNewAzimuth: -607.8463
07-08 16:31:40.255 14031 14031 E RRR     : onNewAzimuth: -607.8775
07-08 16:31:40.255 14031 14031 E RRR     : onNewAzimuth: -607.8463
07-08 16:31:40.255 14031 14031 E RRR     : onNewAzimuth: -607.8775
07-08 16:31:40.255 17088 17163 W VideoCapabilities: Unsupported mime image/vnd.android.heic
07-08 16:31:40.255 17088 17163 W VideoCapabilities: Unsupported mime image/vnd.android.heic
07-08 16:31:40.259 17088 17135 W ReactNativeJS: `setPositionAsync` is not supported with edge-to-edge enabled.
07-08 16:31:40.260 17088 17135 W ReactNativeJS: `setBehaviorAsync` is not supported with edge-to-edge enabled.
07-08 16:31:40.261 17088 17135 W ReactNativeJS: `setBackgroundColorAsync` is not supported with edge-to-edge enabled.
07-08 16:31:40.274 14031 14031 E RRR     : onNewAzimuth: -607.8999
07-08 16:31:40.274 14031 14031 E RRR     : onNewAzimuth: -607.8954
07-08 16:31:40.274 14031 14031 E RRR     : onNewAzimuth: -607.85986
07-08 16:31:40.274 14031 14031 E RRR     : onNewAzimuth: -607.8999
07-08 16:31:40.274 14031 14031 E RRR     : onNewAzimuth: -607.8954
07-08 16:31:40.274 14031 14031 E RRR     : onNewAzimuth: -607.85986
07-08 16:31:40.275 17088 17163 W AudioCapabilities: Unsupported mediaType audio/x-ms-wma
07-08 16:31:40.276 17088 17163 W AudioCapabilities: Unsupported mediaType audio/mpeg-L1
07-08 16:31:40.276 17088 17163 W AudioCapabilities: Unsupported mediaType audio/mpeg-L2
07-08 16:31:40.276 17088 17163 W AudioCapabilities: Unsupported mediaType audio/ra
07-08 16:31:40.276 17088 17163 W AudioCapabilities: Unsupported mediaType audio/alac
07-08 16:31:40.277 17088 17163 W AudioCapabilities: Unsupported mediaType audio/ape
07-08 16:31:40.277 17088 17163 W AudioCapabilities: Unsupported mediaType audio/x-ape
07-08 16:31:40.278 17088 17163 W AudioCapabilities: Unsupported mediaType audio/adpcm
07-08 16:31:40.278 17088 17163 W AudioCapabilities: Unsupported mediaType audio/x-ms-adpcm
07-08 16:31:40.278 17088 17163 W AudioCapabilities: Unsupported mediaType audio/pcm
07-08 16:31:40.278 17088 17163 W AudioCapabilities: Unsupported mediaType audio/dsd
07-08 16:31:40.279 17088 17163 W VideoCapabilities: Unsupported mime video/rv
07-08 16:31:40.279 17088 17163 W VideoCapabilities: Unsupported mime video/x-ms-wmv
07-08 16:31:40.280 17088 17163 W VideoCapabilities: Unsupported mime video/x-ms-wmv2
07-08 16:31:40.281 17088 17163 W VideoCapabilities: Unsupported mime video/divx3
07-08 16:31:40.281 17088 17163 W VideoCapabilities: Unsupported mime video/flv1
07-08 16:31:40.281 17088 17163 W VideoCapabilities: Unsupported mime video/x-flv
07-08 16:31:40.281 17088 17163 W VideoCapabilities: Unsupported mime video/mjpeg
07-08 16:31:40.281 14031 14031 E RRR     : onNewAzimuth: -607.82544
07-08 16:31:40.282 17088 17163 W VideoCapabilities: Unsupported mime video/x-motion-jpeg
07-08 16:31:40.282 17088 17163 W AudioCapabilities: Unsupported mediaType audio/x-adpcm-dvi-ima
07-08 16:31:40.283 17088 17163 W AudioCapabilities: Unsupported mediaType audio/x-adpcm-ms
07-08 16:31:40.284 17088 17163 W AudioCapabilities: Unsupported mediaType audio/alac
07-08 16:31:40.289 17088 17088 W VSPA    : Unable to open /proc/vivo_rsc/frame_set_priority: Permission denied
07-08 16:31:40.290 17088 17088 W VSPA    : Unable to open /proc/vivo_rsc/frame_set_priority: Permission denied
07-08 16:31:40.293 14031 14031 E RRR     : onNewAzimuth: -607.7508
07-08 16:31:40.293 14031 14031 E RRR     : onNewAzimuth: -607.77454
07-08 16:31:40.293 14031 14031 E RRR     : onNewAzimuth: -607.7508
07-08 16:31:40.293 14031 14031 E RRR     : onNewAzimuth: -607.77454
07-08 16:31:40.297 17088 17163 W VideoCapabilities: Unsupported mime image/vnd.android.heic
07-08 16:31:40.297 17088 17163 W VideoCapabilities: Unsupported mime image/vnd.android.heic
07-08 16:31:40.301 14031 14031 E RRR     : onNewAzimuth: -607.74115
07-08 16:31:40.310 17088 17135 I ReactNativeJS: 'NOTIFEE SETTINGS:', '{\n  "authorizationStatus": 1,\n  "android": {\n    "alarm": 1\n  },\n  "ios": {\n    "alert": 1,\n    "badge": 1,\n    "criticalAlert": 1,\n    "showPreviews": 1,\n    "sound": 1,\n    "carPlay": 1,\n    "lockScreen": 1,\n    "announcement": 1,\n    "notificationCenter": 1,\n    "inAppNotificationSettings": 1,\n    "authorizationStatus": 1\n  },\n  "web": {}\n}'
07-08 16:31:40.314 17088 17163 W AudioCapabilities: Unsupported mime audio/x-ms-wma
07-08 16:31:40.315 14031 14031 E RRR     : onNewAzimuth: -607.79724
07-08 16:31:40.315 14031 14031 E RRR     : onNewAzimuth: -607.80054
07-08 16:31:40.315 14031 14031 E RRR     : onNewAzimuth: -607.79724
07-08 16:31:40.315 14031 14031 E RRR     : onNewAzimuth: -607.80054
07-08 16:31:40.316 17088 17163 W AudioCapabilities: Unsupported mime audio/mpeg-L1
07-08 16:31:40.316 17088 17163 W AudioCapabilities: Unsupported mime audio/mpeg-L2
07-08 16:31:40.316 17088 17163 W AudioCapabilities: Unsupported mime audio/ra
07-08 16:31:40.316 17088 17163 W AudioCapabilities: Unsupported mime audio/alac
07-08 16:31:40.316 17088 17163 W AudioCapabilities: Unsupported mime audio/ape
07-08 16:31:40.316 17088 17163 W AudioCapabilities: Unsupported mime audio/x-ape
07-08 16:31:40.316 17088 17163 W AudioCapabilities: Unsupported mime audio/adpcm
07-08 16:31:40.316 17088 17163 W AudioCapabilities: Unsupported mime audio/x-ms-adpcm
07-08 16:31:40.316 17088 17163 W AudioCapabilities: Unsupported mime audio/pcm
07-08 16:31:40.316 17088 17163 W AudioCapabilities: Unsupported mime audio/dsd
07-08 16:31:40.316 17088 17163 W VideoCapabilities: Unsupported mime video/rv
07-08 16:31:40.317 17088 17163 W VideoCapabilities: Unsupported mime video/x-ms-wmv
07-08 16:31:40.317 17088 17163 W VideoCapabilities: Unsupported mime video/x-ms-wmv2
07-08 16:31:40.317 17088 17163 W VideoCapabilities: Unsupported mime video/divx3
07-08 16:31:40.317 17088 17163 W VideoCapabilities: Unsupported mime video/flv1
07-08 16:31:40.317 17088 17163 W VideoCapabilities: Unsupported mime video/x-flv
07-08 16:31:40.317 17088 17163 W VideoCapabilities: Unsupported mime video/mjpeg
07-08 16:31:40.317 17088 17163 W VideoCapabilities: Unsupported mime video/x-motion-jpeg
07-08 16:31:40.317 17088 17163 W AudioCapabilities: Unsupported mime audio/x-adpcm-dvi-ima
07-08 16:31:40.317 17088 17163 W AudioCapabilities: Unsupported mime audio/x-adpcm-ms
07-08 16:31:40.317 17088 17163 W AudioCapabilities: Unsupported mime audio/alac
07-08 16:31:40.319 17088 17163 W VideoCapabilities: Unsupported mime image/vnd.android.heic
07-08 16:31:40.319 17088 17163 W VideoCapabilities: Unsupported mime image/vnd.android.heic
07-08 16:31:40.321 17088 17163 W AudioCapabilities: Unsupported mime audio/x-ms-wma
07-08 16:31:40.321 17088 17163 W AudioCapabilities: Unsupported mime audio/mpeg-L1
07-08 16:31:40.321 17088 17163 W AudioCapabilities: Unsupported mime audio/mpeg-L1
07-08 16:31:40.321 17088 17163 W AudioCapabilities: Unsupported mime audio/ra
07-08 16:31:40.321 17088 17163 W AudioCapabilities: Unsupported mime audio/alac
07-08 16:31:40.321 17088 17163 W AudioCapabilities: Unsupported mime audio/ape
07-08 16:31:40.321 17088 17163 W AudioCapabilities: Unsupported mime audio/ape
07-08 16:31:40.321 17088 17163 W AudioCapabilities: Unsupported mime audio/pcm
07-08 16:31:40.321 17088 17163 W AudioCapabilities: Unsupported mime audio/dsd
07-08 16:31:40.322 17088 17163 W VideoCapabilities: Unsupported mime video/rv
07-08 16:31:40.322 17088 17163 W VideoCapabilities: Unsupported mime video/x-ms-wmv
07-08 16:31:40.322 17088 17163 W VideoCapabilities: Unsupported mime video/x-ms-wmv
07-08 16:31:40.322 17088 17163 W VideoCapabilities: Unsupported mime video/divx3
07-08 16:31:40.322 17088 17163 W VideoCapabilities: Unsupported mime video/flv1
07-08 16:31:40.322 17088 17163 W VideoCapabilities: Unsupported mime video/flv1
07-08 16:31:40.322 17088 17163 W VideoCapabilities: Unsupported mime video/mjpeg
07-08 16:31:40.322 17088 17163 W VideoCapabilities: Unsupported mime video/mjpeg
07-08 16:31:40.322 17088 17163 W AudioCapabilities: Unsupported mime audio/x-adpcm-dvi-ima
07-08 16:31:40.322 17088 17163 W AudioCapabilities: Unsupported mime audio/x-adpcm-ms
07-08 16:31:40.322 17088 17163 W AudioCapabilities: Unsupported mime audio/alac
07-08 16:31:40.324 17088 17163 W VideoCapabilities: Unsupported mime image/vnd.android.heic
07-08 16:31:40.324 17088 17163 W VideoCapabilities: Unsupported mime image/vnd.android.heic
07-08 16:31:40.328 17088 17163 D VivoSpatializer: checkGoogleApiEnabled, mGoogleApiEnabled: false, originalArdVersion: 34, deniedPkg: false, clientPkg: com.emergent.salahalarm.lxw9zs
07-08 16:31:40.329 14031 14031 E RRR     : onNewAzimuth: -607.76013
07-08 16:31:40.330 17088 17163 D VivoSpatializer: registerAudioFeatureCallback succeeded for tag: NOTIFY_V_SPAT_STATE_CHANGED
07-08 16:31:40.330 17088 17117 I GrallocExtra: gralloc_extra_query:is_SW3D 0
07-08 16:31:40.330 17088 17117 E MEMCWrapper: MEMC_POST_PROCESSING_ENABLE_PROPERTY false.
07-08 16:31:40.330 17088 17117 D BLASTBufferQueue: [VRI[MainActivity,type=1]#0](f:0,a:1) acquireNextBufferLocked size=1260x2800 mFrameNumber=1 applyTransaction=true mTimestamp=119013390789478(auto) mPendingTransactions.size=0 graphicBufferId=73392401154052 transform=0
07-08 16:31:40.337 17088 17163 I DMCodecAdapterFactory: Creating an asynchronous MediaCodec adapter for track type audio
07-08 16:31:40.338 17088 17163 D MediaCodec: CreateByComponentName: name c2.android.mp3.decoder
07-08 16:31:40.338 17088 17163 W libc    : Access denied finding property "vendor.debug.stagefright.mediacodec.trace"
07-08 16:31:40.338 17088 17163 W libc    : Access denied finding property "vendor.media.c2.frameworks.debug.log"
07-08 16:31:40.340 17088 17163 W libc    : Access denied finding property "vendor.debug.stagefright.BufferCount"
07-08 16:31:40.340 17088 17163 W libc    : Access denied finding property "vendor.media.c2.frameworks.debug.log"
07-08 16:31:40.340 17088 17163 W libc    : Access denied finding property "vendor.media.c2.frameworks.buffercount.trace"
07-08 16:31:40.340 17088 17163 D CCodecBufferChannel: mBufferCountTrace=0 mIsUserLoad=1
07-08 16:31:40.341 17088 17163 I CCodecBufferChannel: Constructor 0xb40000784031b3d0
07-08 16:31:40.341 17088 17163 I CCodecBufferChannel: mIsVivoLogEnable = 0
07-08 16:31:40.341 17088 17163 I CCodecBufferChannel: CCodecBufferChannel[0xb40000784031b3d0], mNumOutputsSlotAdd: 0
07-08 16:31:40.341 17088 17163 W libc    : Access denied finding property "vendor.media.c2.frameworks.debug.log"
07-08 16:31:40.341 17088 17163 D MediaCodec: [0xb4000077b0361fb0] init: CCodec 0xb4000078b03038b0, CCodecBufferChannel 0xb40000784031b3d0
07-08 16:31:40.341 17088 17175 D MediaCodec: [0xb4000077b0361fb0] setState: 1
07-08 16:31:40.342 17088 17175 D CCodec  : allocate(c2.android.mp3.decoder)
07-08 16:31:40.343 14031 14031 E RRR     : onNewAzimuth: -607.74133
07-08 16:31:40.343 14031 14031 E RRR     : onNewAzimuth: -607.70325
07-08 16:31:40.343 14031 14031 E RRR     : onNewAzimuth: -607.7538
07-08 16:31:40.343 14031 14031 E RRR     : onNewAzimuth: -607.74133
07-08 16:31:40.343 14031 14031 E RRR     : onNewAzimuth: -607.70325
07-08 16:31:40.343 14031 14031 E RRR     : onNewAzimuth: -607.7538
07-08 16:31:40.345 17088 17175 I ApexCodecsLazy: Failed to load libcom.android.media.swcodec.apexcodecs.so: dlopen failed: library "libcom.android.media.swcodec.apexcodecs.so" not found
07-08 16:31:40.346 17088 17175 I Codec2Client: Available Codec2 services: "default" "software" "vivocodec"
07-08 16:31:40.349 17088 17175 I CCodec  : setting up 'default' as default (vendor) store
07-08 16:31:40.350 17088 17088 D InsetsController: Setting requestedVisibleTypes to -5131 (was -5129)
07-08 16:31:40.351 17088 17088 W VSPA    : Unable to open /proc/vivo_rsc/frame_set_priority: Permission denied
07-08 16:31:40.351 17088 17088 W VSPA    : Unable to open /proc/vivo_rsc/frame_set_priority: Permission denied
07-08 16:31:40.361 17088 17175 I CCodec  : Created component [c2.android.mp3.decoder] for [c2.android.mp3.decoder]
07-08 16:31:40.361 17088 17175 D CCodecBufferChannel: [0xb40000784031b3d0] setComponent: mName c2.android.mp3.decoder#536, mPipelineWatcher 0xb40000784031b8c0
07-08 16:31:40.361 17088 17175 D CCodecBufferChannel: PipelineWatcher debug info [c2.android.mp3.decoder#536] enable=0
07-08 16:31:40.362 17088 17175 D CCodecConfig: read media type: audio/mpeg
07-08 16:31:40.364  2171  2244 I ActivityTaskManager: Displayed com.emergent.salahalarm.lxw9zs/.MainActivity for user 0: +1s105ms
07-08 16:31:40.366 17088 17088 W VSPA    : Unable to open /proc/vivo_rsc/frame_set_priority: Permission denied
07-08 16:31:40.367 17088 17135 I ReactNativeJS: 'GET LAUNCH ALARM RESULT (mount):', 'null'
07-08 16:31:40.368 17088 17135 W ReactNativeJS: `setPositionAsync` is not supported with edge-to-edge enabled.
07-08 16:31:40.368 17088 17135 W ReactNativeJS: `setBehaviorAsync` is not supported with edge-to-edge enabled.
07-08 16:31:40.369 17088 17135 W ReactNativeJS: `setBackgroundColorAsync` is not supported with edge-to-edge enabled.
07-08 16:31:40.369 17088 17088 W VSPA    : Unable to open /proc/vivo_rsc/frame_set_priority: Permission denied
07-08 16:31:40.370 17088 17175 D ReflectedParamUpdater: extent() != 1 for single value type: algo.buffers.max-count.values
07-08 16:31:40.371 17088 17175 D ReflectedParamUpdater: extent() != 1 for single value type: output.subscribed-indices.values
07-08 16:31:40.371 17088 17175 D ReflectedParamUpdater: extent() != 1 for single value type: input.buffers.allocator-ids.values
07-08 16:31:40.371 14031 14031 E RRR     : onNewAzimuth: -607.7156
07-08 16:31:40.371 14031 14031 E RRR     : onNewAzimuth: -607.6985
07-08 16:31:40.371 17088 17175 D ReflectedParamUpdater: extent() != 1 for single value type: output.buffers.allocator-ids.values
07-08 16:31:40.371 14031 14031 E RRR     : onNewAzimuth: -607.74744
07-08 16:31:40.372 17088 17175 D ReflectedParamUpdater: extent() != 1 for single value type: algo.buffers.allocator-ids.values
07-08 16:31:40.372 17088 17175 D ReflectedParamUpdater: extent() != 1 for single value type: output.buffers.pool-ids.values
07-08 16:31:40.372 14031 14031 E RRR     : onNewAzimuth: -607.7156
07-08 16:31:40.372 14031 14031 E RRR     : onNewAzimuth: -607.6985
07-08 16:31:40.372 17088 17175 D ReflectedParamUpdater: extent() != 1 for single value type: algo.buffers.pool-ids.values
07-08 16:31:40.372 14031 14031 E RRR     : onNewAzimuth: -607.74744
07-08 16:31:40.373 17088 17175 I CCodecConfig: query failed after returning 8 values (BAD_INDEX)
07-08 16:31:40.373 17088 17175 D CCodecConfig: c2 config diff is Dict {
07-08 16:31:40.373 17088 17175 D CCodecConfig:   c2::u32 coded.bitrate.value = 64000
07-08 16:31:40.373 17088 17175 D CCodecConfig:   c2::u32 input.buffers.max-size.value = 8192
07-08 16:31:40.373 17088 17175 D CCodecConfig:   c2::u32 input.delay.value = 0
07-08 16:31:40.373 17088 17175 D CCodecConfig:   string input.media-type.value = "audio/mpeg"
07-08 16:31:40.373 17088 17175 D CCodecConfig:   c2::u32 output.large-frame.max-size = 0
07-08 16:31:40.373 17088 17175 D CCodecConfig:   c2::u32 output.large-frame.threshold-size = 0
07-08 16:31:40.373 17088 17175 D CCodecConfig:   string output.media-type.value = "audio/raw"
07-08 16:31:40.373 17088 17175 D CCodecConfig:   c2::u32 raw.channel-count.value = 2
07-08 16:31:40.373 17088 17175 D CCodecConfig:   c2::u32 raw.sample-rate.value = 44100
07-08 16:31:40.373 17088 17175 D CCodecConfig: }
07-08 16:31:40.374 17088 17175 D MediaCodec: [0xb4000077b0361fb0] setState: 2
07-08 16:31:40.376 17088 17163 D MediaCodec: mInitName[c2.android.mp3.decoder], mMediacodec[0xb4000077b0361fb0], mCodec[0xb4000078b03038b0], mBufferChannel[0xb40000784031b3d0]
07-08 16:31:40.376 17088 17163 D MediaCodec: createbyComponent:pid:-1 17088 tid=17163
07-08 16:31:40.377 17088 17135 I ReactNativeJS: 'GET LAUNCH ALARM RESULT (resume):', 'null'
07-08 16:31:40.377 17088 17175 I MediaCodec: MediaCodec will operate in async mode
07-08 16:31:40.378 17088 17163 D MediaCodec: [0xb4000077b0361fb0] [c2.android.mp3.decoder] configure
07-08 16:31:40.378 17088 17163 D VivoCodecProcessSdk: get client pid:17088
07-08 16:31:40.379 17088 17163 E MediaCodec: Media Quality Service not found.
07-08 16:31:40.379 17088 17175 D MediaCodec: [0xb4000077b0361fb0] setState: 3
07-08 16:31:40.379 17088 17175 D CCodec  : [c2.android.mp3.decoder] buffers are bound to CCodec for this session
07-08 16:31:40.379 17088 17175 D CCodecConfig: no c2 equivalents for log-session-id
07-08 16:31:40.379 17088 17175 D CCodecConfig: no c2 equivalents for importance
07-08 16:31:40.379 17088 17175 D CCodecConfig: no c2 equivalents for flags
07-08 16:31:40.383 14031 14031 E RRR     : onNewAzimuth: -607.7328
07-08 16:31:40.383 14031 14031 E RRR     : onNewAzimuth: -607.69727
07-08 16:31:40.383 14031 14031 E RRR     : onNewAzimuth: -607.74475
07-08 16:31:40.384 17088 17175 D CCodecConfig: config failed => CORRUPTED
07-08 16:31:40.384 14031 14031 E RRR     : onNewAzimuth: -607.7328
07-08 16:31:40.384 14031 14031 E RRR     : onNewAzimuth: -607.69727
07-08 16:31:40.384 14031 14031 E RRR     : onNewAzimuth: -607.74475
07-08 16:31:40.384 17088 17175 D CCodecConfig: c2 config diff is   c2::u32 raw.sample-rate.value = 24000
07-08 16:31:40.385 17088 17175 W Codec2Client: query -- param skipped: index = 1107298332.
07-08 16:31:40.385 17088 17175 D CCodec  : client requested max input size 4096, which is smaller than what component recommended (8192); overriding with component recommendation.
07-08 16:31:40.385 17088 17175 W CCodec  : This behavior is subject to change. It is recommended that app developers double check whether the requested max input size is in reasonable range.
07-08 16:31:40.385 17088 17175 D CCodec  : encoding statistics level = 0
07-08 16:31:40.385 17088 17175 D CCodec  : setup formats input: AMessage(what = 0x00000000) = {
07-08 16:31:40.385 17088 17175 D CCodec  :   int32_t bitrate = 64000
07-08 16:31:40.385 17088 17175 D CCodec  :   int32_t channel-count = 2
07-08 16:31:40.385 17088 17175 D CCodec  :   int32_t max-input-size = 8192
07-08 16:31:40.385 17088 17175 D CCodec  :   string mime = "audio/mpeg"
07-08 16:31:40.385 17088 17175 D CCodec  :   int32_t sample-rate = 24000
07-08 16:31:40.385 17088 17175 D CCodec  : }
07-08 16:31:40.385 17088 17175 D CCodec  : setup formats output: AMessage(what = 0x00000000) = {
07-08 16:31:40.385 17088 17175 D CCodec  :   int32_t bitrate = 64000
07-08 16:31:40.385 17088 17175 D CCodec  :   int32_t buffer-batch-max-output-size = 0
07-08 16:31:40.385 17088 17175 D CCodec  :   int32_t buffer-batch-threshold-output-size = 0
07-08 16:31:40.385 17088 17175 D CCodec  :   int32_t channel-count = 2
07-08 16:31:40.385 17088 17175 D CCodec  :   string mime = "audio/raw"
07-08 16:31:40.385 17088 17175 D CCodec  :   int32_t sample-rate = 24000
07-08 16:31:40.385 17088 17175 D CCodec  :   int32_t android._config-pcm-encoding = 2
07-08 16:31:40.385 17088 17175 D CCodec  : }
07-08 16:31:40.386 17088 17175 I CCodecConfig: query failed after returning 8 values (BAD_INDEX)
07-08 16:31:40.386 17088 17175 E lahalarm.lxw9zs: Failed to query component interface for required system resources: 6
07-08 16:31:40.386 17088 17175 D MediaCodec: [0xb4000077b0361fb0] setState: 4
07-08 16:31:40.389 17088 17163 D MediaCodec: keep callback message for reclaim
07-08 16:31:40.396 17088 17175 D MediaCodec: [0xb4000077b0361fb0] setState: 5
07-08 16:31:40.398 17088 17175 W Codec2Client: query -- param skipped: index = 1342179345.
07-08 16:31:40.398 17088 17175 W Codec2Client: query -- param skipped: index = 2415921170.
07-08 16:31:40.398 17088 17175 I CCodecBufferChannel: mIsVivoLogEnable = 0
07-08 16:31:40.398 17088 17175 D C2Store : Using DMABUF Heaps
07-08 16:31:40.400 17088 17175 D CCodecBufferChannel: [c2.android.mp3.decoder#536] Created input block pool with allocatorID 16 => poolID 17 - OK (0)
07-08 16:31:40.403 17088 17175 I CCodecBufferChannel: [c2.android.mp3.decoder#536] Created output block pool with allocatorID 16 => poolID 4178 - OK
07-08 16:31:40.404 17088 17088 V ImeFocusController: onWindowFocus: com.android.internal.policy.DecorView{567bc6c V.E...... R......D 0,0-1260,2800}[MainActivity] softInputMode=STATE_UNSPECIFIED|ADJUST_RESIZE
