07-08 16:31:40.404 17088 17175 D CCodecBufferChannel: [c2.android.mp3.decoder#536] Configured output block pool ids 4178 => OK
07-08 16:31:40.404 17088 17175 D CCodecBufferChannel: [0xb40000784031b3d0] [c2.android.mp3.decoder#536] start: output->outputDelay 0, output->numSlots 4
07-08 16:31:40.407 17088 17175 I CCodecBufferChannel: [0xb40000784031b3d0][c2.android.mp3.decoder#536],using arrayMode ouputBuffers for linear outputstream.
07-08 16:31:40.407 17088 17175 D CCodecBuffers: [c2.android.mp3.decoder#536:1D-Output.Impl[N]] converted 0 buffers to array mode of 4
07-08 16:31:40.406 28667 28667 V InputMethod: unbindInput(): binding=InputBinding{android.os.BinderProxy@c993447 / uid 10103 / pid 5063} ic=RemoteInputConnection{idHash=#d64c027}
07-08 16:31:40.408 17088 17175 I DMABUFHEAPS: Using DMA-BUF heap named: mtk_mm
07-08 16:31:40.409 28667 28667 V InputMethod: bindInput(): binding=InputBinding{android.os.BinderProxy@7979e35 / uid 10686 / pid 17088} ic=RemoteInputConnection{idHash=#fc0b2ca}
07-08 16:31:40.411 17088 17088 I ImeTracker: com.emergent.salahalarm.lxw9zs:fd2bef0f: onCancelled at PHASE_CLIENT_ALREADY_HIDDEN
07-08 16:31:40.411 28667 28667 V InputMethod: startInput(): editor=android.view.inputmethod.EditorInfo@dc1dc3b
07-08 16:31:40.412 28667 28667 V InputMethodService: CALL: doFinishInput
07-08 16:31:40.412 28667 28667 D InlineSuggestionSessionController: notifyOnFinishInput
07-08 16:31:40.412 28667 28667 V InputMethodService: CALL: onFinishInput
07-08 16:31:40.412 28667 28667 I GoogleInputMethodService: GoogleInputMethodService.onFinishInput():2276 
07-08 16:31:40.412 14031 14031 E RRR     : onNewAzimuth: -607.6935
07-08 16:31:40.413 14031 14031 E RRR     : onNewAzimuth: -607.6416
07-08 16:31:40.413 14031 14031 E RRR     : onNewAzimuth: -607.61304
07-08 16:31:40.413 14031 14031 E RRR     : onNewAzimuth: -607.6935
07-08 16:31:40.413 14031 14031 E RRR     : onNewAzimuth: -607.6416
07-08 16:31:40.413 14031 14031 E RRR     : onNewAzimuth: -607.61304
07-08 16:31:40.413 28667 28667 I Module  : DeviceLockedStatusModuleProvider$Module.updateDeviceLockedStatusInternal():129 repeatCheckTimes = 0, locked = false
07-08 16:31:40.414 28667 28667 V InputMethodService: finishStylusHandwriting()
07-08 16:31:40.415 28667 28667 D InlineSuggestionSessionController: notifyOnStartInput: com.emergent.salahalarm.lxw9zs, 0
07-08 16:31:40.415 28667 28667 V InputMethodService: CALL: onStartInput
07-08 16:31:40.415 28667 28667 I GoogleInputMethodService: GoogleInputMethodService.onStartInput():1460 onStartInput(EditorInfo{EditorInfo{packageName=com.emergent.salahalarm.lxw9zs, inputType=0, inputTypeString=NULL, enableLearning=false, autoCorrection=false, autoComplete=false, imeOptions=0, privateImeOptions=null, actionName=UNSPECIFIED, actionLabel=null, initialSelStart=-1, initialSelEnd=-1, initialCapsMode=0, label=null, fieldId=0, fieldName=null, extras=null, hintText=null, hintLocales=[]}}, false)
07-08 16:31:40.415 28667 28667 I LatinIMEBase: LatinIMEBase.updateInputViewCoverNavigation():317 Update input view padding, isNavbarOverInputWindow=true, bottom inset=126
07-08 16:31:40.416 28667 28667 I Module  : DeviceLockedStatusModuleProvider$Module.updateDeviceLockedStatusInternal():129 repeatCheckTimes = 1, locked = false
07-08 16:31:40.420 17088 17175 D MediaCodec: [0xb4000077b0361fb0] setState: 6
07-08 16:31:40.437 17088 17163 W LoudnessCodecController: MediaCodec mime type not supported for loudness annotation
07-08 16:31:40.437 17088 17163 V LoudnessCodecController: Could not extract codec loudness information
07-08 16:31:40.447 17088 17175 D PipelineWatcher: [0xb40000784031b8c0] pipelineFull: too many frames in pipeline (4)
07-08 16:31:40.450 17088 17175 I MediaCodec: [c2.android.mp3.decoder] output format changed to: AMessage(what = 0x00000000) = {
07-08 16:31:40.450 17088 17175 I MediaCodec:       int32_t bitrate = 64000
07-08 16:31:40.450 17088 17175 I MediaCodec:       int32_t buffer-batch-max-output-size = 0
07-08 16:31:40.450 17088 17175 I MediaCodec:       int32_t buffer-batch-threshold-output-size = 0
07-08 16:31:40.450 17088 17175 I MediaCodec:       int32_t channel-count = 2
07-08 16:31:40.450 17088 17175 I MediaCodec:       string mime = "audio/raw"
07-08 16:31:40.450 17088 17175 I MediaCodec:       int32_t sample-rate = 24000
07-08 16:31:40.450 17088 17175 I MediaCodec:       int32_t android._config-pcm-encoding = 2
07-08 16:31:40.450 17088 17175 I MediaCodec:     }
07-08 16:31:40.450 17088 17175 D MediaCodec: get mPcmBytesMs = 96.000000
07-08 16:31:40.456 14031 14031 E RRR     : onNewAzimuth: -607.57697
07-08 16:31:40.456 14031 14031 E RRR     : onNewAzimuth: -607.5561
07-08 16:31:40.456 14031 14031 E RRR     : onNewAzimuth: -607.60315
07-08 16:31:40.456 14031 14031 E RRR     : onNewAzimuth: -607.5903
07-08 16:31:40.456 14031 14031 E RRR     : onNewAzimuth: -607.5764
07-08 16:31:40.456 14031 14031 E RRR     : onNewAzimuth: -607.57697
07-08 16:31:40.456 14031 14031 E RRR     : onNewAzimuth: -607.5561
07-08 16:31:40.456 14031 14031 E RRR     : onNewAzimuth: -607.60315
07-08 16:31:40.456 14031 14031 E RRR     : onNewAzimuth: -607.5903
07-08 16:31:40.456 14031 14031 E RRR     : onNewAzimuth: -607.5764
07-08 16:31:40.460 14031 14031 E RRR     : onNewAzimuth: -607.62213
07-08 16:31:40.460 14031 14031 E RRR     : onNewAzimuth: -607.6311
07-08 16:31:40.460 14031 14031 E RRR     : onNewAzimuth: -607.66113
07-08 16:31:40.460 14031 14031 E RRR     : onNewAzimuth: -607.62213
07-08 16:31:40.460 14031 14031 E RRR     : onNewAzimuth: -607.6311
07-08 16:31:40.461 14031 14031 E RRR     : onNewAzimuth: -607.66113
07-08 16:31:40.462 14031 14031 E RRR     : onNewAzimuth: -607.6306
07-08 16:31:40.462 14031 14031 E RRR     : onNewAzimuth: -607.6727
07-08 16:31:40.463 14031 14031 E RRR     : onNewAzimuth: -607.6306
07-08 16:31:40.463 14031 14031 E RRR     : onNewAzimuth: -607.6727
07-08 16:31:40.474 14031 14031 E RRR     : onNewAzimuth: -607.7108
07-08 16:31:40.484 14031 14031 E RRR     : onNewAzimuth: -607.726
07-08 16:31:40.484 14031 14031 E RRR     : onNewAzimuth: -607.6894
07-08 16:31:40.487 14031 14031 E RRR     : onNewAzimuth: -607.726
07-08 16:31:40.488 14031 14031 E RRR     : onNewAzimuth: -607.6894
07-08 16:31:40.495 17088 17088 W unknown:BridgelessReact: ReactHost{0}.onUserLeaveHint(activity)
07-08 16:31:40.496 17088 17088 W unknown:BridgelessReact: ReactHost{0}.onHostPause(activity)
07-08 16:31:40.496 17088 17088 W unknown:BridgelessReact: ReactContext.onHostPause()
07-08 16:31:40.497 14031 14031 E RRR     : onNewAzimuth: -607.6804
07-08 16:31:40.499 16715 16760 D BufferPoolAccessor2.0: bufferpool2 0xb4000078b02a7328 : 0(0 size) total buffers - 0(0 size) used buffers - 2/7 (recycle/alloc) - 5/34 (fetch/transfer)
07-08 16:31:40.499 16715 16760 D BufferPoolAccessor2.0: Destruction - bufferpool2 0xb4000078b02a7328 cached: 0/0M, 0/0% in use; allocs: 7, 29% recycled; transfers: 34, 85% unfetched
07-08 16:31:40.500 16715 16760 D BufferPoolAccessor2.0: bufferpool2 0xb4000078b029e868 : 0(0 size) total buffers - 0(0 size) used buffers - 2/7 (recycle/alloc) - 5/36 (fetch/transfer)
07-08 16:31:40.500 16715 16760 D BufferPoolAccessor2.0: Destruction - bufferpool2 0xb4000078b029e868 cached: 0/0M, 0/0% in use; allocs: 7, 29% recycled; transfers: 36, 86% unfetched
07-08 16:31:40.500 16715 16760 D BufferPoolAccessor2.0: bufferpool2 0xb4000078b02a1d98 : 0(0 size) total buffers - 0(0 size) used buffers - 2/7 (recycle/alloc) - 5/36 (fetch/transfer)
07-08 16:31:40.500 16715 16760 D BufferPoolAccessor2.0: Destruction - bufferpool2 0xb4000078b02a1d98 cached: 0/0M, 0/0% in use; allocs: 7, 29% recycled; transfers: 36, 86% unfetched
07-08 16:31:40.500 16715 16760 D BufferPoolAccessor2.0: bufferpool2 0xb4000078b02a3018 : 0(0 size) total buffers - 0(0 size) used buffers - 2/7 (recycle/alloc) - 5/36 (fetch/transfer)
07-08 16:31:40.500 16715 16760 D BufferPoolAccessor2.0: Destruction - bufferpool2 0xb4000078b02a3018 cached: 0/0M, 0/0% in use; allocs: 7, 29% recycled; transfers: 36, 86% unfetched
07-08 16:31:40.502 14031 14031 E RRR     : onNewAzimuth: -607.637
07-08 16:31:40.503 14031 14031 E RRR     : onNewAzimuth: -607.62463
07-08 16:31:40.524 14031 14031 E RRR     : onNewAzimuth: -607.62787
07-08 16:31:40.524 12749 12749 W ratelimit: Single process limit 250/s drop 21 lines.
07-08 16:31:40.524 14031 14031 E RRR     : onNewAzimuth: -607.5936
07-08 16:31:40.524 14031 14031 E RRR     : onNewAzimuth: -607.62787
07-08 16:31:40.524 14031 14031 E RRR     : onNewAzimuth: -607.5936
07-08 16:31:40.574 12749 12749 D ViewRootImpl: AppSizeAfterRelayout, size: Point(1389, 193), rotation: ROTATION_0
07-08 16:31:40.575 12749 12749 D BufferQueueConsumer: [](id:31cd00000002,api:0,p:-1,c:12749) connect: controlledByApp=false
07-08 16:31:40.575 12749 12749 D BLASTBufferQueue: [VRI[GrantPermissionsActivity,type=1]#2](f:0,a:0) constructor()
07-08 16:31:40.575 12749 12749 D BLASTBufferQueue: [VRI[GrantPermissionsActivity,type=1]#2](f:0,a:0) update width=1389 height=193 format=-2 mTransformHint=0
07-08 16:31:40.576 14031 14031 E RRR     : onNewAzimuth: -607.6033
07-08 16:31:40.576 14031 14031 E RRR     : onNewAzimuth: -607.6041
07-08 16:31:40.576 14031 14031 E RRR     : onNewAzimuth: -607.5964
07-08 16:31:40.576 14031 14031 E RRR     : onNewAzimuth: -607.6367
07-08 16:31:40.576 14031 14031 E RRR     : onNewAzimuth: -607.6306
07-08 16:31:40.576 14031 14031 E RRR     : onNewAzimuth: -607.5963
07-08 16:31:40.576 14031 14031 E RRR     : onNewAzimuth: -607.5898
07-08 16:31:40.576 14031 14031 E RRR     : onNewAzimuth: -607.58105
07-08 16:31:40.576 14031 14031 E RRR     : onNewAzimuth: -607.6033
07-08 16:31:40.576 14031 14031 E RRR     : onNewAzimuth: -607.6041
07-08 16:31:40.576 14031 14031 E RRR     : onNewAzimuth: -607.5964
07-08 16:31:40.576 14031 14031 E RRR     : onNewAzimuth: -607.6367
07-08 16:31:40.576 14031 14031 E RRR     : onNewAzimuth: -607.6306
07-08 16:31:40.576 14031 14031 E RRR     : onNewAzimuth: -607.5963
07-08 16:31:40.576 14031 14031 E RRR     : onNewAzimuth: -607.5898
07-08 16:31:40.576 14031 14031 E RRR     : onNewAzimuth: -607.58105
07-08 16:31:40.578 12749 14672 W BLASTBufferQueue: Unable to open /proc/vivo_rsc/frame_set_priority: Permission denied
07-08 16:31:40.578 12749 14672 I BLASTBufferQueue: QoSAllocBuff Successful. Ret 0 
07-08 16:31:40.585 14031 14031 E RRR     : onNewAzimuth: -607.63635
07-08 16:31:40.585 14031 14031 E RRR     : onNewAzimuth: -607.6235
07-08 16:31:40.585 14031 14031 E RRR     : onNewAzimuth: -607.63635
07-08 16:31:40.585 14031 14031 E RRR     : onNewAzimuth: -607.6235
07-08 16:31:40.597 14031 14031 E RRR     : onNewAzimuth: -607.5951
07-08 16:31:40.601 14031 14031 E RRR     : onNewAzimuth: -607.6355
07-08 16:31:40.605 14031 14031 E RRR     : onNewAzimuth: -607.60474
07-08 16:31:40.618 12749 12749 V ImeFocusController: onWindowFocus: com.android.internal.policy.DecorView{68f9276 V.E...... R.....ID 0,0-1197,0}[GrantPermissionsActivity] softInputMode=STATE_ALWAYS_HIDDEN|ADJUST_NOTHING|IS_FORWARD_NAVIGATION
07-08 16:31:40.621 17088 17177 D InsetsAnimationCtrlImpl: notify control request finished for types: 2
07-08 16:31:40.621 17088 17177 I ANDR-VIVO-PERF: vivo inside perf_lock_rel of client
07-08 16:31:40.624 28667 28667 V InputMethod: unbindInput(): binding=InputBinding{android.os.BinderProxy@7979e35 / uid 10686 / pid 17088} ic=RemoteInputConnection{idHash=#fc0b2ca}
07-08 16:31:40.624 17088 17177 W InteractionJankMonitor: Initializing without READ_DEVICE_CONFIG permission. enabled=false, interval=1, missedFrameThreshold=3, frameTimeThreshold=64, package=com.emergent.salahalarm.lxw9zs
07-08 16:31:40.625 28667 28667 V InputMethod: bindInput(): binding=InputBinding{android.os.BinderProxy@dafbbbf / uid 10233 / pid 12749} ic=RemoteInputConnection{idHash=#fe80117}
07-08 16:31:40.627 28667 28667 V InputMethod: startInput(): editor=android.view.inputmethod.EditorInfo@4e7a904
07-08 16:31:40.627 28667 28667 V InputMethodService: CALL: doFinishInput
07-08 16:31:40.627 28667 28667 D InlineSuggestionSessionController: notifyOnFinishInput
07-08 16:31:40.627 28667 28667 V InputMethodService: CALL: onFinishInput
07-08 16:31:40.627 28667 28667 I GoogleInputMethodService: GoogleInputMethodService.onFinishInput():2276 
07-08 16:31:40.628 28667 28667 I Module  : DeviceLockedStatusModuleProvider$Module.updateDeviceLockedStatusInternal():129 repeatCheckTimes = 0, locked = false
07-08 16:31:40.628 28667 28667 V InputMethodService: finishStylusHandwriting()
07-08 16:31:40.629 28667 28667 D InlineSuggestionSessionController: notifyOnStartInput: com.google.android.permissioncontroller, 0
07-08 16:31:40.629 28667 28667 V InputMethodService: CALL: onStartInput
07-08 16:31:40.629 28667 28667 I GoogleInputMethodService: GoogleInputMethodService.onStartInput():1460 onStartInput(EditorInfo{EditorInfo{packageName=com.google.android.permissioncontroller, inputType=0, inputTypeString=NULL, enableLearning=false, autoCorrection=false, autoComplete=false, imeOptions=0, privateImeOptions=null, actionName=UNSPECIFIED, actionLabel=null, initialSelStart=-1, initialSelEnd=-1, initialCapsMode=0, label=null, fieldId=0, fieldName=null, extras=null, hintText=null, hintLocales=[]}}, false)
07-08 16:31:40.629 28667 28667 I LatinIMEBase: LatinIMEBase.updateInputViewCoverNavigation():317 Update input view padding, isNavbarOverInputWindow=true, bottom inset=126
07-08 16:31:40.630 28667 28667 I Module  : DeviceLockedStatusModuleProvider$Module.updateDeviceLockedStatusInternal():129 repeatCheckTimes = 1, locked = false
07-08 16:31:40.633 14031 14031 E RRR     : onNewAzimuth: -607.5796
07-08 16:31:40.634 14031 14031 E RRR     : onNewAzimuth: -607.625
07-08 16:31:40.634 14031 14031 E RRR     : onNewAzimuth: -607.6028
07-08 16:31:40.634 14031 14031 E RRR     : onNewAzimuth: -607.58887
07-08 16:31:40.634 14031 14031 E RRR     : onNewAzimuth: -607.5796
07-08 16:31:40.634 14031 14031 E RRR     : onNewAzimuth: -607.625
07-08 16:31:40.634 14031 14031 E RRR     : onNewAzimuth: -607.6028
07-08 16:31:40.634 14031 14031 E RRR     : onNewAzimuth: -607.58887
07-08 16:31:40.641 14031 14031 E RRR     : onNewAzimuth: -607.6249
07-08 16:31:40.646 14031 14031 E RRR     : onNewAzimuth: -607.6252
07-08 16:31:40.658 14031 14031 E RRR     : onNewAzimuth: -607.6277
07-08 16:31:40.671 14031 14031 E RRR     : onNewAzimuth: -607.58923
07-08 16:31:40.671 14031 14031 E RRR     : onNewAzimuth: -607.59015
07-08 16:31:40.671 14031 14031 E RRR     : onNewAzimuth: -607.58923
07-08 16:31:40.671 14031 14031 E RRR     : onNewAzimuth: -607.59015
07-08 16:31:40.679  2171  2244 I ActivityTaskManager: Displayed com.google.android.permissioncontroller/com.android.permissioncontroller.permission.ui.GrantPermissionsActivity for user 0: +115ms
07-08 16:31:40.685 14031 14031 E RRR     : onNewAzimuth: -607.63434
07-08 16:31:40.685 14031 14031 E RRR     : onNewAzimuth: -607.6231
07-08 16:31:40.686 14031 14031 E RRR     : onNewAzimuth: -607.63434
07-08 16:31:40.686 14031 14031 E RRR     : onNewAzimuth: -607.6231
07-08 16:31:40.690 12749 12749 D VRI[GrantPermissionsActivity,type=1]: visibilityChanged oldVisibility=true newVisibility=false
07-08 16:31:40.699 12749 14672 I HWUI    : [destroy] CanvasContext will be destroyed.
07-08 16:31:40.701 14031 14031 E RRR     : onNewAzimuth: -607.607
07-08 16:31:40.709 12749 12749 D ViewRootImpl: AppSizeAfterRelayout, size: Point(1389, 193), rotation: ROTATION_0
07-08 16:31:40.713 14031 14031 E RRR     : onNewAzimuth: -607.5962
07-08 16:31:40.713 14031 14031 E RRR     : onNewAzimuth: -607.6391
07-08 16:31:40.713 14031 14031 E RRR     : onNewAzimuth: -607.63196
07-08 16:31:40.713 14031 14031 E RRR     : onNewAzimuth: -607.5962
07-08 16:31:40.713 14031 14031 E RRR     : onNewAzimuth: -607.6391
07-08 16:31:40.713 14031 14031 E RRR     : onNewAzimuth: -607.63196
07-08 16:31:40.714 12749 12749 D BLASTBufferQueue: [VRI[GrantPermissionsActivity,type=1]#2](f:0,a:0) destructor()
07-08 16:31:40.714 12749 12749 D BufferQueueConsumer: [VRI[GrantPermissionsActivity,type=1]#2(BLAST Consumer)2](id:31cd00000002,api:0,p:-1,c:12749) disconnect
07-08 16:31:40.717 12749 14672 I HWUI    : [setStopped] CanvasContext will be destroyed.
07-08 16:31:40.720 12749 12749 I ImeTracker: com.google.android.permissioncontroller:7a4a5e20: onRequestHide at ORIGIN_CLIENT reason HIDE_WINDOW_LOST_FOCUS fromUser false
07-08 16:31:40.721 12749 12749 I ImeTracker: com.google.android.permissioncontroller:7a4a5e20: onCancelled at PHASE_CLIENT_ALREADY_HIDDEN
07-08 16:31:40.721 12749 12749 W WindowOnBackDispatcher: sendCancelIfRunning: isInProgress=false callback=android.view.ViewRootImpl$$ExternalSyntheticLambda13@8d71081
07-08 16:31:40.724 14031 14031 E RRR     : onNewAzimuth: -607.5919
07-08 16:31:40.725 14031 14031 E RRR     : onNewAzimuth: -607.60016
07-08 16:31:40.725 14031 14031 E RRR     : onNewAzimuth: -607.5919
07-08 16:31:40.725 14031 14031 E RRR     : onNewAzimuth: -607.60016
07-08 16:31:40.726 12749 14672 I HWUI    : [destroy] CanvasContext will be destroyed.
07-08 16:31:40.727 17088 17088 W unknown:BridgelessReact: ReactHost{0}.onHostResume(activity)
07-08 16:31:40.727 17088 17088 W unknown:BridgelessReact: ReactContext.onHostResume()
07-08 16:31:40.730 12749 12749 D ViewRootImpl: Skipping stats log for color mode
07-08 16:31:40.730 17088 17088 V ImeFocusController: onWindowFocus: com.android.internal.policy.DecorView{567bc6c V.E...... R....... 0,0-1260,2800 aid=0}[MainActivity] softInputMode=STATE_UNSPECIFIED|ADJUST_RESIZE
07-08 16:31:40.734 14031 14031 E RRR     : onNewAzimuth: -607.62744
07-08 16:31:40.740 14031 14031 E RRR     : onNewAzimuth: -607.67725
07-08 16:31:40.748 14031 14031 E RRR     : onNewAzimuth: -607.6875
07-08 16:31:40.752 14031 14031 E RRR     : onNewAzimuth: -607.6754
07-08 16:31:40.753 17088 17135 W ReactNativeJS: `setPositionAsync` is not supported with edge-to-edge enabled.
07-08 16:31:40.753 17088 17135 W ReactNativeJS: `setBehaviorAsync` is not supported with edge-to-edge enabled.
07-08 16:31:40.754 17088 17135 W ReactNativeJS: `setBackgroundColorAsync` is not supported with edge-to-edge enabled.
07-08 16:31:40.755 17088 17135 I ReactNativeJS: BATTERY EXEMPTION: already prompted, skipping
07-08 16:31:40.755 17088 17135 I ReactNativeJS: 'GET LAUNCH ALARM RESULT (resume):', 'null'
07-08 16:31:40.760 12749 14672 I HWUI    : [trimMemory] TrimMemory will destroy render context, mode: 40.
07-08 16:31:40.760 17088 17088 I ImeTracker: com.emergent.salahalarm.lxw9zs:afc27d16: onCancelled at PHASE_CLIENT_ALREADY_HIDDEN
07-08 16:31:40.761 14031 14031 E RRR     : onNewAzimuth: -607.7169
07-08 16:31:40.761 14031 14031 E RRR     : onNewAzimuth: -607.7043
07-08 16:31:40.762 28667 28667 V InputMethod: unbindInput(): binding=InputBinding{android.os.BinderProxy@dafbbbf / uid 10233 / pid 12749} ic=RemoteInputConnection{idHash=#fe80117}
07-08 16:31:40.762 14031 14031 E RRR     : onNewAzimuth: -607.7169
07-08 16:31:40.762 14031 14031 E RRR     : onNewAzimuth: -607.7043
07-08 16:31:40.763 28667 28667 V InputMethod: bindInput(): binding=InputBinding{android.os.BinderProxy@7979e35 / uid 10686 / pid 17088} ic=RemoteInputConnection{idHash=#4b85170}
07-08 16:31:40.772 28667 28667 V InputMethod: startInput(): editor=android.view.inputmethod.EditorInfo@7eafce9
07-08 16:31:40.772 28667 28667 V InputMethodService: CALL: doFinishInput
07-08 16:31:40.772 28667 28667 D InlineSuggestionSessionController: notifyOnFinishInput
07-08 16:31:40.772 28667 28667 V InputMethodService: CALL: onFinishInput
07-08 16:31:40.772 28667 28667 I GoogleInputMethodService: GoogleInputMethodService.onFinishInput():2276 
07-08 16:31:40.772 28667 28667 I Module  : DeviceLockedStatusModuleProvider$Module.updateDeviceLockedStatusInternal():129 repeatCheckTimes = 0, locked = false
07-08 16:31:40.773 14031 14031 E RRR     : onNewAzimuth: -607.6974
07-08 16:31:40.773 28667 28667 V InputMethodService: finishStylusHandwriting()
07-08 16:31:40.773 28667 28667 D InlineSuggestionSessionController: notifyOnStartInput: com.emergent.salahalarm.lxw9zs, 0
07-08 16:31:40.773 28667 28667 V InputMethodService: CALL: onStartInput
07-08 16:31:40.773 28667 28667 I GoogleInputMethodService: GoogleInputMethodService.onStartInput():1460 onStartInput(EditorInfo{EditorInfo{packageName=com.emergent.salahalarm.lxw9zs, inputType=0, inputTypeString=NULL, enableLearning=false, autoCorrection=false, autoComplete=false, imeOptions=0, privateImeOptions=null, actionName=UNSPECIFIED, actionLabel=null, initialSelStart=-1, initialSelEnd=-1, initialCapsMode=0, label=null, fieldId=0, fieldName=null, extras=null, hintText=null, hintLocales=[]}}, false)
07-08 16:31:40.773 28667 28667 I LatinIMEBase: LatinIMEBase.updateInputViewCoverNavigation():317 Update input view padding, isNavbarOverInputWindow=true, bottom inset=126
07-08 16:31:40.774 28667 28667 I Module  : DeviceLockedStatusModuleProvider$Module.updateDeviceLockedStatusInternal():129 repeatCheckTimes = 1, locked = false
07-08 16:31:40.794 14031 14031 E RRR     : onNewAzimuth: -607.7377
07-08 16:31:40.794 14031 14031 E RRR     : onNewAzimuth: -607.74023
07-08 16:31:40.794 14031 14031 E RRR     : onNewAzimuth: -607.7505
07-08 16:31:40.794 14031 14031 E RRR     : onNewAzimuth: -607.7377
07-08 16:31:40.794 14031 14031 E RRR     : onNewAzimuth: -607.74023
07-08 16:31:40.795 14031 14031 E RRR     : onNewAzimuth: -607.7505
07-08 16:31:40.802 14031 14031 E RRR     : onNewAzimuth: -607.78955
07-08 16:31:40.802 14031 14031 E RRR     : onNewAzimuth: -607.80023
07-08 16:31:40.803 14031 14031 E RRR     : onNewAzimuth: -607.78955
07-08 16:31:40.803 14031 14031 E RRR     : onNewAzimuth: -607.80023
07-08 16:31:40.829 17088 17210 I NOTIFEE : (NotificationManager): Removing notification with id alarm-maghrib-0-1783542780000
07-08 16:31:40.829 17088 17210 I NOTIFEE : (NotificationManager): Removing notification with id alarm-maghrib-0-1783542780000
07-08 16:31:40.835 17088 17210 I NOTIFEE : (NotificationManager): Removing notification with id alarm-isha-0-1783548000000
07-08 16:31:40.835 17088 17210 I NOTIFEE : (NotificationManager): Removing notification with id alarm-isha-0-1783548000000
07-08 16:31:40.836 17088 17210 I NOTIFEE : (NotificationManager): Removing notification with id alarm-fajr-0-1783566000000
07-08 16:31:40.836 17088 17210 I NOTIFEE : (NotificationManager): Removing notification with id alarm-fajr-0-1783566000000
07-08 16:31:40.837 14031 14031 E RRR     : onNewAzimuth: -607.81226
07-08 16:31:40.837 14031 14031 E RRR     : onNewAzimuth: -607.85034
07-08 16:31:40.837 14031 14031 E RRR     : onNewAzimuth: -607.86597
07-08 16:31:40.837 14031 14031 E RRR     : onNewAzimuth: -607.8832
07-08 16:31:40.837 17088 17210 I NOTIFEE : (NotificationManager): Removing notification with id alarm-zuhr-0-1783602000000
07-08 16:31:40.837 17088 17210 I NOTIFEE : (NotificationManager): Removing notification with id alarm-zuhr-0-1783602000000
07-08 16:31:40.838 14031 14031 E RRR     : onNewAzimuth: -607.81226
07-08 16:31:40.838 14031 14031 E RRR     : onNewAzimuth: -607.85034
07-08 16:31:40.838 14031 14031 E RRR     : onNewAzimuth: -607.86597
07-08 16:31:40.838 14031 14031 E RRR     : onNewAzimuth: -607.8832
07-08 16:31:40.838 17088 17210 I NOTIFEE : (NotificationManager): Removing notification with id alarm-asr-0-1783620900000
07-08 16:31:40.838 17088 17210 I NOTIFEE : (NotificationManager): Removing notification with id alarm-asr-0-1783620900000
07-08 16:31:40.839 17088 17210 I NOTIFEE : (NotificationManager): Removing notification with id alarm-maghrib-0-1783629120000
07-08 16:31:40.839 17088 17210 I NOTIFEE : (NotificationManager): Removing notification with id alarm-maghrib-0-1783629120000
07-08 16:31:40.839 12749 14672 I HWUI    : [destroy] CanvasContext will be destroyed.
07-08 16:31:40.840 17088 17210 I NOTIFEE : (NotificationManager): Removing notification with id alarm-fajr-0-1783653300000
07-08 16:31:40.840 17088 17210 I NOTIFEE : (NotificationManager): Removing notification with id alarm-fajr-0-1783653300000
07-08 16:31:40.841 17088 17210 I NOTIFEE : (NotificationManager): Removing notification with id alarm-isha-0-1783634400000
07-08 16:31:40.841 17088 17210 I NOTIFEE : (NotificationManager): Removing notification with id alarm-isha-0-1783634400000
07-08 16:31:40.842 14031 14031 E RRR     : onNewAzimuth: -607.9132
07-08 16:31:40.842 14031 14031 E RRR     : onNewAzimuth: -607.9267
07-08 16:31:40.842 14031 14031 E RRR     : onNewAzimuth: -607.9132
07-08 16:31:40.842 14031 14031 E RRR     : onNewAzimuth: -607.9267
07-08 16:31:40.842 17088 17210 I NOTIFEE : (NotificationManager): Removing notification with id alarm-zuhr-0-1783688400000
07-08 16:31:40.842 17088 17210 I NOTIFEE : (NotificationManager): Removing notification with id alarm-zuhr-0-1783688400000
07-08 16:31:40.843 17088 17210 I NOTIFEE : (NotificationManager): Removing notification with id alarm-asr-0-1783707300000
07-08 16:31:40.843 17088 17210 I NOTIFEE : (NotificationManager): Removing notification with id alarm-asr-0-1783707300000
07-08 16:31:40.847 17088 17210 I NOTIFEE : (NotificationManager): Removing notification with id alarm-maghrib-0-1783715460000
07-08 16:31:40.847 17088 17210 I NOTIFEE : (NotificationManager): Removing notification with id alarm-maghrib-0-1783715460000
07-08 16:31:40.849 17088 17210 I NOTIFEE : (NotificationManager): Removing notification with id alarm-isha-0-1783720800000
07-08 16:31:40.849 17088 17210 I NOTIFEE : (NotificationManager): Removing notification with id alarm-isha-0-1783720800000
07-08 16:31:40.850 17088 17210 I NOTIFEE : (NotificationManager): Removing notification with id alarm-fajr-0-1783739700000
07-08 16:31:40.850 17088 17210 I NOTIFEE : (NotificationManager): Removing notification with id alarm-fajr-0-1783739700000
07-08 16:31:40.851 17088 17210 I NOTIFEE : (NotificationManager): Removing notification with id alarm-zuhr-0-1783774800000
07-08 16:31:40.851 17088 17210 I NOTIFEE : (NotificationManager): Removing notification with id alarm-zuhr-0-1783774800000
07-08 16:31:40.852 14031 14031 E RRR     : onNewAzimuth: -607.9313
07-08 16:31:40.852 17088 17210 I NOTIFEE : (NotificationManager): Removing notification with id alarm-asr-0-1783793700000
07-08 16:31:40.852 17088 17210 I NOTIFEE : (NotificationManager): Removing notification with id alarm-asr-0-1783793700000
07-08 16:31:40.854 17088 17210 I NOTIFEE : (NotificationManager): Removing notification with id alarm-maghrib-0-1783801800000
07-08 16:31:40.854 17088 17210 I NOTIFEE : (NotificationManager): Removing notification with id alarm-maghrib-0-1783801800000
07-08 16:31:40.858 17088 17210 I NOTIFEE : (NotificationManager): Removing notification with id alarm-isha-0-1783807200000
07-08 16:31:40.858 17088 17210 I NOTIFEE : (NotificationManager): Removing notification with id alarm-isha-0-1783807200000
07-08 16:31:40.859 17088 17210 I NOTIFEE : (NotificationManager): Removing notification with id alarm-fajr-0-1783826100000
07-08 16:31:40.859 17088 17210 I NOTIFEE : (NotificationManager): Removing notification with id alarm-fajr-0-1783826100000
07-08 16:31:40.860 17088 17210 I NOTIFEE : (NotificationManager): Removing notification with id alarm-zuhr-0-1783861200000
07-08 16:31:40.860 17088 17210 I NOTIFEE : (NotificationManager): Removing notification with id alarm-zuhr-0-1783861200000
07-08 16:31:40.861 17088 17210 I NOTIFEE : (NotificationManager): Removing notification with id alarm-asr-0-1783880100000
07-08 16:31:40.861 17088 17210 I NOTIFEE : (NotificationManager): Removing notification with id alarm-asr-0-1783880100000
07-08 16:31:40.862 17088 17210 I NOTIFEE : (NotificationManager): Removing notification with id alarm-maghrib-0-1783888140000
07-08 16:31:40.862 17088 17210 I NOTIFEE : (NotificationManager): Removing notification with id alarm-maghrib-0-1783888140000
07-08 16:31:40.863 17088 17210 I NOTIFEE : (NotificationManager): Removing notification with id alarm-isha-0-1783893600000
07-08 16:31:40.863 17088 17210 I NOTIFEE : (NotificationManager): Removing notification with id alarm-isha-0-1783893600000
07-08 16:31:40.864 17088 17210 I NOTIFEE : (NotificationManager): Removing notification with id alarm-fajr-0-1783912500000
07-08 16:31:40.864 17088 17210 I NOTIFEE : (NotificationManager): Removing notification with id alarm-fajr-0-1783912500000
07-08 16:31:40.866 17088 17210 I NOTIFEE : (NotificationManager): Removing notification with id alarm-zuhr-0-1783947600000
07-08 16:31:40.866 17088 17210 I NOTIFEE : (NotificationManager): Removing notification with id alarm-zuhr-0-1783947600000
07-08 16:31:40.869 17088 17210 I NOTIFEE : (NotificationManager): Removing notification with id alarm-asr-0-1783966500000
07-08 16:31:40.869 17088 17210 I NOTIFEE : (NotificationManager): Removing notification with id alarm-asr-0-1783966500000
07-08 16:31:40.869 17088 17210 I NOTIFEE : (NotificationManager): Removing notification with id alarm-maghrib-0-1783974480000
07-08 16:31:40.869 17088 17210 I NOTIFEE : (NotificationManager): Removing notification with id alarm-maghrib-0-1783974480000
07-08 16:31:40.870 17088 17210 I NOTIFEE : (NotificationManager): Removing notification with id alarm-isha-0-1783980000000
07-08 16:31:40.870 17088 17210 I NOTIFEE : (NotificationManager): Removing notification with id alarm-isha-0-1783980000000
07-08 16:31:40.871 17088 17210 I NOTIFEE : (NotificationManager): Removing notification with id alarm-fajr-0-1783998900000
07-08 16:31:40.871 17088 17210 I NOTIFEE : (NotificationManager): Removing notification with id alarm-fajr-0-1783998900000
07-08 16:31:40.872 14031 14031 E RRR     : onNewAzimuth: -607.967
07-08 16:31:40.872 14031 14031 E RRR     : onNewAzimuth: -607.96747
07-08 16:31:40.872 14031 14031 E RRR     : onNewAzimuth: -607.967
07-08 16:31:40.872 14031 14031 E RRR     : onNewAzimuth: -607.96747
07-08 16:31:40.876 17088 17210 I NOTIFEE : (NotificationManager): Removing notification with id alarm-zuhr-0-1784034000000
07-08 16:31:40.876 17088 17210 I NOTIFEE : (NotificationManager): Removing notification with id alarm-zuhr-0-1784034000000
07-08 16:31:40.880 17088 17210 I NOTIFEE : (NotificationManager): Removing notification with id alarm-asr-0-1784052900000
07-08 16:31:40.880 17088 17210 I NOTIFEE : (NotificationManager): Removing notification with id alarm-asr-0-1784052900000
07-08 16:31:40.882 17088 17210 I NOTIFEE : (NotificationManager): Removing notification with id alarm-maghrib-0-1784060880000
07-08 16:31:40.882 17088 17210 I NOTIFEE : (NotificationManager): Removing notification with id alarm-maghrib-0-1784060880000
07-08 16:31:40.883 14031 14031 E RRR     : onNewAzimuth: -607.9647
07-08 16:31:40.883 14031 14031 E RRR     : onNewAzimuth: -607.99255
07-08 16:31:40.883 14031 14031 E RRR     : onNewAzimuth: -607.98645
07-08 16:31:40.883 17088 17210 I NOTIFEE : (NotificationManager): Removing notification with id alarm-isha-0-1784066400000
07-08 16:31:40.883 17088 17210 I NOTIFEE : (NotificationManager): Removing notification with id alarm-isha-0-1784066400000
07-08 16:31:40.883 14031 14031 E RRR     : onNewAzimuth: -607.9647
07-08 16:31:40.883 14031 14031 E RRR     : onNewAzimuth: -607.99255
07-08 16:31:40.883 14031 14031 E RRR     : onNewAzimuth: -607.98645
07-08 16:31:40.884 17088 17210 I NOTIFEE : (NotificationManager): Removing notification with id alarm-fajr-0-1784085300000
07-08 16:31:40.884 17088 17210 I NOTIFEE : (NotificationManager): Removing notification with id alarm-fajr-0-1784085300000
07-08 16:31:40.885 17088 17210 I NOTIFEE : (NotificationManager): Removing notification with id alarm-zuhr-0-1784120400000
07-08 16:31:40.885 17088 17210 I NOTIFEE : (NotificationManager): Removing notification with id alarm-zuhr-0-1784120400000
07-08 16:31:40.906 17088 17135 I ReactNativeJS: 'FOREGROUND EVENT RAW:', '{"type":7,"detail":{"notification":{"title":"Asr time","data":{"customUri":"","label":"Asr","type":"alarm","pre":"0","sound":"beep","prayer":"asr"},"id":"alarm-asr-0-1783534500000","body":"It\'s time for Asr prayer.","android":{"importance":4,"groupSummary":false,"pressAction":{"launchActivity":"default","id":"default"},"fullScreenAction":{"launchActivity":"default","id":"default"},"lightUpScreen":false,"loopSound":false,"channelId":"prayer-alarm-beep","colorized":false,"vibrationPattern":[300,500,300,500],"visibility":1,"groupAlertBehavior":0,"circularLargeIcon":false,"asForegroundService":false,"ongoing":false,"smallIcon":"ic_launcher","showTimestamp":false,"badgeIconType":2,"onlyAlertOnce":false,"showChronometer":false,"autoCancel":false,"localOnly":false,"defaults":[-1],"chronometerDirection":"up","category":"alarm"}}}}'
07-08 16:31:40.916 17088 17135 I ReactNativeJS: 'FOREGROUND EVENT RAW:', '{"type":7,"detail":{"notification":{"title":"Maghrib time","data":{"customUri":"","label":"Maghrib","type":"alarm","pre":"0","sound":"beep","prayer":"maghrib"},"id":"alarm-maghrib-0-1783542780000","body":"It\'s time for Maghrib prayer.","android":{"importance":4,"groupSummary":false,"pressAction":{"launchActivity":"default","id":"default"},"fullScreenAction":{"launchActivity":"default","id":"default"},"lightUpScreen":false,"loopSound":false,"channelId":"prayer-alarm-beep","colorized":false,"vibrationPattern":[300,500,300,500],"visibility":1,"groupAlertBehavior":0,"circularLargeIcon":false,"asForegroundService":false,"ongoing":false,"smallIcon":"ic_launcher","showTimestamp":false,"badgeIconType":2,"onlyAlertOnce":false,"showChronometer":false,"autoCancel":false,"localOnly":false,"defaults":[-1],"chronometerDirection":"up","category":"alarm"}}}}'
07-08 16:31:40.917 17088 17135 I ReactNativeJS: 'FOREGROUND EVENT RAW:', '{"type":7,"detail":{"notification":{"title":"Isha time","data":{"customUri":"","label":"Isha","type":"alarm","pre":"0","sound":"beep","prayer":"isha"},"id":"alarm-isha-0-1783548000000","body":"It\'s time for Isha prayer.","android":{"importance":4,"groupSummary":false,"pressAction":{"launchActivity":"default","id":"default"},"fullScreenAction":{"launchActivity":"default","id":"default"},"lightUpScreen":false,"loopSound":false,"channelId":"prayer-alarm-beep","colorized":false,"vibrationPattern":[300,500,300,500],"visibility":1,"groupAlertBehavior":0,"circularLargeIcon":false,"asForegroundService":false,"ongoing":false,"smallIcon":"ic_launcher","showTimestamp":false,"badgeIconType":2,"onlyAlertOnce":false,"showChronometer":false,"autoCancel":false,"localOnly":false,"defaults":[-1],"chronometerDirection":"up","category":"alarm"}}}}'
07-08 16:31:40.928 17088 17135 I ReactNativeJS: 'FOREGROUND EVENT RAW:', '{"type":7,"detail":{"notification":{"title":"Fajr time","data":{"customUri":"","label":"Fajr","type":"alarm","pre":"0","sound":"beep","prayer":"fajr"},"id":"alarm-fajr-0-1783566000000","body":"It\'s time for Fajr prayer.","android":{"importance":4,"groupSummary":false,"pressAction":{"launchActivity":"default","id":"default"},"fullScreenAction":{"launchActivity":"default","id":"default"},"lightUpScreen":false,"loopSound":false,"channelId":"prayer-alarm-beep","colorized":false,"vibrationPattern":[300,500,300,500],"visibility":1,"groupAlertBehavior":0,"circularLargeIcon":false,"asForegroundService":false,"ongoing":false,"smallIcon":"ic_launcher","showTimestamp":false,"badgeIconType":2,"onlyAlertOnce":false,"showChronometer":false,"autoCancel":false,"localOnly":false,"defaults":[-1],"chronometerDirection":"up","category":"alarm"}}}}'
07-08 16:31:40.929 17088 17135 I ReactNativeJS: 'FOREGROUND EVENT RAW:', '{"type":7,"detail":{"notification":{"title":"Zuhr time","data":{"customUri":"","label":"Zuhr","type":"alarm","pre":"0","sound":"beep","prayer":"zuhr"},"id":"alarm-zuhr-0-1783602000000","body":"It\'s time for Zuhr prayer.","android":{"importance":4,"groupSummary":false,"pressAction":{"launchActivity":"default","id":"default"},"fullScreenAction":{"launchActivity":"default","id":"default"},"lightUpScreen":false,"loopSound":false,"channelId":"prayer-alarm-beep","colorized":false,"vibrationPattern":[300,500,300,500],"visibility":1,"groupAlertBehavior":0,"circularLargeIcon":false,"asForegroundService":false,"ongoing":false,"smallIcon":"ic_launcher","showTimestamp":false,"badgeIconType":2,"onlyAlertOnce":false,"showChronometer":false,"autoCancel":false,"localOnly":false,"defaults":[-1],"chronometerDirection":"up","category":"alarm"}}}}'
07-08 16:31:40.949 14031 14031 E RRR     : onNewAzimuth: -607.97876
07-08 16:31:40.950 14031 14031 E RRR     : onNewAzimuth: -608.0125
07-08 16:31:40.950 14031 14031 E RRR     : onNewAzimuth: -608.002
07-08 16:31:40.950 14031 14031 E RRR     : onNewAzimuth: -607.9876
07-08 16:31:40.950 14031 14031 E RRR     : onNewAzimuth: -607.9719
07-08 16:31:40.950 14031 14031 E RRR     : onNewAzimuth: -607.9979
07-08 16:31:40.950 14031 14031 E RRR     : onNewAzimuth: -607.9791
07-08 16:31:40.950 14031 14031 E RRR     : onNewAzimuth: -607.92975
07-08 16:31:40.950 14031 14031 E RRR     : onNewAzimuth: -607.91565
07-08 16:31:40.950 14031 14031 E RRR     : onNewAzimuth: -607.97876
07-08 16:31:40.950 14031 14031 E RRR     : onNewAzimuth: -608.0125
07-08 16:31:40.950 14031 14031 E RRR     : onNewAzimuth: -608.002
07-08 16:31:40.950 14031 14031 E RRR     : onNewAzimuth: -607.9876
07-08 16:31:40.950 14031 14031 E RRR     : onNewAzimuth: -607.9719
07-08 16:31:40.950 14031 14031 E RRR     : onNewAzimuth: -607.9979
07-08 16:31:40.950 14031 14031 E RRR     : onNewAzimuth: -607.9791
07-08 16:31:40.950 14031 14031 E RRR     : onNewAzimuth: -607.92975
07-08 16:31:40.950 14031 14031 E RRR     : onNewAzimuth: -607.91565
07-08 16:31:40.952 14031 14031 E RRR     : onNewAzimuth: -607.90955
07-08 16:31:40.953 17088 17135 I ReactNativeJS: 'FOREGROUND EVENT RAW:', '{"type":7,"detail":{"notification":{"title":"Asr time","data":{"customUri":"","label":"Asr","type":"alarm","pre":"0","sound":"beep","prayer":"asr"},"id":"alarm-asr-0-1783620900000","body":"It\'s time for Asr prayer.","android":{"importance":4,"groupSummary":false,"pressAction":{"launchActivity":"default","id":"default"},"fullScreenAction":{"launchActivity":"default","id":"default"},"lightUpScreen":false,"loopSound":false,"channelId":"prayer-alarm-beep","colorized":false,"vibrationPattern":[300,500,300,500],"visibility":1,"groupAlertBehavior":0,"circularLargeIcon":false,"asForegroundService":false,"ongoing":false,"smallIcon":"ic_launcher","showTimestamp":false,"badgeIconType":2,"onlyAlertOnce":false,"showChronometer":false,"autoCancel":false,"localOnly":false,"defaults":[-1],"chronometerDirection":"up","category":"alarm"}}}}'
07-08 16:31:40.957 17088 17135 I ReactNativeJS: 'FOREGROUND EVENT RAW:', '{"type":7,"detail":{"notification":{"title":"Maghrib time","data":{"customUri":"","label":"Maghrib","type":"alarm","pre":"0","sound":"beep","prayer":"maghrib"},"id":"alarm-maghrib-0-1783629120000","body":"It\'s time for Maghrib prayer.","android":{"importance":4,"groupSummary":false,"pressAction":{"launchActivity":"default","id":"default"},"fullScreenAction":{"launchActivity":"default","id":"default"},"lightUpScreen":false,"loopSound":false,"channelId":"prayer-alarm-beep","colorized":false,"vibrationPattern":[300,500,300,500],"visibility":1,"groupAlertBehavior":0,"circularLargeIcon":false,"asForegroundService":false,"ongoing":false,"smallIcon":"ic_launcher","showTimestamp":false,"badgeIconType":2,"onlyAlertOnce":false,"showChronometer":false,"autoCancel":false,"localOnly":false,"defaults":[-1],"chronometerDirection":"up","category":"alarm"}}}}'
07-08 16:31:40.962 14031 14031 E RRR     : onNewAzimuth: -607.943
07-08 16:31:40.962 14031 14031 E RRR     : onNewAzimuth: -607.9372
07-08 16:31:40.962 14031 14031 E RRR     : onNewAzimuth: -607.943
07-08 16:31:40.962 14031 14031 E RRR     : onNewAzimuth: -607.9372
07-08 16:31:40.971 14031 14031 E RRR     : onNewAzimuth: -607.92444
07-08 16:31:40.976 17088 17135 I ReactNativeJS: 'FOREGROUND EVENT RAW:', '{"type":7,"detail":{"notification":{"title":"Isha time","data":{"customUri":"","label":"Isha","type":"alarm","pre":"0","sound":"beep","prayer":"isha"},"id":"alarm-isha-0-1783634400000","body":"It\'s time for Isha prayer.","android":{"importance":4,"groupSummary":false,"pressAction":{"launchActivity":"default","id":"default"},"fullScreenAction":{"launchActivity":"default","id":"default"},"lightUpScreen":false,"loopSound":false,"channelId":"prayer-alarm-beep","colorized":false,"vibrationPattern":[300,500,300,500],"visibility":1,"groupAlertBehavior":0,"circularLargeIcon":false,"asForegroundService":false,"ongoing":false,"smallIcon":"ic_launcher","showTimestamp":false,"badgeIconType":2,"onlyAlertOnce":false,"showChronometer":false,"autoCancel":false,"localOnly":false,"defaults":[-1],"chronometerDirection":"up","category":"alarm"}}}}'
07-08 16:31:40.976 17088 17135 I ReactNativeJS: 'FOREGROUND EVENT RAW:', '{"type":7,"detail":{"notification":{"title":"Fajr time","data":{"customUri":"","label":"Fajr","type":"alarm","pre":"0","sound":"beep","prayer":"fajr"},"id":"alarm-fajr-0-1783653300000","body":"It\'s time for Fajr prayer.","android":{"importance":4,"groupSummary":false,"pressAction":{"launchActivity":"default","id":"default"},"fullScreenAction":{"launchActivity":"default","id":"default"},"lightUpScreen":false,"loopSound":false,"channelId":"prayer-alarm-beep","colorized":false,"vibrationPattern":[300,500,300,500],"visibility":1,"groupAlertBehavior":0,"circularLargeIcon":false,"asForegroundService":false,"ongoing":false,"smallIcon":"ic_launcher","showTimestamp":false,"badgeIconType":2,"onlyAlertOnce":false,"showChronometer":false,"autoCancel":false,"localOnly":false,"defaults":[-1],"chronometerDirection":"up","category":"alarm"}}}}'
07-08 16:31:40.983 14031 14031 E RRR     : onNewAzimuth: -607.9054
07-08 16:31:40.984 14031 14031 E RRR     : onNewAzimuth: -607.8563
07-08 16:31:40.984 14031 14031 E RRR     : onNewAzimuth: -607.9054
07-08 16:31:40.984 14031 14031 E RRR     : onNewAzimuth: -607.8563
07-08 16:31:40.986 17088 17135 I ReactNativeJS: 'FOREGROUND EVENT RAW:', '{"type":7,"detail":{"notification":{"title":"Zuhr time","data":{"customUri":"","label":"Zuhr","type":"alarm","pre":"0","sound":"beep","prayer":"zuhr"},"id":"alarm-zuhr-0-1783688400000","body":"It\'s time for Zuhr prayer.","android":{"importance":4,"groupSummary":false,"pressAction":{"launchActivity":"default","id":"default"},"fullScreenAction":{"launchActivity":"default","id":"default"},"lightUpScreen":false,"loopSound":false,"channelId":"prayer-alarm-beep","colorized":false,"vibrationPattern":[300,500,300,500],"visibility":1,"groupAlertBehavior":0,"circularLargeIcon":false,"asForegroundService":false,"ongoing":false,"smallIcon":"ic_launcher","showTimestamp":false,"badgeIconType":2,"onlyAlertOnce":false,"showChronometer":false,"autoCancel":false,"localOnly":false,"defaults":[-1],"chronometerDirection":"up","category":"alarm"}}}}'
07-08 16:31:40.991 14031 14031 E RRR     : onNewAzimuth: -607.83545
07-08 16:31:40.993 17088 17135 I ReactNativeJS: 'FOREGROUND EVENT RAW:', '{"type":7,"detail":{"notification":{"title":"Asr time","data":{"customUri":"","label":"Asr","type":"alarm","pre":"0","sound":"beep","prayer":"asr"},"id":"alarm-asr-0-1783707300000","body":"It\'s time for Asr prayer.","android":{"importance":4,"groupSummary":false,"pressAction":{"launchActivity":"default","id":"default"},"fullScreenAction":{"launchActivity":"default","id":"default"},"lightUpScreen":false,"loopSound":false,"channelId":"prayer-alarm-beep","colorized":false,"vibrationPattern":[300,500,300,500],"visibility":1,"groupAlertBehavior":0,"circularLargeIcon":false,"asForegroundService":false,"ongoing":false,"smallIcon":"ic_launcher","showTimestamp":false,"badgeIconType":2,"onlyAlertOnce":false,"showChronometer":false,"autoCancel":false,"localOnly":false,"defaults":[-1],"chronometerDirection":"up","category":"alarm"}}}}'
07-08 16:31:41.000 17088 17135 I ReactNativeJS: 'FOREGROUND EVENT RAW:', '{"type":7,"detail":{"notification":{"title":"Maghrib time","data":{"customUri":"","label":"Maghrib","type":"alarm","pre":"0","sound":"beep","prayer":"maghrib"},"id":"alarm-maghrib-0-1783715460000","body":"It\'s time for Maghrib prayer.","android":{"importance":4,"groupSummary":false,"pressAction":{"launchActivity":"default","id":"default"},"fullScreenAction":{"launchActivity":"default","id":"default"},"lightUpScreen":false,"loopSound":false,"channelId":"prayer-alarm-beep","colorized":false,"vibrationPattern":[300,500,300,500],"visibility":1,"groupAlertBehavior":0,"circularLargeIcon":false,"asForegroundService":false,"ongoing":false,"smallIcon":"ic_launcher","showTimestamp":false,"badgeIconType":2,"onlyAlertOnce":false,"showChronometer":false,"autoCancel":false,"localOnly":false,"defaults":[-1],"chronometerDirection":"up","category":"alarm"}}}}'
07-08 16:31:41.001 14031 14031 E RRR     : onNewAzimuth: -607.823
07-08 16:31:41.001 14031 14031 E RRR     : onNewAzimuth: -607.8638
07-08 16:31:41.003 14031 14031 E RRR     : onNewAzimuth: -607.823
07-08 16:31:41.003 17088 17135 I ReactNativeJS: 'FOREGROUND EVENT RAW:', '{"type":7,"detail":{"notification":{"title":"Isha time","data":{"customUri":"","label":"Isha","type":"alarm","pre":"0","sound":"beep","prayer":"isha"},"id":"alarm-isha-0-1783720800000","body":"It\'s time for Isha prayer.","android":{"importance":4,"groupSummary":false,"pressAction":{"launchActivity":"default","id":"default"},"fullScreenAction":{"launchActivity":"default","id":"default"},"lightUpScreen":false,"loopSound":false,"channelId":"prayer-alarm-beep","colorized":false,"vibrationPattern":[300,500,300,500],"visibility":1,"groupAlertBehavior":0,"circularLargeIcon":false,"asForegroundService":false,"ongoing":false,"smallIcon":"ic_launcher","showTimestamp":false,"badgeIconType":2,"onlyAlertOnce":false,"showChronometer":false,"autoCancel":false,"localOnly":false,"defaults":[-1],"chronometerDirection":"up","category":"alarm"}}}}'
07-08 16:31:41.003 14031 14031 E RRR     : onNewAzimuth: -607.8638
07-08 16:31:41.008 17088 17135 I ReactNativeJS: 'FOREGROUND EVENT RAW:', '{"type":7,"detail":{"notification":{"title":"Fajr time","data":{"customUri":"","label":"Fajr","type":"alarm","pre":"0","sound":"beep","prayer":"fajr"},"id":"alarm-fajr-0-1783739700000","body":"It\'s time for Fajr prayer.","android":{"importance":4,"groupSummary":false,"pressAction":{"launchActivity":"default","id":"default"},"fullScreenAction":{"launchActivity":"default","id":"default"},"lightUpScreen":false,"loopSound":false,"channelId":"prayer-alarm-beep","colorized":false,"vibrationPattern":[300,500,300,500],"visibility":1,"groupAlertBehavior":0,"circularLargeIcon":false,"asForegroundService":false,"ongoing":false,"smallIcon":"ic_launcher","showTimestamp":false,"badgeIconType":2,"onlyAlertOnce":false,"showChronometer":false,"autoCancel":false,"localOnly":false,"defaults":[-1],"chronometerDirection":"up","category":"alarm"}}}}'
07-08 16:31:41.012 14031 14031 E RRR     : onNewAzimuth: -607.8582
07-08 16:31:41.012 17088 17135 I ReactNativeJS: 'FOREGROUND EVENT RAW:', '{"type":7,"detail":{"notification":{"title":"Zuhr time","data":{"customUri":"","label":"Zuhr","type":"alarm","pre":"0","sound":"beep","prayer":"zuhr"},"id":"alarm-zuhr-0-1783774800000","body":"It\'s time for Zuhr prayer.","android":{"importance":4,"groupSummary":false,"pressAction":{"launchActivity":"default","id":"default"},"fullScreenAction":{"launchActivity":"default","id":"default"},"lightUpScreen":false,"loopSound":false,"channelId":"prayer-alarm-beep","colorized":false,"vibrationPattern":[300,500,300,500],"visibility":1,"groupAlertBehavior":0,"circularLargeIcon":false,"asForegroundService":false,"ongoing":false,"smallIcon":"ic_launcher","showTimestamp":false,"badgeIconType":2,"onlyAlertOnce":false,"showChronometer":false,"autoCancel":false,"localOnly":false,"defaults":[-1],"chronometerDirection":"up","category":"alarm"}}}}'
07-08 16:31:41.017 17088 17135 I ReactNativeJS: 'FOREGROUND EVENT RAW:', '{"type":7,"detail":{"notification":{"title":"Asr time","data":{"customUri":"","label":"Asr","type":"alarm","pre":"0","sound":"beep","prayer":"asr"},"id":"alarm-asr-0-1783793700000","body":"It\'s time for Asr prayer.","android":{"importance":4,"groupSummary":false,"pressAction":{"launchActivity":"default","id":"default"},"fullScreenAction":{"launchActivity":"default","id":"default"},"lightUpScreen":false,"loopSound":false,"channelId":"prayer-alarm-beep","colorized":false,"vibrationPattern":[300,500,300,500],"visibility":1,"groupAlertBehavior":0,"circularLargeIcon":false,"asForegroundService":false,"ongoing":false,"smallIcon":"ic_launcher","showTimestamp":false,"badgeIconType":2,"onlyAlertOnce":false,"showChronometer":false,"autoCancel":false,"localOnly":false,"defaults":[-1],"chronometerDirection":"up","category":"alarm"}}}}'
07-08 16:31:41.024 17088 17135 I ReactNativeJS: 'FOREGROUND EVENT RAW:', '{"type":7,"detail":{"notification":{"title":"Maghrib time","data":{"customUri":"","label":"Maghrib","type":"alarm","pre":"0","sound":"beep","prayer":"maghrib"},"id":"alarm-maghrib-0-1783801800000","body":"It\'s time for Maghrib prayer.","android":{"importance":4,"groupSummary":false,"pressAction":{"launchActivity":"default","id":"default"},"fullScreenAction":{"launchActivity":"default","id":"default"},"lightUpScreen":false,"loopSound":false,"channelId":"prayer-alarm-beep","colorized":false,"vibrationPattern":[300,500,300,500],"visibility":1,"groupAlertBehavior":0,"circularLargeIcon":false,"asForegroundService":false,"ongoing":false,"smallIcon":"ic_launcher","showTimestamp":false,"badgeIconType":2,"onlyAlertOnce":false,"showChronometer":false,"autoCancel":false,"localOnly":false,"defaults":[-1],"chronometerDirection":"up","category":"alarm"}}}}'
07-08 16:31:41.025 14031 14031 E RRR     : onNewAzimuth: -607.8598
07-08 16:31:41.025 14031 14031 E RRR     : onNewAzimuth: -607.8993
07-08 16:31:41.025 14031 14031 E RRR     : onNewAzimuth: -607.8598
07-08 16:31:41.025 14031 14031 E RRR     : onNewAzimuth: -607.8993
