07-08 16:31:41.028 17088 17135 I ReactNativeJS: 'FOREGROUND EVENT RAW:', '{"type":7,"detail":{"notification":{"title":"Isha time","data":{"customUri":"","label":"Isha","type":"alarm","pre":"0","sound":"beep","prayer":"isha"},"id":"alarm-isha-0-1783807200000","body":"It\'s time for Isha prayer.","android":{"importance":4,"groupSummary":false,"pressAction":{"launchActivity":"default","id":"default"},"fullScreenAction":{"launchActivity":"default","id":"default"},"lightUpScreen":false,"loopSound":false,"channelId":"prayer-alarm-beep","colorized":false,"vibrationPattern":[300,500,300,500],"visibility":1,"groupAlertBehavior":0,"circularLargeIcon":false,"asForegroundService":false,"ongoing":false,"smallIcon":"ic_launcher","showTimestamp":false,"badgeIconType":2,"onlyAlertOnce":false,"showChronometer":false,"autoCancel":false,"localOnly":false,"defaults":[-1],"chronometerDirection":"up","category":"alarm"}}}}'
07-08 16:31:41.033 14031 14031 E RRR     : onNewAzimuth: -607.9049
07-08 16:31:41.033 17088 17135 I ReactNativeJS: 'FOREGROUND EVENT RAW:', '{"type":7,"detail":{"notification":{"title":"Fajr time","data":{"customUri":"","label":"Fajr","type":"alarm","pre":"0","sound":"beep","prayer":"fajr"},"id":"alarm-fajr-0-1783826100000","body":"It\'s time for Fajr prayer.","android":{"importance":4,"groupSummary":false,"pressAction":{"launchActivity":"default","id":"default"},"fullScreenAction":{"launchActivity":"default","id":"default"},"lightUpScreen":false,"loopSound":false,"channelId":"prayer-alarm-beep","colorized":false,"vibrationPattern":[300,500,300,500],"visibility":1,"groupAlertBehavior":0,"circularLargeIcon":false,"asForegroundService":false,"ongoing":false,"smallIcon":"ic_launcher","showTimestamp":false,"badgeIconType":2,"onlyAlertOnce":false,"showChronometer":false,"autoCancel":false,"localOnly":false,"defaults":[-1],"chronometerDirection":"up","category":"alarm"}}}}'
07-08 16:31:41.037 17088 17135 I ReactNativeJS: 'FOREGROUND EVENT RAW:', '{"type":7,"detail":{"notification":{"title":"Zuhr time","data":{"customUri":"","label":"Zuhr","type":"alarm","pre":"0","sound":"beep","prayer":"zuhr"},"id":"alarm-zuhr-0-1783861200000","body":"It\'s time for Zuhr prayer.","android":{"importance":4,"groupSummary":false,"pressAction":{"launchActivity":"default","id":"default"},"fullScreenAction":{"launchActivity":"default","id":"default"},"lightUpScreen":false,"loopSound":false,"channelId":"prayer-alarm-beep","colorized":false,"vibrationPattern":[300,500,300,500],"visibility":1,"groupAlertBehavior":0,"circularLargeIcon":false,"asForegroundService":false,"ongoing":false,"smallIcon":"ic_launcher","showTimestamp":false,"badgeIconType":2,"onlyAlertOnce":false,"showChronometer":false,"autoCancel":false,"localOnly":false,"defaults":[-1],"chronometerDirection":"up","category":"alarm"}}}}'
07-08 16:31:41.041 17088 17135 I ReactNativeJS: 'FOREGROUND EVENT RAW:', '{"type":7,"detail":{"notification":{"title":"Asr time","data":{"customUri":"","label":"Asr","type":"alarm","pre":"0","sound":"beep","prayer":"asr"},"id":"alarm-asr-0-1783880100000","body":"It\'s time for Asr prayer.","android":{"importance":4,"groupSummary":false,"pressAction":{"launchActivity":"default","id":"default"},"fullScreenAction":{"launchActivity":"default","id":"default"},"lightUpScreen":false,"loopSound":false,"channelId":"prayer-alarm-beep","colorized":false,"vibrationPattern":[300,500,300,500],"visibility":1,"groupAlertBehavior":0,"circularLargeIcon":false,"asForegroundService":false,"ongoing":false,"smallIcon":"ic_launcher","showTimestamp":false,"badgeIconType":2,"onlyAlertOnce":false,"showChronometer":false,"autoCancel":false,"localOnly":false,"defaults":[-1],"chronometerDirection":"up","category":"alarm"}}}}'
07-08 16:31:41.044 14031 14031 E RRR     : onNewAzimuth: -607.9116
07-08 16:31:41.044 14031 14031 E RRR     : onNewAzimuth: -607.94324
07-08 16:31:41.044 14031 14031 E RRR     : onNewAzimuth: -607.9116
07-08 16:31:41.044 14031 14031 E RRR     : onNewAzimuth: -607.94324
07-08 16:31:41.050 17088 17135 I ReactNativeJS: 'FOREGROUND EVENT RAW:', '{"type":7,"detail":{"notification":{"title":"Maghrib time","data":{"customUri":"","label":"Maghrib","type":"alarm","pre":"0","sound":"beep","prayer":"maghrib"},"id":"alarm-maghrib-0-1783888140000","body":"It\'s time for Maghrib prayer.","android":{"importance":4,"groupSummary":false,"pressAction":{"launchActivity":"default","id":"default"},"fullScreenAction":{"launchActivity":"default","id":"default"},"lightUpScreen":false,"loopSound":false,"channelId":"prayer-alarm-beep","colorized":false,"vibrationPattern":[300,500,300,500],"visibility":1,"groupAlertBehavior":0,"circularLargeIcon":false,"asForegroundService":false,"ongoing":false,"smallIcon":"ic_launcher","showTimestamp":false,"badgeIconType":2,"onlyAlertOnce":false,"showChronometer":false,"autoCancel":false,"localOnly":false,"defaults":[-1],"chronometerDirection":"up","category":"alarm"}}}}'
07-08 16:31:41.052 14031 14031 E RRR     : onNewAzimuth: -607.9493
07-08 16:31:41.057 17088 17135 I ReactNativeJS: 'FOREGROUND EVENT RAW:', '{"type":7,"detail":{"notification":{"title":"Isha time","data":{"customUri":"","label":"Isha","type":"alarm","pre":"0","sound":"beep","prayer":"isha"},"id":"alarm-isha-0-1783893600000","body":"It\'s time for Isha prayer.","android":{"importance":4,"groupSummary":false,"pressAction":{"launchActivity":"default","id":"default"},"fullScreenAction":{"launchActivity":"default","id":"default"},"lightUpScreen":false,"loopSound":false,"channelId":"prayer-alarm-beep","colorized":false,"vibrationPattern":[300,500,300,500],"visibility":1,"groupAlertBehavior":0,"circularLargeIcon":false,"asForegroundService":false,"ongoing":false,"smallIcon":"ic_launcher","showTimestamp":false,"badgeIconType":2,"onlyAlertOnce":false,"showChronometer":false,"autoCancel":false,"localOnly":false,"defaults":[-1],"chronometerDirection":"up","category":"alarm"}}}}'
07-08 16:31:41.059 17088 17135 I ReactNativeJS: 'FOREGROUND EVENT RAW:', '{"type":7,"detail":{"notification":{"title":"Fajr time","data":{"customUri":"","label":"Fajr","type":"alarm","pre":"0","sound":"beep","prayer":"fajr"},"id":"alarm-fajr-0-1783912500000","body":"It\'s time for Fajr prayer.","android":{"importance":4,"groupSummary":false,"pressAction":{"launchActivity":"default","id":"default"},"fullScreenAction":{"launchActivity":"default","id":"default"},"lightUpScreen":false,"loopSound":false,"channelId":"prayer-alarm-beep","colorized":false,"vibrationPattern":[300,500,300,500],"visibility":1,"groupAlertBehavior":0,"circularLargeIcon":false,"asForegroundService":false,"ongoing":false,"smallIcon":"ic_launcher","showTimestamp":false,"badgeIconType":2,"onlyAlertOnce":false,"showChronometer":false,"autoCancel":false,"localOnly":false,"defaults":[-1],"chronometerDirection":"up","category":"alarm"}}}}'
07-08 16:31:41.061 14031 14031 E RRR     : onNewAzimuth: -607.97314
07-08 16:31:41.061 14031 14031 E RRR     : onNewAzimuth: -607.9726
07-08 16:31:41.061 14031 14031 E RRR     : onNewAzimuth: -607.97314
07-08 16:31:41.061 14031 14031 E RRR     : onNewAzimuth: -607.9726
07-08 16:31:41.062 17088 17135 I ReactNativeJS: 'FOREGROUND EVENT RAW:', '{"type":7,"detail":{"notification":{"title":"Zuhr time","data":{"customUri":"","label":"Zuhr","type":"alarm","pre":"0","sound":"beep","prayer":"zuhr"},"id":"alarm-zuhr-0-1783947600000","body":"It\'s time for Zuhr prayer.","android":{"importance":4,"groupSummary":false,"pressAction":{"launchActivity":"default","id":"default"},"fullScreenAction":{"launchActivity":"default","id":"default"},"lightUpScreen":false,"loopSound":false,"channelId":"prayer-alarm-beep","colorized":false,"vibrationPattern":[300,500,300,500],"visibility":1,"groupAlertBehavior":0,"circularLargeIcon":false,"asForegroundService":false,"ongoing":false,"smallIcon":"ic_launcher","showTimestamp":false,"badgeIconType":2,"onlyAlertOnce":false,"showChronometer":false,"autoCancel":false,"localOnly":false,"defaults":[-1],"chronometerDirection":"up","category":"alarm"}}}}'
07-08 16:31:41.066 17088 17135 I ReactNativeJS: 'FOREGROUND EVENT RAW:', '{"type":7,"detail":{"notification":{"title":"Asr time","data":{"customUri":"","label":"Asr","type":"alarm","pre":"0","sound":"beep","prayer":"asr"},"id":"alarm-asr-0-1783966500000","body":"It\'s time for Asr prayer.","android":{"importance":4,"groupSummary":false,"pressAction":{"launchActivity":"default","id":"default"},"fullScreenAction":{"launchActivity":"default","id":"default"},"lightUpScreen":false,"loopSound":false,"channelId":"prayer-alarm-beep","colorized":false,"vibrationPattern":[300,500,300,500],"visibility":1,"groupAlertBehavior":0,"circularLargeIcon":false,"asForegroundService":false,"ongoing":false,"smallIcon":"ic_launcher","showTimestamp":false,"badgeIconType":2,"onlyAlertOnce":false,"showChronometer":false,"autoCancel":false,"localOnly":false,"defaults":[-1],"chronometerDirection":"up","category":"alarm"}}}}'
07-08 16:31:41.070 17088 17135 I ReactNativeJS: 'FOREGROUND EVENT RAW:', '{"type":7,"detail":{"notification":{"title":"Maghrib time","data":{"customUri":"","label":"Maghrib","type":"alarm","pre":"0","sound":"beep","prayer":"maghrib"},"id":"alarm-maghrib-0-1783974480000","body":"It\'s time for Maghrib prayer.","android":{"importance":4,"groupSummary":false,"pressAction":{"launchActivity":"default","id":"default"},"fullScreenAction":{"launchActivity":"default","id":"default"},"lightUpScreen":false,"loopSound":false,"channelId":"prayer-alarm-beep","colorized":false,"vibrationPattern":[300,500,300,500],"visibility":1,"groupAlertBehavior":0,"circularLargeIcon":false,"asForegroundService":false,"ongoing":false,"smallIcon":"ic_launcher","showTimestamp":false,"badgeIconType":2,"onlyAlertOnce":false,"showChronometer":false,"autoCancel":false,"localOnly":false,"defaults":[-1],"chronometerDirection":"up","category":"alarm"}}}}'
07-08 16:31:41.071 14031 14031 E RRR     : onNewAzimuth: -607.96
07-08 16:31:41.072 17088 17135 I ReactNativeJS: 'FOREGROUND EVENT RAW:', '{"type":7,"detail":{"notification":{"title":"Isha time","data":{"customUri":"","label":"Isha","type":"alarm","pre":"0","sound":"beep","prayer":"isha"},"id":"alarm-isha-0-1783980000000","body":"It\'s time for Isha prayer.","android":{"importance":4,"groupSummary":false,"pressAction":{"launchActivity":"default","id":"default"},"fullScreenAction":{"launchActivity":"default","id":"default"},"lightUpScreen":false,"loopSound":false,"channelId":"prayer-alarm-beep","colorized":false,"vibrationPattern":[300,500,300,500],"visibility":1,"groupAlertBehavior":0,"circularLargeIcon":false,"asForegroundService":false,"ongoing":false,"smallIcon":"ic_launcher","showTimestamp":false,"badgeIconType":2,"onlyAlertOnce":false,"showChronometer":false,"autoCancel":false,"localOnly":false,"defaults":[-1],"chronometerDirection":"up","category":"alarm"}}}}'
07-08 16:31:41.077 17088 17135 I ReactNativeJS: 'FOREGROUND EVENT RAW:', '{"type":7,"detail":{"notification":{"title":"Fajr time","data":{"customUri":"","label":"Fajr","type":"alarm","pre":"0","sound":"beep","prayer":"fajr"},"id":"alarm-fajr-0-1783998900000","body":"It\'s time for Fajr prayer.","android":{"importance":4,"groupSummary":false,"pressAction":{"launchActivity":"default","id":"default"},"fullScreenAction":{"launchActivity":"default","id":"default"},"lightUpScreen":false,"loopSound":false,"channelId":"prayer-alarm-beep","colorized":false,"vibrationPattern":[300,500,300,500],"visibility":1,"groupAlertBehavior":0,"circularLargeIcon":false,"asForegroundService":false,"ongoing":false,"smallIcon":"ic_launcher","showTimestamp":false,"badgeIconType":2,"onlyAlertOnce":false,"showChronometer":false,"autoCancel":false,"localOnly":false,"defaults":[-1],"chronometerDirection":"up","category":"alarm"}}}}'
07-08 16:31:41.080 17088 17135 I ReactNativeJS: 'FOREGROUND EVENT RAW:', '{"type":7,"detail":{"notification":{"title":"Zuhr time","data":{"customUri":"","label":"Zuhr","type":"alarm","pre":"0","sound":"beep","prayer":"zuhr"},"id":"alarm-zuhr-0-1784034000000","body":"It\'s time for Zuhr prayer.","android":{"importance":4,"groupSummary":false,"pressAction":{"launchActivity":"default","id":"default"},"fullScreenAction":{"launchActivity":"default","id":"default"},"lightUpScreen":false,"loopSound":false,"channelId":"prayer-alarm-beep","colorized":false,"vibrationPattern":[300,500,300,500],"visibility":1,"groupAlertBehavior":0,"circularLargeIcon":false,"asForegroundService":false,"ongoing":false,"smallIcon":"ic_launcher","showTimestamp":false,"badgeIconType":2,"onlyAlertOnce":false,"showChronometer":false,"autoCancel":false,"localOnly":false,"defaults":[-1],"chronometerDirection":"up","category":"alarm"}}}}'
07-08 16:31:41.081 14031 14031 E RRR     : onNewAzimuth: -607.9398
07-08 16:31:41.081 14031 14031 E RRR     : onNewAzimuth: -607.9763
07-08 16:31:41.082 14031 14031 E RRR     : onNewAzimuth: -607.9398
07-08 16:31:41.082 14031 14031 E RRR     : onNewAzimuth: -607.9763
07-08 16:31:41.084 17088 17135 I ReactNativeJS: 'FOREGROUND EVENT RAW:', '{"type":7,"detail":{"notification":{"title":"Asr time","data":{"customUri":"","label":"Asr","type":"alarm","pre":"0","sound":"beep","prayer":"asr"},"id":"alarm-asr-0-1784052900000","body":"It\'s time for Asr prayer.","android":{"importance":4,"groupSummary":false,"pressAction":{"launchActivity":"default","id":"default"},"fullScreenAction":{"launchActivity":"default","id":"default"},"lightUpScreen":false,"loopSound":false,"channelId":"prayer-alarm-beep","colorized":false,"vibrationPattern":[300,500,300,500],"visibility":1,"groupAlertBehavior":0,"circularLargeIcon":false,"asForegroundService":false,"ongoing":false,"smallIcon":"ic_launcher","showTimestamp":false,"badgeIconType":2,"onlyAlertOnce":false,"showChronometer":false,"autoCancel":false,"localOnly":false,"defaults":[-1],"chronometerDirection":"up","category":"alarm"}}}}'
07-08 16:31:41.090 17088 17135 I ReactNativeJS: 'FOREGROUND EVENT RAW:', '{"type":7,"detail":{"notification":{"title":"Maghrib time","data":{"customUri":"","label":"Maghrib","type":"alarm","pre":"0","sound":"beep","prayer":"maghrib"},"id":"alarm-maghrib-0-1784060880000","body":"It\'s time for Maghrib prayer.","android":{"importance":4,"groupSummary":false,"pressAction":{"launchActivity":"default","id":"default"},"fullScreenAction":{"launchActivity":"default","id":"default"},"lightUpScreen":false,"loopSound":false,"channelId":"prayer-alarm-beep","colorized":false,"vibrationPattern":[300,500,300,500],"visibility":1,"groupAlertBehavior":0,"circularLargeIcon":false,"asForegroundService":false,"ongoing":false,"smallIcon":"ic_launcher","showTimestamp":false,"badgeIconType":2,"onlyAlertOnce":false,"showChronometer":false,"autoCancel":false,"localOnly":false,"defaults":[-1],"chronometerDirection":"up","category":"alarm"}}}}'
07-08 16:31:41.093 14031 14031 E RRR     : onNewAzimuth: -607.9569
07-08 16:31:41.093 17088 17135 I ReactNativeJS: 'FOREGROUND EVENT RAW:', '{"type":7,"detail":{"notification":{"title":"Isha time","data":{"customUri":"","label":"Isha","type":"alarm","pre":"0","sound":"beep","prayer":"isha"},"id":"alarm-isha-0-1784066400000","body":"It\'s time for Isha prayer.","android":{"importance":4,"groupSummary":false,"pressAction":{"launchActivity":"default","id":"default"},"fullScreenAction":{"launchActivity":"default","id":"default"},"lightUpScreen":false,"loopSound":false,"channelId":"prayer-alarm-beep","colorized":false,"vibrationPattern":[300,500,300,500],"visibility":1,"groupAlertBehavior":0,"circularLargeIcon":false,"asForegroundService":false,"ongoing":false,"smallIcon":"ic_launcher","showTimestamp":false,"badgeIconType":2,"onlyAlertOnce":false,"showChronometer":false,"autoCancel":false,"localOnly":false,"defaults":[-1],"chronometerDirection":"up","category":"alarm"}}}}'
07-08 16:31:41.096 17088 17135 I ReactNativeJS: 'FOREGROUND EVENT RAW:', '{"type":7,"detail":{"notification":{"title":"Fajr time","data":{"customUri":"","label":"Fajr","type":"alarm","pre":"0","sound":"beep","prayer":"fajr"},"id":"alarm-fajr-0-1784085300000","body":"It\'s time for Fajr prayer.","android":{"importance":4,"groupSummary":false,"pressAction":{"launchActivity":"default","id":"default"},"fullScreenAction":{"launchActivity":"default","id":"default"},"lightUpScreen":false,"loopSound":false,"channelId":"prayer-alarm-beep","colorized":false,"vibrationPattern":[300,500,300,500],"visibility":1,"groupAlertBehavior":0,"circularLargeIcon":false,"asForegroundService":false,"ongoing":false,"smallIcon":"ic_launcher","showTimestamp":false,"badgeIconType":2,"onlyAlertOnce":false,"showChronometer":false,"autoCancel":false,"localOnly":false,"defaults":[-1],"chronometerDirection":"up","category":"alarm"}}}}'
07-08 16:31:41.100 17088 17135 I ReactNativeJS: 'FOREGROUND EVENT RAW:', '{"type":7,"detail":{"notification":{"title":"Zuhr time","data":{"customUri":"","label":"Zuhr","type":"alarm","pre":"0","sound":"beep","prayer":"zuhr"},"id":"alarm-zuhr-0-1784120400000","body":"It\'s time for Zuhr prayer.","android":{"importance":4,"groupSummary":false,"pressAction":{"launchActivity":"default","id":"default"},"fullScreenAction":{"launchActivity":"default","id":"default"},"lightUpScreen":false,"loopSound":false,"channelId":"prayer-alarm-beep","colorized":false,"vibrationPattern":[300,500,300,500],"visibility":1,"groupAlertBehavior":0,"circularLargeIcon":false,"asForegroundService":false,"ongoing":false,"smallIcon":"ic_launcher","showTimestamp":false,"badgeIconType":2,"onlyAlertOnce":false,"showChronometer":false,"autoCancel":false,"localOnly":false,"defaults":[-1],"chronometerDirection":"up","category":"alarm"}}}}'
07-08 16:31:41.101 14031 14031 E RRR     : onNewAzimuth: -607.9448
07-08 16:31:41.101 14031 14031 E RRR     : onNewAzimuth: -607.97363
07-08 16:31:41.101 14031 14031 E RRR     : onNewAzimuth: -607.9448
07-08 16:31:41.101 14031 14031 E RRR     : onNewAzimuth: -607.97363
07-08 16:31:41.111 14031 14031 E RRR     : onNewAzimuth: -607.97003
07-08 16:31:41.121 14031 14031 E RRR     : onNewAzimuth: -607.9678
07-08 16:31:41.121 14031 14031 E RRR     : onNewAzimuth: -607.99567
07-08 16:31:41.122 14031 14031 E RRR     : onNewAzimuth: -607.9678
07-08 16:31:41.122 14031 14031 E RRR     : onNewAzimuth: -607.99567
07-08 16:31:41.131 14031 14031 E RRR     : onNewAzimuth: -607.9938
07-08 16:31:41.130 17088 17088 W binder:17088_4: type=1400 audit(0.0:3798215): avc:  denied  { ioctl } for  path="/proc/fas/render" dev="proc" ino=4026533325 ioctlcmd=0x6609 scontext=u:r:untrusted_app:s0:c174,c258,c512,c768 tcontext=u:object_r:proc_fas:s0 tclass=file permissive=0 app=com.emergent.salahalarm.lxw9zs
07-08 16:31:41.143 14031 14031 E RRR     : onNewAzimuth: -607.9935
07-08 16:31:41.143 14031 14031 E RRR     : onNewAzimuth: -608.02734
07-08 16:31:41.143 14031 14031 E RRR     : onNewAzimuth: -607.9935
07-08 16:31:41.143 14031 14031 E RRR     : onNewAzimuth: -608.02734
07-08 16:31:41.142 17088 17088 W binder:17088_4: type=1400 audit(0.0:3798216): avc:  denied  { ioctl } for  path="/proc/fas/render" dev="proc" ino=4026533325 ioctlcmd=0x6609 scontext=u:r:untrusted_app:s0:c174,c258,c512,c768 tcontext=u:object_r:proc_fas:s0 tclass=file permissive=0 app=com.emergent.salahalarm.lxw9zs
07-08 16:31:41.155 14031 14031 E RRR     : onNewAzimuth: -608.0263
07-08 16:31:41.154 17088 17088 W binder:17088_4: type=1400 audit(0.0:3798217): avc:  denied  { ioctl } for  path="/proc/fas/render" dev="proc" ino=4026533325 ioctlcmd=0x6609 scontext=u:r:untrusted_app:s0:c174,c258,c512,c768 tcontext=u:object_r:proc_fas:s0 tclass=file permissive=0 app=com.emergent.salahalarm.lxw9zs
07-08 16:31:41.161 14031 14031 E RRR     : onNewAzimuth: -608.02563
07-08 16:31:41.161 14031 14031 E RRR     : onNewAzimuth: -608.0515
07-08 16:31:41.161 14031 14031 E RRR     : onNewAzimuth: -608.02563
07-08 16:31:41.161 14031 14031 E RRR     : onNewAzimuth: -608.0515
07-08 16:31:41.166 17088 17088 W binder:17088_4: type=1400 audit(0.0:3798218): avc:  denied  { ioctl } for  path="/proc/fas/render" dev="proc" ino=4026533325 ioctlcmd=0x6609 scontext=u:r:untrusted_app:s0:c174,c258,c512,c768 tcontext=u:object_r:proc_fas:s0 tclass=file permissive=0 app=com.emergent.salahalarm.lxw9zs
07-08 16:31:41.171 14031 14031 E RRR     : onNewAzimuth: -608.055
07-08 16:31:41.181 14031 14031 E RRR     : onNewAzimuth: -608.0625
07-08 16:31:41.181 14031 14031 E RRR     : onNewAzimuth: -608.0945
07-08 16:31:41.181 14031 14031 E RRR     : onNewAzimuth: -608.0625
07-08 16:31:41.181 14031 14031 E RRR     : onNewAzimuth: -608.0945
07-08 16:31:41.192 14031 14031 E RRR     : onNewAzimuth: -608.10803
07-08 16:31:41.204 14031 14031 E RRR     : onNewAzimuth: -608.1273
07-08 16:31:41.204 14031 14031 E RRR     : onNewAzimuth: -608.15845
07-08 16:31:41.204 14031 14031 E RRR     : onNewAzimuth: -608.1273
07-08 16:31:41.204 14031 14031 E RRR     : onNewAzimuth: -608.15845
07-08 16:31:41.211 14031 14031 E RRR     : onNewAzimuth: -608.1812
07-08 16:31:41.222 14031 14031 E RRR     : onNewAzimuth: -608.2067
07-08 16:31:41.222 14031 14031 E RRR     : onNewAzimuth: -608.1488
07-08 16:31:41.223 14031 14031 E RRR     : onNewAzimuth: -608.2067
07-08 16:31:41.223 14031 14031 E RRR     : onNewAzimuth: -608.1488
07-08 16:31:41.234 14031 14031 E RRR     : onNewAzimuth: -608.17236
07-08 16:31:41.243 14031 14031 E RRR     : onNewAzimuth: -608.18787
07-08 16:31:41.243 14031 14031 E RRR     : onNewAzimuth: -608.21985
07-08 16:31:41.243 14031 14031 E RRR     : onNewAzimuth: -608.18787
07-08 16:31:41.243 14031 14031 E RRR     : onNewAzimuth: -608.21985
07-08 16:31:41.257 14031 14031 E RRR     : onNewAzimuth: -608.22656
07-08 16:31:41.261 14031 14031 E RRR     : onNewAzimuth: -608.23096
07-08 16:31:41.261 14031 14031 E RRR     : onNewAzimuth: -608.1736
07-08 16:31:41.261 14031 14031 E RRR     : onNewAzimuth: -608.23096
07-08 16:31:41.261 14031 14031 E RRR     : onNewAzimuth: -608.1736
07-08 16:31:41.271 14031 14031 E RRR     : onNewAzimuth: -608.1749
07-08 16:31:41.282 14031 14031 E RRR     : onNewAzimuth: -608.17676
07-08 16:31:41.282 14031 14031 E RRR     : onNewAzimuth: -608.12805
07-08 16:31:41.282 14031 14031 E RRR     : onNewAzimuth: -608.17676
07-08 16:31:41.282 14031 14031 E RRR     : onNewAzimuth: -608.12805
07-08 16:31:41.291 14031 14031 E RRR     : onNewAzimuth: -608.12964
07-08 16:31:41.301 14031 14031 E RRR     : onNewAzimuth: -608.12103
07-08 16:31:41.302 14031 14031 E RRR     : onNewAzimuth: -608.1484
07-08 16:31:41.302 14031 14031 E RRR     : onNewAzimuth: -608.12103
07-08 16:31:41.302 14031 14031 E RRR     : onNewAzimuth: -608.1484
07-08 16:31:41.312 14031 14031 E RRR     : onNewAzimuth: -608.1382
07-08 16:31:41.322 14031 14031 E RRR     : onNewAzimuth: -608.1333
07-08 16:31:41.322 14031 14031 E RRR     : onNewAzimuth: -608.0852
07-08 16:31:41.322 14031 14031 E RRR     : onNewAzimuth: -608.1333
07-08 16:31:41.322 14031 14031 E RRR     : onNewAzimuth: -608.0852
07-08 16:31:41.332 14031 14031 E RRR     : onNewAzimuth: -608.0888
07-08 16:31:41.340 17088 17163 D AudioTrack: INSP: type=audio,case=1,set=0xb400007840376920,stream_type=-1,sample_rate=24000,format=0x1,channel_mask=0x3,frame_count=6000,flags=0x0,notification_frames=0,session_id=22009,transfer_type=3,uid=10686,pid=17088,packageName=com.emergent.salahalarm.lxw9zs
07-08 16:31:41.340 17088 17163 D AudioTrack: INSP: type=audio,case=1,attributes=1,content_type=0,usage=1,source=-1,flags=0xa00
07-08 16:31:41.340 17088 17163 V VivoAudioPolicyProxyNative: VivoAudioPolicyProxy getInstanceInter: binding to vivoaudiopolicy service success!
07-08 16:31:41.342 17088 17163 I AudioTrack: set(): streamType -1, sampleRate 24000, format 0x1, channelMask 0x3, frameCount 6000, flags 0, notificationFrames 0, sessionId 22009, transferType 3, uid 10686, pid 17088
07-08 16:31:41.342 17088 17163 D AudioSystem: +setParameters(): PlaybackCaptureProtectSupport=com.emergent.salahalarm.lxw9zs 
07-08 16:31:41.343 17088 17163 D AudioTrack: get APPSharePck NULL
07-08 16:31:41.348 14031 14031 E RRR     : onNewAzimuth: -608.0968
07-08 16:31:41.348 14031 14031 E RRR     : onNewAzimuth: -608.0501
07-08 16:31:41.348 14031 14031 E RRR     : onNewAzimuth: -608.0968
07-08 16:31:41.348 14031 14031 E RRR     : onNewAzimuth: -608.0501
07-08 16:31:41.351 17088 17163 D AudioTrack: createTrack_l(3033): 0xb400007840376920, mCblk = 0x7986914000, mLatency = 378, mAfLatency = 128, frameCount = 6000, mSampleRate = 24000, mFlags = 0x8, mReqFrameCount = 6000, mNotificationFramesAct = 2000
07-08 16:31:41.356 17088 17163 D AudioTrack: setVolume(3033): 0xb400007840376920, left = 1.000000, right = 1.000000, sessionId:22009, calling package is:com.emergent.salahalarm.lxw9zs
07-08 16:31:41.359 17088 17163 D AudioSystem: +setParameters(): AudioTrack-Process=17088;AudioTrack-AudioThread=17163 
07-08 16:31:41.359 14031 14031 E RRR     : onNewAzimuth: -608.0581
07-08 16:31:41.363  6310 16236 I NearbySharing: Network state changed: NetworkState(isRestricted=false, isOnline=true, isCongested=false, isMetered=false, isWifiConnected=true)
07-08 16:31:41.365 17088 17175 D PipelineWatcher: [0xb40000784031b8c0] pipelineFull: too many frames in pipeline (4)
07-08 16:31:41.368  6310 16234 I NearbySharing: Network state changed: NetworkState(isRestricted=false, isOnline=true, isCongested=false, isMetered=false, isWifiConnected=true)
07-08 16:31:41.369 14031 14031 E RRR     : onNewAzimuth: -608.06396
07-08 16:31:41.370 14031 14031 E RRR     : onNewAzimuth: -608.1002
07-08 16:31:41.370 14031 14031 E RRR     : onNewAzimuth: -608.06396
07-08 16:31:41.370 14031 14031 E RRR     : onNewAzimuth: -608.1002
07-08 16:31:41.371 14031 14031 E RRR     : onNewAzimuth: -608.1057
07-08 16:31:41.381 14031 14031 E RRR     : onNewAzimuth: -608.11316
07-08 16:31:41.381 14031 14031 E RRR     : onNewAzimuth: -608.05994
07-08 16:31:41.391 14031 14031 E RRR     : onNewAzimuth: -608.0725
07-08 16:31:41.401 14031 14031 E RRR     : onNewAzimuth: -608.07806
07-08 16:31:41.401 14031 14031 E RRR     : onNewAzimuth: -608.11475
07-08 16:31:41.402 14031 14031 E RRR     : onNewAzimuth: -608.07806
07-08 16:31:41.402 14031 14031 E RRR     : onNewAzimuth: -608.11475
07-08 16:31:41.412 14031 14031 E RRR     : onNewAzimuth: -608.115
07-08 16:31:41.421 14031 14031 E RRR     : onNewAzimuth: -608.1163
07-08 16:31:41.423 14031 14031 E RRR     : onNewAzimuth: -608.07056
07-08 16:31:41.436 14031 14031 E RRR     : onNewAzimuth: -608.0652
07-08 16:31:41.446 14031 14031 E RRR     : onNewAzimuth: -608.0538
07-08 16:31:41.446 14031 14031 E RRR     : onNewAzimuth: -608.0094
07-08 16:31:41.446 14031 14031 E RRR     : onNewAzimuth: -608.0538
07-08 16:31:41.446 14031 14031 E RRR     : onNewAzimuth: -608.0094
07-08 16:31:41.455 14031 14031 E RRR     : onNewAzimuth: -608.00104
07-08 16:31:41.461 14031 14031 E RRR     : onNewAzimuth: -607.9971
07-08 16:31:41.461 14031 14031 E RRR     : onNewAzimuth: -607.954
07-08 16:31:41.462 14031 14031 E RRR     : onNewAzimuth: -607.9971
07-08 16:31:41.462 14031 14031 E RRR     : onNewAzimuth: -607.954
07-08 16:31:41.471 14031 14031 E RRR     : onNewAzimuth: -607.9575
07-08 16:31:41.482 14031 14031 E RRR     : onNewAzimuth: -607.9647
07-08 16:31:41.482 14031 14031 E RRR     : onNewAzimuth: -607.92285
07-08 16:31:41.483 14031 14031 E RRR     : onNewAzimuth: -607.9647
07-08 16:31:41.483 14031 14031 E RRR     : onNewAzimuth: -607.92285
07-08 16:31:41.492 14031 14031 E RRR     : onNewAzimuth: -607.9343
07-08 16:31:41.503 14031 14031 E RRR     : onNewAzimuth: -607.95215
07-08 16:31:41.504 14031 14031 E RRR     : onNewAzimuth: -607.9115
07-08 16:31:41.504 14031 14031 E RRR     : onNewAzimuth: -607.95215
07-08 16:31:41.504 14031 14031 E RRR     : onNewAzimuth: -607.9115
07-08 16:31:41.512 14031 14031 E RRR     : onNewAzimuth: -607.9353
07-08 16:31:41.522 14031 14031 E RRR     : onNewAzimuth: -607.9619
07-08 16:31:41.522 14031 14031 E RRR     : onNewAzimuth: -607.9224
07-08 16:31:41.522 14031 14031 E RRR     : onNewAzimuth: -607.9619
07-08 16:31:41.522 14031 14031 E RRR     : onNewAzimuth: -607.9224
07-08 16:31:41.535 14031 14031 E RRR     : onNewAzimuth: -607.9413
07-08 16:31:41.545 14031 14031 E RRR     : onNewAzimuth: -607.9465
07-08 16:31:41.545 14031 14031 E RRR     : onNewAzimuth: -607.98987
07-08 16:31:41.546 14031 14031 E RRR     : onNewAzimuth: -607.9465
07-08 16:31:41.546 14031 14031 E RRR     : onNewAzimuth: -607.98987
07-08 16:31:41.556 14031 14031 E RRR     : onNewAzimuth: -607.9908
07-08 16:31:41.565 14031 14031 E RRR     : onNewAzimuth: -607.99207
07-08 16:31:41.565 14031 14031 E RRR     : onNewAzimuth: -608.0342
07-08 16:31:41.565 14031 14031 E RRR     : onNewAzimuth: -607.99207
07-08 16:31:41.565 14031 14031 E RRR     : onNewAzimuth: -608.0342
07-08 16:31:41.571 14031 14031 E RRR     : onNewAzimuth: -608.03986
07-08 16:31:41.583 14031 14031 E RRR     : onNewAzimuth: -608.05396
07-08 16:31:41.583 14031 14031 E RRR     : onNewAzimuth: -608.0132
07-08 16:31:41.591 14031 14031 E RRR     : onNewAzimuth: -608.03156
07-08 16:31:41.608 14031 14031 E RRR     : onNewAzimuth: -608.04663
07-08 16:31:41.608 14031 14031 E RRR     : onNewAzimuth: -608.00714
07-08 16:31:41.608 14031 14031 E RRR     : onNewAzimuth: -608.04663
07-08 16:31:41.608 14031 14031 E RRR     : onNewAzimuth: -608.00714
07-08 16:31:41.611 14031 14031 E RRR     : onNewAzimuth: -608.0197
07-08 16:31:41.622 14031 14031 E RRR     : onNewAzimuth: -608.03
07-08 16:31:41.623 14031 14031 E RRR     : onNewAzimuth: -608.0
07-08 16:31:41.623 14031 14031 E RRR     : onNewAzimuth: -608.03
07-08 16:31:41.623 14031 14031 E RRR     : onNewAzimuth: -608.0
07-08 16:31:41.631 14031 14031 E RRR     : onNewAzimuth: -608.01624
07-08 16:31:41.644 14031 14031 E RRR     : onNewAzimuth: -608.0341
07-08 16:31:41.645 14031 14031 E RRR     : onNewAzimuth: -607.98987
07-08 16:31:41.655 14031 14031 E RRR     : onNewAzimuth: -608.0
07-08 16:31:41.661 14031 14031 E RRR     : onNewAzimuth: -608.01447
07-08 16:31:41.662 14031 14031 E RRR     : onNewAzimuth: -607.9716
07-08 16:31:41.672 14031 14031 E RRR     : onNewAzimuth: -607.98694
07-08 16:31:41.681 14031 14031 E RRR     : onNewAzimuth: -608.00024
07-08 16:31:41.681 14031 14031 E RRR     : onNewAzimuth: -607.96545
07-08 16:31:41.682 14031 14031 E RRR     : onNewAzimuth: -608.00024
07-08 16:31:41.682 14031 14031 E RRR     : onNewAzimuth: -607.96545
07-08 16:31:41.690 14031 14031 E RRR     : onNewAzimuth: -607.98676
07-08 16:31:41.705 14031 14031 E RRR     : onNewAzimuth: -608.0104
07-08 16:31:41.705 14031 14031 E RRR     : onNewAzimuth: -607.9767
07-08 16:31:41.705 14031 14031 E RRR     : onNewAzimuth: -608.0104
07-08 16:31:41.705 14031 14031 E RRR     : onNewAzimuth: -607.9767
07-08 16:31:41.711 14031 14031 E RRR     : onNewAzimuth: -607.99744
07-08 16:31:41.722 14031 14031 E RRR     : onNewAzimuth: -608.01
07-08 16:31:41.722 14031 14031 E RRR     : onNewAzimuth: -607.9774
07-08 16:31:41.722 14031 14031 E RRR     : onNewAzimuth: -608.01
07-08 16:31:41.722 14031 14031 E RRR     : onNewAzimuth: -607.9774
07-08 16:31:41.731 14031 14031 E RRR     : onNewAzimuth: -607.98083
07-08 16:31:41.742 14031 14031 E RRR     : onNewAzimuth: -607.9809
07-08 16:31:41.742 14031 14031 E RRR     : onNewAzimuth: -607.9425
07-08 16:31:41.742 14031 14031 E RRR     : onNewAzimuth: -607.9809
07-08 16:31:41.742 14031 14031 E RRR     : onNewAzimuth: -607.9425
07-08 16:31:41.754 14031 14031 E RRR     : onNewAzimuth: -607.9387
07-08 16:31:41.761 14031 14031 E RRR     : onNewAzimuth: -607.93164
07-08 16:31:41.761 14031 14031 E RRR     : onNewAzimuth: -607.90106
07-08 16:31:41.762 14031 14031 E RRR     : onNewAzimuth: -607.93164
07-08 16:31:41.762 14031 14031 E RRR     : onNewAzimuth: -607.90106
07-08 16:31:41.771 14031 14031 E RRR     : onNewAzimuth: -607.8933
07-08 16:31:41.782 14031 14031 E RRR     : onNewAzimuth: -607.89087
07-08 16:31:41.782 14031 14031 E RRR     : onNewAzimuth: -607.8612
07-08 16:31:41.782 14031 14031 E RRR     : onNewAzimuth: -607.89087
07-08 16:31:41.782 14031 14031 E RRR     : onNewAzimuth: -607.8612
07-08 16:31:41.791 14031 14031 E RRR     : onNewAzimuth: -607.8782
07-08 16:31:41.807 14031 14031 E RRR     : onNewAzimuth: -607.9064
07-08 16:31:41.810 14031 14031 E RRR     : onNewAzimuth: -607.927
07-08 16:31:41.810 14031 14031 E RRR     : onNewAzimuth: -607.9067
07-08 16:31:41.811 14031 14031 E RRR     : onNewAzimuth: -607.927
07-08 16:31:41.811 14031 14031 E RRR     : onNewAzimuth: -607.9067
07-08 16:31:41.822 14031 14031 E RRR     : onNewAzimuth: -607.91626
07-08 16:31:41.822 14031 14031 E RRR     : onNewAzimuth: -607.8965
07-08 16:31:41.822 14031 14031 E RRR     : onNewAzimuth: -607.91626
07-08 16:31:41.823 14031 14031 E RRR     : onNewAzimuth: -607.8965
07-08 16:31:41.830 14031 14031 E RRR     : onNewAzimuth: -607.8961
07-08 16:31:41.841 14031 14031 E RRR     : onNewAzimuth: -607.8879
07-08 16:31:41.841 14031 14031 E RRR     : onNewAzimuth: -607.8603
07-08 16:31:41.842 14031 14031 E RRR     : onNewAzimuth: -607.8879
07-08 16:31:41.842 14031 14031 E RRR     : onNewAzimuth: -607.8603
07-08 16:31:41.852 14031 14031 E RRR     : onNewAzimuth: -607.8494
07-08 16:31:41.862 14031 14031 E RRR     : onNewAzimuth: -607.83716
07-08 16:31:41.862 14031 14031 E RRR     : onNewAzimuth: -607.8103
07-08 16:31:41.862 14031 14031 E RRR     : onNewAzimuth: -607.83716
07-08 16:31:41.862 14031 14031 E RRR     : onNewAzimuth: -607.8103
07-08 16:31:41.871 14031 14031 E RRR     : onNewAzimuth: -607.80334
07-08 16:31:41.886 14031 14031 E RRR     : onNewAzimuth: -607.81006
07-08 16:31:41.886 14031 14031 E RRR     : onNewAzimuth: -607.784
07-08 16:31:41.886 14031 14031 E RRR     : onNewAzimuth: -607.81006
07-08 16:31:41.886 14031 14031 E RRR     : onNewAzimuth: -607.784
07-08 16:31:41.889 14031 14031 E RRR     : onNewAzimuth: -607.7982
07-08 16:31:41.902 14031 14031 E RRR     : onNewAzimuth: -607.8143
07-08 16:31:41.902 14031 14031 E RRR     : onNewAzimuth: -607.78906
07-08 16:31:41.902 14031 14031 E RRR     : onNewAzimuth: -607.8143
07-08 16:31:41.902 14031 14031 E RRR     : onNewAzimuth: -607.78906
07-08 16:31:41.910 14031 14031 E RRR     : onNewAzimuth: -607.8052
07-08 16:31:41.921 14031 14031 E RRR     : onNewAzimuth: -607.8285
07-08 16:31:41.922 14031 14031 E RRR     : onNewAzimuth: -607.804
07-08 16:31:41.922 14031 14031 E RRR     : onNewAzimuth: -607.8285
07-08 16:31:41.922 14031 14031 E RRR     : onNewAzimuth: -607.804
07-08 16:31:41.930 14031 14031 E RRR     : onNewAzimuth: -607.8348
07-08 16:31:41.941 14031 14031 E RRR     : onNewAzimuth: -607.8662
07-08 16:31:41.941 14031 14031 E RRR     : onNewAzimuth: -607.8425
07-08 16:31:41.942 14031 14031 E RRR     : onNewAzimuth: -607.8662
07-08 16:31:41.942 14031 14031 E RRR     : onNewAzimuth: -607.8425
07-08 16:31:41.957 14031 14031 E RRR     : onNewAzimuth: -607.868
07-08 16:31:41.961 14031 14031 E RRR     : onNewAzimuth: -607.88525
07-08 16:31:41.961 14031 14031 E RRR     : onNewAzimuth: -607.86224
07-08 16:31:41.961 14031 14031 E RRR     : onNewAzimuth: -607.88525
07-08 16:31:41.961 14031 14031 E RRR     : onNewAzimuth: -607.86224
07-08 16:31:41.970 14031 14031 E RRR     : onNewAzimuth: -607.8687
07-08 16:31:41.981 14031 14031 E RRR     : onNewAzimuth: -607.85596
07-08 16:31:41.981 14031 14031 E RRR     : onNewAzimuth: -607.8336
07-08 16:31:41.982 14031 14031 E RRR     : onNewAzimuth: -607.85596
07-08 16:31:41.982 14031 14031 E RRR     : onNewAzimuth: -607.8336
07-08 16:31:41.990 14031 14031 E RRR     : onNewAzimuth: -607.80725
07-08 16:31:42.005 14031 14031 E RRR     : onNewAzimuth: -607.7833
07-08 16:31:42.005 14031 14031 E RRR     : onNewAzimuth: -607.7702
07-08 16:31:42.005 14031 14031 E RRR     : onNewAzimuth: -607.7833
07-08 16:31:42.005 14031 14031 E RRR     : onNewAzimuth: -607.7702
07-08 16:31:42.010 14031 14031 E RRR     : onNewAzimuth: -607.76117
07-08 16:31:42.024 14031 14031 E RRR     : onNewAzimuth: -607.7699
07-08 16:31:42.024 14031 14031 E RRR     : onNewAzimuth: -607.66675
07-08 16:31:42.024 14031 14031 E RRR     : onNewAzimuth: -607.7699
07-08 16:31:42.024 14031 14031 E RRR     : onNewAzimuth: -607.66675
07-08 16:31:42.030 14031 14031 E RRR     : onNewAzimuth: -607.68506
07-08 16:31:42.042 14031 14031 E RRR     : onNewAzimuth: -607.70483
07-08 16:31:42.042 14031 14031 E RRR     : onNewAzimuth: -607.60474
07-08 16:31:42.042 14031 14031 E RRR     : onNewAzimuth: -607.70483
07-08 16:31:42.042 14031 14031 E RRR     : onNewAzimuth: -607.60474
07-08 16:31:42.054 14031 14031 E RRR     : onNewAzimuth: -607.6261
07-08 16:31:42.061 14031 14031 E RRR     : onNewAzimuth: -607.64294
07-08 16:31:42.061 14031 14031 E RRR     : onNewAzimuth: -607.6277
07-08 16:31:42.061 14031 14031 E RRR     : onNewAzimuth: -607.64294
07-08 16:31:42.062 14031 14031 E RRR     : onNewAzimuth: -607.6277
07-08 16:31:42.070 14031 14031 E RRR     : onNewAzimuth: -607.63696
07-08 16:31:42.088 14031 14031 E RRR     : onNewAzimuth: -607.6377
07-08 16:31:42.088 14031 14031 E RRR     : onNewAzimuth: -607.70483
07-08 16:31:42.088 14031 14031 E RRR     : onNewAzimuth: -607.6377
07-08 16:31:42.088 14031 14031 E RRR     : onNewAzimuth: -607.70483
07-08 16:31:42.090 14031 14031 E RRR     : onNewAzimuth: -607.6964
07-08 16:31:42.102 14031 14031 E RRR     : onNewAzimuth: -607.68475
07-08 16:31:42.102 14031 14031 E RRR     : onNewAzimuth: -607.6679
07-08 16:31:42.102 14031 14031 E RRR     : onNewAzimuth: -607.68475
07-08 16:31:42.102 14031 14031 E RRR     : onNewAzimuth: -607.6679
07-08 16:31:42.110 14031 14031 E RRR     : onNewAzimuth: -607.6669
07-08 16:31:42.121 14031 14031 E RRR     : onNewAzimuth: -607.676
07-08 16:31:42.121 14031 14031 E RRR     : onNewAzimuth: -607.57764
07-08 16:31:42.121 14031 14031 E RRR     : onNewAzimuth: -607.676
07-08 16:31:42.121 14031 14031 E RRR     : onNewAzimuth: -607.57764
07-08 16:31:42.129 14031 14031 E RRR     : onNewAzimuth: -607.58765
07-08 16:31:42.141 14031 14031 E RRR     : onNewAzimuth: -607.5919
07-08 16:31:42.142 14031 14031 E RRR     : onNewAzimuth: -607.57855
07-08 16:31:42.142 14031 14031 E RRR     : onNewAzimuth: -607.5919
07-08 16:31:42.142 14031 14031 E RRR     : onNewAzimuth: -607.57855
07-08 16:31:42.146 17088 17088 W binder:17088_4: type=1400 audit(0.0:3798291): avc:  denied  { ioctl } for  path="/proc/fas/render" dev="proc" ino=4026533325 ioctlcmd=0x6609 scontext=u:r:untrusted_app:s0:c174,c258,c512,c768 tcontext=u:object_r:proc_fas:s0 tclass=file permissive=0 app=com.emergent.salahalarm.lxw9zs
07-08 16:31:42.153 14031 14031 E RRR     : onNewAzimuth: -607.5823
07-08 16:31:42.161 14031 14031 E RRR     : onNewAzimuth: -607.5868
07-08 16:31:42.161 14031 14031 E RRR     : onNewAzimuth: -607.57385
07-08 16:31:42.162 14031 14031 E RRR     : onNewAzimuth: -607.5868
07-08 16:31:42.162 14031 14031 E RRR     : onNewAzimuth: -607.57385
07-08 16:31:42.162 17088 17088 W binder:17088_4: type=1400 audit(0.0:3798292): avc:  denied  { ioctl } for  path="/proc/fas/render" dev="proc" ino=4026533325 ioctlcmd=0x6609 scontext=u:r:untrusted_app:s0:c174,c258,c512,c768 tcontext=u:object_r:proc_fas:s0 tclass=file permissive=0 app=com.emergent.salahalarm.lxw9zs
07-08 16:31:42.172 14031 14031 E RRR     : onNewAzimuth: -607.5718
07-08 16:31:42.182 14031 14031 E RRR     : onNewAzimuth: -607.56177
07-08 16:31:42.182 14031 14031 E RRR     : onNewAzimuth: -607.54913
07-08 16:31:42.178 17088 17088 W binder:17088_4: type=1400 audit(0.0:3798293): avc:  denied  { ioctl } for  path="/proc/fas/render" dev="proc" ino=4026533325 ioctlcmd=0x6609 scontext=u:r:untrusted_app:s0:c174,c258,c512,c768 tcontext=u:object_r:proc_fas:s0 tclass=file permissive=0 app=com.emergent.salahalarm.lxw9zs
07-08 16:31:42.182 14031 14031 E RRR     : onNewAzimuth: -607.56177
07-08 16:31:42.183 14031 14031 E RRR     : onNewAzimuth: -607.54913
07-08 16:31:42.189 14031 14031 E RRR     : onNewAzimuth: -607.5433
07-08 16:31:42.198 17088 17088 W binder:17088_4: type=1400 audit(0.0:3798295): avc:  denied  { ioctl } for  path="/proc/fas/render" dev="proc" ino=4026533325 ioctlcmd=0x6609 scontext=u:r:untrusted_app:s0:c174,c258,c512,c768 tcontext=u:object_r:proc_fas:s0 tclass=file permissive=0 app=com.emergent.salahalarm.lxw9zs
07-08 16:31:42.204 14031 14031 E RRR     : onNewAzimuth: -607.55096
07-08 16:31:42.204 14031 14031 E RRR     : onNewAzimuth: -607.5326
07-08 16:31:42.204 14031 14031 E RRR     : onNewAzimuth: -607.55096
07-08 16:31:42.204 14031 14031 E RRR     : onNewAzimuth: -607.5326
07-08 16:31:42.210 14031 14031 E RRR     : onNewAzimuth: -607.5444
07-08 16:31:42.220 17088 17136 W unknown:ReactNative: StatusBarModule: Ignored status bar change, current activity is edge-to-edge.
07-08 16:31:42.220 17088 17136 W unknown:ReactNative: StatusBarModule: Ignored status bar change, current activity is edge-to-edge.
07-08 16:31:42.222 14031 14031 E RRR     : onNewAzimuth: -607.5428
07-08 16:31:42.222 14031 14031 E RRR     : onNewAzimuth: -607.52496
07-08 16:31:42.222 14031 14031 E RRR     : onNewAzimuth: -607.5428
07-08 16:31:42.222 14031 14031 E RRR     : onNewAzimuth: -607.52496
07-08 16:31:42.230 14031 14031 E RRR     : onNewAzimuth: -607.5093
07-08 16:31:42.252 14031 14031 E RRR     : onNewAzimuth: -607.4967
07-08 16:31:42.252 14031 14031 E RRR     : onNewAzimuth: -607.5016
07-08 16:31:42.252 14031 14031 E RRR     : onNewAzimuth: -607.4904
07-08 16:31:42.252 14031 14031 E RRR     : onNewAzimuth: -607.4967
07-08 16:31:42.252 14031 14031 E RRR     : onNewAzimuth: -607.5016
07-08 16:31:42.252 14031 14031 E RRR     : onNewAzimuth: -607.4904
07-08 16:31:42.261 14031 14031 E RRR     : onNewAzimuth: -607.5042
07-08 16:31:42.261 14031 14031 E RRR     : onNewAzimuth: -607.4934
07-08 16:31:42.262 14031 14031 E RRR     : onNewAzimuth: -607.5042
07-08 16:31:42.262 14031 14031 E RRR     : onNewAzimuth: -607.4934
07-08 16:31:42.270 14031 14031 E RRR     : onNewAzimuth: -607.51086
07-08 16:31:42.282 14031 14031 E RRR     : onNewAzimuth: -607.5294
07-08 16:31:42.282 14031 14031 E RRR     : onNewAzimuth: -607.5189
07-08 16:31:42.286 14031 14031 E RRR     : onNewAzimuth: -607.5294
07-08 16:31:42.286 14031 14031 E RRR     : onNewAzimuth: -607.5189
07-08 16:31:42.290 14031 14031 E RRR     : onNewAzimuth: -607.5362
07-08 16:31:42.304 14031 14031 E RRR     : onNewAzimuth: -607.5534
07-08 16:31:42.304 14031 14031 E RRR     : onNewAzimuth: -607.5432
07-08 16:31:42.304 14031 14031 E RRR     : onNewAzimuth: -607.5534
07-08 16:31:42.304 14031 14031 E RRR     : onNewAzimuth: -607.5432
07-08 16:31:42.310 14031 14031 E RRR     : onNewAzimuth: -607.56036
07-08 16:31:42.321 14031 14031 E RRR     : onNewAzimuth: -607.5768
07-08 16:31:42.321 14031 14031 E RRR     : onNewAzimuth: -607.56067
07-08 16:31:42.321 14031 14031 E RRR     : onNewAzimuth: -607.5768
07-08 16:31:42.321 14031 14031 E RRR     : onNewAzimuth: -607.56067
07-08 16:31:42.330 14031 14031 E RRR     : onNewAzimuth: -607.5792
07-08 16:31:42.341 14031 14031 E RRR     : onNewAzimuth: -607.5985
07-08 16:31:42.341 14031 14031 E RRR     : onNewAzimuth: -607.5979
07-08 16:31:42.341 14031 14031 E RRR     : onNewAzimuth: -607.5985
07-08 16:31:42.341 14031 14031 E RRR     : onNewAzimuth: -607.5979
07-08 16:31:42.352 14031 14031 E RRR     : onNewAzimuth: -607.6105
07-08 16:31:42.361 14031 14031 E RRR     : onNewAzimuth: -607.608
07-08 16:31:42.361 14031 14031 E RRR     : onNewAzimuth: -607.59863
07-08 16:31:42.362 14031 14031 E RRR     : onNewAzimuth: -607.608
07-08 16:31:42.362 14031 14031 E RRR     : onNewAzimuth: -607.59863
07-08 16:31:42.370 14031 14031 E RRR     : onNewAzimuth: -607.5853
07-08 16:31:42.381 14031 14031 E RRR     : onNewAzimuth: -607.57227
07-08 16:31:42.382 14031 14031 E RRR     : onNewAzimuth: -607.56323
07-08 16:31:42.385 14031 14031 E RRR     : onNewAzimuth: -607.57227
07-08 16:31:42.386 14031 14031 E RRR     : onNewAzimuth: -607.56323
07-08 16:31:42.390 14031 14031 E RRR     : onNewAzimuth: -607.5507
07-08 16:31:42.403 14031 14031 E RRR     : onNewAzimuth: -607.5426
07-08 16:31:42.403 14031 14031 E RRR     : onNewAzimuth: -607.6158
07-08 16:31:42.403 14031 14031 E RRR     : onNewAzimuth: -607.5426
07-08 16:31:42.403 14031 14031 E RRR     : onNewAzimuth: -607.6158
07-08 16:31:42.410 14031 14031 E RRR     : onNewAzimuth: -607.6111
07-08 16:31:42.422 14031 14031 E RRR     : onNewAzimuth: -607.6014
07-08 16:31:42.422 14031 14031 E RRR     : onNewAzimuth: -607.6723
07-08 16:31:42.422 14031 14031 E RRR     : onNewAzimuth: -607.6014
07-08 16:31:42.422 14031 14031 E RRR     : onNew