07-07 23:04:20.440  6310  6310 W DiscoveryManager: BroadcastReceiver is already registered
07-07 23:04:20.441  6310 30303 I DiscoveryManager: Discovery state (DiscoveryState{filterCriteria=[674A0243, 8E6C866D], categoryToCriteria={com.google.android.gms.cast.CATEGORY_CAST/8E6C866D///ALLOW_IPV6=[8E6C866D], com.google.android.gms.cast.CATEGORY_CAST/674A0243///ALLOW_IPV6=[674A0243]}, activeScan=false, activeScanWithScreenOff=false, discoveryRequestSupportsDynamicSession=false, eventFlowId=-1})
07-07 23:04:20.537  7505 13006 D SQLiteQueryBuilder: SELECT _id FROM video WHERE ((((is_pending=0 AND NOT _modifier=4) OR (is_pending=1 AND lower(_data) NOT REGEXP '.*/\.pending-(\d+)-([^/]+)$' AND owner_package_name IN ( 'com.vivo.widget.gallery' , 'com.vivo.gallery' )))) AND (is_trashed=0) AND (volume_name IN ( 'external_primary' ))) AND ((bucket_id IN ( -1949793892, 13311172, -1739773001, 1216519567,-1524047660, 1040014575,-545824898, -2140495773, -1706255805, -1211058239, 1115488879, 286290180, 1092149518, -1150370953, -637101532, 837136832, 957446454, -1353527426, -1309658658, -1931834134, -2025371785, -517103332, 1711793718, 18456875, -1911517658, -1285319851, -112789121, 584893159, 543621159, -193219528, 1013701667, 631236055, -1243449943, 73761835, -1653523160, -1227671927, 1569734129, 367842703, -156420408, 1829735780, 414587096, 1703560698, 1114833418, -1022213271, 1118274092, -460323837, 699722017, -1014062312, 1216407577, -87352750, -1330909135, -1421038615, 1345966226, 657155968, -1028652541, 1660912201, 1486714917, -1966306697, 434583847, 1717413528, 346371168, -1612742889, -1320275556, 82854947, 979524276, -563446089, 1358729234, 771542290, -826798528, -1975547197, 1164797039, 1169310900, 1591074782, 1111130934, -237743912, -1299762295, 1040014575, 849662899, -1415075152, -1703298208, 2130067436, 271995180, -1218242952, -903705856, -375494490, -1069194993, -944806156, -1858432929, -792464988, 1204749988, -879973635, -697166079, -349697454, -1809287853, -60678681, -223571158, 949598494, -605332893, 2126348076, 48382832, 358397130, 183872366, 1136656990, -1805027850, -571335571, -2031220924, -1537104433, 1840385028, -1522842484, 1366741172, -508772246, 13148420, 967432295, -348976410, -1128317600, -2089205090, 607970768, 1439175718, 859427521, 275452306, 1757489471, 1892536627, -586563825, 57016687, 195266988, 1000159626, -314233006, 1172023232, -1428084484, -1538849179, -856420653, -2070034764, -1198875999, -1581751414, -907940904, 820540114, -239242365, 106292244, 1763470175, -1686988495, 1191339335, 139864607, -2080094635, -1964037955, 428383196, -2075458028, -1035870175, 1408889241, -1711580264, -312127744, -52764993, -18391924, 127616489, 1258326392, -160140275, 1077477957, 1007279756, -965671687, 1272506704, -565412672, -1083351582, -1353167413, 320385422, 510622967, -1074070169, 1664549270, 1220790880, -1727628373, 278762032, -924530092, -1382559966, 1091101631, 1540135285, 1775061873, -992663958, 1905767254, -146418298, 72853151, -1325354035, 1631888276, 1587174472, 1835118515, 83641895, -1922043982, -362289021, 1145800364, -1481276069, 1326337530, -24986500, 397907126, 1330064451, 2110160577, 1978963705, -933483708, 2127789515, 833008315, 1410520883, 1905357491, 1086071700, -251407831, 1795131861, -193046700, -831673024, 478338989, 1574223589, 445258174, -1377972501, 2052700512, 1744209101, -1423202194, 588062794, -1318309340, -259796014, 656868479, -1667039235, -1415689986, -1935708161, -2028706701, 950254546, -140184365, 658433208, 1400893686, 1626948469, -1867787483, 907990413, 529366041, -1296256726, 771403373, 904042064, 1630659206, -643270046, -1635345078, 133162019, -1892905757, -1150543684, -1572118126, -2129001792, -555868923, 1773775463, 1621148485, 791178435, -2083364826, -1632158399, -745910159, 1354535744, 1423290580, -1551292529, 1732723533, 490445109, -680217753, -1569520032, -639599113, 348164313, -1917859402, 1192510223, -1029077326, -1418293400, -1668261705, -1445556762, 1789709976, 695971150, -1325148867, -1227378027, -1730634595, -1448112664, -1628710238, 1605991410, 1210788964, 967851492, -723341129, 1945982875, -481900767, -530463733, 1291266200, 78946497, 1444393576, 1281607708, 2088229107, 346533920, 1195992005, 1920382715, 1830881712, 443703009, 263662367, 1434579241, 1187381865, 183545411, -2139355959, 1357198428, -1879659704, 1957916785, -1758366729, -1720492630, 58140588, -622871037, -1407948598, -961453482, -1911665951, -627589534, 642695858, 337981731, -539485485, -1066482306, -862762623, 793012823, 1499708543, -1366619224, -1586183085, -635945166, 1516101490, -1896870974, 
07-07 23:04:20.560  7505 13006 D SQLiteQueryBuilder: SELECT _id, _data FROM images WHERE ((((is_pending=0 AND NOT _modifier=4) OR (is_pending=1 AND lower(_data) NOT REGEXP '.*/\.pending-(\d+)-([^/]+)$' AND owner_package_name IN ( 'com.vivo.widget.gallery' , 'com.vivo.gallery' )))) AND (is_trashed=0) AND (volume_name IN ( 'external_primary' ))) AND ((_id>1000179345 AND (width > 0 AND height > 0))) LIMIT 15000 OFFSET 0
07-07 23:04:20.569  7505 13006 D SQLiteQueryBuilder: SELECT _id, _data FROM video WHERE ((((is_pending=0 AND NOT _modifier=4) OR (is_pending=1 AND lower(_data) NOT REGEXP '.*/\.pending-(\d+)-([^/]+)$' AND owner_package_name IN ( 'com.vivo.widget.gallery' , 'com.vivo.gallery' )))) AND (is_trashed=0) AND (volume_name IN ( 'external_primary' ))) AND ((_id>1000179226 AND (width > 0 AND height > 0))) LIMIT 15000 OFFSET 0
07-07 23:04:20.590  9330 10079 D WM-WorkConstraintsTrack: NetworkRequestConstraintController onCapabilitiesChanged callback
07-07 23:04:20.591  7505 13006 D SQLiteQueryBuilder: SELECT _id, _data FROM video WHERE ((((is_pending=0 AND NOT _modifier=4) OR (is_pending=1 AND lower(_data) NOT REGEXP '.*/\.pending-(\d+)-([^/]+)$' AND owner_package_name IN ( 'com.vivo.widget.gallery' , 'com.vivo.gallery' )))) AND (is_trashed=0) AND (volume_name IN ( 'external_primary' ))) AND (((width > 0 AND height > 0))) ORDER BY _id asc
07-07 23:04:20.595  7481 10438 I NearbyMediums: Wifi changed new SSID: "Kaif Net_5GHz"
07-07 23:04:20.596  7481 10438 I NearbyMediums: WifiLanConnectivityInfo is not changed, skip notify.
07-07 23:04:20.598  6310 30168 I NearbyMediums: Wifi changed new SSID: "Kaif Net_5GHz"
07-07 23:04:20.598  6310 30168 I NearbyMediums: WifiLanConnectivityInfo is not changed, skip notify.
07-07 23:04:20.615  7505 13006 D SQLiteQueryBuilder: SELECT _id, _data, bucket_id, orientation, datetaken, date_modified FROM images WHERE ((((is_pending=0 AND NOT _modifier=4) OR (is_pending=1 AND lower(_data) NOT REGEXP '.*/\.pending-(\d+)-([^/]+)$' AND owner_package_name IN ( 'com.vivo.widget.gallery' , 'com.vivo.gallery' )))) AND (is_trashed=0) AND (volume_name IN ( 'external_primary' ))) AND (((group_id > 0) AND (width > 0 AND height > 0))) ORDER BY _id DESC  LIMIT 15000 OFFSET 0
07-07 23:04:20.638 26186 26437 E msgr.msys: E[N WA]WCCXMPPStreamDisconnectImmediately(917)=>[WARNING] xmpp/disconnect/immediate in state=2 reason=xmpp/idle/timeout
07-07 23:04:20.663 26186 26437 E msgr.msys: E[N WA]_WCCXMPPStreamDisconnectHandler(344)=>xmpp/disconnect - WCIStreamStateErrorCode: 1, domain: WCIStreamState, subdomain: happyeyeballs: Error Domain=WCIStreamState Code=1 UserInfo=0xb400007800377160 {MCFErrorDirectUnderlyingErrorKey=0xb4000078d0544150 "Error Domain=happyeyeballs Code=1"}
07-07 23:04:20.663 26186 26437 E msgr.msys: E[N WCCConnectionMEM]_WCCConnectionMEMLifecycleEventHandler(2214)=>[INFO] connection/xmpp/lifecycle_event/not-connected, [791.1959s]
07-07 23:04:20.663 26186 26437 E msgr.msys: E[N WA]_WCCXMPPStreamDoDisconnect(1319)=>xmpp/disconnect - flags: 0
07-07 23:04:20.663 26186 26437 E msgr.msys: E[N WCCConnectionMEM]_WCCConnectionMEMEmitStateChange(3230)=>[INFO] connection/new_state/not-connected [connection_id=225542656, wcc_source=1, wcc_reason=0]
07-07 23:04:20.664 26186 26437 E msgr.msys: E[C MEMConnectionManager]_MEMConnectionManagerStateChangeHandler(631)=>[Critical] MEMConnectionState updated to ID: 0 with connectionId: 225542656
07-07 23:04:20.665 26186 26470 E msgr.msys: E[C mem.context]_DozeModeChangedCallback(8304)=>[INFO] Android DozeModeChanged/0
07-07 23:04:20.668 26186 26437 E msgr.msys: E[N WCCConnectionMEM]_WCCConnectionMEMEmitStateChange(3230)=>[INFO] connection/new_state/connecting [connection_id=225542657, wcc_source=1, wcc_reason=0]
07-07 23:04:20.668 26186 26437 E msgr.msys: E[C MEMConnectionManager]_MEMConnectionManagerStateChangeHandler(631)=>[Critical] MEMConnectionState updated to ID: 1 with connectionId: 225542657
07-07 23:04:20.674 26186 26358 W msgr.JDGWNetworkRevalidatorBridge: No active network to report connectivity issue
07-07 23:04:20.684 26186 26186 W msgr.AppInfoCore: Install status cache EVICT for com.emergent.salahalarm.lxw9zs (package changed)
07-07 23:04:20.686 26186 26186 W msgr.AppInfoCore: Install status cache EVICT for com.emergent.salahalarm.lxw9zs (package changed)
07-07 23:04:20.687 26186 26186 W msgr.AppInfoCore: Install status cache EVICT for com.microsoft.appmanager (package changed)
07-07 23:04:20.687 26186 26186 W msgr.AppInfoCore: Install status cache EVICT for com.microsoft.appmanager (package changed)
07-07 23:04:20.687 26186 26186 W msgr.AppInfoCore: Install status cache EVICT for com.emergent.salahalarm.lxw9zs (package changed)
07-07 23:04:20.687 26186 26186 W msgr.AppInfoCore: Install status cache EVICT for com.facebook.katana (package changed)
07-07 23:04:20.688 26186 26186 W msgr.AppInfoCore: Install status cache EVICT for com.facebook.katana (package changed)
07-07 23:04:20.703 26186 26414 E msgr.msys: E[N mns:DGWClient]_LogError(328)=>Failed to resolve using system DNS resolver, getaddrinfo(): No address associated with hostname
07-07 23:04:20.706 26186 26437 E msgr.msys: E[N WCCConnectionMEM]_WCCConnectionMEMDoConnectWithAuthKeys(1576)=>[INFO] connection/connect/start/[host=chat-e2ee-mini.facebook.com port=5222]/[57.144.62.8:5222]/socketAddressCount=1
07-07 23:04:20.707 26186 26437 E msgr.msys: E[N WCCConnectionMEM]_WCCConnectionMEMLifecycleEventHandler(2206)=>[INFO] connection/xmpp/lifecycle_event/will-connect
07-07 23:04:20.707 26186 26437 E msgr.msys: E[A WA]WCCHandshakeCreate(191)=>handshake/create, pq mode:0
07-07 23:04:20.711 26186 26470 E msgr.msys: E[C mem.context]_LogNetworkStateUpdate(7851)=>[Critical] network_state/prev/1/new/2/source/1
07-07 23:04:20.711 26186 26470 E msgr.msys: E[C MEMConnectionManager]_NetworkDisconnectedConnectionEventHandler(1579)=>[Debug] Start _NetworkDisconnectedConnectionEventHandler.
07-07 23:04:20.712 26186 26470 E msgr.msys: E[C 1]_MCCLogErrorInternal(331)=>8/1199/738/-1
07-07 23:04:20.712 26186 26470 E msgr.msys: E[C MEMConnectionManager]_NetworkDisconnectedConnectionEventHandler(1596)=>[Debug] End _NetworkDisconnectedConnectionEventHandler.
07-07 23:04:20.713 26186 26414 E msgr.msys: E[N mns:DGWClient]_LogError(328)=>Failed to resolve using system DNS resolver, getaddrinfo(): No address associated with hostname
07-07 23:04:20.714 26186 26437 E msgr.msys: E[C MEMConnectionManager]__DisconnectIfNeededOnNetworkContextAsyncImpl(1350)=>[Critical] Call WCCConnectionMEMDisconnectImmediately with event id: 5
07-07 23:04:20.714 26186 26437 E msgr.msys: E[N WCCConnectionMEM]_WCCConnectionMEMDoDisconnect(1933)=>[INFO] connection/disconnect/[internalState=3]
07-07 23:04:20.714 26186 26437 E msgr.msys: E[N WA]WCCXMPPStreamDisconnectImmediately(917)=>[WARNING] xmpp/disconnect/immediate in state=0 reason={stateChangeSource: 0, stateChangeReason: 0}
07-07 23:04:20.714 26186 26437 E msgr.msys: E[N WA]_WCCXMPPStreamDisconnectHandler(344)=>xmpp/disconnect - WCIStreamStateErrorCode: 1, domain: WCIStreamState, subdomain: happyeyeballs: Error Domain=WCIStreamState Code=1 UserInfo=0xb4000078002e3190 {MCFErrorDirectUnderlyingErrorKey=0xb4000078d057d190 "Error Domain=happyeyeballs Code=1"}
07-07 23:04:20.715 26186 26437 E msgr.msys: E[N WCCConnectionMEM]_WCCConnectionMEMLifecycleEventHandler(2214)=>[INFO] connection/xmpp/lifecycle_event/not-connected, [0.0078s]
07-07 23:04:20.715 26186 26437 E msgr.msys: E[N WA]_WCCXMPPStreamDoDisconnect(1319)=>xmpp/disconnect - flags: 34
07-07 23:04:20.715 26186 26437 E msgr.msys: E[N WCCConnectionMEM]_WCCConnectionMEMDisconnectHandler(2312)=>connection/disconnected, handshake failure
07-07 23:04:20.715 26186 26437 E msgr.msys: E[N WCCConnectionMEM]_WCCConnectionMEMEmitStateChange(3230)=>[INFO] connection/new_state/not-connected [connection_id=225542656, wcc_source=0, wcc_reason=0]
07-07 23:04:20.715 26186 26437 E msgr.msys: E[C MEMConnectionManager]_MEMConnectionManagerStateChangeHandler(631)=>[Critical] MEMConnectionState updated to ID: 0 with connectionId: 225542656
07-07 23:04:20.737 26186 26358 E msgr.msys: E[N dgw]operator()(129)=>TunnelRetriableNetworkLayer_removeRequest pendingRequest not found
07-07 23:04:20.741 26186 30821 W X.1n3   : Exception thrown during refresh
07-07 23:04:20.741 26186 30821 W X.1n3   : java.util.concurrent.ExecutionException: java.net.UnknownHostException: Unable to resolve host "chat-e2ee-mini.facebook.com": No address associated with hostname
07-07 23:04:20.741 26186 30821 W X.1n3   : 	at com.google.common.util.concurrent.AbstractFuture.getDoneValue(:21)
07-07 23:04:20.741 26186 30821 W X.1n3   : 	at com.google.common.util.concurrent.AbstractFuture.get(:268435506)
07-07 23:04:20.741 26186 30821 W X.1n3   : 	at X.1J0.A00(:1)
07-07 23:04:20.741 26186 30821 W X.1n3   : 	at com.google.common.cache.LocalCache$Segment.A04(:0)
07-07 23:04:20.741 26186 30821 W X.1n3   : 	at X.2qw.run(:10)
07-07 23:04:20.741 26186 30821 W X.1n3   : 	at X.1F2.execute(:0)
07-07 23:04:20.741 26186 30821 W X.1n3   : 	at com.google.common.util.concurrent.AbstractFuture.executeListener(:0)
07-07 23:04:20.741 26186 30821 W X.1n3   : 	at com.google.common.util.concurrent.AbstractFuture.complete(:58)
07-07 23:04:20.741 26186 30821 W X.1n3   : 	at com.google.common.util.concurrent.AbstractFuture.setException(:19)
07-07 23:04:20.741 26186 30821 W X.1n3   : 	at X.2AJ.run(:70)
07-07 23:04:20.741 26186 30821 W X.1n3   : 	at X.1F2.execute(:0)
07-07 23:04:20.741 26186 30821 W X.1n3   : 	at X.1Av.A00(:0)
07-07 23:04:20.741 26186 30821 W X.1n3   : 	at X.1Av.A01(:31)
07-07 23:04:20.741 26186 30821 W X.1n3   : 	at X.2qv.done(:2)
07-07 23:04:20.741 26186 30821 W X.1n3   : 	at java.util.concurrent.FutureTask.finishCompletion(FutureTask.java:445)
07-07 23:04:20.741 26186 30821 W X.1n3   : 	at java.util.concurrent.FutureTask.setException(FutureTask.java:314)
07-07 23:04:20.741 26186 30821 W X.1n3   : 	at java.util.concurrent.FutureTask.run(FutureTask.java:333)
07-07 23:04:20.741 26186 30821 W X.1n3   : 	at X.1Cp.run(:2)
07-07 23:04:20.741 26186 30821 W X.1n3   : 	at java.util.concurrent.ThreadPoolExecutor.runWorker(ThreadPoolExecutor.java:1100)
07-07 23:04:20.741 26186 30821 W X.1n3   : 	at java.util.concurrent.ThreadPoolExecutor$Worker.run(ThreadPoolExecutor.java:624)
07-07 23:04:20.741 26186 30821 W X.1n3   : 	at X.1Cw.run(:3)
07-07 23:04:20.741 26186 30821 W X.1n3   : 	at X.1Cy.run(:17)
07-07 23:04:20.741 26186 30821 W X.1n3   : 	at java.lang.Thread.run(Thread.java:1572)
07-07 23:04:20.741 26186 30821 W X.1n3   : Caused by: java.net.UnknownHostException: Unable to resolve host "chat-e2ee-mini.facebook.com": No address associated with hostname
07-07 23:04:20.741 26186 30821 W X.1n3   : 	at java.net.Inet6AddressImpl.lookupHostByName(Inet6AddressImpl.java:124)
07-07 23:04:20.741 26186 30821 W X.1n3   : 	at java.net.Inet6AddressImpl.lookupAllHostAddr(Inet6AddressImpl.java:103)
07-07 23:04:20.741 26186 30821 W X.1n3   : 	at java.net.InetAddress.getAllByName(InetAddress.java:1152)
07-07 23:04:20.741 26186 30821 W X.1n3   : 	at X.1mr.A02(:46)
07-07 23:04:20.741 26186 30821 W X.1n3   : 	at X.2qu.call(:6)
07-07 23:04:20.741 26186 30821 W X.1n3   : 	at java.util.concurrent.FutureTask.run(FutureTask.java:328)
07-07 23:04:20.741 26186 30821 W X.1n3   : 	... 6 more
07-07 23:04:20.761 26186 26414 E msgr.msys: E[N mns:DGWClient]_LogError(328)=>Failed to resolve using system DNS resolver, getaddrinfo(): No address associated with hostname
07-07 23:04:20.763 26186 26414 E msgr.msys: E[N mns:DGWClient]_LogError(328)=>Failed to resolve using system DNS resolver, getaddrinfo(): No address associated with hostname
07-07 23:04:20.834  7505 13006 D SQLiteQueryBuilder: SELECT _id, _data, bucket_id, orientation, datetaken, date_modified FROM images WHERE ((((is_pending=0 AND NOT _modifier=4) OR (is_pending=1 AND lower(_data) NOT REGEXP '.*/\.pending-(\d+)-([^/]+)$' AND owner_package_name IN ( 'com.vivo.widget.gallery' , 'com.vivo.gallery' )))) AND (is_trashed=0) AND (volume_name IN ( 'external_primary' ))) AND (((group_id = 0 OR group_id is null OR _id IN (1000134873, 1000039949, 1000175733, 1000164003, 1000164633, 1000163551)) AND (width > 0 AND height > 0))) ORDER BY _id DESC  LIMIT 15000 OFFSET 0
07-07 23:04:20.873  6310 30168 I NearbySharing: Network state changed: NetworkState(isRestricted=false, isOnline=true, isCongested=false, isMetered=false, isWifiConnected=true)
07-07 23:04:20.896  6310 30168 I NearbySharing: Network state changed: NetworkState(isRestricted=false, isOnline=true, isCongested=false, isMetered=false, isWifiConnected=true)
07-07 23:04:21.239  7481  9392 I ActivityScheduler: nextTriggerTime: 72992324, in 55299ms, detectorType: 39, FULL_TYPE alarmWindowMillis: 7500
07-07 23:04:21.420  7529  4820 I eokz    : (REDACTED) HDM. appOpsListener %s %s
07-07 23:04:21.420  7529  4820 I eokz    : (REDACTED) HDM. Ignoring irrelevant audio permission changes for package %s
07-07 23:04:21.420  7529  4820 I eokz    : (REDACTED) HDM. appOpsListener %s %s
07-07 23:04:21.420  7529  4820 I eokz    : (REDACTED) HDM. Ignoring irrelevant audio permission changes for package %s
07-07 23:04:21.887  7505 13006 D SQLiteQueryBuilder: SELECT count(_id) FROM images WHERE ((((is_pending=0 AND NOT _modifier=4) OR (is_pending=1 AND lower(_data) NOT REGEXP '.*/\.pending-(\d+)-([^/]+)$' AND owner_package_name IN ( 'com.vivo.widget.gallery' , 'com.vivo.gallery' )))) AND (is_trashed=0) AND (volume_name IN ( 'external_primary' ))) AND (( _id NOT IN (1000000019, 1000000207, 1000000220, 1000000385, 1000000509, 1000000710, 1000000987, 1000001079, 1000001095, 1000001178, 1000001558, 1000003143, 1000003145, 1000003146, 1000003147, 1000003150, 1000003151, 1000003152, 1000003157, 1000003164, 1000003165, 1000003168, 1000003171, 1000003173, 1000003174, 1000003175, 1000003177, 1000003183, 1000003185, 1000003186, 1000003187, 1000003188, 1000003190, 1000003194, 1000003195, 1000003197, 1000003201, 1000003207, 1000003209, 1000003218, 1000003219, 1000003225, 1000003226, 1000003227, 1000003228, 1000003235, 1000003236, 1000003237, 1000003239, 1000003242, 1000003246, 1000003247, 1000003248, 1000003249, 1000003253, 1000003254, 1000003255, 1000003258, 1000003259, 1000003260, 1000003261, 1000003262, 1000003265, 1000003266, 1000003267, 1000003270, 1000003271, 1000003272, 1000003276, 1000003277, 1000003278, 1000003281, 1000003282, 1000003283, 1000003284, 1000003285, 1000003286, 1000003287, 1000003288, 1000003289, 1000003290, 1000003291, 1000003292, 1000003293, 1000003294, 1000003295, 1000003296, 1000003297, 1000003298, 1000003299, 1000003302, 1000003303, 1000003304, 1000003305, 1000003306, 1000003307, 1000003313, 1000003314, 1000003315, 1000003316, 1000003317, 1000003319, 1000003320, 1000003327, 1000003331, 1000003334, 1000003335, 1000003336, 1000003337, 1000003339, 1000003341, 1000003342, 1000003344, 1000003345, 1000003347, 1000003348, 1000003353, 1000003356, 1000003357, 1000003358, 1000003360, 1000003361, 1000003363, 1000003365, 1000003369, 1000003373, 1000003374, 1000003375, 1000003376, 1000003377, 1000003383, 1000003386, 1000003387, 1000003392, 1000003394, 1000003395, 1000003399, 1000003402, 1000003408, 1000003409, 1000003410, 1000003412, 1000003414, 1000003415, 1000003416, 1000003417, 1000003419, 1000003420, 1000003422, 1000003423, 1000003424, 1000003427, 1000003428, 1000003430, 1000003431, 1000003432, 1000003433, 1000003434, 1000003436, 1000003440, 1000003441, 1000003442, 1000003443, 1000003447, 1000003448, 1000003450, 1000003452, 1000003453, 1000003454, 1000003457, 1000003461, 1000003462, 1000003463, 1000003465, 1000003467, 1000003473, 1000003474, 1000003477, 1000003478, 1000003479, 1000003482, 1000003483, 1000003485, 1000003490, 1000003491, 1000003492, 1000003493, 1000003494, 1000003497, 1000003498, 1000003499, 1000003500, 1000003501, 1000003502, 1000003503, 1000003506, 1000003507, 1000003510, 1000003513, 1000003515, 1000003517, 1000003518, 1000003520, 1000003521, 1000003522, 1000003523, 1000003529, 1000003530, 1000003531, 1000003532, 1000003533, 1000003535, 1000003537, 1000003538, 1000003539, 1000003542, 1000003543, 1000003548, 1000003549, 1000003550, 1000003552, 1000003553, 1000003554, 1000003555, 1000003556, 1000003565, 1000003572, 1000003574, 1000003575, 1000003578, 1000003579, 1000003582, 1000003583, 1000003585, 1000003586, 1000003589, 1000003590, 1000003595, 1000003597, 1000003599, 1000003601, 1000003605, 1000003610, 1000003611, 1000003618, 1000003623, 1000003632, 1000003633, 1000003634, 1000003635, 1000003640, 1000003644, 1000003647, 1000003648, 1000003649, 1000003650, 1000003652, 1000003654, 1000003655, 1000003656, 1000003664, 1000003665, 1000003666, 1000003667, 1000003668, 1000003669, 1000003670, 1000003671, 1000003672, 1000003678, 1000003679, 1000003680, 1000003681, 1000003682, 1000003683, 1000003684, 1000003685, 1000003686, 1000003687, 1000003688, 1000003689, 1000003692, 1000003694, 1000003695, 1000003696, 1000003697, 1000003698, 1000003699, 1000003700, 1000003701, 1000003702, 1000003703, 1000003704, 1000003705, 1000003706, 1000003707, 1000003708, 1000003709, 1000003710, 1000003711, 1000003714, 1000003718, 1000003719, 1000003720, 1000003721, 1000003722, 1000003729, 1000003730, 1000003733, 1000003734, 1000003735, 100
07-07 23:04:21.981 28667 28667 I VoiceInputManagerWrapper: VoiceInputManagerWrapper.shutdownVoiceInternal():153 shutdownVoiceInternal() [RD]
07-07 23:04:21.981 28667 28667 W NotificationCenter: NotificationCenter.unregisterListener():480 Listener jnl@2db2d29 was not registered for notification class pwi
07-07 23:04:22.088  6310  6310 I NearbyDiscovery: (REDACTED) FastPairDisplayObserver: %s -> %s
07-07 23:04:23.309  6310  6438 I NearbyConnections: Client (160634485) 0p:com.google.android.gms.nearby.sharing disconnecting
07-07 23:04:23.309  6310  6438 I Nearby  : (REDACTED) Successfully shutdown executor %s.
07-07 23:04:23.310  6310 30168 I NearbyConnections: Because they unbound from our service, all state for client 160634485 will now be cleaned up.
07-07 23:04:23.326  6310 30168 I Nearby  : (REDACTED) Successfully shutdown executor %s.
07-07 23:04:23.339  6310 30168 I Nearby  : (REDACTED) Successfully shutdown executor %s.
07-07 23:04:23.349  6310 30168 I Nearby  : (REDACTED) Successfully shutdown executor %s.
07-07 23:04:23.351  6310 30168 I Nearby  : (REDACTED) Successfully shutdown executor %s.
07-07 23:04:23.351  6310 30168 I Nearby  : (REDACTED) Successfully shutdown executor %s.
07-07 23:04:23.351  6310 30168 I Nearby  : (REDACTED) Successfully shutdown executor %s.
07-07 23:04:23.351  6310 30168 I Nearby  : (REDACTED) Successfully shutdown executor %s.
07-07 23:04:23.352  6310 30168 I Nearby  : (REDACTED) Successfully shutdown executor %s.
07-07 23:04:23.352  6310 30168 I Nearby  : (REDACTED) Successfully shutdown executor %s.
07-07 23:04:23.361  6310 30168 I Nearby  : (REDACTED) Successfully shutdown executor %s.
07-07 23:04:23.862  6310  6310 I NearbyDiscovery: (REDACTED) FastPairDisplayObserver: %s -> %s
07-07 23:04:23.985  6310  6310 I NearbyDiscovery: (REDACTED) FastPairDisplayObserver: %s -> %s
07-07 23:04:24.008  6310  6444 I Auth    : [BroadcastManager] [BroadcastManager] Broadcasting account capabilities changed. [CONTEXT service_id=343 ]
07-07 23:04:24.012  6310  6444 I Auth    : [BroadcastManager] [BroadcastManager] Broadcasting account services changed. [CONTEXT service_id=343 ]
07-07 23:04:24.025  6831 30877 I Auth    : (REDACTED) [SupervisedAccountIntentOperation] onHandleIntent: %s
07-07 23:04:24.060  6831 30127 W ChimeraUtils: Module com.google.android.gms.advancedprotection missing resource null(0)
07-07 23:04:24.075  6310 30306 I NetworkScheduler.Stats: (REDACTED) Task %s/%s started execution. cause:%s exec_start_elapsed_seconds: %s
07-07 23:04:24.082  6310 29781 I NetworkScheduler.Stats: (REDACTED) Task %s/%s finished executing. cause:%s result: %s elapsed_millis: %s uptime_millis: %s exec_start_elapsed_seconds: %s
07-07 23:04:24.752  6310  6310 I NearbyDiscovery: (REDACTED) FastPairDisplayObserver: %s -> %s
07-07 23:04:25.068  6310  6310 I NearbyDiscovery: (REDACTED) FastPairDisplayObserver: %s -> %s
07-07 23:04:25.077  6310  9003 I NearbyDiscovery: (REDACTED) PureOffloadFastPairScanner: eventType=%s, isInternalReq=%s, isScanning=%s, isScanningAllowed=%s
07-07 23:04:25.077  6310  9003 I NearbyDiscovery: (REDACTED) ApFastPairScanner: isScreenOn=%s, isLocationEnabled=%s, disableLocationRequirement=%s, isDiscoveryScanningEnabled=%s, during24GhzWifiWarmingUpPeriod=%s
07-07 23:04:25.078  6310  9003 D BluetoothAdapter: isLeEnabled(): ON
07-07 23:04:25.079  6310  9003 I NearbyDiscovery: (REDACTED) ApFastPairScanner: eventType=%s, intReq=%s, scanning=%s, scanAllowed=%s, bleEnabled=%s, lockScanRate=%s, startScanningByLowPowerMode=%s
07-07 23:04:25.843  6831  6831 D BoundBrokerSvc: onUnbind: Intent { act=com.google.android.gms.onboardingconsent.api.ConsentManagerApiService.START dat=chimera-action:/... xflg=0x4 cmp=com.google.android.gms/.chimera.GmsApiService }
07-07 23:04:27.040  6831  6831 D BoundBrokerSvc: onUnbind: Intent { act=com.google.android.gms.semanticlocationhistory.zeroparty.service.START dat=chimera-action:/... xflg=0x4 cmp=com.google.android.gms/.chimera.GmsApiService }
07-07 23:04:27.325  6310  6444 I Auth    : [BroadcastManager] [BroadcastManager] Broadcasting account capabilities changed. [CONTEXT service_id=343 ]
07-07 23:04:27.332  6310  6444 I Auth    : [BroadcastManager] [BroadcastManager] Broadcasting account services changed. [CONTEXT service_id=343 ]
07-07 23:04:27.353  6831 30877 I Auth    : (REDACTED) [SupervisedAccountIntentOperation] onHandleIntent: %s
07-07 23:04:27.392  6831 30127 W ChimeraUtils: Module com.google.android.gms.advancedprotection missing resource null(0)
07-07 23:04:27.400  6310 29414 I NetworkScheduler.Stats: (REDACTED) Task %s/%s started execution. cause:%s exec_start_elapsed_seconds: %s
07-07 23:04:27.409  6310 29414 I NetworkScheduler.Stats: (REDACTED) Task %s/%s finished executing. cause:%s result: %s elapsed_millis: %s uptime_millis: %s exec_start_elapsed_seconds: %s
07-07 23:04:28.148  6831  6831 D BoundBrokerSvc: onUnbind: Intent { act=com.google.android.gms.inappreach.service.START dat=chimera-action:/... xflg=0x4 cmp=com.google.android.gms/.chimera.GmsApiService }
07-07 23:04:28.863  9325  9325 D CellBroadcastReceiver: onReceive Intent { act=android.intent.action.SERVICE_STATE flg=0x1000010 xflg=0x4 cmp=com.google.android.cellbroadcastreceiver/com.android.cellbroadcastreceiver.CellBroadcastReceiver (has extras) }
07-07 23:04:28.864  9325  9325 D CellBroadcastReceiver: onServiceStateChanged, ss: 0
07-07 23:04:28.864  9325  9325 D CellBroadcastReceiver: networkOperator: 23420
07-07 23:04:28.864  9325  9325 D CellBroadcastReceiver: mockmodem is running? = false
07-07 23:04:28.864  9325  9325 D CellBroadcastReceiver: update supported roaming operator as 
07-07 23:04:29.194 26186 26358 W msgr.JDGWNetworkRevalidatorBridge: No active network to report connectivity issue
07-07 23:04:29.218 26186 26414 E msgr.msys: E[N mns:DGWClient]_LogError(328)=>Failed to resolve using system DNS resolver, getaddrinfo(): No address associated with hostname
07-07 23:04:29.219 26186 26414 E msgr.msys: E[N mns:DGWClient]_LogError(328)=>Failed to resolve using system DNS resolver, getaddrinfo(): No address associated with hostname
07-07 23:04:29.221 26186 26414 E msgr.msys: E[N mns:DGWClient]_LogError(328)=>Failed to resolve using system DNS resolver, getaddrinfo(): No address associated with hostname
07-07 23:04:30.361  7481 10438 I NearbyPresence: (REDACTED) %s verified [==] new request %s equals to the old request
07-07 23:04:30.399  6310 30170 I NearbyPresence: (REDACTED) %s verified [==] new request %s equals to the old request
07-07 23:04:33.609  6310  6310 D BoundBrokerSvc: onUnbind: Intent { act=com.google.android.gms.findmydevice.spot.service.locationreport.START dat=chimera-action:/... xflg=0x4 cmp=com.google.android.gms/.chimera.PersistentApiService }
07-07 23:04:36.838  6310 30166 E WakeLock: *gms_scheduler*/com.google.android.gms/.games.chimera.GamesSyncServiceMainProxy ** IS FORCE-RELEASED ON TIMEOUT ** [CONTEXT service_id=259 ]
07-07 23:04:39.045 29256 29282 I HWUI    : [destroy] CanvasContext will be destroyed.
07-07 23:04:40.510  6310  6310 D BoundBrokerSvc: onUnbind: Intent { act=com.google.android.gms.libs.gmscorelogger.service.START dat=chimera-action:/... xflg=0x4 cmp=com.google.android.gms/.chimera.PersistentDirectBootAwareApiService }
07-07 23:04:41.562  6310  6310 D BoundBrokerSvc: onRebind: Intent { act=com.google.android.gms.libs.gmscorelogger.service.START dat=chimera-action:/... xflg=0x4 cmp=com.google.android.gms/.chimera.PersistentDirectBootAwareApiService }
07-07 23:04:56.625  6310  6310 D BoundBrokerSvc: onUnbind: Intent { act=com.google.android.gms.libs.gmscorelogger.service.START dat=chimera-action:/... xflg=0x4 cmp=com.google.android.gms/.chimera.PersistentDirectBootAwareApiService }
07-07 23:05:00.026 20045 20045 D WM-DelayedWorkTracker: Scheduling work 55719f04-9794-48de-8562-8b5415f56343
07-07 23:05:00.027 20045 20045 D WM-GreedyScheduler: Starting tracking for 55719f04-9794-48de-8562-8b5415f56343
07-07 23:05:00.040 20045 20045 D WM-SystemJobService: onStartJob for WorkGenerationalId(workSpecId=55719f04-9794-48de-8562-8b5415f56343, generation=0)
07-07 23:05:00.050 20045 20114 W JobInfo : Requested important-while-foreground flag for job-2147482813 is ignored and takes no effect
07-07 23:05:00.050 20045 20114 D WM-SystemJobScheduler: Scheduling work ID 8a321b98-9e72-436c-a55e-09f3456f6e28Job ID -2147482813
07-07 23:05:00.055 20045 20114 D WM-GreedyScheduler: Starting tracking for 55719f04-9794-48de-8562-8b5415f56343,8a321b98-9e72-436c-a55e-09f3456f6e28
07-07 23:05:00.055 20045 20045 D WM-SystemJobService: onStartJob for WorkGenerationalId(workSpecId=8a321b98-9e72-436c-a55e-09f3456f6e28, generation=0)
07-07 23:05:00.058 20045 20114 D WM-Processor: Processor: processing WorkGenerationalId(workSpecId=55719f04-9794-48de-8562-8b5415f56343, generation=0)
07-07 23:05:00.060 20045 20114 D WM-Processor: Processor: processing WorkGenerationalId(workSpecId=8a321b98-9e72-436c-a55e-09f3456f6e28, generation=0)
07-07 23:05:00.065 20045 20045 D WM-WorkerWrapper: Starting work for com.linkedin.tracking.grpc.transport.restproxy.worker.RestProxyWorker
07-07 23:05:00.067 20045 20114 D WM-WorkConstraintsTrack: NetworkRequestConstraintController register shared callback
07-07 23:05:00.068 20045 20045 D WM-WorkerWrapper: Starting work for com.linkedin.tracking.grpc.transport.restproxy.worker.RestProxyWorker
07-07 23:05:00.070 20045 20109 D WM-WorkConstraintsTrack: NetworkRequestConstraintController onCapabilitiesChanged callback
07-07 23:05:00.073 20045 20109 D WM-WorkConstraintsTrack: Not dispatching constraint state yet: isBlocked=null, capabilitiesInitialized=true
07-07 23:05:00.073 20045 20109 D WM-WorkConstraintsTrack: NetworkRequestConstraintController onBlockedStatusChanged callback false
07-07 23:05:00.074 20045 20134 D WM-GreedyScheduler: Constraints met: Scheduling work ID WorkGenerationalId(workSpecId=55719f04-9794-48de-8562-8b5415f56343, generation=0)
07-07 23:05:00.074 20045 20134 D WM-GreedyScheduler: Constraints met: Scheduling work ID WorkGenerationalId(workSpecId=8a321b98-9e72-436c-a55e-09f3456f6e28, generation=0)
07-07 23:05:00.075 20045 20134 D WM-Processor: Work WorkGenerationalId(workSpecId=55719f04-9794-48de-8562-8b5415f56343, generation=0) is already enqueued for processing
07-07 23:05:00.076 20045 20134 D WM-Processor: Work WorkGenerationalId(workSpecId=8a321b98-9e72-436c-a55e-09f3456f6e28, generation=0) is already enqueued for processing
07-07 23:05:00.308 28995 28995 I info    : Auto-reply is off, please turn it On 
07-07 23:05:00.317  5385  5385 I id.ext.services: AssetManager2(0xb4000077a029e238) locale list changing from [] to [en-GB]
07-07 23:05:00.340 29256 29282 I HWUI    : [destroy] CanvasContext will be destroyed.
07-07 23:05:00.349 29256 29256 W WindowOnBackDispatcher: OnBackInvokedCallback is not enabled for the application.
07-07 23:05:00.349 29256 29256 W WindowOnBackDispatcher: Set 'android:enableOnBackInvokedCallback="true"' in the application manifest.
07-07 23:05:00.350 29256 29256 W unknown:BridgelessReact: ReactHost{0}.onHostResume(activity)
07-07 23:05:00.350 29256 29256 W unknown:BridgelessReact: ReactContext.onHostResume()
07-07 23:05:00.358 29256 29298 I ReactNativeJS: 'GET LAUNCH ALARM RESULT (resume):', 'null'
07-07 23:05:00.375 29256 29256 D ViewRootImpl: AppSizeAfterRelayout, size: Point(1260, 2800), rotation: ROTATION_0
07-07 23:05:00.375 29256 29256 D BufferQueueConsumer: [](id:724800000006,api:0,p:-1,c:29256) connect: controlledByApp=false
07-07 23:05:00.376 29256 29256 D BLASTBufferQueue: [VRI[MainActivity,type=1]#6](f:0,a:0) constructor()
07-07 23:05:00.376 29256 29256 D BLASTBufferQueue: [VRI[MainActivity,type=1]#6](f:0,a:0) update width=1260 height=2800 format=-1 mTransformHint=0
07-07 23:05:00.378 29256 29282 W BLASTBufferQueue: Unable to open /proc/vivo_rsc/frame_set_priority: Permission denied
07-07 23:05:00.378 29256 29282 I BLASTBufferQueue: QoSAllocBuff Successful. Ret 0 
07-07 23:05:00.398 29256 29282 D BLASTBufferQueue: [VRI[MainActivity,type=1]#6](f:0,a:1) acquireNextBufferLocked size=1260x2800 mFrameNumber=1 applyTransaction=true mTimestamp=67731742858729(auto) mPendingTransactions.size=0 graphicBufferId=125653563211807 transform=0
07-07 23:05:00.444  7481  9392 I ActivityScheduler: nextTriggerTime: 72992324, in 16094ms, detectorType: 39, FULL_TYPE alarmWindowMillis: 7500
07-07 23:05:00.497  7529  4820 I eokz    : (REDACTED) HDM. appOpsListener %s %s
07-07 23:05:00.497  7529  4820 I eokz    : (REDACTED) HDM. Ignoring irrelevant audio permission changes for package %s
07-07 23:05:00.526  7529  4820 I eokz    : (REDACTED) HDM. appOpsListener %s %s
07-07 23:05:00.527  7529  4820 I eokz    : (REDACTED) HDM. Ignoring irrelevant audio permission changes for package %s
07-07 23:05:00.542 20045 20134 I WM-WorkerWrapper: Worker result SUCCESS for Work [ id=8a321b98-9e72-436c-a55e-09f3456f6e28, tags={ com.linkedin.tracking.grpc.transport.restproxy.worker.RestProxyWorker,grest_dispatch_batches } ]
07-07 23:05:00.572 29256 29256 D NotifeeHeadlessJS: taskId: 1
07-07 23:05:00.576 20045 20045 D WM-Processor: Processor 8a321b98-9e72-436c-a55e-09f3456f6e28 executed; reschedule = false
07-07 23:05:00.577 20045 20045 D WM-GreedyScheduler: Stopping tracking for WorkGenerationalId(workSpecId=8a321b98-9e72-436c-a55e-09f3456f6e28, generation=0)
07-07 23:05:00.577 20045 20045 D WM-SystemJobService: 8a321b98-9e72-436c-a55e-09f3456f6e28 executed on JobScheduler
07-07 23:05:00.616  6310  6310 I NearbyDiscovery: (REDACTED) FastPairDisplayObserver: %s -> %s
07-07 23:05:00.624  7529  4820 I eokz    : (REDACTED) HDM. appOpsListener %s %s
07-07 23:05:00.624  7529  4820 I eokz    : (REDACTED) HDM. Ignoring irrelevant audio permission changes for package %s
07-07 23:05:00.641 28667 28667 I PkModeUpdater: PkModeUpdater.refreshDevices():206 refreshing devices
07-07 23:05:00.642  6310  8771 I ActivityScheduler: nextTriggerTime: 72991827, in 15399ms, detectorType: 39, FULL_TYPE alarmWindowMillis: 7500
07-07 23:05:00.642 28667 28667 I PkModeUpdater: PkModeUpdater.refreshDevices():206 refreshing devices
07-07 23:05:00.644 28667 28667 I PkModeUpdater: PkModeUpdater.refreshDevices():206 refreshing devices
07-07 23:05:00.654  2171  2234 D BatteryStatsService: noteVideoSurfaceChanged  noteWhich: 49,arg1: -2, arg2: -1, arg3: 4515, arg4: 72076985815269562, name: com.android.systemui
07-07 23:05:00.654  2171  2234 D BatteryStatsService: noteVideoSurfaceChanged  noteWhich: 49,arg1: -2, arg2: -1, arg3: 4515, arg4: 72076985815269650, name: com.android.systemui
07-07 23:05:00.656 28667 29375 I DeviceStatusMonitor: DeviceStatusMonitor.handleBroadcast():167 onReceive() : Action = android.intent.action.SCREEN_ON
07-07 23:05:00.656 28667 29375 I DeviceStatusMonitor: DeviceStatusMonitor.updateCountryInfo():183 updateCountryInfo(), notifyAnyway = false
07-07 23:05:00.657 28667 28667 I InputBundle: InputBundle.switchToKeyboardDirectly():530 switchToKeyboardDirectly(): KeyboardTypeAndPayload(keyboardType=prime, payload=null)
07-07 23:05:00.657 28667 28667 I InputBundle: InputBundle.switchToKeyboardDirectly():530 switchToKeyboardDirectly(): KeyboardTypeAndPayload(keyboardType=prime, payload=null)
07-07 23:05:00.657 28667 28667 I InputBundle: InputBundle.switchToKeyboardDirectly():530 switchToKeyboardDirectly(): KeyboardTypeAndPayload(keyboardType=prime, payload=null)
07-07 23:05:00.657 28667 28667 I InputBundle: InputBundle.switchToKeyboardDirectly():530 switchToKeyboardDirectly(): KeyboardTypeAndPayload(keyboardType=prime, payload=null)
07-07 23:05:00.657 28667 28667 I InputBundle: InputBundle.switchToKeyboardDirectly():530 switchToKeyboardDirectly(): KeyboardTypeAndPayload(keyboardType=prime, payload=null)
07-07 23:05:00.657 28667 28667 I InputBundle: InputBundle.switchToKeyboardDirectly():530 switchToKeyboardDirectly(): KeyboardTypeAndPayload(keyboardType=prime, payload=null)
07-07 23:05:00.372 29256 29256 W RenderThread: type=1400 audit(0.0:1578992): avc:  denied  { read } for  name="frame_set_priority" dev="proc" ino=4026533329 scontext=u:r:untrusted_app:s0:c151,c258,c512,c768 tcontext=u:object_r:proc:s0 tclass=file permissive=0 app=com.emergent.salahalarm.lxw9zs
07-07 23:05:00.783  6310  6310 I CastMediaRouteProvider: Published 1 routes
07-07 23:05:00.809 29256 29256 V ImeFocusController: onWindowFocus: com.android.internal.policy.DecorView{f630bd0 V.E...... R....... 0,0-1260,2800 aid=0}[MainActivity] softInputMode=STATE_UNSPECIFIED|ADJUST_RESIZE|IS_FORWARD_NAVIGATION
07-07 23:05:00.812 28667 28667 V InputMethod: unbindInput(): binding=InputBinding{android.os.BinderProxy@477d6e / uid 10103 / pid 5063} ic=RemoteInputConnection{idHash=#7dadee4}
07-07 23:05:00.812 28667 28667 V InputMethod: bindInput(): binding=InputBinding{android.os.BinderProxy@49f5483 / uid 10663 / pid 29256} ic=RemoteInputConnection{idHash=#bd79f44}
07-07 23:05:00.812 28667 28667 V InputMethod: startInput(): editor=android.view.inputmethod.EditorInfo@fedb82d
07-07 23:05:00.813 28667 28667 D InlineSuggestionSessionController: notifyOnStartInput: com.emergent.salahalarm.lxw9zs, 0
07-07 23:05:00.813 28667 28667 V InputMethodService: CALL: onStartInput
07-07 23:05:00.813 28667 28667 I GoogleInputMethodService: GoogleInputMethodService.onStartInput():1460 onStartInput(EditorInfo{EditorInfo{packageName=com.emergent.salahalarm.lxw9zs, inputType=0, inputTypeString=NULL, enableLearning=false, autoCorrection=false, autoComplete=false, imeOptions=0, privateImeOptions=null, actionName=UNSPECIFIED, actionLabel=null, initialSelStart=-1, initialSelEnd=-1, initialCapsMode=0, label=null, fieldId=0, fieldName=null, extras=null, hintText=null, hintLocales=[]}}, false)
07-07 23:05:00.813 28667 28667 I LatinIMEBase: LatinIMEBase.updateInputViewCoverNavigation():317 Update input view padding, isNavbarOverInputWindow=true, bottom inset=126
07-07 23:05:00.814 28667 28667 I Module  : DeviceLockedStatusModuleProvider$Module.updateDeviceLockedStatusInternal():129 repeatCheckTimes = 1, locked = true
07-07 23:05:00.814 28667 28667 I Module  : DeviceLockedStatusModuleProvider$Module.updateDeviceLockedStatusInternal():136 Scheduled to recheck device lock status
07-07 23:05:00.817 29256 29256 I ImeTracker: com.emergent.salahalarm.lxw9zs:43e1ccce: onCancelled at PHASE_CLIENT_ALREADY_HIDDEN
07-07 23:05:00.850  6310  6310 D MediaRouter: Dispatching route change: UserRouteInfo{ name=Bedroom speaker, description=Google Nest Mini, status=null, category=RouteCategory{ name=Devices types=ROUTE_TYPE_USER  groupable=false }, supportedTypes=ROUTE_TYPE_USER , presentationDisplay=null }
07-07 23:05:00.850  6310  6310 D MediaRouter: Dispatching route change: UserRouteInfo{ name=Bedroom speaker, description=Google Nest Mini, status=null, category=RouteCategory{ name=Devices types=ROUTE_TYPE_USER  groupable=false }, supportedTypes=ROUTE_TYPE_USER , presentationDisplay=null }
07-07 23:05:00.876  6310  6310 I BatchScanningManager: Batch scanner stopped/cancelled (if it was running/scheduled). [CONTEXT service_id=284 ]
07-07 23:05:00.884  6310 31051 D BluetoothAdapter: isLeEnabled(): ON
07-07 23:05:00.929  6310  6310 I RCNService: updateRcnState to isNetworkAvailable: true, isRcnSettingsEnabled: true, isScreenOn: true
07-07 23:05:00.932  6310  6438 I MdnsServiceBrowser: (REDACTED) registering %s
07-07 23:05:00.938  6310  6310 W DiscoveryManager: BroadcastReceiver is already registered
07-07 23:05:00.942 20045 20114 D WM-GreedyScheduler: Cancelling work ID 8a321b98-9e72-436c-a55e-09f3456f6e28
07-07 23:05:00.961  6310 31056 I DiscoveryManager: Discovery state (DiscoveryState{filterCriteria=[%urn:x-cast:com.google.cast.media, CFE7FEDA, 674A0243, 8E6C866D], categoryToCriteria={com.google.android.gms.cast.CATEGORY_CAST//urn:x-cast:com.google.cast.media//ALLOW_IPV6=[%urn:x-cast:com.google.cast.media], com.google.android.gms.cast.CATEGORY_CAST/CFE7FEDA/urn:x-cast:com.google.cast.media//ALLOW_IPV6=[CFE7FEDA, %urn:x-cast:com.google.cast.media], com.google.android.gms.cast.CATEGORY_CAST/8E6C866D///ALLOW_IPV6=[8E6C866D], com.google.android.gms.cast.CATEGORY_CAST/674A0243///ALLOW_IPV6=[674A0243]}, activeScan=false, activeScanWithScreenOff=false, discoveryRequestSupportsDynamicSession=false, eventFlowId=-1})
07-07 23:05:00.981  6310  9626 I NullBinder: NullBinder for android.net.action.RECOMMEND_NETWORKS triggering remote TransactionTooLargeException due to Service without Chimera impl, calling uid: 1000, calling pid: 0
07-07 23:05:00.981  6310  9626 W .gms.persistent: Large reply transaction of 1056768 bytes, interface descriptor , code 1
07-07 23:05:00.984 20045 20045 W JobService: onNetworkChanged() not implemented in androidx.work.impl.background.systemjob.SystemJobService. Must override in a subclass.
07-07 23:05:00.984  6310  9003 I NearbyDiscovery: (REDACTED) PureOffloadFastPairScanner: eventType=%s, isInternalReq=%s, isScanning=%s, isScanningAllowed=%s
07-07 23:05:01.004 20045 20109 D WM-WorkConstraintsTrack: NetworkRequestConstraintController onCapabilitiesChanged callback
07-07 23:05:01.005  6310 31051 I NearbyMediums: Wifi changed new SSID: "Kaif Net_5GHz"
07-07 23:05:01.006  6310 31051 I NearbyMediums: WifiLanConnectivityInfo is not changed, skip notify.
07-07 23:05:01.006  6310  6310 I CastMediaRouteProvider: Published 1 routes
07-07 23:05:01.007  6310  6310 D MediaRouter: Dispatching route change: UserRouteInfo{ name=Bedroom speaker, description=Google Nest Mini, status=null, category=RouteCategory{ name=Devices types=ROUTE_TYPE_USER  groupable=false }, supportedTypes=ROUTE_TYPE_USER , presentationDisplay=null }
07-07 23:05:01.007  6310  6310 D MediaRouter: Dispatching route change: UserRouteInfo{ name=Bedroom speaker, description=Google Nest Mini, status=null, category=RouteCategory{ name=Devices types=ROUTE_TYPE_USER  groupable=false }, supportedTypes=ROUTE_TYPE_USER , presentationDisplay=null }
07-07 23:05:00.987  9330 10079 D WM-WorkConstraintsTrack: NetworkRequestConstraintController onCapabilitiesChanged callback
07-07 23:05:01.048 20045 20114 I WM-WorkerWrapper: Worker result SUCCESS for Work [ id=55719f04-9794-48de-8562-8b5415f56343, tags={ com.linkedin.tracking.grpc.transport.restproxy.worker.RestProxyWorker,grest_dispatch_batches } ]
07-07 23:05:01.055 20045 20045 D WM-Processor: Processor 55719f04-9794-48de-8562-8b5415f56343 executed; reschedule = false
07-07 23:05:01.055 20045 20045 D WM-GreedyScheduler: Stopping tracking for WorkGenerationalId(workSpecId=55719f04-9794-48de-8562-8b5415f56343, generation=0)
07-07 23:05:01.056 20045 20045 D WM-SystemJobService: 55719f04-9794-48de-8562-8b5415f56343 executed on JobScheduler
07-07 23:05:01.062  6310  6438 I MdnsServiceBrowser: (REDACTED) registering %s
07-07 23:05:01.067  7481 14980 I NearbyMediums: Wifi changed new SSID: "Kaif Net_5GHz"
07-07 23:05:01.067  7481 14980 I NearbyMediums: WifiLanConnectivityInfo is not changed, skip notify.
07-07 23:05:01.095  6310  9003 I NearbyDiscovery: (REDACTED) ApFastPairScanner: isScreenOn=%s, isLocationEnabled=%s, disableLocationRequirement=%s, isDiscoveryScanningEnabled=%s, during24GhzWifiWarmingUpPeriod=%s
07-07 23:05:01.096  6310  9003 D BluetoothAdapter: isLeEnabled(): ON
07-07 23:05:01.096  6310  9003 I NearbyDiscovery: (REDACTED) ApFastPairScanner: eventType=%s, intReq=%s, scanning=%s, scanAllowed=%s, bleEnabled=%s, lockScanRate=%s, startScanningByLowPowerMode=%s
07-07 23:05:01.108 20045 20140 D WM-GreedyScheduler: Cancelling work ID 55719f04-9794-48de-8562-8b5415f56343
07-07 23:05:01.111 20045 20140 D WM-WorkConstraintsTrack: NetworkRequestConstraintController unregister shared callback
07-07 23:05:01.121  6310  9003 I NearbyDiscovery: (REDACTED) ApFastPairScanner: isScreenOn=%s, isLocationEnabled=%s, disableLocationRequirement=%s, isDiscoveryScanningEnabled=%s, during24GhzWifiWarmingUpPeriod=%s
07-07 23:05:01.121  6310  9003 I NearbyDiscovery: (REDACTED) ApFastPairScanner: Start scanning internally, %s
07-07 23:05:01.121  6310  9003 D BluetoothAdapter: isLeEnabled(): ON
07-07 23:05:01.130  6310  8370 D BluetoothLeScanner: onScannerRegistered() - status=0 scannerId=3 mScannerId=0
07-07 23:05:01.140  6310  9003 I NearbyDiscovery: (REDACTED) ApFastPairScanner: Starting %s scan for %s seconds
07-07 23:05:01.142  6310  9003 I NearbyDiscovery: (REDACTED) FastPairHandler: Received action %s
07-07 23:05:01.142  6310  9003 I NearbyDiscovery: (REDACTED) PureOffloadFastPairScanner: eventType=%s, isInternalReq=%s, isScanning=%s, isScanningAllowed=%s
07-07 23:05:01.152  6310  9003 I NearbyDiscovery: (REDACTED) ApFastPairScanner: isScreenOn=%s, isLocationEnabled=%s, disableLocationRequirement=%s, isDiscoveryScanningEnabled=%s, during24GhzWifiWarmingUpPeriod=%s
07-07 23:05:01.152  6310  9003 D BluetoothAdapter: isLeEnabled(): ON
07-07 23:05:01.152  6310  9003 I NearbyDiscovery: (REDACTED) ApFastPairScanner: eventType=%s, intReq=%s, scanning=%s, scanAllowed=%s, bleEnabled=%s, lockScanRate=%s, startScanningByLowPowerMode=%s
07-07 23:05:01.152  6310  9003 I NearbyDiscovery: FastPairController: onSystemStateChanged: skip due to flag disabled [CONTEXT service_id=265 ]
07-07 23:05:01.228  9325  9325 D CellBroadcastReceiver: onReceive Intent { act=android.intent.action.SERVICE_STATE flg=0x1000010 xflg=0x4 cmp=com.google.android.cellbroadcastreceiver/com.android.cellbroadcastreceiver.CellBroadcastReceiver (has extras) }
07-07 23:05:01.229  9325  9325 D CellBroadcastReceiver: onServiceStateChanged, ss: 0
07-07 23:05:01.229  9325  9325 D CellBroadcastReceiver: networkOperator: 23420
07-07 23:05:01.229  9325  9325 D CellBroadcastReceiver: mockmodem is running? = false
07-07 23:05:01.229  9325  9325 D CellBroadcastReceiver: update supported roaming operator as 
07-07 23:05:01.376 29256 29256 W binder:29256_1: type=1400 audit(0.0:1579287): avc:  denied  { ioctl } for  path="/proc/fas/render" dev="proc" ino=4026533325 ioctlcmd=0x6609 scontext=u:r:untrusted_app:s0:c151,c258,c512,c768 tcontext=u:object_r:proc_fas:s0 tclass=file permissive=0 app=com.emergent.salahalarm.lxw9zs
07-07 23:05:01.388 29256 29256 W binder:29256_1: type=1400 audit(0.0:1579288): avc:  denied  { ioctl } for  path="/proc/fas/render" dev="proc" ino=4026533325 ioctlcmd=0x6609 scontext=u:r:untrusted_app:s0:c151,c258,c512,c768 tcontext=u:object_r:proc_fas:s0 tclass=file permissive=0 app=com.emergent.salahalarm.lxw9zs
07-07 23:05:01.396 29256 29256 W binder:29256_1: type=1400 audit(0.0:1579289): avc:  denied  { ioctl } for  path="/proc/fas/render" dev="proc" ino=4026533325 ioctlcmd=0x6609 scontext=u:r:untrusted_app:s0:c151,c258,c512,c768 tcontext=u:object_r:proc_fas:s0 tclass=file permissive=0 app=com.emergent.salahalarm.lxw9zs
07-07 23:05:01.408 29256 29256 W binder:29256_1: type=1400 audit(0.0:1579290): avc:  denied  { ioctl } for  path="/proc/fas/render" dev="proc" ino=4026533325 ioctlcmd=0x6609 scontext=u:r:untrusted_app:s0:c151,c258,c512,c768 tcontext=u:object_r:proc_fas:s0 tclass=file permissive=0 app=com.emergent.salahalarm.lxw9zs
07-07 23:05:01.420 29256 29256 W binder:29256_1: type=1400 audit(0.0:1579291): avc:  denied  { ioctl } for  path="/proc/fas/render" dev="proc" ino=4026533325 ioctlcmd=0x6609 scontext=u:r:untrusted_app:s0:c151,c258,c512,c768 tcontext=u:object_r:proc_fas:s0 tclass=file permissive=0 app=com.emergent.salahalarm.lxw9zs
07-07 23:05:01.476  6310 31051 I NearbySharing: Network state changed: NetworkState(isRestricted=false, isOnline=true, isCongested=false, isMetered=false, isWifiConnected=true)
07-07 23:05:01.496  6310 31051 I NearbySharing: Network state changed: NetworkState(isRestricted=false, isOnline=true, isCongested=false, isMetered=false, isWifiConnected=true)
07-07 23:05:01.507  6310 30303 I DeviceScanner: [MDNS] Received response from "B13r" (bf240bc0ccd5bce0c6e81d0bf79d6337)  with result "1 New device"
07-07 23:05:01.817 28667 28667 I Module  : DeviceLockedStatusModuleProvider$Module.updateDeviceLockedStatusInternal():129 repeatCheckTimes = 0, locked = true
07-07 23:05:01.845  7529  4820 I eokz    : (REDACTED) HDM. appOpsListener %s %s
07-07 23:05:01.846  7529  4820 I eokz    : (REDACTED) HDM. Ignoring irrelevant audio permission changes for package %s
07-07 23:05:01.846  7529  4820 I eokz    : (REDACTED) HDM. appOpsListener %s %s
