07-07 23:05:54.589  9325  9325 D CellBroadcastReceiver: mockmodem is running? = false
07-07 23:05:54.589  9325  9325 D CellBroadcastReceiver: update supported roaming operator as 
07-07 23:05:55.140 29256 29256 W binder:29256_1: type=1400 audit(0.0:1582683): avc:  denied  { ioctl } for  path="/proc/fas/render" dev="proc" ino=4026533325 ioctlcmd=0x6609 scontext=u:r:untrusted_app:s0:c151,c258,c512,c768 tcontext=u:object_r:proc_fas:s0 tclass=file permissive=0 app=com.emergent.salahalarm.lxw9zs
07-07 23:05:55.156 29256 29256 W binder:29256_1: type=1400 audit(0.0:1582684): avc:  denied  { ioctl } for  path="/proc/fas/render" dev="proc" ino=4026533325 ioctlcmd=0x6609 scontext=u:r:untrusted_app:s0:c151,c258,c512,c768 tcontext=u:object_r:proc_fas:s0 tclass=file permissive=0 app=com.emergent.salahalarm.lxw9zs
07-07 23:05:55.176 29256 29256 W binder:29256_1: type=1400 audit(0.0:1582685): avc:  denied  { ioctl } for  path="/proc/fas/render" dev="proc" ino=4026533325 ioctlcmd=0x6609 scontext=u:r:untrusted_app:s0:c151,c258,c512,c768 tcontext=u:object_r:proc_fas:s0 tclass=file permissive=0 app=com.emergent.salahalarm.lxw9zs
07-07 23:05:55.192 29256 29256 W binder:29256_1: type=1400 audit(0.0:1582686): avc:  denied  { ioctl } for  path="/proc/fas/render" dev="proc" ino=4026533325 ioctlcmd=0x6609 scontext=u:r:untrusted_app:s0:c151,c258,c512,c768 tcontext=u:object_r:proc_fas:s0 tclass=file permissive=0 app=com.emergent.salahalarm.lxw9zs
07-07 23:05:55.212 29256 29256 W binder:29256_1: type=1400 audit(0.0:1582687): avc:  denied  { ioctl } for  path="/proc/fas/render" dev="proc" ino=4026533325 ioctlcmd=0x6609 scontext=u:r:untrusted_app:s0:c151,c258,c512,c768 tcontext=u:object_r:proc_fas:s0 tclass=file permissive=0 app=com.emergent.salahalarm.lxw9zs
07-07 23:05:56.156 29256 29256 W binder:29256_5: type=1400 audit(0.0:1582746): avc:  denied  { ioctl } for  path="/proc/fas/render" dev="proc" ino=4026533325 ioctlcmd=0x6609 scontext=u:r:untrusted_app:s0:c151,c258,c512,c768 tcontext=u:object_r:proc_fas:s0 tclass=file permissive=0 app=com.emergent.salahalarm.lxw9zs
07-07 23:05:56.172 29256 29256 W binder:29256_5: type=1400 audit(0.0:1582747): avc:  denied  { ioctl } for  path="/proc/fas/render" dev="proc" ino=4026533325 ioctlcmd=0x6609 scontext=u:r:untrusted_app:s0:c151,c258,c512,c768 tcontext=u:object_r:proc_fas:s0 tclass=file permissive=0 app=com.emergent.salahalarm.lxw9zs
07-07 23:05:56.192 29256 29256 W binder:29256_5: type=1400 audit(0.0:1582748): avc:  denied  { ioctl } for  path="/proc/fas/render" dev="proc" ino=4026533325 ioctlcmd=0x6609 scontext=u:r:untrusted_app:s0:c151,c258,c512,c768 tcontext=u:object_r:proc_fas:s0 tclass=file permissive=0 app=com.emergent.salahalarm.lxw9zs
07-07 23:05:56.208 29256 29256 W binder:29256_5: type=1400 audit(0.0:1582749): avc:  denied  { ioctl } for  path="/proc/fas/render" dev="proc" ino=4026533325 ioctlcmd=0x6609 scontext=u:r:untrusted_app:s0:c151,c258,c512,c768 tcontext=u:object_r:proc_fas:s0 tclass=file permissive=0 app=com.emergent.salahalarm.lxw9zs
07-07 23:05:56.224 29256 29256 W binder:29256_5: type=1400 audit(0.0:1582750): avc:  denied  { ioctl } for  path="/proc/fas/render" dev="proc" ino=4026533325 ioctlcmd=0x6609 scontext=u:r:untrusted_app:s0:c151,c258,c512,c768 tcontext=u:object_r:proc_fas:s0 tclass=file permissive=0 app=com.emergent.salahalarm.lxw9zs
07-07 23:05:56.546  9325  9325 D CellBroadcastReceiver: onReceive Intent { act=android.intent.action.SERVICE_STATE flg=0x1000010 xflg=0x4 cmp=com.google.android.cellbroadcastreceiver/com.android.cellbroadcastreceiver.CellBroadcastReceiver (has extras) }
07-07 23:05:56.547  9325  9325 D CellBroadcastReceiver: onServiceStateChanged, ss: 0
07-07 23:05:56.547  9325  9325 D CellBroadcastReceiver: networkOperator: 23420
07-07 23:05:56.547  9325  9325 D CellBroadcastReceiver: mockmodem is running? = false
07-07 23:05:56.547  9325  9325 D CellBroadcastReceiver: update supported roaming operator as 
07-07 23:05:57.172 29256 29256 W binder:29256_1: type=1400 audit(0.0:1582809): avc:  denied  { ioctl } for  path="/proc/fas/render" dev="proc" ino=4026533325 ioctlcmd=0x6609 scontext=u:r:untrusted_app:s0:c151,c258,c512,c768 tcontext=u:object_r:proc_fas:s0 tclass=file permissive=0 app=com.emergent.salahalarm.lxw9zs
07-07 23:05:57.188 29256 29256 W binder:29256_1: type=1400 audit(0.0:1582810): avc:  denied  { ioctl } for  path="/proc/fas/render" dev="proc" ino=4026533325 ioctlcmd=0x6609 scontext=u:r:untrusted_app:s0:c151,c258,c512,c768 tcontext=u:object_r:proc_fas:s0 tclass=file permissive=0 app=com.emergent.salahalarm.lxw9zs
07-07 23:05:57.204 29256 29256 W binder:29256_1: type=1400 audit(0.0:1582811): avc:  denied  { ioctl } for  path="/proc/fas/render" dev="proc" ino=4026533325 ioctlcmd=0x6609 scontext=u:r:untrusted_app:s0:c151,c258,c512,c768 tcontext=u:object_r:proc_fas:s0 tclass=file permissive=0 app=com.emergent.salahalarm.lxw9zs
07-07 23:05:57.220 29256 29256 W binder:29256_1: type=1400 audit(0.0:1582812): avc:  denied  { ioctl } for  path="/proc/fas/render" dev="proc" ino=4026533325 ioctlcmd=0x6609 scontext=u:r:untrusted_app:s0:c151,c258,c512,c768 tcontext=u:object_r:proc_fas:s0 tclass=file permissive=0 app=com.emergent.salahalarm.lxw9zs
07-07 23:05:57.240 29256 29256 W binder:29256_1: type=1400 audit(0.0:1582813): avc:  denied  { ioctl } for  path="/proc/fas/render" dev="proc" ino=4026533325 ioctlcmd=0x6609 scontext=u:r:untrusted_app:s0:c151,c258,c512,c768 tcontext=u:object_r:proc_fas:s0 tclass=file permissive=0 app=com.emergent.salahalarm.lxw9zs
07-07 23:05:58.181  9325  9325 D CellBroadcastReceiver: onReceive Intent { act=android.intent.action.SERVICE_STATE flg=0x1000010 xflg=0x4 cmp=com.google.android.cellbroadcastreceiver/com.android.cellbroadcastreceiver.CellBroadcastReceiver (has extras) }
07-07 23:05:58.182  9325  9325 D CellBroadcastReceiver: onServiceStateChanged, ss: 0
07-07 23:05:58.182  9325  9325 D CellBroadcastReceiver: networkOperator: 23420
07-07 23:05:58.182  9325  9325 D CellBroadcastReceiver: mockmodem is running? = false
07-07 23:05:58.183  9325  9325 D CellBroadcastReceiver: update supported roaming operator as 
07-07 23:05:58.184 29256 29256 W binder:29256_1: type=1400 audit(0.0:1582873): avc:  denied  { ioctl } for  path="/proc/fas/render" dev="proc" ino=4026533325 ioctlcmd=0x6609 scontext=u:r:untrusted_app:s0:c151,c258,c512,c768 tcontext=u:object_r:proc_fas:s0 tclass=file permissive=0 app=com.emergent.salahalarm.lxw9zs
07-07 23:05:58.200 29256 29256 W binder:29256_1: type=1400 audit(0.0:1582874): avc:  denied  { ioctl } for  path="/proc/fas/render" dev="proc" ino=4026533325 ioctlcmd=0x6609 scontext=u:r:untrusted_app:s0:c151,c258,c512,c768 tcontext=u:object_r:proc_fas:s0 tclass=file permissive=0 app=com.emergent.salahalarm.lxw9zs
07-07 23:05:58.220 29256 29256 W binder:29256_1: type=1400 audit(0.0:1582875): avc:  denied  { ioctl } for  path="/proc/fas/render" dev="proc" ino=4026533325 ioctlcmd=0x6609 scontext=u:r:untrusted_app:s0:c151,c258,c512,c768 tcontext=u:object_r:proc_fas:s0 tclass=file permissive=0 app=com.emergent.salahalarm.lxw9zs
07-07 23:05:58.236 29256 29256 W binder:29256_1: type=1400 audit(0.0:1582876): avc:  denied  { ioctl } for  path="/proc/fas/render" dev="proc" ino=4026533325 ioctlcmd=0x6609 scontext=u:r:untrusted_app:s0:c151,c258,c512,c768 tcontext=u:object_r:proc_fas:s0 tclass=file permissive=0 app=com.emergent.salahalarm.lxw9zs
07-07 23:05:58.252 29256 29256 W binder:29256_1: type=1400 audit(0.0:1582877): avc:  denied  { ioctl } for  path="/proc/fas/render" dev="proc" ino=4026533325 ioctlcmd=0x6609 scontext=u:r:untrusted_app:s0:c151,c258,c512,c768 tcontext=u:object_r:proc_fas:s0 tclass=file permissive=0 app=com.emergent.salahalarm.lxw9zs
07-07 23:05:59.200 29256 29256 W binder:29256_1: type=1400 audit(0.0:1582936): avc:  denied  { ioctl } for  path="/proc/fas/render" dev="proc" ino=4026533325 ioctlcmd=0x6609 scontext=u:r:untrusted_app:s0:c151,c258,c512,c768 tcontext=u:object_r:proc_fas:s0 tclass=file permissive=0 app=com.emergent.salahalarm.lxw9zs
07-07 23:05:59.216 29256 29256 W binder:29256_1: type=1400 audit(0.0:1582937): avc:  denied  { ioctl } for  path="/proc/fas/render" dev="proc" ino=4026533325 ioctlcmd=0x6609 scontext=u:r:untrusted_app:s0:c151,c258,c512,c768 tcontext=u:object_r:proc_fas:s0 tclass=file permissive=0 app=com.emergent.salahalarm.lxw9zs
07-07 23:05:59.236 29256 29256 W binder:29256_1: type=1400 audit(0.0:1582938): avc:  denied  { ioctl } for  path="/proc/fas/render" dev="proc" ino=4026533325 ioctlcmd=0x6609 scontext=u:r:untrusted_app:s0:c151,c258,c512,c768 tcontext=u:object_r:proc_fas:s0 tclass=file permissive=0 app=com.emergent.salahalarm.lxw9zs
07-07 23:05:59.248 29256 29256 W binder:29256_1: type=1400 audit(0.0:1582939): avc:  denied  { ioctl } for  path="/proc/fas/render" dev="proc" ino=4026533325 ioctlcmd=0x6609 scontext=u:r:untrusted_app:s0:c151,c258,c512,c768 tcontext=u:object_r:proc_fas:s0 tclass=file permissive=0 app=com.emergent.salahalarm.lxw9zs
07-07 23:05:59.268 29256 29256 W binder:29256_1: type=1400 audit(0.0:1582940): avc:  denied  { ioctl } for  path="/proc/fas/render" dev="proc" ino=4026533325 ioctlcmd=0x6609 scontext=u:r:untrusted_app:s0:c151,c258,c512,c768 tcontext=u:object_r:proc_fas:s0 tclass=file permissive=0 app=com.emergent.salahalarm.lxw9zs
07-07 23:05:59.811  9325  9325 D CellBroadcastReceiver: onReceive Intent { act=android.intent.action.SERVICE_STATE flg=0x1000010 xflg=0x4 cmp=com.google.android.cellbroadcastreceiver/com.android.cellbroadcastreceiver.CellBroadcastReceiver (has extras) }
07-07 23:05:59.812  9325  9325 D CellBroadcastReceiver: onServiceStateChanged, ss: 0
07-07 23:05:59.812  9325  9325 D CellBroadcastReceiver: networkOperator: 23420
07-07 23:05:59.812  9325  9325 D CellBroadcastReceiver: mockmodem is running? = false
07-07 23:05:59.812  9325  9325 D CellBroadcastReceiver: update supported roaming operator as 
07-07 23:06:00.028  9325  9325 D CellBroadcastReceiver: onReceive Intent { act=android.intent.action.SERVICE_STATE flg=0x1000010 xflg=0x4 cmp=com.google.android.cellbroadcastreceiver/com.android.cellbroadcastreceiver.CellBroadcastReceiver (has extras) }
07-07 23:06:00.029  9325  9325 D CellBroadcastReceiver: onServiceStateChanged, ss: 0
07-07 23:06:00.029  9325  9325 D CellBroadcastReceiver: networkOperator: 23420
07-07 23:06:00.029  9325  9325 D CellBroadcastReceiver: mockmodem is running? = false
07-07 23:06:00.029  9325  9325 D CellBroadcastReceiver: update supported roaming operator as 
07-07 23:06:00.075  9325  9325 D CellBroadcastReceiver: onReceive Intent { act=android.intent.action.SERVICE_STATE flg=0x1000010 xflg=0x4 cmp=com.google.android.cellbroadcastreceiver/com.android.cellbroadcastreceiver.CellBroadcastReceiver (has extras) }
07-07 23:06:00.076  9325  9325 D CellBroadcastReceiver: onServiceStateChanged, ss: 0
07-07 23:06:00.076  9325  9325 D CellBroadcastReceiver: networkOperator: 23420
07-07 23:06:00.076  9325  9325 D CellBroadcastReceiver: mockmodem is running? = false
07-07 23:06:00.076  9325  9325 D CellBroadcastReceiver: update supported roaming operator as 
07-07 23:06:00.084  6310 31184 I AlarmManager: setExactAndAllowWhileIdle [name: GCM_HB_ALARM type: 2 triggerAtMillis: 74295870]
07-07 23:06:00.097  6310 29414 I AlarmManager: setExactAndAllowWhileIdle [name: FcmRetry type: 2 triggerAtMillis: 73155882]
07-07 23:06:00.104  6310  6310 W GCM     : broadcast intent callback: result=CANCELLED forIntent { act=com.google.android.c2dm.intent.RECEIVE xflg=0x4 pkg=com.facebook.katana (has extras) }
07-07 23:06:00.119  7529  4820 I eokz    : (REDACTED) HDM. appOpsListener %s %s
07-07 23:06:00.119  7529  4820 I eokz    : (REDACTED) HDM. Ignoring irrelevant audio permission changes for package %s
07-07 23:06:00.124 25011 29917 D BufferPoolAccessor2.0: bufferpool2 0xb4000078b02b3318 : 5(40960 size) total buffers - 0(0 size) used buffers - 12/17 (recycle/alloc) - 5/17 (fetch/transfer)
07-07 23:06:00.124 25011 29917 D BufferPoolAccessor2.0: evictor expired: 1, evicted: 1
07-07 23:06:00.166 25011 25011 W fb4a.AppComponentFactory: Instantiating BroadcastReceiver
07-07 23:06:00.177 25011 25011 W fb4a.AppComponentFactory: Instantiating Service
07-07 23:06:00.212 29256 29256 W binder:29256_5: type=1400 audit(0.0:1583001): avc:  denied  { ioctl } for  path="/proc/fas/render" dev="proc" ino=4026533325 ioctlcmd=0x6609 scontext=u:r:untrusted_app:s0:c151,c258,c512,c768 tcontext=u:object_r:proc_fas:s0 tclass=file permissive=0 app=com.emergent.salahalarm.lxw9zs
07-07 23:06:00.228 29256 29256 W binder:29256_1: type=1400 audit(0.0:1583002): avc:  denied  { ioctl } for  path="/proc/fas/render" dev="proc" ino=4026533325 ioctlcmd=0x6609 scontext=u:r:untrusted_app:s0:c151,c258,c512,c768 tcontext=u:object_r:proc_fas:s0 tclass=file permissive=0 app=com.emergent.salahalarm.lxw9zs
07-07 23:06:00.242 25011 25011 W fb4a.AppComponentFactory: Instantiating Service
07-07 23:06:00.244 29256 29256 W binder:29256_1: type=1400 audit(0.0:1583003): avc:  denied  { ioctl } for  path="/proc/fas/render" dev="proc" ino=4026533325 ioctlcmd=0x6609 scontext=u:r:untrusted_app:s0:c151,c258,c512,c768 tcontext=u:object_r:proc_fas:s0 tclass=file permissive=0 app=com.emergent.salahalarm.lxw9zs
07-07 23:06:00.260 29256 29256 W binder:29256_1: type=1400 audit(0.0:1583004): avc:  denied  { ioctl } for  path="/proc/fas/render" dev="proc" ino=4026533325 ioctlcmd=0x6609 scontext=u:r:untrusted_app:s0:c151,c258,c512,c768 tcontext=u:object_r:proc_fas:s0 tclass=file permissive=0 app=com.emergent.salahalarm.lxw9zs
07-07 23:06:00.280 29256 29256 W binder:29256_1: type=1400 audit(0.0:1583005): avc:  denied  { ioctl } for  path="/proc/fas/render" dev="proc" ino=4026533325 ioctlcmd=0x6609 scontext=u:r:untrusted_app:s0:c151,c258,c512,c768 tcontext=u:object_r:proc_fas:s0 tclass=file permissive=0 app=com.emergent.salahalarm.lxw9zs
07-07 23:06:00.302 25011 31212 E fb4a.OpenMessagingPushPathLogger: Flow is inactive when adding debug checkpoint for instance key 193138071
07-07 23:06:00.317 25011 31212 E fb4a.OpenMessagingPushPathLogger: Flow is inactive when adding debug checkpoint for instance key 193138071
07-07 23:06:00.328 25011 31212 E fb4a.OpenMessagingPushPathLogger: Flow is inactive when adding debug checkpoint for instance key 193138071
07-07 23:06:00.328 25011 31212 E fb4a.OpenMessagingPushPathLogger: Flow is inactive while trying to log push property annotations for instance key 193138071
07-07 23:06:00.329 25011 31212 E fb4a.OpenMessagingPushPathLogger: Flow is inactive while trying to log for message id: null, instance key: 193138071, mi trace id: 4498233143574688600
07-07 23:06:00.575 29256 29256 D NotifeeHeadlessJS: taskId: 1
07-07 23:06:00.746 25011 25245 W fb4a.BloksPrivacySelectorFetchQpl: markerPoint is called unexpectedly with render location: BPS_VIDEO_PRODUCTION_UNIFICATION
07-07 23:06:00.746 25011 25245 W fb4a.BloksPrivacySelectorFetchQpl: success is called unexpectedly with render location: BPS_VIDEO_PRODUCTION_UNIFICATION
07-07 23:06:00.768 25011 25245 W fb4a.BloksPrivacySelectorFetchQpl: markerPoint is called unexpectedly with render location: BPS_COMPOSER
07-07 23:06:00.768 25011 25245 W fb4a.BloksPrivacySelectorFetchQpl: success is called unexpectedly with render location: BPS_COMPOSER
07-07 23:06:00.786 25011 25022 I facebook.katana: Background young concurrent copying GC freed 11MB AllocSpace bytes, 18(560KB) LOS objects, 26% free, 24MB/33MB, paused 144us,323us total 178.763ms
07-07 23:06:00.812 25011 25245 W fb4a.BloksPrivacySelectorFetchQpl: markerPoint is called unexpectedly with render location: BPS_COMPOSER
07-07 23:06:00.813 25011 25245 W fb4a.BloksPrivacySelectorFetchQpl: success is called unexpectedly with render location: BPS_COMPOSER
07-07 23:06:01.228 29256 29256 W binder:29256_5: type=1400 audit(0.0:1583066): avc:  denied  { ioctl } for  path="/proc/fas/render" dev="proc" ino=4026533325 ioctlcmd=0x6609 scontext=u:r:untrusted_app:s0:c151,c258,c512,c768 tcontext=u:object_r:proc_fas:s0 tclass=file permissive=0 app=com.emergent.salahalarm.lxw9zs
07-07 23:06:01.244 29256 29256 W binder:29256_5: type=1400 audit(0.0:1583067): avc:  denied  { ioctl } for  path="/proc/fas/render" dev="proc" ino=4026533325 ioctlcmd=0x6609 scontext=u:r:untrusted_app:s0:c151,c258,c512,c768 tcontext=u:object_r:proc_fas:s0 tclass=file permissive=0 app=com.emergent.salahalarm.lxw9zs
07-07 23:06:01.260 29256 29256 W binder:29256_5: type=1400 audit(0.0:1583068): avc:  denied  { ioctl } for  path="/proc/fas/render" dev="proc" ino=4026533325 ioctlcmd=0x6609 scontext=u:r:untrusted_app:s0:c151,c258,c512,c768 tcontext=u:object_r:proc_fas:s0 tclass=file permissive=0 app=com.emergent.salahalarm.lxw9zs
07-07 23:06:01.292 29256 29256 W binder:29256_5: type=1400 audit(0.0:1583069): avc:  denied  { ioctl } for  path="/proc/fas/render" dev="proc" ino=4026533325 ioctlcmd=0x6609 scontext=u:r:untrusted_app:s0:c151,c258,c512,c768 tcontext=u:object_r:proc_fas:s0 tclass=file permissive=0 app=com.emergent.salahalarm.lxw9zs
07-07 23:06:01.312 29256 29256 W binder:29256_5: type=1400 audit(0.0:1583070): avc:  denied  { ioctl } for  path="/proc/fas/render" dev="proc" ino=4026533325 ioctlcmd=0x6609 scontext=u:r:untrusted_app:s0:c151,c258,c512,c768 tcontext=u:object_r:proc_fas:s0 tclass=file permissive=0 app=com.emergent.salahalarm.lxw9zs
07-07 23:06:01.336 25011 31250 E fb4a.ColdstartExperimentsController: unable to set dex config
07-07 23:06:01.336 25011 31250 E fb4a.ColdstartExperimentsController: java.lang.IllegalStateException: Main DexStore is null
07-07 23:06:01.336 25011 31250 E fb4a.ColdstartExperimentsController: 	at com.facebook.common.dextricksdi.ColdstartExperimentsController.A00(:213)
07-07 23:06:01.336 25011 31250 E fb4a.ColdstartExperimentsController: 	at com.facebook.common.dextricksdi.ColdstartExperimentsController.A01(:64)
07-07 23:06:01.336 25011 31250 E fb4a.ColdstartExperimentsController: 	at com.facebook.common.dextricksdi.ColdstartExperimentsController.D4w(:17)
07-07 23:06:01.336 25011 31250 E fb4a.ColdstartExperimentsController: 	at X.Bjf.run(:99)
07-07 23:06:01.336 25011 31250 E fb4a.ColdstartExperimentsController: 	at X.QZK.A00(:28)
07-07 23:06:01.336 25011 31250 E fb4a.ColdstartExperimentsController: 	at X.1SX.call(:48)
07-07 23:06:01.336 25011 31250 E fb4a.ColdstartExperimentsController: 	at java.util.concurrent.FutureTask.run(FutureTask.java:328)
07-07 23:06:01.336 25011 31250 E fb4a.ColdstartExperimentsController: 	at X.1SO.run(:2)
07-07 23:06:01.336 25011 31250 E fb4a.ColdstartExperimentsController: 	at X.1Db.run(:2)
07-07 23:06:01.336 25011 31250 E fb4a.ColdstartExperimentsController: 	at java.util.concurrent.ThreadPoolExecutor.runWorker(ThreadPoolExecutor.java:1100)
07-07 23:06:01.336 25011 31250 E fb4a.ColdstartExperimentsController: 	at java.util.concurrent.ThreadPoolExecutor$Worker.run(ThreadPoolExecutor.java:624)
07-07 23:06:01.336 25011 31250 E fb4a.ColdstartExperimentsController: 	at X.1Dm.run(:3)
07-07 23:06:01.336 25011 31250 E fb4a.ColdstartExperimentsController: 	at X.1Dr.run(:17)
07-07 23:06:01.336 25011 31250 E fb4a.ColdstartExperimentsController: 	at java.lang.Thread.run(Thread.java:1572)
07-07 23:06:01.603  9325  9325 D CellBroadcastReceiver: onReceive Intent { act=android.intent.action.SERVICE_STATE flg=0x1000010 xflg=0x4 cmp=com.google.android.cellbroadcastreceiver/com.android.cellbroadcastreceiver.CellBroadcastReceiver (has extras) }
07-07 23:06:01.604  9325  9325 D CellBroadcastReceiver: onServiceStateChanged, ss: 0
07-07 23:06:01.604  9325  9325 D CellBroadcastReceiver: networkOperator: 23420
07-07 23:06:01.604  9325  9325 D CellBroadcastReceiver: mockmodem is running? = false
07-07 23:06:01.604  9325  9325 D CellBroadcastReceiver: update supported roaming operator as 
07-07 23:06:01.812  9325  9325 D CellBroadcastReceiver: onReceive Intent { act=android.intent.action.SERVICE_STATE flg=0x1000010 xflg=0x4 cmp=com.google.android.cellbroadcastreceiver/com.android.cellbroadcastreceiver.CellBroadcastReceiver (has extras) }
07-07 23:06:01.812  9325  9325 D CellBroadcastReceiver: onServiceStateChanged, ss: 0
07-07 23:06:01.812  9325  9325 D CellBroadcastReceiver: networkOperator: 23420
07-07 23:06:01.812  9325  9325 D CellBroadcastReceiver: mockmodem is running? = false
07-07 23:06:01.813  9325  9325 D CellBroadcastReceiver: update supported roaming operator as 
07-07 23:06:01.897  9325  9325 D CellBroadcastReceiver: onReceive Intent { act=android.intent.action.SERVICE_STATE flg=0x1000010 xflg=0x4 cmp=com.google.android.cellbroadcastreceiver/com.android.cellbroadcastreceiver.CellBroadcastReceiver (has extras) }
07-07 23:06:01.898  9325  9325 D CellBroadcastReceiver: onServiceStateChanged, ss: 0
07-07 23:06:01.898  9325  9325 D CellBroadcastReceiver: networkOperator: 23420
07-07 23:06:01.898  9325  9325 D CellBroadcastReceiver: mockmodem is running? = false
07-07 23:06:01.898  9325  9325 D CellBroadcastReceiver: update supported roaming operator as 
07-07 23:06:01.941 25011 31212 E fb4a.OpenMessagingPushPathLogger: Flow is inactive when adding debug checkpoint for instance key 193138071
07-07 23:06:02.099 25011 29847 W JobInfo : Job 'com.facebook.katana/com.facebook.analytics2.logger.legacy.uploader.LollipopUploadService#2131366293' has a deadline with functional constraints and an extremely short time window of 0 ms (delay=10800000, deadline=10800000). The functional constraints are not likely to be satisfied when the job runs.
07-07 23:06:02.244 29256 29256 W binder:29256_1: type=1400 audit(0.0:1583128): avc:  denied  { ioctl } for  path="/proc/fas/render" dev="proc" ino=4026533325 ioctlcmd=0x6609 scontext=u:r:untrusted_app:s0:c151,c258,c512,c768 tcontext=u:object_r:proc_fas:s0 tclass=file permissive=0 app=com.emergent.salahalarm.lxw9zs
07-07 23:06:02.260 29256 29256 W binder:29256_1: type=1400 audit(0.0:1583129): avc:  denied  { ioctl } for  path="/proc/fas/render" dev="proc" ino=4026533325 ioctlcmd=0x6609 scontext=u:r:untrusted_app:s0:c151,c258,c512,c768 tcontext=u:object_r:proc_fas:s0 tclass=file permissive=0 app=com.emergent.salahalarm.lxw9zs
07-07 23:06:02.276 29256 29256 W binder:29256_5: type=1400 audit(0.0:1583130): avc:  denied  { ioctl } for  path="/proc/fas/render" dev="proc" ino=4026533325 ioctlcmd=0x6609 scontext=u:r:untrusted_app:s0:c151,c258,c512,c768 tcontext=u:object_r:proc_fas:s0 tclass=file permissive=0 app=com.emergent.salahalarm.lxw9zs
07-07 23:06:02.292 29256 29256 W binder:29256_5: type=1400 audit(0.0:1583131): avc:  denied  { ioctl } for  path="/proc/fas/render" dev="proc" ino=4026533325 ioctlcmd=0x6609 scontext=u:r:untrusted_app:s0:c151,c258,c512,c768 tcontext=u:object_r:proc_fas:s0 tclass=file permissive=0 app=com.emergent.salahalarm.lxw9zs
07-07 23:06:02.308 29256 29256 W binder:29256_5: type=1400 audit(0.0:1583132): avc:  denied  { ioctl } for  path="/proc/fas/render" dev="proc" ino=4026533325 ioctlcmd=0x6609 scontext=u:r:untrusted_app:s0:c151,c258,c512,c768 tcontext=u:object_r:proc_fas:s0 tclass=file permissive=0 app=com.emergent.salahalarm.lxw9zs
07-07 23:06:02.953  7529  4820 I eokz    : (REDACTED) HDM. appOpsListener %s %s
07-07 23:06:02.953  7529  4820 I eokz    : (REDACTED) HDM. Ignoring irrelevant audio permission changes for package %s
07-07 23:06:03.256 29256 29256 W binder:29256_1: type=1400 audit(0.0:1583191): avc:  denied  { ioctl } for  path="/proc/fas/render" dev="proc" ino=4026533325 ioctlcmd=0x6609 scontext=u:r:untrusted_app:s0:c151,c258,c512,c768 tcontext=u:object_r:proc_fas:s0 tclass=file permissive=0 app=com.emergent.salahalarm.lxw9zs
07-07 23:06:03.272 29256 29256 W binder:29256_1: type=1400 audit(0.0:1583193): avc:  denied  { ioctl } for  path="/proc/fas/render" dev="proc" ino=4026533325 ioctlcmd=0x6609 scontext=u:r:untrusted_app:s0:c151,c258,c512,c768 tcontext=u:object_r:proc_fas:s0 tclass=file permissive=0 app=com.emergent.salahalarm.lxw9zs
07-07 23:06:03.292 29256 29256 W binder:29256_1: type=1400 audit(0.0:1583194): avc:  denied  { ioctl } for  path="/proc/fas/render" dev="proc" ino=4026533325 ioctlcmd=0x6609 scontext=u:r:untrusted_app:s0:c151,c258,c512,c768 tcontext=u:object_r:proc_fas:s0 tclass=file permissive=0 app=com.emergent.salahalarm.lxw9zs
07-07 23:06:03.308 29256 29256 W binder:29256_1: type=1400 audit(0.0:1583195): avc:  denied  { ioctl } for  path="/proc/fas/render" dev="proc" ino=4026533325 ioctlcmd=0x6609 scontext=u:r:untrusted_app:s0:c151,c258,c512,c768 tcontext=u:object_r:proc_fas:s0 tclass=file permissive=0 app=com.emergent.salahalarm.lxw9zs
07-07 23:06:03.847  6310  6310 D BoundBrokerSvc: onUnbind: Intent { act=com.google.android.gms.findmydevice.spot.service.locationreport.START dat=chimera-action:/... xflg=0x4 cmp=com.google.android.gms/.chimera.PersistentApiService }
07-07 23:06:04.185  9325  9325 D CellBroadcastReceiver: onReceive Intent { act=android.intent.action.SERVICE_STATE flg=0x1000010 xflg=0x4 cmp=com.google.android.cellbroadcastreceiver/com.android.cellbroadcastreceiver.CellBroadcastReceiver (has extras) }
07-07 23:06:04.188  9325  9325 D CellBroadcastReceiver: onServiceStateChanged, ss: 0
07-07 23:06:04.188  9325  9325 D CellBroadcastReceiver: networkOperator: 23420
07-07 23:06:04.189  9325  9325 D CellBroadcastReceiver: mockmodem is running? = false
07-07 23:06:04.189  9325  9325 D CellBroadcastReceiver: update supported roaming operator as 
07-07 23:06:04.272 29256 29256 W binder:29256_1: type=1400 audit(0.0:1583256): avc:  denied  { ioctl } for  path="/proc/fas/render" dev="proc" ino=4026533325 ioctlcmd=0x6609 scontext=u:r:untrusted_app:s0:c151,c258,c512,c768 tcontext=u:object_r:proc_fas:s0 tclass=file permissive=0 app=com.emergent.salahalarm.lxw9zs
07-07 23:06:04.288 29256 29256 W binder:29256_1: type=1400 audit(0.0:1583257): avc:  denied  { ioctl } for  path="/proc/fas/render" dev="proc" ino=4026533325 ioctlcmd=0x6609 scontext=u:r:untrusted_app:s0:c151,c258,c512,c768 tcontext=u:object_r:proc_fas:s0 tclass=file permissive=0 app=com.emergent.salahalarm.lxw9zs
07-07 23:06:04.304 29256 29256 W binder:29256_1: type=1400 audit(0.0:1583258): avc:  denied  { ioctl } for  path="/proc/fas/render" dev="proc" ino=4026533325 ioctlcmd=0x6609 scontext=u:r:untrusted_app:s0:c151,c258,c512,c768 tcontext=u:object_r:proc_fas:s0 tclass=file permissive=0 app=com.emergent.salahalarm.lxw9zs
07-07 23:06:04.324 29256 29256 W binder:29256_1: type=1400 audit(0.0:1583259): avc:  denied  { ioctl } for  path="/proc/fas/render" dev="proc" ino=4026533325 ioctlcmd=0x6609 scontext=u:r:untrusted_app:s0:c151,c258,c512,c768 tcontext=u:object_r:proc_fas:s0 tclass=file permissive=0 app=com.emergent.salahalarm.lxw9zs
07-07 23:06:04.340 29256 29256 W binder:29256_1: type=1400 audit(0.0:1583260): avc:  denied  { ioctl } for  path="/proc/fas/render" dev="proc" ino=4026533325 ioctlcmd=0x6609 scontext=u:r:untrusted_app:s0:c151,c258,c512,c768 tcontext=u:object_r:proc_fas:s0 tclass=file permissive=0 app=com.emergent.salahalarm.lxw9zs
07-07 23:06:05.284 29256 29256 W binder:29256_1: type=1400 audit(0.0:1583319): avc:  denied  { ioctl } for  path="/proc/fas/render" dev="proc" ino=4026533325 ioctlcmd=0x6609 scontext=u:r:untrusted_app:s0:c151,c258,c512,c768 tcontext=u:object_r:proc_fas:s0 tclass=file permissive=0 app=com.emergent.salahalarm.lxw9zs
07-07 23:06:05.300 29256 29256 W binder:29256_1: type=1400 audit(0.0:1583320): avc:  denied  { ioctl } for  path="/proc/fas/render" dev="proc" ino=4026533325 ioctlcmd=0x6609 scontext=u:r:untrusted_app:s0:c151,c258,c512,c768 tcontext=u:object_r:proc_fas:s0 tclass=file permissive=0 app=com.emergent.salahalarm.lxw9zs
07-07 23:06:05.320 29256 29256 W binder:29256_1: type=1400 audit(0.0:1583321): avc:  denied  { ioctl } for  path="/proc/fas/render" dev="proc" ino=4026533325 ioctlcmd=0x6609 scontext=u:r:untrusted_app:s0:c151,c258,c512,c768 tcontext=u:object_r:proc_fas:s0 tclass=file permissive=0 app=com.emergent.salahalarm.lxw9zs
07-07 23:06:05.336 29256 29256 W binder:29256_1: type=1400 audit(0.0:1583322): avc:  denied  { ioctl } for  path="/proc/fas/render" dev="proc" ino=4026533325 ioctlcmd=0x6609 scontext=u:r:untrusted_app:s0:c151,c258,c512,c768 tcontext=u:object_r:proc_fas:s0 tclass=file permissive=0 app=com.emergent.salahalarm.lxw9zs
07-07 23:06:05.352 29256 29256 W binder:29256_1: type=1400 audit(0.0:1583323): avc:  denied  { ioctl } for  path="/proc/fas/render" dev="proc" ino=4026533325 ioctlcmd=0x6609 scontext=u:r:untrusted_app:s0:c151,c258,c512,c768 tcontext=u:object_r:proc_fas:s0 tclass=file permissive=0 app=com.emergent.salahalarm.lxw9zs
07-07 23:06:06.112  9325  9325 D CellBroadcastReceiver: onReceive Intent { act=android.intent.action.SERVICE_STATE flg=0x1000010 xflg=0x4 cmp=com.google.android.cellbroadcastreceiver/com.android.cellbroadcastreceiver.CellBroadcastReceiver (has extras) }
07-07 23:06:06.113  9325  9325 D CellBroadcastReceiver: onServiceStateChanged, ss: 0
07-07 23:06:06.113  9325  9325 D CellBroadcastReceiver: networkOperator: 23420
07-07 23:06:06.113  9325  9325 D CellBroadcastReceiver: mockmodem is running? = false
07-07 23:06:06.113  9325  9325 D CellBroadcastReceiver: update supported roaming operator as 
07-07 23:06:06.300 29256 29256 W binder:29256_5: type=1400 audit(0.0:1583382): avc:  denied  { ioctl } for  path="/proc/fas/render" dev="proc" ino=4026533325 ioctlcmd=0x6609 scontext=u:r:untrusted_app:s0:c151,c258,c512,c768 tcontext=u:object_r:proc_fas:s0 tclass=file permissive=0 app=com.emergent.salahalarm.lxw9zs
07-07 23:06:06.316 29256 29256 W binder:29256_1: type=1400 audit(0.0:1583383): avc:  denied  { ioctl } for  path="/proc/fas/render" dev="proc" ino=4026533325 ioctlcmd=0x6609 scontext=u:r:untrusted_app:s0:c151,c258,c512,c768 tcontext=u:object_r:proc_fas:s0 tclass=file permissive=0 app=com.emergent.salahalarm.lxw9zs
07-07 23:06:06.336 29256 29256 W binder:29256_1: type=1400 audit(0.0:1583385): avc:  denied  { ioctl } for  path="/proc/fas/render" dev="proc" ino=4026533325 ioctlcmd=0x6609 scontext=u:r:untrusted_app:s0:c151,c258,c512,c768 tcontext=u:object_r:proc_fas:s0 tclass=file permissive=0 app=com.emergent.salahalarm.lxw9zs
07-07 23:06:06.352 29256 29256 W binder:29256_1: type=1400 audit(0.0:1583386): avc:  denied  { ioctl } for  path="/proc/fas/render" dev="proc" ino=4026533325 ioctlcmd=0x6609 scontext=u:r:untrusted_app:s0:c151,c258,c512,c768 tcontext=u:object_r:proc_fas:s0 tclass=file permissive=0 app=com.emergent.salahalarm.lxw9zs
07-07 23:06:07.312 29256 29256 W binder:29256_5: type=1400 audit(0.0:1583449): avc:  denied  { ioctl } for  path="/proc/fas/render" dev="proc" ino=4026533325 ioctlcmd=0x6609 scontext=u:r:untrusted_app:s0:c151,c258,c512,c768 tcontext=u:object_r:proc_fas:s0 tclass=file permissive=0 app=com.emergent.salahalarm.lxw9zs
07-07 23:06:07.324 29256 29256 W binder:29256_5: type=1400 audit(0.0:1583450): avc:  denied  { ioctl } for  path="/proc/fas/render" dev="proc" ino=4026533325 ioctlcmd=0x6609 scontext=u:r:untrusted_app:s0:c151,c258,c512,c768 tcontext=u:object_r:proc_fas:s0 tclass=file permissive=0 app=com.emergent.salahalarm.lxw9zs
07-07 23:06:07.336 29256 29256 W binder:29256_5: type=1400 audit(0.0:1583451): avc:  denied  { ioctl } for  path="/proc/fas/render" dev="proc" ino=4026533325 ioctlcmd=0x6609 scontext=u:r:untrusted_app:s0:c151,c258,c512,c768 tcontext=u:object_r:proc_fas:s0 tclass=file permissive=0 app=com.emergent.salahalarm.lxw9zs
07-07 23:06:07.348 29256 29256 W binder:29256_5: type=1400 audit(0.0:1583452): avc:  denied  { ioctl } for  path="/proc/fas/render" dev="proc" ino=4026533325 ioctlcmd=0x6609 scontext=u:r:untrusted_app:s0:c151,c258,c512,c768 tcontext=u:object_r:proc_fas:s0 tclass=file permissive=0 app=com.emergent.salahalarm.lxw9zs
07-07 23:06:07.374 29256 29256 W HWUI    : Image decoding logging dropped!
07-07 23:06:07.375 29256 29256 W HWUI    : Image decoding logging dropped!
07-07 23:06:07.376 29256 29256 W HWUI    : Image decoding logging dropped!
07-07 23:06:08.353 29256 29256 W HWUI    : Image decoding logging dropped!
07-07 23:06:08.354 29256 29256 W HWUI    : Image decoding logging dropped!
07-07 23:06:08.354 29256 29256 W HWUI    : Image decoding logging dropped!
07-07 23:06:08.416 29256 29256 W binder:29256_1: type=1400 audit(0.0:1583476): avc:  denied  { ioctl } for  path="/proc/fas/render" dev="proc" ino=4026533325 ioctlcmd=0x6609 scontext=u:r:untrusted_app:s0:c151,c258,c512,c768 tcontext=u:object_r:proc_fas:s0 tclass=file permissive=0 app=com.emergent.salahalarm.lxw9zs
07-07 23:06:08.424 29256 29256 W binder:29256_1: type=1400 audit(0.0:1583477): avc:  denied  { ioctl } for  path="/proc/fas/render" dev="proc" ino=4026533325 ioctlcmd=0x6609 scontext=u:r:untrusted_app:s0:c151,c258,c512,c768 tcontext=u:object_r:proc_fas:s0 tclass=file permissive=0 app=com.emergent.salahalarm.lxw9zs
07-07 23:06:08.436 29256 29256 W binder:29256_1: type=1400 audit(0.0:1583478): avc:  denied  { ioctl } for  path="/proc/fas/render" dev="proc" ino=4026533325 ioctlcmd=0x6609 scontext=u:r:untrusted_app:s0:c151,c258,c512,c768 tcontext=u:object_r:proc_fas:s0 tclass=file permissive=0 app=com.emergent.salahalarm.lxw9zs
07-07 23:06:08.448 29256 29256 W binder:29256_1: type=1400 audit(0.0:1583479): avc:  denied  { ioctl } for  path="/proc/fas/render" dev="proc" ino=4026533325 ioctlcmd=0x6609 scontext=u:r:untrusted_app:s0:c151,c258,c512,c768 tcontext=u:object_r:proc_fas:s0 tclass=file permissive=0 app=com.emergent.salahalarm.lxw9zs
07-07 23:06:08.745 28667  8602 I Delight5: JniUtil.loadLibrary():30 loadLibrary(): nativeLibraryLoaded=true
07-07 23:06:08.745 28667  8602 I AndroidSpellCheckerService: AndroidSpellCheckerService.createSession():138 com.google.android.keyboard.client.delight5.LanguageIdentifier@15992dc is created
07-07 23:06:08.747 28667  8602 I Delight5: JniUtil.loadLibrary():30 loadLibrary(): nativeLibraryLoaded=true
07-07 23:06:08.747 28667  8602 I AndroidSpellCheckerService: AndroidSpellCheckerService.createSession():138 com.google.android.keyboard.client.delight5.LanguageIdentifier@b29aaba is created
07-07 23:06:08.750 28667  8602 I Delight5: JniUtil.loadLibrary():30 loadLibrary(): nativeLibraryLoaded=true
07-07 23:06:08.750 28667  8602 I AndroidSpellCheckerService: AndroidSpellCheckerService.createSession():138 com.google.android.keyboard.client.delight5.LanguageIdentifier@65b00c8 is created
07-07 23:06:08.753 28667  8602 I Delight5: JniUtil.loadLibrary():30 loadLibrary(): nativeLibraryLoaded=true
07-07 23:06:08.754 28667  8602 I AndroidSpellCheckerService: AndroidSpellCheckerService.createSession():138 com.google.android.keyboard.client.delight5.LanguageIdentifier@c37b886 is created
07-07 23:06:08.757 28667  8602 I Delight5: JniUtil.loadLibrary():30 loadLibrary(): nativeLibraryLoaded=true
07-07 23:06:08.757 28667  8602 I AndroidSpellCheckerService: AndroidSpellCheckerService.createSession():138 com.google.android.keyboard.client.delight5.LanguageIdentifier@c836174 is created
07-07 23:06:08.760 28667  8602 I Delight5: JniUtil.loadLibrary():30 loadLibrary(): nativeLibraryLoaded=true
07-07 23:06:08.760 28667  8602 I AndroidSpellCheckerService: AndroidSpellCheckerService.createSession():138 com.google.android.keyboard.client.delight5.LanguageIdentifier@1c6d712 is created
07-07 23:06:08.762 28667  8602 I Delight5: JniUtil.loadLibrary():30 loadLibrary(): nativeLibraryLoaded=true
07-07 23:06:08.762 28667  8602 I AndroidSpellCheckerService: AndroidSpellCheckerService.createSession():138 com.google.android.keyboard.client.delight5.LanguageIdentifier@92f20e0 is created
07-07 23:06:08.764 28667  8602 I Delight5: JniUtil.loadLibrary():30 loadLibrary(): nativeLibraryLoaded=true
07-07 23:06:08.764 28667  8602 I AndroidSpellCheckerService: AndroidSpellCheckerService.createSession():138 com.google.android.keyboard.client.delight5.LanguageIdentifier@fb7525e is created
07-07 23:06:08.768 28667  8602 I Delight5: JniUtil.loadLibrary():30 loadLibrary(): nativeLibraryLoaded=true
07-07 23:06:08.768 28667  8602 I AndroidSpellCheckerService: AndroidSpellCheckerService.createSession():138 com.google.android.keyboard.client.delight5.LanguageIdentifier@9156b0c is created
07-07 23:06:08.770 28667  8602 I Delight5: JniUtil.loadLibrary():30 loadLibrary(): nativeLibraryLoaded=true
07-07 23:06:08.770 28667  8602 I AndroidSpellCheckerService: AndroidSpellCheckerService.createSession():138 com.google.android.keyboard.client.delight5.LanguageIdentifier@5a2366a is created
07-07 23:06:08.772 28667  8602 I Delight5: JniUtil.loadLibrary():30 loadLibrary(): nativeLibraryLoaded=true
07-07 23:06:08.773 28667  8602 I AndroidSpellCheckerService: AndroidSpellCheckerService.createSession():138 com.google.android.keyboard.client.delight5.LanguageIdentifier@b342bf8 is created
07-07 23:06:08.873  6310  6310 D BoundBrokerSvc: onRebind: Intent { act=com.google.android.gms.findmydevice.spot.service.locationreport.START dat=chimera-action:/... xflg=0x4 cmp=com.google.android.gms/.chimera.PersistentApiService }
07-07 23:06:09.094  6310 31051 I Auth    : [GaiaIdSync] successfully updated accountId and email [CONTEXT service_id=153 ]
07-07 23:06:09.116  6310  6310 I NearbyDiscovery: (REDACTED) DiscoveryService onStartCommand action: %s
07-07 23:06:09.118  6310  9003 I NearbyDiscovery: FastPairApiHandler: trigger firmware update check [CONTEXT service_id=265 ]
07-07 23:06:09.120  6310 29414 I NearbyDiscovery: (REDACTED) FastPairApiHandler: Send result, package=(%s), requestType=(%s), status=(%s)
07-07 23:06:10.174  6310  6310 D BoundBrokerSvc: onRebind: Intent { act=com.google.android.gms.libs.gmscorelogger.service.START dat=chimera-action:/... xflg=0x4 cmp=com.google.android.gms/.chimera.PersistentDirectBootAwareApiService }
07-07 23:06:10.371 29256 29256 W HWUI    : Image decoding logging dropped!
07-07 23:06:10.371 29256 29256 W HWUI    : Image decoding logging dropped!
07-07 23:06:10.372 29256 29256 W HWUI    : Image decoding logging dropped!
07-07 23:06:10.385  9325  9325 D CellBroadcastReceiver: onReceive Intent { act=android.intent.action.SERVICE_STATE flg=0x1000010 xflg=0x4 cmp=com.google.android.cellbroadcastreceiver/com.android.cellbroadcastreceiver.CellBroadcastReceiver (has extras) }
07-07 23:06:10.386  9325  9325 D CellBroadcastReceiver: onServiceStateChanged, ss: 0
07-07 23:06:10.387  9325  9325 D CellBroadcastReceiver: networkOperator: 23420
07-07 23:06:10.387  9325  9325 D CellBroadcastReceiver: mockmodem is running? = false
07-07 23:06:10.387  9325  9325 D CellBroadcastReceiver: update supported roaming operator as 
07-07 23:06:10.551 29256 29256 I AutofillManager: showAutofillDialog() return false due to improve fill dialog
07-07 23:06:10.552 29256 29256 I ImeTracker: com.emergent.salahalarm.lxw9zs:b8f2aba6: onRequestShow at ORIGIN_CLIENT reason SHOW_SOFT_INPUT fromUser true
07-07 23:06:10.553 29256 29256 D InsetsController: Setting requestedVisibleTypes to -5121 (was -5129)
07-07 23:06:10.553 28667 28667 V InputMethod: startInput(): editor=android.view.inputmethod.EditorInfo@46c78d1
07-07 23:06:10.553 28667 28667 V InputMethodService: CALL: doFinishInput
07-07 23:06:10.553 28667 28667 D InlineSuggestionSessionController: notifyOnFinishInput
07-07 23:06:10.553 28667 28667 V InputMethodService: CALL: onFinishInput
07-07 23:06:10.553 28667 28667 I GoogleInputMethodService: GoogleInputMethodService.onFinishInput():2276 
07-07 23:06:10.554 28667 28667 I Module  : DeviceLockedStatusModuleProvider$Module.updateDeviceLockedStatusInternal():129 repeatCheckTimes = 0, locked = true
07-07 23:06:10.554 28667 28667 V InputMethodService: finishStylusHandwriting()
07-07 23:06:10.554 28667 28667 D InlineSuggestionSessionController: notifyOnStartInput: com.emergent.salahalarm.lxw9zs, 1073741834
07-07 23:06:10.555 28667 28667 V InputMethodService: CALL: onStartInput
07-07 23:06:10.555 28667 28667 I GoogleInputMethodService: GoogleInputMethodService.onStartInput():1460 onStartInput(EditorInfo{EditorInfo{packageName=com.emergent.salahalarm.lxw9zs, inputType=4001, inputTypeString=Normal[CapSentences], enableLearning=true, autoCorrection=true, autoComplete=true, imeOptions=4000006, privateImeOptions=null, actionName=DONE, actionLabel=null, initialSelStart=5, initialSelEnd=5, initialCapsMode=0, label=null, fieldId=840, fieldName=null, extras=Bundle[mParcelledData.dataSize=404], hintText=non-empty, hintLocales=[]}}, false)
07-07 23:06:10.555 28667 28667 I LatinIMEBase: LatinIMEBase.updateInputViewCoverNavigation():317 Update input view padding, isNavbarOverInputWindow=true, bottom inset=126
07-07 23:06:10.558 28667 28667 I Module  : DeviceLockedStatusModuleProvider$Module.updateDeviceLockedStatusInternal():129 repeatCheckTimes = 1, locked = true
07-07 23:06:10.558 28667 28667 I Module  : DeviceLockedStatusModuleProvider$Module.updateDeviceLockedStatusInternal():136 Scheduled to recheck device lock status
07-07 23:06:10.559 28667 28667 I StylusModule: StylusModule.onUpdateToolType():774 Update tool type = 1
07-07 23:06:10.559  7529  4820 I eokz    : (REDACTED) HDM. appOpsListener %s %s
07-07 23:06:10.559  7529  4820 I eokz    : (REDACTED) HDM. Ignoring irrelevant audio permission changes for package %s
07-07 23:06:10.567 28667 28667 V InputMethod: showSoftInput()
07-07 23:06:10.567 28667 28667 D InlineSuggestionSessionController: notifyShowInputRequested
07-07 23:06:10.568 28667 28667 V InputMethodService: Showing window: showInput=true mShowInputRequested=false mViewsCreated=true mDecorViewVisible=false mWindowVisible=false mInputStarted=true mShowInputFlags=1
07-07 23:06:10.568 28667 28667 V InputMethodService: showWindow: updating UI
07-07 23:06:10.569 28667 28667 V InputMethodService: CALL: onStartInputView
07-07 23:06:10.569 28667 28667 D InlineSuggestionSessionController: notifyOnStartInputView
07-07 23:06:10.569 28667 28667 I GoogleInputMethodService: GoogleInputMethodService.onStartInputView():1546 onStartInputView(EditorInfo{EditorInfo{packageName=com.emergent.salahalarm.lxw9zs, inputType=4001, inputTypeString=Normal[CapSentences], enableLearning=true, autoCorrection=true, autoComplete=true, imeOptions=4000006, privateImeOptions=null, actionName=DONE, actionLabel=null, initialSelStart=5, initialSelEnd=5, initialCapsMode=0, label=null, fieldId=840, fieldName=null, extras=Bundle[{android.support.text.emoji.emojiCompat_metadataVersion=12, androidx.core.view.inputmethod.EditorInfoCompat.STYLUS_HANDWRITING_ENABLED=true, android.support.text.emoji.emojiCompat_replaceAll=false}], hintText=non-empty, hintLocales=[]}}, false)
07-07 23:06:10.569 28667 28667 I KeyboardHeightUtil: KeyboardHeightUtil.getOemKeyboardHeightRatio():81 systemKeyboardHeightRatio:1.000000.
07-07 23:06:10.569 28667 28667 I InputBundleManager: InputBundleManager.startInput():356 startInput2 restarting=false
07-07 23:06:10.569 28667 28667 I InputBundleManager: InputBundleManager.loadActiveInputBundleId():552 loadActiveInputBundleId: en-GB, ime_english_great_britain
07-07 23:06:10.569 28667 28698 I CrossProfileSharedPreferences: CrossProfileSharedPreferences.maybeRunSyncTaskAfterFullSyncComplete():218 Full sync is not complete when incremental sync is called, trigger full sync
07-07 23:06:10.569 28667 28667 I InputBundle: InputBundle.activateIme():598 activateIme: INACTIVE, keyboardType=prime
07-07 23:06:10.569 28667 28667 I AbstractIme: AbstractIme.onActivate():94 LatinIme.onActivate() : EditorInfo = EditorInfo{packageName=com.emergent.salahalarm.lxw9zs, inputType=4001, inputTypeString=Normal[CapSentences], enableLearning=true, autoCorrection=true, autoComplete=true, imeOptions=4000006, privateImeOptions=null, actionName=DONE, actionLabel=null, initialSelStart=5, initialSelEnd=5, initialCapsMode=0, label=null, fieldId=840, fieldName=null, extras=Bundle[{android.support.text.emoji.emojiCompat_metadataVersion=12, androidx.core.view.inputmethod.EditorInfoCompat.STYLUS_HANDWRITING_ENABLED=true, android.support.text.emoji.emojiCompat_replaceAll=false}], hintText=non-empty, hintLocales=[]}, IncognitoMode = false, DeviceLocked = true
07-07 23:06:10.570 28667 28667 I InputBundle: InputBundle.consumeEvent():1052 Skip consuming an event as keyboard status is INACTIVE
07-07 23:06:10.570 28667 28667 I Delight5Facilitator: Delight5Facilitator.initializeForIme():745 initializeForIme() : Locale = [en_GB], layout = qwerty
07-07 23:06:10.571 28667 22939 I CrossProfileSharedPreferences: CrossProfileSharedPreferences.syncAllAllowedPreferencesInternal():276 Cannot make cross profile calls to full sync preferences
07-07 23:06:10.571 28667 28698 W ModuleManager: ModuleManager.loadModule():634 Module qtw is not available
07-07 23:06:10.572 28667 28667 I LatinIme: LatinIme.updateEnableInlineSuggestionsOnDecoderSideFlags():1278 inline flag updated to:false
07-07 23:06:10.572 28667 28667 I LatinIme: LatinIme.updateEnableInlineSuggestionsOnDecoderSideFlags():1278 inline flag updated to:false
07-07 23:06:10.575 29256 29256 I ImeTracker: com.emergent.salahalarm.lxw9zs:8340d50a: onRequestShow at ORIGIN_CLIENT reason SHOW_SOFT_INPUT fromUser false
07-07 23:06:10.576 29256 29256 I ImeTracker: com.emergent.salahalarm.lxw9zs:8340d50a: onCancelled at PHASE_CLIENT_REPORT_REQUESTED_VISIBLE_TYPES
07-07 23:06:10.576 29256 29256 W binder:29256_5: type=1400 audit(0.0:1583497): avc:  denied  { ioctl } for  path="/proc/fas/render" dev="proc" ino=4026533325 ioctlcmd=0x6609 scontext=u:r:untrusted_app:s0:c151,c258,c512,c768 tcontext=u:object_r:proc_fas:s0 tclass=file permissive=0 app=com.emergent.salahalarm.lxw9zs
07-07 23:06:10.585 29256 29256 D ViewRootImpl: AppSizeAfterRelayout, size: Point(90, 90), rotation: ROTATION_0
07-07 23:06:10.585 29256 29256 D BufferQueueConsumer: [](id:724800000007,api:0,p:-1,c:29256) connect: controlledByApp=false
07-07 23:06:10.585 29256 29256 D BLASTBufferQueue: [VRI[PopupWindow:157ab1c,type=1002]#7](f:0,a:0) constructor()
07-07 23:06:10.585 29256 29256 D BLASTBufferQueue: [VRI[PopupWindow:157ab1c,type=1002]#7](f:0,a:0) update width=90 height=90 format=-3 mTransformHint=0
07-07 23:06:10.587 29256 29282 W BLASTBufferQueue: Unable to open /proc/vivo_rsc/frame_set_priority: Permission denied
07-07 23:06:10.587 29256 29282 I BLASTBufferQueue: QoSAllocBuff Successful. Ret 0 
07-07 23:06:10.580 29256 29256 W RenderThread: type=1400 audit(0.0:1583498): avc:  denied  { read } for  name="frame_set_priority" dev="proc" ino=4026533329 scontext=u:r:untrusted_app:s0:c151,c258,c512,c768 tcontext=u:object_r:proc:s0 tclass=file permissive=0 app=com.emergent.salahalarm.lxw9zs
07-07 23:06:10.590 29256 29282 D BLASTBufferQueue: [VRI[PopupWindow:157ab1c,type=1002]#7](f:0,a:1) acquireNextBufferLocked size=90x90 mFrameNumber=1 applyTransaction=true mTimestamp=67801934663887(auto) mPendingTransactions.size=0 graphicBufferId=125653563211812 transform=0
07-07 23:06:10.608 28667 28667 I InputBundle: InputBundle.consumeEvent():1052 Skip consuming an event as keyboard status is INACTIVE
07-07 23:06:10.608 28667 28667 I LatinIme: LatinIme.resetInputContext():2288 resetInputContext(): reason=1, externalEditsInfo=ExternalEditsInfo{action=0, offset=-1, textLength=0, originalTextLength=0, hasEdits=false}
07-07 23:06:10.608 28667 28667 I InputBundle: InputBundle.consumeEvent():1052 Skip consuming an event as keyboard status is INACTIVE
07-07 23:06:10.609 28667 28667 I InputBundle: InputBundle.activateKeyboard():653 activateKeyboard: ACTIVE, type=KeyboardTypeAndPayload(keyboardType=prime, payload=null)
07-07 23:06:10.609 28667 28667 I KeyboardWrapper: KeyboardWrapper.activateKeyboard():592 activateKeyboard(): type=prime, status=INACTIVE, imeDef=ImeDef{stringId=ime_english_great_britain, language=en-GB, languageTag=en-GB, processedConditions={enable_pk_simulator=false, enable_number_row=true, device=phone, true=true, writing_helper_enable_by_word_revert=false}, className=com.google.android.apps.inputmethod.libs.latin5.LatinIme, label=0, keyEventInterpreter=null, inlineComposing=true, autoCapital=true, announceAutoSelectedCandidate=true, statusIcon=0, indicatorIcon=0, indicatorLabel=GB, displayAppCompletions=true, extraValues=otq{#0x7f0b02fc=TypedValue{t=0x3/d=0x0 "com.google.android.apps.inputmethod.libs.latin5.LatinIme"}}, processors=com.google.android.librar