--------- beginning of main
07-07 23:03:46.784 29256 29256 W binder:29256_5: type=1400 audit(0.0:1572629): avc:  denied  { ioctl } for  path="/proc/fas/render" dev="proc" ino=4026533325 ioctlcmd=0x6609 scontext=u:r:untrusted_app:s0:c151,c258,c512,c768 tcontext=u:object_r:proc_fas:s0 tclass=file permissive=0 app=com.emergent.salahalarm.lxw9zs
07-07 23:03:46.800 29256 29256 W binder:29256_5: type=1400 audit(0.0:1572630): avc:  denied  { ioctl } for  path="/proc/fas/render" dev="proc" ino=4026533325 ioctlcmd=0x6609 scontext=u:r:untrusted_app:s0:c151,c258,c512,c768 tcontext=u:object_r:proc_fas:s0 tclass=file permissive=0 app=com.emergent.salahalarm.lxw9zs
07-07 23:03:46.820 29256 29256 W binder:29256_5: type=1400 audit(0.0:1572631): avc:  denied  { ioctl } for  path="/proc/fas/render" dev="proc" ino=4026533325 ioctlcmd=0x6609 scontext=u:r:untrusted_app:s0:c151,c258,c512,c768 tcontext=u:object_r:proc_fas:s0 tclass=file permissive=0 app=com.emergent.salahalarm.lxw9zs
07-07 23:03:46.836 29256 29256 W binder:29256_5: type=1400 audit(0.0:1572632): avc:  denied  { ioctl } for  path="/proc/fas/render" dev="proc" ino=4026533325 ioctlcmd=0x6609 scontext=u:r:untrusted_app:s0:c151,c258,c512,c768 tcontext=u:object_r:proc_fas:s0 tclass=file permissive=0 app=com.emergent.salahalarm.lxw9zs
07-07 23:03:46.852 29256 29256 W binder:29256_5: type=1400 audit(0.0:1572633): avc:  denied  { ioctl } for  path="/proc/fas/render" dev="proc" ino=4026533325 ioctlcmd=0x6609 scontext=u:r:untrusted_app:s0:c151,c258,c512,c768 tcontext=u:object_r:proc_fas:s0 tclass=file permissive=0 app=com.emergent.salahalarm.lxw9zs
07-07 23:03:47.076  9325  9325 D CellBroadcastReceiver: onReceive Intent { act=android.intent.action.SERVICE_STATE flg=0x1000010 xflg=0x4 cmp=com.google.android.cellbroadcastreceiver/com.android.cellbroadcastreceiver.CellBroadcastReceiver (has extras) }
07-07 23:03:47.076  9325  9325 D CellBroadcastReceiver: onServiceStateChanged, ss: 0
07-07 23:03:47.076  9325  9325 D CellBroadcastReceiver: networkOperator: 23420
07-07 23:03:47.077  9325  9325 D CellBroadcastReceiver: mockmodem is running? = false
07-07 23:03:47.077  9325  9325 D CellBroadcastReceiver: update supported roaming operator as 
07-07 23:03:47.118  9325  9325 D CellBroadcastReceiver: onReceive Intent { act=android.intent.action.SERVICE_STATE flg=0x1000010 xflg=0x4 cmp=com.google.android.cellbroadcastreceiver/com.android.cellbroadcastreceiver.CellBroadcastReceiver (has extras) }
07-07 23:03:47.122  9325  9325 D CellBroadcastReceiver: onServiceStateChanged, ss: 0
07-07 23:03:47.122  9325  9325 D CellBroadcastReceiver: networkOperator: 23420
07-07 23:03:47.123  9325  9325 D CellBroadcastReceiver: mockmodem is running? = false
07-07 23:03:47.123  9325  9325 D CellBroadcastReceiver: update supported roaming operator as 
07-07 23:03:47.800 29256 29256 W binder:29256_5: type=1400 audit(0.0:1572694): avc:  denied  { ioctl } for  path="/proc/fas/render" dev="proc" ino=4026533325 ioctlcmd=0x6609 scontext=u:r:untrusted_app:s0:c151,c258,c512,c768 tcontext=u:object_r:proc_fas:s0 tclass=file permissive=0 app=com.emergent.salahalarm.lxw9zs
07-07 23:03:47.816 29256 29256 W binder:29256_5: type=1400 audit(0.0:1572695): avc:  denied  { ioctl } for  path="/proc/fas/render" dev="proc" ino=4026533325 ioctlcmd=0x6609 scontext=u:r:untrusted_app:s0:c151,c258,c512,c768 tcontext=u:object_r:proc_fas:s0 tclass=file permissive=0 app=com.emergent.salahalarm.lxw9zs
07-07 23:03:47.832 29256 29256 W binder:29256_5: type=1400 audit(0.0:1572696): avc:  denied  { ioctl } for  path="/proc/fas/render" dev="proc" ino=4026533325 ioctlcmd=0x6609 scontext=u:r:untrusted_app:s0:c151,c258,c512,c768 tcontext=u:object_r:proc_fas:s0 tclass=file permissive=0 app=com.emergent.salahalarm.lxw9zs
07-07 23:03:47.848 29256 29256 W binder:29256_5: type=1400 audit(0.0:1572697): avc:  denied  { ioctl } for  path="/proc/fas/render" dev="proc" ino=4026533325 ioctlcmd=0x6609 scontext=u:r:untrusted_app:s0:c151,c258,c512,c768 tcontext=u:object_r:proc_fas:s0 tclass=file permissive=0 app=com.emergent.salahalarm.lxw9zs
07-07 23:03:47.864 29256 29256 W binder:29256_5: type=1400 audit(0.0:1572698): avc:  denied  { ioctl } for  path="/proc/fas/render" dev="proc" ino=4026533325 ioctlcmd=0x6609 scontext=u:r:untrusted_app:s0:c151,c258,c512,c768 tcontext=u:object_r:proc_fas:s0 tclass=file permissive=0 app=com.emergent.salahalarm.lxw9zs
07-07 23:03:48.816 29256 29256 W binder:29256_4: type=1400 audit(0.0:1572756): avc:  denied  { ioctl } for  path="/proc/fas/render" dev="proc" ino=4026533325 ioctlcmd=0x6609 scontext=u:r:untrusted_app:s0:c151,c258,c512,c768 tcontext=u:object_r:proc_fas:s0 tclass=file permissive=0 app=com.emergent.salahalarm.lxw9zs
07-07 23:03:48.832 29256 29256 W binder:29256_4: type=1400 audit(0.0:1572757): avc:  denied  { ioctl } for  path="/proc/fas/render" dev="proc" ino=4026533325 ioctlcmd=0x6609 scontext=u:r:untrusted_app:s0:c151,c258,c512,c768 tcontext=u:object_r:proc_fas:s0 tclass=file permissive=0 app=com.emergent.salahalarm.lxw9zs
07-07 23:03:48.848 29256 29256 W binder:29256_4: type=1400 audit(0.0:1572758): avc:  denied  { ioctl } for  path="/proc/fas/render" dev="proc" ino=4026533325 ioctlcmd=0x6609 scontext=u:r:untrusted_app:s0:c151,c258,c512,c768 tcontext=u:object_r:proc_fas:s0 tclass=file permissive=0 app=com.emergent.salahalarm.lxw9zs
07-07 23:03:48.864 29256 29256 W binder:29256_4: type=1400 audit(0.0:1572759): avc:  denied  { ioctl } for  path="/proc/fas/render" dev="proc" ino=4026533325 ioctlcmd=0x6609 scontext=u:r:untrusted_app:s0:c151,c258,c512,c768 tcontext=u:object_r:proc_fas:s0 tclass=file permissive=0 app=com.emergent.salahalarm.lxw9zs
07-07 23:03:48.880 29256 29256 W binder:29256_4: type=1400 audit(0.0:1572760): avc:  denied  { ioctl } for  path="/proc/fas/render" dev="proc" ino=4026533325 ioctlcmd=0x6609 scontext=u:r:untrusted_app:s0:c151,c258,c512,c768 tcontext=u:object_r:proc_fas:s0 tclass=file permissive=0 app=com.emergent.salahalarm.lxw9zs
07-07 23:03:49.828 29256 29256 W binder:29256_4: type=1400 audit(0.0:1572818): avc:  denied  { ioctl } for  path="/proc/fas/render" dev="proc" ino=4026533325 ioctlcmd=0x6609 scontext=u:r:untrusted_app:s0:c151,c258,c512,c768 tcontext=u:object_r:proc_fas:s0 tclass=file permissive=0 app=com.emergent.salahalarm.lxw9zs
07-07 23:03:49.848 29256 29256 W binder:29256_4: type=1400 audit(0.0:1572819): avc:  denied  { ioctl } for  path="/proc/fas/render" dev="proc" ino=4026533325 ioctlcmd=0x6609 scontext=u:r:untrusted_app:s0:c151,c258,c512,c768 tcontext=u:object_r:proc_fas:s0 tclass=file permissive=0 app=com.emergent.salahalarm.lxw9zs
07-07 23:03:49.860 29256 29256 W binder:29256_4: type=1400 audit(0.0:1572820): avc:  denied  { ioctl } for  path="/proc/fas/render" dev="proc" ino=4026533325 ioctlcmd=0x6609 scontext=u:r:untrusted_app:s0:c151,c258,c512,c768 tcontext=u:object_r:proc_fas:s0 tclass=file permissive=0 app=com.emergent.salahalarm.lxw9zs
07-07 23:03:49.880 29256 29256 W binder:29256_4: type=1400 audit(0.0:1572821): avc:  denied  { ioctl } for  path="/proc/fas/render" dev="proc" ino=4026533325 ioctlcmd=0x6609 scontext=u:r:untrusted_app:s0:c151,c258,c512,c768 tcontext=u:object_r:proc_fas:s0 tclass=file permissive=0 app=com.emergent.salahalarm.lxw9zs
07-07 23:03:49.896 29256 29256 W binder:29256_4: type=1400 audit(0.0:1572822): avc:  denied  { ioctl } for  path="/proc/fas/render" dev="proc" ino=4026533325 ioctlcmd=0x6609 scontext=u:r:untrusted_app:s0:c151,c258,c512,c768 tcontext=u:object_r:proc_fas:s0 tclass=file permissive=0 app=com.emergent.salahalarm.lxw9zs
07-07 23:03:50.844 29256 29256 W binder:29256_4: type=1400 audit(0.0:1572882): avc:  denied  { ioctl } for  path="/proc/fas/render" dev="proc" ino=4026533325 ioctlcmd=0x6609 scontext=u:r:untrusted_app:s0:c151,c258,c512,c768 tcontext=u:object_r:proc_fas:s0 tclass=file permissive=0 app=com.emergent.salahalarm.lxw9zs
07-07 23:03:50.860 29256 29256 W binder:29256_4: type=1400 audit(0.0:1572883): avc:  denied  { ioctl } for  path="/proc/fas/render" dev="proc" ino=4026533325 ioctlcmd=0x6609 scontext=u:r:untrusted_app:s0:c151,c258,c512,c768 tcontext=u:object_r:proc_fas:s0 tclass=file permissive=0 app=com.emergent.salahalarm.lxw9zs
07-07 23:03:50.876 29256 29256 W binder:29256_4: type=1400 audit(0.0:1572884): avc:  denied  { ioctl } for  path="/proc/fas/render" dev="proc" ino=4026533325 ioctlcmd=0x6609 scontext=u:r:untrusted_app:s0:c151,c258,c512,c768 tcontext=u:object_r:proc_fas:s0 tclass=file permissive=0 app=com.emergent.salahalarm.lxw9zs
07-07 23:03:50.892 29256 29256 W binder:29256_4: type=1400 audit(0.0:1572885): avc:  denied  { ioctl } for  path="/proc/fas/render" dev="proc" ino=4026533325 ioctlcmd=0x6609 scontext=u:r:untrusted_app:s0:c151,c258,c512,c768 tcontext=u:object_r:proc_fas:s0 tclass=file permissive=0 app=com.emergent.salahalarm.lxw9zs
07-07 23:03:51.856 29256 29256 W binder:29256_5: type=1400 audit(0.0:1572945): avc:  denied  { ioctl } for  path="/proc/fas/render" dev="proc" ino=4026533325 ioctlcmd=0x6609 scontext=u:r:untrusted_app:s0:c151,c258,c512,c768 tcontext=u:object_r:proc_fas:s0 tclass=file permissive=0 app=com.emergent.salahalarm.lxw9zs
07-07 23:03:51.876 29256 29256 W binder:29256_5: type=1400 audit(0.0:1572946): avc:  denied  { ioctl } for  path="/proc/fas/render" dev="proc" ino=4026533325 ioctlcmd=0x6609 scontext=u:r:untrusted_app:s0:c151,c258,c512,c768 tcontext=u:object_r:proc_fas:s0 tclass=file permissive=0 app=com.emergent.salahalarm.lxw9zs
07-07 23:03:51.892 29256 29256 W binder:29256_5: type=1400 audit(0.0:1572947): avc:  denied  { ioctl } for  path="/proc/fas/render" dev="proc" ino=4026533325 ioctlcmd=0x6609 scontext=u:r:untrusted_app:s0:c151,c258,c512,c768 tcontext=u:object_r:proc_fas:s0 tclass=file permissive=0 app=com.emergent.salahalarm.lxw9zs
07-07 23:03:51.908 29256 29256 W binder:29256_5: type=1400 audit(0.0:1572948): avc:  denied  { ioctl } for  path="/proc/fas/render" dev="proc" ino=4026533325 ioctlcmd=0x6609 scontext=u:r:untrusted_app:s0:c151,c258,c512,c768 tcontext=u:object_r:proc_fas:s0 tclass=file permissive=0 app=com.emergent.salahalarm.lxw9zs
07-07 23:03:51.924 29256 29256 W binder:29256_5: type=1400 audit(0.0:1572949): avc:  denied  { ioctl } for  path="/proc/fas/render" dev="proc" ino=4026533325 ioctlcmd=0x6609 scontext=u:r:untrusted_app:s0:c151,c258,c512,c768 tcontext=u:object_r:proc_fas:s0 tclass=file permissive=0 app=com.emergent.salahalarm.lxw9zs
07-07 23:03:52.860 29256 29256 W binder:29256_5: type=1400 audit(0.0:1573007): avc:  denied  { ioctl } for  path="/proc/fas/render" dev="proc" ino=4026533325 ioctlcmd=0x6609 scontext=u:r:untrusted_app:s0:c151,c258,c512,c768 tcontext=u:object_r:proc_fas:s0 tclass=file permissive=0 app=com.emergent.salahalarm.lxw9zs
07-07 23:03:52.872 29256 29256 W binder:29256_5: type=1400 audit(0.0:1573008): avc:  denied  { ioctl } for  path="/proc/fas/render" dev="proc" ino=4026533325 ioctlcmd=0x6609 scontext=u:r:untrusted_app:s0:c151,c258,c512,c768 tcontext=u:object_r:proc_fas:s0 tclass=file permissive=0 app=com.emergent.salahalarm.lxw9zs
07-07 23:03:52.888 29256 29256 W binder:29256_5: type=1400 audit(0.0:1573009): avc:  denied  { ioctl } for  path="/proc/fas/render" dev="proc" ino=4026533325 ioctlcmd=0x6609 scontext=u:r:untrusted_app:s0:c151,c258,c512,c768 tcontext=u:object_r:proc_fas:s0 tclass=file permissive=0 app=com.emergent.salahalarm.lxw9zs
07-07 23:03:52.904 29256 29256 W binder:29256_5: type=1400 audit(0.0:1573010): avc:  denied  { ioctl } for  path="/proc/fas/render" dev="proc" ino=4026533325 ioctlcmd=0x6609 scontext=u:r:untrusted_app:s0:c151,c258,c512,c768 tcontext=u:object_r:proc_fas:s0 tclass=file permissive=0 app=com.emergent.salahalarm.lxw9zs
07-07 23:03:52.920 29256 29256 W binder:29256_5: type=1400 audit(0.0:1573011): avc:  denied  { ioctl } for  path="/proc/fas/render" dev="proc" ino=4026533325 ioctlcmd=0x6609 scontext=u:r:untrusted_app:s0:c151,c258,c512,c768 tcontext=u:object_r:proc_fas:s0 tclass=file permissive=0 app=com.emergent.salahalarm.lxw9zs
07-07 23:03:53.872 29256 29256 W binder:29256_4: type=1400 audit(0.0:1573071): avc:  denied  { ioctl } for  path="/proc/fas/render" dev="proc" ino=4026533325 ioctlcmd=0x6609 scontext=u:r:untrusted_app:s0:c151,c258,c512,c768 tcontext=u:object_r:proc_fas:s0 tclass=file permissive=0 app=com.emergent.salahalarm.lxw9zs
07-07 23:03:53.888 29256 29256 W binder:29256_4: type=1400 audit(0.0:1573072): avc:  denied  { ioctl } for  path="/proc/fas/render" dev="proc" ino=4026533325 ioctlcmd=0x6609 scontext=u:r:untrusted_app:s0:c151,c258,c512,c768 tcontext=u:object_r:proc_fas:s0 tclass=file permissive=0 app=com.emergent.salahalarm.lxw9zs
07-07 23:03:53.904 29256 29256 W binder:29256_4: type=1400 audit(0.0:1573073): avc:  denied  { ioctl } for  path="/proc/fas/render" dev="proc" ino=4026533325 ioctlcmd=0x6609 scontext=u:r:untrusted_app:s0:c151,c258,c512,c768 tcontext=u:object_r:proc_fas:s0 tclass=file permissive=0 app=com.emergent.salahalarm.lxw9zs
07-07 23:03:53.920 29256 29256 W binder:29256_4: type=1400 audit(0.0:1573074): avc:  denied  { ioctl } for  path="/proc/fas/render" dev="proc" ino=4026533325 ioctlcmd=0x6609 scontext=u:r:untrusted_app:s0:c151,c258,c512,c768 tcontext=u:object_r:proc_fas:s0 tclass=file permissive=0 app=com.emergent.salahalarm.lxw9zs
07-07 23:03:53.936 29256 29256 W binder:29256_4: type=1400 audit(0.0:1573075): avc:  denied  { ioctl } for  path="/proc/fas/render" dev="proc" ino=4026533325 ioctlcmd=0x6609 scontext=u:r:untrusted_app:s0:c151,c258,c512,c768 tcontext=u:object_r:proc_fas:s0 tclass=file permissive=0 app=com.emergent.salahalarm.lxw9zs
07-07 23:03:54.166 29256 29730 W libc    : Access denied finding property "ro.vendor.vivo.software.ai.llm.disable"
07-07 23:03:54.328 29256 29298 W HWUI    : Image decoding logging dropped!
07-07 23:03:54.328 29256 29298 W HWUI    : Image decoding logging dropped!
07-07 23:03:54.427 28667 25502 I Delight5: JniUtil.loadLibrary():30 loadLibrary(): nativeLibraryLoaded=true
07-07 23:03:54.428 28667 25502 I AndroidSpellCheckerService: AndroidSpellCheckerService.createSession():138 com.google.android.keyboard.client.delight5.LanguageIdentifier@344e8e is created
07-07 23:03:54.430 28667 25502 I Delight5: JniUtil.loadLibrary():30 loadLibrary(): nativeLibraryLoaded=true
07-07 23:03:54.430 28667 25502 I AndroidSpellCheckerService: AndroidSpellCheckerService.createSession():138 com.google.android.keyboard.client.delight5.LanguageIdentifier@26dbabc is created
07-07 23:03:54.431 28667 25502 I Delight5: JniUtil.loadLibrary():30 loadLibrary(): nativeLibraryLoaded=true
07-07 23:03:54.431 28667 25502 I AndroidSpellCheckerService: AndroidSpellCheckerService.createSession():138 com.google.android.keyboard.client.delight5.LanguageIdentifier@82ac59a is created
07-07 23:03:54.433 28667 25502 I Delight5: JniUtil.loadLibrary():30 loadLibrary(): nativeLibraryLoaded=true
07-07 23:03:54.434 28667 25502 I AndroidSpellCheckerService: AndroidSpellCheckerService.createSession():138 com.google.android.keyboard.client.delight5.LanguageIdentifier@7b9c6a8 is created
07-07 23:03:54.438 28667 25502 I Delight5: JniUtil.loadLibrary():30 loadLibrary(): nativeLibraryLoaded=true
07-07 23:03:54.438 28667 25502 I AndroidSpellCheckerService: AndroidSpellCheckerService.createSession():138 com.google.android.keyboard.client.delight5.LanguageIdentifier@6dfa166 is created
07-07 23:03:54.443 28667 25502 I Delight5: JniUtil.loadLibrary():30 loadLibrary(): nativeLibraryLoaded=true
07-07 23:03:54.444 28667 25502 I AndroidSpellCheckerService: AndroidSpellCheckerService.createSession():138 com.google.android.keyboard.client.delight5.LanguageIdentifier@b38a554 is created
07-07 23:03:54.447 28667 25502 I Delight5: JniUtil.loadLibrary():30 loadLibrary(): nativeLibraryLoaded=true
07-07 23:03:54.447 28667 25502 I AndroidSpellCheckerService: AndroidSpellCheckerService.createSession():138 com.google.android.keyboard.client.delight5.LanguageIdentifier@8b46df2 is created
07-07 23:03:54.452 28667 25502 I Delight5: JniUtil.loadLibrary():30 loadLibrary(): nativeLibraryLoaded=true
07-07 23:03:54.452 28667 25502 I AndroidSpellCheckerService: AndroidSpellCheckerService.createSession():138 com.google.android.keyboard.client.delight5.LanguageIdentifier@724c2c0 is created
07-07 23:03:54.456 28667 25502 I Delight5: JniUtil.loadLibrary():30 loadLibrary(): nativeLibraryLoaded=true
07-07 23:03:54.456 28667 25502 I AndroidSpellCheckerService: AndroidSpellCheckerService.createSession():138 com.google.android.keyboard.client.delight5.LanguageIdentifier@c97773e is created
07-07 23:03:54.460 28667 25502 I Delight5: JniUtil.loadLibrary():30 loadLibrary(): nativeLibraryLoaded=true
07-07 23:03:54.461 28667 25502 I AndroidSpellCheckerService: AndroidSpellCheckerService.createSession():138 com.google.android.keyboard.client.delight5.LanguageIdentifier@cf34aec is created
07-07 23:03:54.464 28667 25502 I Delight5: JniUtil.loadLibrary():30 loadLibrary(): nativeLibraryLoaded=true
07-07 23:03:54.464 28667 25502 I AndroidSpellCheckerService: AndroidSpellCheckerService.createSession():138 com.google.android.keyboard.client.delight5.LanguageIdentifier@fc94a is created
07-07 23:03:54.823  6310 29154 I NearbyMediums: No BLE Fast/GATT advertisements found in the latest cycle.
07-07 23:03:54.824  6310 29154 I NearbyMediums: Current Tracked Scanning Clients are : {NearbyConnections.EnvironmentMonitor, NearbySharing}
07-07 23:03:55.160 29256 29256 W binder:29256_5: type=1400 audit(0.0:1573110): avc:  denied  { ioctl } for  path="/proc/fas/render" dev="proc" ino=4026533325 ioctlcmd=0x6609 scontext=u:r:untrusted_app:s0:c151,c258,c512,c768 tcontext=u:object_r:proc_fas:s0 tclass=file permissive=0 app=com.emergent.salahalarm.lxw9zs
07-07 23:03:55.168 29256 29256 W binder:29256_5: type=1400 audit(0.0:1573111): avc:  denied  { ioctl } for  path="/proc/fas/render" dev="proc" ino=4026533325 ioctlcmd=0x6609 scontext=u:r:untrusted_app:s0:c151,c258,c512,c768 tcontext=u:object_r:proc_fas:s0 tclass=file permissive=0 app=com.emergent.salahalarm.lxw9zs
07-07 23:03:55.180 29256 29256 W binder:29256_5: type=1400 audit(0.0:1573112): avc:  denied  { ioctl } for  path="/proc/fas/render" dev="proc" ino=4026533325 ioctlcmd=0x6609 scontext=u:r:untrusted_app:s0:c151,c258,c512,c768 tcontext=u:object_r:proc_fas:s0 tclass=file permissive=0 app=com.emergent.salahalarm.lxw9zs
07-07 23:03:55.192 29256 29256 W binder:29256_5: type=1400 audit(0.0:1573113): avc:  denied  { ioctl } for  path="/proc/fas/render" dev="proc" ino=4026533325 ioctlcmd=0x6609 scontext=u:r:untrusted_app:s0:c151,c258,c512,c768 tcontext=u:object_r:proc_fas:s0 tclass=file permissive=0 app=com.emergent.salahalarm.lxw9zs
07-07 23:03:55.200 29256 29256 W binder:29256_5: type=1400 audit(0.0:1573114): avc:  denied  { ioctl } for  path="/proc/fas/render" dev="proc" ino=4026533325 ioctlcmd=0x6609 scontext=u:r:untrusted_app:s0:c151,c258,c512,c768 tcontext=u:object_r:proc_fas:s0 tclass=file permissive=0 app=com.emergent.salahalarm.lxw9zs
--------- beginning of system
07-07 23:03:56.559  2171  2233 V AutofillSession: Primary service component name: ComponentInfo{com.google.android.gms/com.google.android.gms.autofill.service.AutofillService}, secondary service component name: ComponentInfo{com.android.credentialmanager/com.android.credentialmanager.autofill.CredentialAutofillService}
07-07 23:03:56.569  2171  2757 D AutofillSession: clearPendingIntentLocked
07-07 23:03:56.569  2171  2757 D AutofillSession: clearPendingIntentLocked
07-07 23:03:56.570  2171  2757 D AutofillSession: clearPendingIntentLocked
07-07 23:03:56.570  2171  2757 D AutofillSession: clearPendingIntentLocked
07-07 23:03:56.570  5385  5385 V InlineSuggestionRenderService: handleDestroySuggestionViews called for 0:84695132
07-07 23:03:56.571  5385  5385 V InlineSuggestionRenderService: handleDestroySuggestionViews called for 0:374647958
07-07 23:03:56.571 28667 28667 D InputMethod: InputMethodService received onCreateInlineSuggestionsRequest()
07-07 23:03:56.571 28667 28667 D InlineSuggestionSessionController: onMakeInlineSuggestionsRequest: InlineSuggestionsRequestInfo { componentName = ComponentInfo{com.emergent.salahalarm.lxw9zs/com.emergent.salahalarm.lxw9zs.MainActivity}, autofillId = 1073741832@1677905559, uiExtras = Bundle[mParcelledData.dataSize=188] }
07-07 23:03:56.572  5385  5385 V InlineSuggestionRenderService: handleDestroySuggestionViews called for 0:1538261895
07-07 23:03:56.572  5385  5385 V InlineSuggestionRenderService: handleDestroySuggestionViews called for 0:1947199862
07-07 23:03:56.572 29256 29256 I AutofillManager: showAutofillDialog() return false due to improve fill dialog
07-07 23:03:56.573 29256 29256 I ImeTracker: com.emergent.salahalarm.lxw9zs:3caf272f: onRequestShow at ORIGIN_CLIENT reason SHOW_SOFT_INPUT fromUser true
07-07 23:03:56.575 29256 29256 D InsetsController: Setting requestedVisibleTypes to -5121 (was -5129)
07-07 23:03:56.578 28667 28667 V InputMethod: startInput(): editor=android.view.inputmethod.EditorInfo@f4970bb
07-07 23:03:56.578 28667 28667 V InputMethodService: CALL: doFinishInput
07-07 23:03:56.578 28667 28667 D InlineSuggestionSessionController: notifyOnFinishInput
07-07 23:03:56.578 28667 28667 V InputMethodService: CALL: onFinishInput
07-07 23:03:56.578 28667 28667 I GoogleInputMethodService: GoogleInputMethodService.onFinishInput():2276 
07-07 23:03:56.580 28667 28667 I Module  : DeviceLockedStatusModuleProvider$Module.updateDeviceLockedStatusInternal():129 repeatCheckTimes = 0, locked = false
07-07 23:03:56.580 28667 28667 V InputMethodService: finishStylusHandwriting()
07-07 23:03:56.580 28667 28667 D InlineSuggestionSessionController: notifyOnStartInput: com.emergent.salahalarm.lxw9zs, 1073741832
07-07 23:03:56.587 28667 28667 I DeviceIntelligenceInlineSuggestionsRequest: DeviceIntelligenceInlineSuggestionsRequest.<init>():76 DI Request: headerHeight=132.000000, chipHeight=102.000000, density=3.000000, paddingDp=5, chipInsetVertical=15, KeyboardHeaderHeightPx=132, minSize=102x132, maxSize=720x132
07-07 23:03:56.587  7529  4820 I eokz    : (REDACTED) HDM. appOpsListener %s %s
07-07 23:03:56.587  7529  4820 I eokz    : (REDACTED) HDM. Ignoring irrelevant audio permission changes for package %s
07-07 23:03:56.591  6310  6310 E EventHandlerImpl: Metrics context is missing from client state [CONTEXT service_id=177 ]
07-07 23:03:56.596 28667 28667 V InputMethodService: CALL: onStartInput
07-07 23:03:56.597 28667 28667 I GoogleInputMethodService: GoogleInputMethodService.onStartInput():1460 onStartInput(EditorInfo{EditorInfo{packageName=com.emergent.salahalarm.lxw9zs, inputType=4001, inputTypeString=Normal[CapSentences], enableLearning=true, autoCorrection=true, autoComplete=true, imeOptions=c000006, privateImeOptions=null, actionName=DONE, actionLabel=null, initialSelStart=5, initialSelEnd=5, initialCapsMode=0, label=null, fieldId=828, fieldName=null, extras=Bundle[mParcelledData.dataSize=404], hintText=non-empty, hintLocales=[]}}, false)
07-07 23:03:56.597 28667 28667 I LatinIMEBase: LatinIMEBase.updateInputViewCoverNavigation():317 Update input view padding, isNavbarOverInputWindow=true, bottom inset=126
07-07 23:03:56.599 28667 28667 I Module  : DeviceLockedStatusModuleProvider$Module.updateDeviceLockedStatusInternal():129 repeatCheckTimes = 1, locked = false
07-07 23:03:56.601 29256 29256 I AssistStructure: Flattened final assist data: 7728 bytes, containing 2 windows, 51 views
07-07 23:03:56.601 28667 28667 I StylusModule: StylusModule.onUpdateToolType():774 Update tool type = 1
07-07 23:03:56.601  2171  5109 D AutofillSession: createPendingIntent for request 1006
07-07 23:03:56.601 28667 28667 V InputMethod: showSoftInput()
07-07 23:03:56.603 29256 29256 I ImeTracker: com.emergent.salahalarm.lxw9zs:76cbc43f: onRequestShow at ORIGIN_CLIENT reason SHOW_SOFT_INPUT fromUser false
07-07 23:03:56.603 28667 28667 D InlineSuggestionSessionController: notifyShowInputRequested
07-07 23:03:56.603 28667 28667 V InputMethodService: Showing window: showInput=true mShowInputRequested=false mViewsCreated=true mDecorViewVisible=false mWindowVisible=false mInputStarted=true mShowInputFlags=1
07-07 23:03:56.603 28667 28667 V InputMethodService: showWindow: updating UI
07-07 23:03:56.604 29256 29256 I ImeTracker: com.emergent.salahalarm.lxw9zs:76cbc43f: onCancelled at PHASE_CLIENT_REPORT_REQUESTED_VISIBLE_TYPES
07-07 23:03:56.606 28667 28667 V InputMethodService: CALL: onStartInputView
07-07 23:03:56.606 28667 28667 D InlineSuggestionSessionController: notifyOnStartInputView
07-07 23:03:56.607 28667 28667 I GoogleInputMethodService: GoogleInputMethodService.onStartInputView():1546 onStartInputView(EditorInfo{EditorInfo{packageName=com.emergent.salahalarm.lxw9zs, inputType=4001, inputTypeString=Normal[CapSentences], enableLearning=true, autoCorrection=true, autoComplete=true, imeOptions=c000006, privateImeOptions=null, actionName=DONE, actionLabel=null, initialSelStart=5, initialSelEnd=5, initialCapsMode=0, label=null, fieldId=828, fieldName=null, extras=Bundle[{android.support.text.emoji.emojiCompat_metadataVersion=12, androidx.core.view.inputmethod.EditorInfoCompat.STYLUS_HANDWRITING_ENABLED=true, android.support.text.emoji.emojiCompat_replaceAll=false}], hintText=non-empty, hintLocales=[]}}, false)
07-07 23:03:56.608 28667 28667 I KeyboardHeightUtil: KeyboardHeightUtil.getOemKeyboardHeightRatio():81 systemKeyboardHeightRatio:1.000000.
07-07 23:03:56.608 28667 28698 I CrossProfileSharedPreferences: CrossProfileSharedPreferences.maybeRunSyncTaskAfterFullSyncComplete():218 Full sync is not complete when incremental sync is called, trigger full sync
07-07 23:03:56.609 28667 28667 I InputBundleManager: InputBundleManager.startInput():356 startInput2 restarting=false
07-07 23:03:56.609 28667 28667 I InputBundleManager: InputBundleManager.loadActiveInputBundleId():552 loadActiveInputBundleId: en-GB, ime_english_great_britain
07-07 23:03:56.609 28667 28667 I InputBundle: InputBundle.activateIme():598 activateIme: INACTIVE, keyboardType=prime
07-07 23:03:56.611 29256 29256 D ViewRootImpl: AppSizeAfterRelayout, size: Point(90, 90), rotation: ROTATION_0
07-07 23:03:56.611 29256 29256 D BufferQueueConsumer: [](id:724800000002,api:0,p:-1,c:29256) connect: controlledByApp=false
07-07 23:03:56.611 29256 29256 D BLASTBufferQueue: [VRI[PopupWindow:fe85ce2,type=1002]#2](f:0,a:0) constructor()
07-07 23:03:56.612 29256 29256 D BLASTBufferQueue: [VRI[PopupWindow:fe85ce2,type=1002]#2](f:0,a:0) update width=90 height=90 format=-3 mTransformHint=0
07-07 23:03:56.612 28667 16924 I CrossProfileSharedPreferences: CrossProfileSharedPreferences.syncAllAllowedPreferencesInternal():276 Cannot make cross profile calls to full sync preferences
07-07 23:03:56.613 29256 29282 W BLASTBufferQueue: Unable to open /proc/vivo_rsc/frame_set_priority: Permission denied
07-07 23:03:56.613 29256 29282 I BLASTBufferQueue: QoSAllocBuff Successful. Ret 0 
07-07 23:03:56.615 28667 28667 I AbstractIme: AbstractIme.onActivate():94 LatinIme.onActivate() : EditorInfo = EditorInfo{packageName=com.emergent.salahalarm.lxw9zs, inputType=4001, inputTypeString=Normal[CapSentences], enableLearning=true, autoCorrection=true, autoComplete=true, imeOptions=c000006, privateImeOptions=null, actionName=DONE, actionLabel=null, initialSelStart=5, initialSelEnd=5, initialCapsMode=0, label=null, fieldId=828, fieldName=null, extras=Bundle[{android.support.text.emoji.emojiCompat_metadataVersion=12, androidx.core.view.inputmethod.EditorInfoCompat.STYLUS_HANDWRITING_ENABLED=true, android.support.text.emoji.emojiCompat_replaceAll=false}], hintText=non-empty, hintLocales=[]}, IncognitoMode = false, DeviceLocked = false
07-07 23:03:56.619 28667 28667 I InputBundle: InputBundle.consumeEvent():1052 Skip consuming an event as keyboard status is INACTIVE
07-07 23:03:56.622 28667 28667 I Delight5Facilitator: Delight5Facilitator.initializeForIme():745 initializeForIme() : Locale = [en_GB], layout = qwerty
07-07 23:03:56.604 29256 29256 W binder:29256_2: type=1400 audit(0.0:1573152): avc:  denied  { ioctl } for  path="/proc/fas/render" dev="proc" ino=4026533325 ioctlcmd=0x6609 scontext=u:r:untrusted_app:s0:c151,c258,c512,c768 tcontext=u:object_r:proc_fas:s0 tclass=file permissive=0 app=com.emergent.salahalarm.lxw9zs
07-07 23:03:56.608 29256 29256 W RenderThread: type=1400 audit(0.0:1573153): avc:  denied  { read } for  name="frame_set_priority" dev="proc" ino=4026533329 scontext=u:r:untrusted_app:s0:c151,c258,c512,c768 tcontext=u:object_r:proc:s0 tclass=file permissive=0 app=com.emergent.salahalarm.lxw9zs
07-07 23:03:56.626 29256 29282 D BLASTBufferQueue: [VRI[PopupWindow:fe85ce2,type=1002]#2](f:0,a:1) acquireNextBufferLocked size=90x90 mFrameNumber=1 applyTransaction=true mTimestamp=67667970744186(auto) mPendingTransactions.size=0 graphicBufferId=125653563211787 transform=0
07-07 23:03:56.628 28667 28698 W ModuleManager: ModuleManager.loadModule():634 Module qtw is not available
07-07 23:03:56.635 28667 28667 I LatinIme: LatinIme.updateEnableInlineSuggestionsOnDecoderSideFlags():1278 inline flag updated to:false
07-07 23:03:56.641 28667 28667 I LatinIme: LatinIme.updateEnableInlineSuggestionsOnDecoderSideFlags():1278 inline flag updated to:false
07-07 23:03:56.636 29256 29256 W binder:29256_5: type=1400 audit(0.0:1573154): avc:  denied  { ioctl } for  path="/proc/fas/render" dev="proc" ino=4026533325 ioctlcmd=0x6609 scontext=u:r:untrusted_app:s0:c151,c258,c512,c768 tcontext=u:object_r:proc_fas:s0 tclass=file permissive=0 app=com.emergent.salahalarm.lxw9zs
07-07 23:03:56.656  6831  6831 D BoundBrokerSvc: onBind: Intent { act=com.google.android.gms.wallet.service.BIND xflg=0x4 pkg=com.google.android.gms }
07-07 23:03:56.656  6831  6831 D BoundBrokerSvc: Loading bound service for intent: Intent { act=com.google.android.gms.wallet.service.BIND xflg=0x4 pkg=com.google.android.gms }
07-07 23:03:56.661 28667 28698 I NebulaeTrainingCacheMetricsProcessor: NebulaeTrainingCacheMetricsProcessor.processBeginSession():253 Begin training cache session: com.zhiliaoapp.musically_-1/
07-07 23:03:56.662 28667 28667 I InputBundle: InputBundle.consumeEvent():1052 Skip consuming an event as keyboard status is INACTIVE
07-07 23:03:56.663 28667 28667 I LatinIme: LatinIme.resetInputContext():2288 resetInputContext(): reason=1, externalEditsInfo=ExternalEditsInfo{action=0, offset=-1, textLength=0, originalTextLength=0, hasEdits=false}
07-07 23:03:56.663 28667 28667 I InputBundle: InputBundle.consumeEvent():1052 Skip consuming an event as keyboard status is INACTIVE
07-07 23:03:56.666 28667 28667 I InputBundle: InputBundle.activateKeyboard():653 activateKeyboard: ACTIVE, type=KeyboardTypeAndPayload(keyboardType=prime, payload=null)
07-07 23:03:56.666 28667 28667 I KeyboardWrapper: KeyboardWrapper.activateKeyboard():592 activateKeyboard(): type=prime, status=INACTIVE, imeDef=ImeDef{stringId=ime_english_great_britain, language=en-GB, languageTag=en-GB, processedConditions={enable_pk_simulator=false, enable_number_row=true, device=phone, true=true, writing_helper_enable_by_word_revert=false}, className=com.google.android.apps.inputmethod.libs.latin5.LatinIme, label=0, keyEventInterpreter=null, inlineComposing=true, autoCapital=true, announceAutoSelectedCandidate=true, statusIcon=0, indicatorIcon=0, indicatorLabel=GB, displayAppCompletions=true, extraValues=otq{#0x7f0b02fc=TypedValue{t=0x3/d=0x0 "com.google.android.apps.inputmethod.libs.latin5.LatinIme"}}, processors=com.google.android.libraries.inputmethod.metadata.ProcessorsDef@fa95c9f, unacceptableMetaKeys=4098, languageSpecificSettings=0, asciiCapable=true, alwaysShowSuggestions=false, useAsciiPasswordKeyboard=false, keyboardGroupDef=KeyboardGroupDef(variant=qwerty, variantLabel=0, pkLanguageTag=, pkLayoutType=, dynamicLayout=null, layoutSpecificSettings=[], layoutSpecificTheme=2132083596, order=0, supportsSplitMode=true, supportsOneHandedMode=true, isVariantNameMandatory=false, keyboardDefInfos={prime=KeyboardDefInfo(kbType=prime, initialStates=0, keyboardDefs=[2132215291, 2132215953], extraValues=otq{}), digit=KeyboardDefInfo(kbType=digit, initialStates=0, keyboardDefs=[2132215914], extraValues=otq{}), symbol=KeyboardDefInfo(kbType=symbol, initialStates=0, keyboardDefs=[2132216099], extraValues=otq{})}, overrideKeyboardXmlConditions=com.google.android.libraries.inputmethod.metadata.OverrideKeyboardXmlConditionsDef@ba96845), phenotypeFlagId=0, localizationLanguageTag=null, supportsInlineSuggestion=true}
07-07 23:03:56.666 28667 28667 I KeyboardManager: KeyboardManager.requestKeyboard():249 Creating keyboard prime, imeId=ime_english_great_britain, cacheKey=theme,!gsf,!pgsans,!pgsf,!use_system_font,BORDER,FLAVOR_DPI=XXHDPI,KEYBOARD_WIDTH_CATEGORY=NORMAL,KEY_BORDER_SHAPE=1,LIGHT_THEME=false,PHYSICAL_DIAGONAL=6.163966,POPUP,SCREEN_SHORTEST_WIDTH=420,SCREEN_SHORTEST_WIDTH_NO_SCALE=420,SW400DP,XXHDPI,bottom4dp,enable_popup_on_keypress=true,keyboard_redesign_google_sans=true,non_linear_scale,noshadow,overlay_builtin_dynamic_color_dark_base.binarypb:gm3-dark-ff121318-ffb0c6ff-c12568a3af39960a00e936260008a356,silkpopup
07-07 23:03:56.668 28667 28667 I KeyboardDefManager: KeyboardDefManager.requestKeyboardDef():128 requestKeyboardDef(): type=prime, info=ouy{defIds=[#0x7f1705fb, #0x7f170891], defIdsCacheKey=[2132215291, 2132215953]}
07-07 23:03:56.668 28667 28667 I KeyboardDefManager: KeyboardDefManager.requestKeyboardDef():195 requestKeyboardDef(): getOrCreate from cache, info=ouy{defIds=[#0x7f1705fb, #0x7f170891], defIdsCacheKey=[2132215291, 2132215953]}
07-07 23:03:56.669 28667 28667 I KeyboardDefManager: KeyboardDefManager$Companion$addFutureCallbackForKeyboardDefReceiver$1.onSuccess():425 requestKeyboardDef onSuccess(): info=ouy{defIds=[#0x7f1705fb, #0x7f170891], defIdsCacheKey=[2132215291, 2132215953]}
07-07 23:03:56.669 28667 28667 I KeyboardWrapper: KeyboardWrapper.onKeyboardReady():226 onKeyboardReady(): type=prime(prime), kb=com.google.android.apps.inputmethod.latin.keyboard.LatinPrimeKeyboard@365198b
07-07 23:03:56.669 28667 28667 I KeyboardWrapper: KeyboardWrapper.doActivateKeyboard():624 doActivateKeyboard(): prime
07-07 23:03:56.677  6310 29154 W asqi    : Failed to retrieve prediction data. [CONTEXT service_id=177 ]
07-07 23:03:56.677  6310 29154 W asqi    : java.util.concurrent.ExecutionException: glnw: No data was found for the table autofill-domain-predictions-prod-spanner.
07-07 23:03:56.677  6310 29154 W asqi    : 	at hpvd.j(:com.google.android.gms@262434035@26.24.34 (260400-938041327):21)
07-07 23:03:56.677  6310 29154 W asqi    : 	at hpvm.u(:com.google.android.gms@262434035@26.24.34 (260400-938041327):110)
07-07 23:03:56.677  6310 29154 W asqi    : 	at hpvd.get(:com.google.android.gms@262434035@26.24.34 (260400-938041327):6)
07-07 23:03:56.677  6310 29154 W asqi    : 	at asqi.g(:com.google.android.gms@262434035@26.24.34 (260400-938041327):81)
07-07 23:03:56.677  6310 29154 W asqi    : 	at asqi.a(:com.google.android.gms@262434035@26.24.34 (260400-938041327):132)
07-07 23:03:56.677  6310 29154 W asqi    : 	at aslu.call(:com.google.android.gms@262434035@26.24.34 (260400-938041327):5)
07-07 23:03:56.677  6310 29154 W asqi    : 	at java.util.concurrent.FutureTask.run(FutureTask.java:328)
07-07 23:03:56.677  6310 29154 W asqi    : 	at blmv.c(:com.google.android.gms@262434035@26.24.34 (260400-938041327):50)
07-07 23:03:56.677  6310 29154 W asqi    : 	at blmv.run(:com.google.android.gms@262434035@26.24.34 (260400-938041327):66)
07-07 23:03:56.677  6310 29154 W asqi    : 	at java.util.concurrent.ThreadPoolExecutor.runWorker(ThreadPoolExecutor.java:1100)
07-07 23:03:56.677  6310 29154 W asqi    : 	at java.util.concurrent.ThreadPoolExecutor$Worker.run(ThreadPoolExecutor.java:624)
07-07 23:03:56.677  6310 29154 W asqi    : 	at blsn.run(:com.google.android.gms@262434035@26.24.34 (260400-938041327):8)
07-07 23:03:56.677  6310 29154 W asqi    : 	at java.lang.Thread.run(Thread.java:1572)
07-07 23:03:56.677  6310 29154 W asqi    : Caused by: glnw: No data was found for the table autofill-domain-predictions-prod-spanner.
07-07 23:03:56.677  6310 29154 W asqi    : 	at glon.a(:com.google.android.gms@262434035@26.24.34 (260400-938041327):217)
07-07 23:03:56.677  6310 29154 W asqi    : 	at hpvo.d(:com.google.android.gms@262434035@26.24.34 (260400-938041327):3)
07-07 23:03:56.677  6310 29154 W asqi    : 	at hpvq.run(:com.google.android.gms@262434035@26.24.34 (260400-938041327):47)
07-07 23:03:56.677  6310 29154 W asqi    : 	at hpxd.execute(:com.google.android.gms@262434035@26.24.34 (260400-938041327):1)
07-07 23:03:56.677  6310 29154 W asqi    : 	at hpvd.f(:com.google.android.gms@262434035@26.24.34 (260400-938041327):1)
07-07 23:03:56.677  6310 29154 W asqi    : 	at hpvd.m(:com.google.android.gms@262434035@26.24.34 (260400-938041327):101)
07-07 23:03:56.677  6310 29154 W asqi    : 	at hpvd.p(:com.google.android.gms@262434035@26.24.34 (260400-938041327):15)
07-07 23:03:56.677  6310 29154 W asqi    : 	at hpvp.e(:com.google.android.gms@262434035@26.24.34 (260400-938041327):1)
07-07 23:03:56.677  6310 29154 W asqi    : 	at hpvq.run(:com.google.android.gms@262434035@26.24.34 (260400-938041327):53)
07-07 23:03:56.677  6310 29154 W asqi    : 	at hpxd.execute(:com.google.android.gms@262434035@26.24.34 (260400-938041327):1)
07-07 23:03:56.677  6310 29154 W asqi    : 	at hpvd.f(:com.google.android.gms@262434035@26.24.34 (260400-938041327):1)
07-07 23:03:56.677  6310 29154 W asqi    : 	at hpvd.m(:com.google.android.gms@262434035@26.24.34 (260400-938041327):101)
07-07 23:03:56.677  6310 29154 W asqi    : 	at hpvd.s(:com.google.android.gms@262434035@26.24.34 (260400-938041327):28)
07-07 23:03:56.677  6310 29154 W asqi    : 	at hpvo.e(:com.google.android.gms@262434035@26.24.34 (260400-938041327):3)
07-07 23:03:56.677  6310 29154 W asqi    : 	at hpvq.run(:com.google.android.gms@262434035@26.24.34 (260400-938041327):53)
07-07 23:03:56.677  6310 29154 W asqi    : 	at hpxd.execute(:com.google.android.gms@262434035@26.24.34 (260400-938041327):1)
07-07 23:03:56.677  6310 29154 W asqi    : 	at hpvd.f(:com.google.android.gms@262434035@26.24.34 (260400-938041327):1)
07-07 23:03:56.677  6310 29154 W asqi    : 	at hpvd.m(:com.google.android.gms@262434035@26.24.34 (260400-938041327):101)
07-07 23:03:56.677  6310 29154 W asqi    : 	at hpvd.s(:com.google.android.gms@262434035@26.24.34 (260400-938041327):28)
07-07 23:03:56.677  6310 29154 W asqi    : 	at hpvo.e(:com.google.android.gms@262434035@26.24.34 (260400-938041327):3)
07-07 23:03:56.677  6310 29154 W asqi    : 	at hpvq.run(:com.google.android.gms@262434035@26.24.34 (260400-938041327):53)
07-07 23:03:56.677  6310 29154 W asqi    : 	at hpxd.execute(:com.google.android.gms@262434035@26.24.34 (260400-938041327):1)
07-07 23:03:56.677  6310 29154 W asqi    : 	at hpvd.f(:com.google.android.gms@262434035@26.24.34 (260400-938041327):1)
07-07 23:03:56.677  6310 29154 W asqi    : 	at hpvd.m(:com.google.android.gms@262434035@26.24.34 (260400-938041327):101)
07-07 23:03:56.677  6310 29154 W asqi    : 	at hpvd.p(:com.google.android.gms@262434035@26.24.34 (260400-938041327):15)
07-07 23:03:56.677  6310 29154 W asqi    : 	at hpuv.run(:com.google.android.gms@262434035@26.24.34 (260400-938041327):129)
07-07 23:03:56.677  6310 29154 W asqi    : 	at hpxd.execute(:com.google.android.gms@262434035@26.24.34 (260400-938041327):1)
07-07 23:03:56.677  6310 29154 W asqi    : 	at hpvd.f(:com.google.android.gms@262434035@26.24.34 (260400-938041327):1)
07-07 23:03:56.677  6310 29154 W asqi    : 	at hpvd.m(:com.google.android.gms@262434035@26.24.34 (260400-938041327):101)
07-07 23:03:56.677  6310 29154 W asqi    : 	at hpvd.p(:com.google.android.gms@262434035@26.24.34 (260400-938041327):15)
07-07 23:03:56.677  6310 29154 W asqi    : 	at hpvp.e(:com.google.android.gms@262434035@26.24.34 (260400-938041327):1)
07-07 23:03:56.677  6310 29154 W asqi    : 	at hpvq.run(:com.google.android.gms@262434035@26.24.34 (260400-938041327):53)
07-07 23:03:56.677  6310 29154 W asqi    : 	at hpxd.execute(:com.google.android.gms@262434035@26.24.34 (260400-938041327):1)
07-07 23:03:56.677  6310 29154 W asqi    : 	at hpvd.f(:com.google.android.gms@262434035@26.24.34 (260400-938041327):1)
07-07 23:03:56.677  6310 29154 W asqi    : 	at hpvd.m(:com.google.android.gms@262434035@26.24.34 (260400-938041327):101)
07-07 23:03:56.678  6310 29154 W asqi    : 	at hpux.run(:com.google.android.gms@262434035@26.24.34 (260400-938041327):27)
07-07 23:03:56.678  6310 29154 W asqi    : 	at hpxd.execute(:com.google.android.gms@262434035@26.24.34 (260400-938041327):1)
07-07 23:03:56.678  6310 29154 W asqi    : 	at hpxh.c(:com.google.android.gms@262434035@26.24.34 (260400-938041327):1)
07-07 23:03:56.678  6310 29154 W asqi    : 	at hpxh.b(:com.google.android.gms@262434035@26.24.34 (260400-938041327):34)
07-07 23:03:56.678  6310 29154 W asqi    : 	at hpys.done(:com.google.android.gms@262434035@26.24.34 (260400-938041327):3)
07-07 23:03:56.678  6310 29154 W asqi    : 	at java.util.concurrent.FutureTask.finishCompletion(FutureTask.java:445)
07-07 23:03:56.678  6310 29154 W asqi    : 	at java.util.concurrent.FutureTask.set(FutureTask.java:296)
07-07 23:03:56.678  6310 29154 W asqi    : 	at java.util.concurrent.FutureTask.run(FutureTask.java:336)
07-07 23:03:56.678  6310 29154 W asqi    : 	at hpzg.run(:com.google.android.gms@262434035@26.24.34 (260400-938041327):64)
07-07 23:03:56.678  6310 29154 W asqi    : 	... 6 more
07-07 23:03:56.681 28667 28667 I BaseKeyboardSizeHelper: BaseKeyboardSizeHelper.calculateMaxKeyboardBodyHeight():73 leave 321 height for app when ime window height:2551, header height:132 and isFullscreenMode:false, so the max keyboard body height is:2098
07-07 23:03:56.681 28667 28667 I EmojiAndGlobeKeyExtension: EmojiAndGlobeKeyExtension.getKeyboardInitialStates():164 
07-07 23:03:56.682 28667 28667 W Keyboard: Keyboard.getKeyboardViewHelper():608 null helper is returned: keyboardDef=out{processedConditions={device=phone, enable_pk_simulator=false, android_software_xr_api_spatial=false, free_cursor=false, enable_free_cursor_by_long_press_space=true, enable_scrub_move=true, layout_9key_split=false, expressions=normal, language=en-GB, variant=qwerty, show_comma_key=true, show_period_key=true, keyboard_mode=normal, pref_enable_flick_symbols=false, show_secondary_digits=false, enable_secondary_symbols=false, enable_number_row=true}, globalConditions={global_theme_key=theme,!gsf,!pgsans,!pgsf,!use_system_font,BORDER,FLAVOR_DPI=XXHDPI,KEYBOARD_WIDTH_CATEGORY=NORMAL,KEY_BORDER_SHAPE=1,LIGHT_THEME=false,PHYSICAL_DIAGONAL=6.163966,POPUP,SCREEN_SHORTEST_WIDTH=420,SCREEN_SHORTEST_WIDTH_NO_SCALE=420,SW400DP,XXHDPI,bottom4dp,enable_popup_on_keypress=true,keyboard_redesign_google_sans=true,non_linear_scale,noshadow,overlay_builtin_dynamic_color_dark_base.binarypb:gm3-dark-ff121318-ffb0c6ff-c12568a3af39960a00e936260008a356,silkpopup, global_locale=en_GB, global_density_dpi=480, global_orientation=1}, className=.latin.keyboard.LatinPrimeKeyboard, resourceIds=[#0x7f1705fb, #0x7f170891], initialStates=0, keyboardViewDefs=[ovk{direction=null, id=#0x7f0b023f, isScalable=true, layoutId=#0x7f0e02c4, type=BODY, touchable=true, defaultShow=true}, ovk{direction=null, id=#0x7f0b023f, isScalable=false, layoutId=#0x7f0e021f, type=FLOATING_CANDIDATES, touchable=false, defaultShow=false}, ovk{direction=LOCALE, id=#0x7f0b023f, isScalable=false, layoutId=#0x7f0e0528, type=HEADER, touchable=true, defaultShow=true}], persistentStates=0, persistentStatesPrefKey=null, popupBubbleLayoutId=#0x7f0e0619, recentKeyLayoutId=#0x0, recentKeyPopupLayoutId=#0x0, recentKeyType=null, rememberRecentKey=NONE, sessionStates=26388279066624}, type=WIDGET, helpersCreated={HEADER=ofc@6ef99bf, BODY=ofc@d96d88c, FLOATING_CANDIDATES=ofc@77d0bd5}, context.getResources().getConfiguration(): {1.0 234mcc20mnc [en_GB] ldltr sw420dp w420dp h933dp 480dpi nrml long widecg port night finger -keyb/v/h -nav/h winConfig={ mBounds=Rect(0, 0 - 1260, 2800) mAppBounds=Rect(0, 0 - 1260, 2800) mMaxBounds=Rect(0, 0 - 1260, 2800) mDisplayRotation=ROTATION_0 mWindowingMode=fullscreen mActivityType=undefined mAlwaysOnTop=undefined mRotation=ROTATION_0 isEmbedding:false} s.110 fontWeightAdjustment=0 themeId=2 themeParameter=0 nightModeLevel = -1 typefaceChanged=0.0 eaMode=1}
07-07 23:03:56.685 28667 28667 I BaseKeyboardSizeHelper: BaseKeyboardSizeHelper.calculateMaxKeyboardBodyHeight():73 leave 321 height for app when ime window height:2551, header height:132 and isFullscreenMode:false, so the max keyboard body height is:2098
07-07 23:03:56.700  2171  2171 D AutofillSession: clearPendingIntentLocked
07-07 23:03:56.700 28667 28667 W HWUI    : Image decoding logging dropped!
07-07 23:03:56.700 28667 28667 I InputBundleManager: InputBundleManager.startInput():371 startInput() with KeyboardTypeAndPayload(keyboardType=prime, payload=null)
07-07 23:03:56.701 28667 28667 I PkModeUpdater: PkModeUpdater.onActivate():95 End PK mode: disablePkMode=false, entry=nyk{languageTag=en-GB, variant=qwerty, hasLocalizedResources=true, conditionCacheKey=_android_software_xr_api_spatial=false_app_first_start_timestamp=1704162602238_device=phone_device_size=default_enable_free_cursor_by_long_press_space=true_enable_number_row=true_enable_number_row_in_password=true_enable_pk_simulator=false_enable_pk_simulator_setting=false_enable_scrub_move=true_enable_secondary_digits=true_enable_secondary_symbols=false_expressions=normal_four_or_more_letter_rows=false_free_cursor=false_keyboard_font_size_setting=_keyboard_mode=normal_language=en-GB_layout_9key_split=false_orientation=portrait_physical_keyboard=nokeys_pk_simulator_vk_ready=false_pref_enable_flick_symbols=false_rtl_layout=false_show_comma_key=true_show_period_key=true_show_secondary_digits=false_show_suggestion_strip=true_show_suggestions=true_split_with_duplicate_keys=true_true=true_variant=qwerty_writing_helper_enable_by_word_revert=false, imeDef.stringId=ime_english_great_britain, imeDef.className=com.google.android.apps.inputmethod.libs.latin5.LatinIme, imeDef.languageTag=en-GB}, editorInfo=android.view.inputmethod.EditorInfo@f4970bb
07-07 23:03:56.701 28667 28667 I AccessoryInputModeManager: AccessoryInputModeManager.onModeStarted():356 Accessory input mode started: null
07-07 23:03:56.701  5385  5385 V InlineSuggestionRenderService: handleDestroySuggestionViews called for 0:1677905559
07-07 23:03:56.701 28667 28667 W SupplementaryKeyboardsWrapper: SupplementaryKeyboardsWrapper.deactivateKeyboard():162 keyboard accessory_candidates_consumer is not activated before!
07-07 23:03:56.701 28667 28667 I EmojiAndGlobeKeyExtension: EmojiAndGlobeKeyExtension.onActivate():109 
07-07 23:03:56.703  6831 23752 I SyncManager: (REDACTED) Executing sync(type=%s%s)
07-07 23:03:56.703 28667 28667 I KeyboardModeUtils: KeyboardModeUtils.getKeyboardBottomOffset():435 inch: 0.000000 ydpi: 452.704987 adjustKeyboardBottomByDisplaySize: false currentDensityDpi: 480 defaultDensityDpi: 480 keyboardBottomToScreenPx: 0 keyboardBottomToNavBarPx: -126 navBarHeight: 126
07-07 23:03:56.703 28667 28667 I BaseKeyboardSizeHelper: BaseKeyboardSizeHelper.calculateMaxKeyboardBodyHeight():73 leave 321 height for app when ime window height:2551, header height:132 and isFullscreenMode:false, so the max keyboard body height is:2098
07-07 23:03:56.703 28667 28667 I BaseKeyboardSizeHelper: BaseKeyboardSizeHelper.calculateMaxKeyboardBodyHeight():73 leave 321 height for app when ime window height:2551, header height:132 and isFullscreenMode:false, so the max keyboard body height is:2098
07-07 23:03:56.704 28667 28667 I KeyboardViewManager: KeyboardViewManager.updateKeyboardBottomFrame():518 Set bottomFrameHeight = 6 while holderPaddingBottom = 6; navigationHeight = 126
07-07 23:03:56.704 28667 28667 I BaseKeyboardSizeHelper: BaseKeyboardSizeHelper.calculateMaxKeyboardBodyHeight():73 leave 321 height for app when ime window height:2551, header height:132 and isFullscreenMode:false, so the max keyboard body height is:2098
07-07 23:03:56.704 28667 28667 I BaseKeyboardSizeHelper: BaseKeyboardSizeHelper.calculateMaxKeyboardBodyHeight():73 leave 321 height for app when ime window height:2551, header height:132 and isFullscreenMode:false, so the max keyboard body height is:2098
07-07 23:03:56.704 28667 28667 I BaseKeyboardSizeHelper: BaseKeyboardSizeHelper.calculateMaxKeyboardBodyHeight():73 leave 321 height for app when ime window height:2551, header height:132 and isFullscreenMode:false, so the max keyboard body height is:2098
07-07 23:03:56.704 28667 28667 W ExtensionWrapper: ExtensionWrapper.setExtensionViewVisibility():878 interface oiy is not activate
07-07 23:03:56.706 28667 28667 I VoiceInputManagerWrapper: VoiceInputManagerWrapper.cancelShutdown():109 cancelShutdown() [RD]
07-07 23:03:56.706 28667 28667 I VoiceInputManagerWrapper: VoiceInputManagerWrapper.syncLanguagePacks():121 syncLanguagePacks() [RD]
07-07 23:03:56.707 28667 28153 I SpeechFactory: SpeechRecognitionFactory.maybeScheduleAutoPackDownloadForFallback():224 maybeScheduleAutoPackDownloadForFallback()
07-07 23:03:56.707 28667 28153 I FallbackOnDeviceRecognitionProvider: FallbackOnDeviceRecognitionProvider.maybeScheduleAutoPackDownload():213 maybeScheduleAutoPackDownload() for language tag en-GB
07-07 23:03:56.708 28667 28153 I SpeechPackManager: SpeechPackManager.isPackAvailableToDownload():224 isPackAvailableToDownload() : LanguageTag = en-GB : ManifestUrl = https://dl.google.com/android/voice/gboard/terse/superpacks-manifest-20210519.json
07-07 23:03:56.709 28667 28667 I VoiceInputManager: VoiceInputManager.onKeyboardActivated():1259 onKeyboardActivated() [UD]
07-07 23:03:56.709 28667 28667 I UniversalDictationUiProvider: UniversalDictationUiProvider.onActivate():63 onActivate() [UD]
07-07 23:03:56.711 28667 28667 I Module  : DeviceLockedStatusModuleProvider$Module.updateDeviceLockedStatusInternal():129 repeatCheckTimes = 1, locked = false
07-07 23:03:56.711 28667 28667 I VoiceImeUtils: VoiceImeUtils.shouldStartVoiceInputAutomaticallyInCurrentInputBox():154 No private IME option set to start voice input. [RD]
