07-07 23:04:11.071 20045 20045 D WM-WorkerWrapper: Starting work for com.linkedin.tracking.grpc.transport.restproxy.worker.RestProxyWorker
07-07 23:04:11.077 20045 20114 D WM-WorkConstraintsTrack: NetworkRequestConstraintController register shared callback
07-07 23:04:11.078 20045 20045 D WM-WorkerWrapper: Starting work for com.linkedin.tracking.grpc.transport.restproxy.worker.RestProxyWorker
07-07 23:04:11.080 20045 20114 I WM-WorkerWrapper: Worker result SUCCESS for Work [ id=014acf83-f44a-418b-8766-6479468c5514, tags={ com.linkedin.android.litrackinglib.network.SendTrackingEventWorker,period_sync_work } ]
07-07 23:04:11.084 24861 30179 I HxAuthDelegate: wwwAuthenticateValues size: 0
07-07 23:04:11.084 24861 30179 I HxAuthDelegate: Server: outlook.office365.com
07-07 23:04:11.084 24861 30179 I HxAuthDelegate: GetAccessToken for 73 00000000-0000-0000-d6c2-750100000000 ExpirationInMs -11644473600000 CurrentTimeInMs 1783461851084 Token expired true. Has token true AppInitialized true. If app has not been initialized, that is very unexpected
07-07 23:04:11.084 20045 20134 I WM-WorkerWrapper: Worker result SUCCESS for Work [ id=70f34a73-6b67-45c9-b5e7-25aa7defcf18, tags={ com.linkedin.tracking.grpc.transport.restproxy.worker.RestProxyWorker,grest_dispatch_batches } ]
07-07 23:04:11.085 24861 30179 E HxHelper: No wwwAuthenticateValue found
07-07 23:04:11.086 20045 20045 D WM-Processor: Processor 014acf83-f44a-418b-8766-6479468c5514 executed; reschedule = false
07-07 23:04:11.085 24861 30179 E HxAuthDelegate: Null WWWAuthenticateValue for accountId: 32857
07-07 23:04:11.086 24861 30179 I HxAuthDelegate: Claim is null for accountId: 32857
07-07 23:04:11.086 24861 30179 I HxAuthDelegate: Nonce is null for accountId: 32857
07-07 23:04:11.086 24861 30179 I HxAuthDelegate: Trying to acquire Bearer for server: outlook.office365.com path: null accountId: 32857
07-07 23:04:11.088 20045 20109 D WM-WorkConstraintsTrack: NetworkRequestConstraintController onCapabilitiesChanged callback
07-07 23:04:11.088 20045 20109 D WM-WorkConstraintsTrack: Not dispatching constraint state yet: isBlocked=null, capabilitiesInitialized=true
07-07 23:04:11.088 20045 20109 D WM-WorkConstraintsTrack: NetworkRequestConstraintController onBlockedStatusChanged callback false
07-07 23:04:11.094 20045 20045 D WM-GreedyScheduler: Stopping tracking for WorkGenerationalId(workSpecId=014acf83-f44a-418b-8766-6479468c5514, generation=0)
07-07 23:04:11.094 20045 20045 D WM-SystemJobService: 014acf83-f44a-418b-8766-6479468c5514 executed on JobScheduler
07-07 23:04:11.094 20045 20045 D WM-Processor: Processor 70f34a73-6b67-45c9-b5e7-25aa7defcf18 executed; reschedule = false
07-07 23:04:11.094 20045 20045 D WM-GreedyScheduler: Stopping tracking for WorkGenerationalId(workSpecId=70f34a73-6b67-45c9-b5e7-25aa7defcf18, generation=0)
07-07 23:04:11.095 24861 30199 I TokenStoreManager: Starting to acquire token for scope Primary for accountId: 32857
07-07 23:04:11.095 24861 30199 I TokenStoreManager: TokenStore bypass disabled
07-07 23:04:11.096 24861 30199 I TokenStoreManager: Token not in cache or claims are present, accountId: 32857, resource: service::outlook.office.com::MBI_SSL, areClaimsPresent: false, correlationId: ab531e9a-4f7b-403d-8e55-839dd01fc10d
07-07 23:04:11.096 24861 30199 I TokenStoreManager: Starting to fetch token from token acquirer for accountId: 32857 resource: service::outlook.office.com::MBI_SSL
07-07 23:04:11.097 20045 20045 D WM-SystemJobService: 70f34a73-6b67-45c9-b5e7-25aa7defcf18 executed on JobScheduler
07-07 23:04:11.099 24861 30199 I outlook.oneauth: Silently trying to acquire token for oneAuthAccountId <pii:981a4d9b40600f51955df891d068d706b6148ff9b629b458c1bcebfdb2ac66992e30d7479f4597caa6847b50ff9e347de1c5415c04eb5e5043c3f5744b2b7eb7> for resource service::outlook.office.com::MBI_SSL with correlationId ab531e9a-4f7b-403d-8e55-839dd01fc10d.oldToken in parameters?: true
07-07 23:04:11.100 24861 30199 I OneAuthLog: [OneAuth:0022:Info:4yqdw:ab531e9a] Starting transaction for readaccountbyid
07-07 23:04:11.100 24861 30199 I outlook.oneauth: [OneAuth] [OneAuth:0022:Info:4yqdw:ab531e9a] Starting transaction for readaccountbyid
07-07 23:04:11.102 24861 30199 I OneAuthLog: [OneAuth:0022:Info:4yqdn:ab531e9a] Starting transaction for acquirecredentialsilently
07-07 23:04:11.102 24861 30199 I outlook.oneauth: [OneAuth] [OneAuth:0022:Info:4yqdn:ab531e9a] Starting transaction for acquirecredentialsilently
07-07 23:04:11.103 24861 30199 I OneAuthLog: [OneAuth:0022:Info:9zkae:ab531e9a] Start task AcquireCredentialSilently [13]
07-07 23:04:11.103 30174 30174 W eddit.frontpage: Failed to find entry 'classes.dex': Entry not found
07-07 23:04:11.103 24861 30199 I outlook.oneauth: [OneAuth] [OneAuth:0022:Info:9zkae:ab531e9a] Start task AcquireCredentialSilently [13]
07-07 23:04:11.103 24861 30199 I OneAuthLog: [OneAuth:0022:Info:4p5fv:ab531e9a] isAdfs false
07-07 23:04:11.103 24861 30199 I outlook.oneauth: [OneAuth] [OneAuth:0022:Info:4p5fv:ab531e9a] isAdfs false
07-07 23:04:11.104 24861 30199 I OneAuthLog: [OneAuth:0022:Info:38umz:ab531e9a] isCiam false
07-07 23:04:11.104 24861 30199 I outlook.oneauth: [OneAuth] [OneAuth:0022:Info:38umz:ab531e9a] isCiam false
07-07 23:04:11.104 24861 30199 I OneAuthLog: [MSAL:0022]	INFO   	SetAuthorityUri:80	Initializing authority from URI 'https://login.microsoftonline.com/consumers' without authority type, detected type 'ms_sts'
07-07 23:04:11.104 30174 30174 W eddit.frontpage: Failed to find entry 'classes.dex': Entry not found
07-07 23:04:11.104 24861 30199 I outlook.oneauth: [OneAuth] [MSAL:0022]	INFO   	SetAuthorityUri:80	Initializing authority from URI 'https://login.microsoftonline.com/consumers' without authority type, detected type 'ms_sts'
07-07 23:04:11.104 24861 30199 I OneAuthLog: [MSAL:0022]	INFO   	SetCorrelationId:241	Set correlation ID: ab531e9a-4f7b-403d-8e55-839dd01fc10d
07-07 23:04:11.104 24861 30199 I outlook.oneauth: [OneAuth] [MSAL:0022]	INFO   	SetCorrelationId:241	Set correlation ID: ab531e9a-4f7b-403d-8e55-839dd01fc10d
07-07 23:04:11.105 30174 30174 W eddit.frontpage: Failed to find entry 'classes.dex': Entry not found
07-07 23:04:11.105 24861 30199 I OneAuthLog: [MSAL:0022]	INFO   	EnqueueBackgroundRequest:1245	The original authority is 'https://login.microsoftonline.com/consumers'
07-07 23:04:11.105 24861 30199 I outlook.oneauth: [OneAuth] [MSAL:0022]	INFO   	EnqueueBackgroundRequest:1245	The original authority is 'https://login.microsoftonline.com/consumers'
07-07 23:04:11.105 24861 30199 I OneAuthLog: [MSAL:0022]	INFO   	ModifyAndValidateAuthParameters:251	Authority Realm: consumers
07-07 23:04:11.105 24861 30199 I outlook.oneauth: [OneAuth] [MSAL:0022]	INFO   	ModifyAndValidateAuthParameters:251	Authority Realm: consumers
07-07 23:04:11.106 30174 30174 D nativeloader: Configuring clns-9 for other apk /data/app/~~-A1DUsjR5hmSz_5oQLOKBQ==/com.reddit.frontpage-ygSKkmozr3qh6ns7wrSNHg==/base.apk:/data/app/~~-A1DUsjR5hmSz_5oQLOKBQ==/com.reddit.frontpage-ygSKkmozr3qh6ns7wrSNHg==/split_config.arm64_v8a.apk:/data/app/~~-A1DUsjR5hmSz_5oQLOKBQ==/com.reddit.frontpage-ygSKkmozr3qh6ns7wrSNHg==/split_config.en.apk:/data/app/~~-A1DUsjR5hmSz_5oQLOKBQ==/com.reddit.frontpage-ygSKkmozr3qh6ns7wrSNHg==/split_config.xxhdpi.apk. target_sdk_version=36, uses_libraries=, library_path=/data/app/~~-A1DUsjR5hmSz_5oQLOKBQ==/com.reddit.frontpage-ygSKkmozr3qh6ns7wrSNHg==/lib/arm64:/data/app/~~-A1DUsjR5hmSz_5oQLOKBQ==/com.reddit.frontpage-ygSKkmozr3qh6ns7wrSNHg==/base.apk!/lib/arm64-v8a:/data/app/~~-A1DUsjR5hmSz_5oQLOKBQ==/com.reddit.frontpage-ygSKkmozr3qh6ns7wrSNHg==/split_config.arm64_v8a.apk!/lib/arm64-v8a:/data/app/~~-A1DUsjR5hmSz_5oQLOKBQ==/com.reddit.frontpage-ygSKkmozr3qh6ns7wrSNHg==/split_config.en.apk!/lib/arm64-v8a:/data/app/~~-A1DUsjR5hmSz_5oQLOKBQ==/com.reddit.frontpage-ygSKkmozr3qh6ns7wrSNHg=
07-07 23:04:11.107 24861 25078 I OneAuthLog: [OneAuth:0005:Info::00000000] [Common] [2026-07-07 22:04:11 - thread_id: 181, correlation_id: Data associated to the given key is null or empty - Android 36]    
07-07 23:04:11.107 24861 25078 I outlook.oneauth: [OneAuth] [OneAuth:0005:Info::00000000] [Common] [2026-07-07 22:04:11 - thread_id: 181, correlation_id: Data associated to the given key is null or empty - Android 36]    
07-07 23:04:11.116 24861 25078 I OneAuthLog: [OneAuth:0005:Info::00000000] [Common] [2026-07-07 22:04:11 - thread_id: 181, correlation_id: UNSET - Android 36] Returning cached broker: com.azure.authenticator::Gu8CuaYmSV5CHWd6dz3tGPXIE+YTalCVIXi5lEBXpvUgsMKoHbU9Rqou3WNRNU1tsz8pvEADTCCJ5f02fbw9qw==   
07-07 23:04:11.117 24861 25078 I outlook.oneauth: [OneAuth] [OneAuth:0005:Info::00000000] [Common] [2026-07-07 22:04:11 - thread_id: 181, correlation_id: UNSET - Android 36] Returning cached broker: com.azure.authenticator::Gu8CuaYmSV5CHWd6dz3tGPXIE+YTalCVIXi5lEBXpvUgsMKoHbU9Rqou3WNRNU1tsz8pvEADTCCJ5f02fbw9qw==   
07-07 23:04:11.121 24861 26208 I OneAuthLog: [MSAL:0008]	INFO   	SetCanonicalRealm:1181	Normalize realm to: '9188040d-6c67-4c5b-b112-36a304b66dad'
07-07 23:04:11.121 24861 26208 I outlook.oneauth: [OneAuth] [MSAL:0008]	INFO   	SetCanonicalRealm:1181	Normalize realm to: '9188040d-6c67-4c5b-b112-36a304b66dad'
07-07 23:04:11.121 24861 26208 I OneAuthLog: [MSAL:0008]	INFO   	TryUseStorage:145	Try to read account from universal storage.
07-07 23:04:11.121 24861 26208 I outlook.oneauth: [OneAuth] [MSAL:0008]	INFO   	TryUseStorage:145	Try to read account from universal storage.
07-07 23:04:11.123 24861 26208 I OneAuthLog: [MSAL:0008]	INFO   	StorageTokenResponse:89	StorageTokenResponse account constructor invoked. This is only expected in Runtime flows
07-07 23:04:11.123 24861 26208 I outlook.oneauth: [OneAuth] [MSAL:0008]	INFO   	StorageTokenResponse:89	StorageTokenResponse account constructor invoked. This is only expected in Runtime flows
07-07 23:04:11.123 30174 30174 I eddit.frontpage: AssetManager2(0xb4000077a02861d8) locale list changing from [] to [en-GB]
07-07 23:04:11.134 20045 20134 I WM-WorkerWrapper: Worker result SUCCESS for Work [ id=92bc401d-7c6f-41cd-bb0c-9af2c0868967, tags={ com.linkedin.tracking.grpc.transport.restproxy.worker.RestProxyWorker,grest_cleanup } ]
07-07 23:04:11.141 20045 20045 D WM-Processor: Processor 92bc401d-7c6f-41cd-bb0c-9af2c0868967 executed; reschedule = false
07-07 23:04:11.141 20045 20045 D WM-SystemJobService: 92bc401d-7c6f-41cd-bb0c-9af2c0868967 executed on JobScheduler
07-07 23:04:11.142 20045 20133 D WM-WorkConstraintsTrack: NetworkRequestConstraintController send initial capabilities
07-07 23:04:11.144 20045 20133 I WM-WorkerWrapper: Worker result SUCCESS for Work [ id=2e7d799c-fac2-417f-8a6a-349f8650c6de, tags={ com.linkedin.tracking.grpc.transport.restproxy.worker.RestProxyWorker,grest_dispatch_batches } ]
07-07 23:04:11.144 30174 30174 V GraphicsEnvironment: Currently set values for:
07-07 23:04:11.144 30174 30174 V GraphicsEnvironment:   angle_gl_driver_selection_pkgs=[com.android.angle, com.linecorp.b612.android, com.campmobile.snow, com.google.android.apps.tachyon]
07-07 23:04:11.144 30174 30174 V GraphicsEnvironment:   angle_gl_driver_selection_values=[angle, native, native, native]
07-07 23:04:11.144 30174 30174 V GraphicsEnvironment: com.reddit.frontpage is not listed in per-application setting
07-07 23:04:11.145 30174 30174 V GraphicsEnvironment: ANGLE allowlist from config: 
07-07 23:04:11.145 30174 30174 V GraphicsEnvironment: com.reddit.frontpage is not listed in ANGLE allowlist or settings, returning default
07-07 23:04:11.145 30174 30174 V GraphicsEnvironment: Neither updatable production driver nor prerelease driver is supported.
07-07 23:04:11.145 20045 20045 D WM-Processor: Processor 2e7d799c-fac2-417f-8a6a-349f8650c6de executed; reschedule = false
07-07 23:04:11.145 20045 20045 D WM-GreedyScheduler: Stopping tracking for WorkGenerationalId(workSpecId=2e7d799c-fac2-417f-8a6a-349f8650c6de, generation=0)
07-07 23:04:11.145 20045 20045 D WM-SystemJobService: 2e7d799c-fac2-417f-8a6a-349f8650c6de executed on JobScheduler
07-07 23:04:11.146 24861 25078 I OneAuthLog: [OneAuth:0005:Info::00000000] [Common] [2026-07-07 22:04:11 - thread_id: 181, correlation_id: ab531e9a-4f7b-403d-8e55-839dd01fc10d - Android 36] Found [86] Accounts...   
07-07 23:04:11.146 24861 25078 I outlook.oneauth: [OneAuth] [OneAuth:0005:Info::00000000] [Common] [2026-07-07 22:04:11 - thread_id: 181, correlation_id: ab531e9a-4f7b-403d-8e55-839dd01fc10d - Android 36] Found [86] Accounts...   
07-07 23:04:11.148 24861 26208 W OneAuthLog: [MSAL:0008]	WARNING	DiscardAccessAndIdTokensIfUnusable:960	No access token found in the cache
07-07 23:04:11.148 24861 26208 W outlook.oneauth: [OneAuth] [MSAL:0008]	WARNING	DiscardAccessAndIdTokensIfUnusable:960	No access token found in the cache
07-07 23:04:11.149 24861 25078 I OneAuthLog: [OneAuth:0005:Info::00000000] [Common] [2026-07-07 22:04:11 - thread_id: 181, correlation_id: UNSET - Android 36] Found [86] Accounts...   
07-07 23:04:11.149 24861 25078 I outlook.oneauth: [OneAuth] [OneAuth:0005:Info::00000000] [Common] [2026-07-07 22:04:11 - thread_id: 181, correlation_id: UNSET - Android 36] Found [86] Accounts...   
07-07 23:04:11.155 20045 20133 D WM-GreedyScheduler: Cancelling work ID 014acf83-f44a-418b-8766-6479468c5514
07-07 23:04:11.160 20045 20133 D WM-SystemJobScheduler: Scheduling work ID 014acf83-f44a-418b-8766-6479468c5514Job ID -2147482841
07-07 23:04:11.179 20045 20045 D WM-DelayedWorkTracker: Scheduling work cb4470ad-c5d1-4bbe-bb75-daafcda2b03b
07-07 23:04:11.179 20045 20045 D WM-GreedyScheduler: Starting tracking for cb4470ad-c5d1-4bbe-bb75-daafcda2b03b
07-07 23:04:11.181 20045 20133 D WM-SystemJobScheduler: Scheduling work ID 70f34a73-6b67-45c9-b5e7-25aa7defcf18Job ID -2147482830
07-07 23:04:11.183 20045 20133 D WM-SystemJobScheduler: Scheduling work ID 92bc401d-7c6f-41cd-bb0c-9af2c0868967Job ID -2147482821
07-07 23:04:11.189 24861 26208 W OneAuthLog: [MSAL:0008]	WARNING	GetPlatformPropertiesFromStorage:2245	No account found in cache.
07-07 23:04:11.189 20045 20133 D WM-GreedyScheduler: Starting tracking for b2117412-d7ce-4226-8d7b-3aeb82f5c4a5,e1bc0e39-040e-4647-bff8-ea6edf227990,efa37a11-5037-482b-a076-864b2f5292e9,3c8cd219-4de7-4309-acc2-5f6103f78756,9cfb23d5-8344-47f1-98f5-31ec19d903ad,cb4470ad-c5d1-4bbe-bb75-daafcda2b03b,6ca67675-2167-43d9-94a1-2945fe6be47e
07-07 23:04:11.189 24861 26208 W outlook.oneauth: [OneAuth] [MSAL:0008]	WARNING	GetPlatformPropertiesFromStorage:2245	No account found in cache.
07-07 23:04:11.193 24861 25078 I OneAuthLog: [OneAuth:0005:Info::00000000] [Common] [2026-07-07 22:04:11 - thread_id: 181, correlation_id: UNSET - Android 36] Found [86] Accounts...   
07-07 23:04:11.193 24861 25078 I outlook.oneauth: [OneAuth] [OneAuth:0005:Info::00000000] [Common] [2026-07-07 22:04:11 - thread_id: 181, correlation_id: UNSET - Android 36] Found [86] Accounts...   
07-07 23:04:11.194 24861 25078 I OneAuthLog: [OneAuth:0005:Info::00000000] [Common] [2026-07-07 22:04:11 - thread_id: 181, correlation_id: UNSET - Android 36] No account found for the passing in homeAccountId: 00000000-0000-0000-e90c-f14e570b88aa.9188040d-6c67-4c5b-b112-36a304b66dad environment: login.microsoftonline.com realm: 9188040d-6c67-4c5b-b112-36a304b66dad   
07-07 23:04:11.194 24861 25078 I outlook.oneauth: [OneAuth] [OneAuth:0005:Info::00000000] [Common] [2026-07-07 22:04:11 - thread_id: 181, correlation_id: UNSET - Android 36] No account found for the passing in homeAccountId: 00000000-0000-0000-e90c-f14e570b88aa.9188040d-6c67-4c5b-b112-36a304b66dad environment: login.microsoftonline.com realm: 9188040d-6c67-4c5b-b112-36a304b66dad   
07-07 23:04:11.194 24861 25078 I OneAuthLog: [OneAuth:0005:Info::00000000] [Common] [2026-07-07 22:04:11 - thread_id: 181, correlation_id: Data associated to the given key is null or empty - Android 36]    
07-07 23:04:11.194 24861 25078 I outlook.oneauth: [OneAuth] [OneAuth:0005:Info::00000000] [Common] [2026-07-07 22:04:11 - thread_id: 181, correlation_id: Data associated to the given key is null or empty - Android 36]    
07-07 23:04:11.194 24861 25078 I OneAuthLog: [OneAuth:0005:Info::00000000] [Common] [2026-07-07 22:04:11 - thread_id: 181, correlation_id: UNSET - Android 36] Returning cached broker: com.azure.authenticator::Gu8CuaYmSV5CHWd6dz3tGPXIE+YTalCVIXi5lEBXpvUgsMKoHbU9Rqou3WNRNU1tsz8pvEADTCCJ5f02fbw9qw==   
07-07 23:04:11.194 24861 25078 I outlook.oneauth: [OneAuth] [OneAuth:0005:Info::00000000] [Common] [2026-07-07 22:04:11 - thread_id: 181, correlation_id: UNSET - Android 36] Returning cached broker: com.azure.authenticator::Gu8CuaYmSV5CHWd6dz3tGPXIE+YTalCVIXi5lEBXpvUgsMKoHbU9Rqou3WNRNU1tsz8pvEADTCCJ5f02fbw9qw==   
07-07 23:04:11.194 24861 25078 I OneAuthLog: [OneAuth:0005:Info::00000000] [Common] [2026-07-07 22:04:11 - thread_id: 181, correlation_id: UNSET - Android 36] Executing with IIpcStrategy: ContentProviderStrategy   
07-07 23:04:11.194 24861 25078 I outlook.oneauth: [OneAuth] [OneAuth:0005:Info::00000000] [Common] [2026-07-07 22:04:11 - thread_id: 181, correlation_id: UNSET - Android 36] Executing with IIpcStrategy: ContentProviderStrategy   
07-07 23:04:11.195 24861 25078 I OneAuthLog: [OneAuth:0005:Info::00000000] [Common] [2026-07-07 22:04:11 - thread_id: 181, correlation_id: UNSET - Android 36] Constructing result bundle from AcquireTokenSilentOperationParameters.   
07-07 23:04:11.195 24861 25078 I outlook.oneauth: [OneAuth] [OneAuth:0005:Info::00000000] [Common] [2026-07-07 22:04:11 - thread_id: 181, correlation_id: UNSET - Android 36] Constructing result bundle from AcquireTokenSilentOperationParameters.   
07-07 23:04:11.195 24861 25078 I OneAuthLog: [OneAuth:0005:Info::00000000] [Common] [2026-07-07 22:04:11 - thread_id: 181, correlation_id: UNSET - Android 36] Broker Result, raw payload size:960 ,compressed bytes size: 515   
07-07 23:04:11.195 24861 25078 I outlook.oneauth: [OneAuth] [OneAuth:0005:Info::00000000] [Common] [2026-07-07 22:04:11 - thread_id: 181, correlation_id: UNSET - Android 36] Broker Result, raw payload size:960 ,compressed bytes size: 515   
07-07 23:04:11.201 20045 20133 D WM-GreedyScheduler: Cancelling work ID 70f34a73-6b67-45c9-b5e7-25aa7defcf18
07-07 23:04:11.217 20045 20045 D WM-SystemJobService: onStartJob for WorkGenerationalId(workSpecId=cb4470ad-c5d1-4bbe-bb75-daafcda2b03b, generation=0)
07-07 23:04:11.217 20045 20133 D WM-GreedyScheduler: Starting tracking for b2117412-d7ce-4226-8d7b-3aeb82f5c4a5,e1bc0e39-040e-4647-bff8-ea6edf227990,efa37a11-5037-482b-a076-864b2f5292e9,3c8cd219-4de7-4309-acc2-5f6103f78756,9cfb23d5-8344-47f1-98f5-31ec19d903ad,cb4470ad-c5d1-4bbe-bb75-daafcda2b03b,6ca67675-2167-43d9-94a1-2945fe6be47e
07-07 23:04:11.195 24861 25078 I OneAuthLog: [OneAuth:0005:Info::00000000] [Common] [2026-07-07 22:04:11 - thread_id: 181, correlation_id: UNSET - Android 36] Requested Active Broker Data   
07-07 23:04:11.224 24861 25078 I outlook.oneauth: [OneAuth] [OneAuth:0005:Info::00000000] [Common] [2026-07-07 22:04:11 - thread_id: 181, correlation_id: UNSET - Android 36] Requested Active Broker Data   
07-07 23:04:11.224 24861 25078 I OneAuthLog: [OneAuth:0005:Info::00000000] [Common] [2026-07-07 22:04:11 - thread_id: 181, correlation_id: UNSET - Android 36] Broker operation name: MSAL_ACQUIRE_TOKEN_SILENT brokerPackage: com.azure.authenticator   
07-07 23:04:11.224 24861 25078 I outlook.oneauth: [OneAuth] [OneAuth:0005:Info::00000000] [Common] [2026-07-07 22:04:11 - thread_id: 181, correlation_id: UNSET - Android 36] Broker operation name: MSAL_ACQUIRE_TOKEN_SILENT brokerPackage: com.azure.authenticator   
07-07 23:04:11.224 24861 25078 I OneAuthLog: [OneAuth:0005:Info::00000000] [Common] [2026-07-07 22:04:11 - thread_id: 181, correlation_id: UNSET - Android 36] Request to BrokerContentProvider for uri path /acquireTokenSilent   
07-07 23:04:11.224 24861 25078 I outlook.oneauth: [OneAuth] [OneAuth:0005:Info::00000000] [Common] [2026-07-07 22:04:11 - thread_id: 181, correlation_id: UNSET - Android 36] Request to BrokerContentProvider for uri path /acquireTokenSilent   
07-07 23:04:11.228 20045 20140 D WM-GreedyScheduler: Cancelling work ID 92bc401d-7c6f-41cd-bb0c-9af2c0868967
07-07 23:04:11.232 20045 20140 D WM-GreedyScheduler: Starting tracking for b2117412-d7ce-4226-8d7b-3aeb82f5c4a5,e1bc0e39-040e-4647-bff8-ea6edf227990,efa37a11-5037-482b-a076-864b2f5292e9,3c8cd219-4de7-4309-acc2-5f6103f78756,9cfb23d5-8344-47f1-98f5-31ec19d903ad,cb4470ad-c5d1-4bbe-bb75-daafcda2b03b,6ca67675-2167-43d9-94a1-2945fe6be47e
07-07 23:04:11.236 20045 20134 D WM-GreedyScheduler: Cancelling work ID 2e7d799c-fac2-417f-8a6a-349f8650c6de
07-07 23:04:11.239 20045 20134 D WM-GreedyScheduler: Starting tracking for b2117412-d7ce-4226-8d7b-3aeb82f5c4a5,e1bc0e39-040e-4647-bff8-ea6edf227990,efa37a11-5037-482b-a076-864b2f5292e9,3c8cd219-4de7-4309-acc2-5f6103f78756,9cfb23d5-8344-47f1-98f5-31ec19d903ad,cb4470ad-c5d1-4bbe-bb75-daafcda2b03b,6ca67675-2167-43d9-94a1-2945fe6be47e
07-07 23:04:11.240 20045 20134 D WM-Processor: Processor: processing WorkGenerationalId(workSpecId=cb4470ad-c5d1-4bbe-bb75-daafcda2b03b, generation=0)
07-07 23:04:11.241 20045 20134 D WM-GreedyScheduler: Constraints met: Scheduling work ID WorkGenerationalId(workSpecId=e1bc0e39-040e-4647-bff8-ea6edf227990, generation=0)
07-07 23:04:11.241 20045 20134 D WM-GreedyScheduler: Constraints met: Scheduling work ID WorkGenerationalId(workSpecId=9cfb23d5-8344-47f1-98f5-31ec19d903ad, generation=0)
07-07 23:04:11.241 20045 20134 D WM-GreedyScheduler: Constraints met: Scheduling work ID WorkGenerationalId(workSpecId=3c8cd219-4de7-4309-acc2-5f6103f78756, generation=0)
07-07 23:04:11.242 20045 20134 D WM-GreedyScheduler: Constraints met: Scheduling work ID WorkGenerationalId(workSpecId=efa37a11-5037-482b-a076-864b2f5292e9, generation=0)
07-07 23:04:11.242 20045 20134 D WM-GreedyScheduler: Constraints met: Scheduling work ID WorkGenerationalId(workSpecId=6ca67675-2167-43d9-94a1-2945fe6be47e, generation=0)
07-07 23:04:11.242 20045 20134 D WM-GreedyScheduler: Constraints met: Scheduling work ID WorkGenerationalId(workSpecId=b2117412-d7ce-4226-8d7b-3aeb82f5c4a5, generation=0)
07-07 23:04:11.242 20045 20134 D WM-GreedyScheduler: Constraints met: Scheduling work ID WorkGenerationalId(workSpecId=55719f04-9794-48de-8562-8b5415f56343, generation=0)
07-07 23:04:11.246 20045 20045 D WM-WorkerWrapper: Starting work for com.linkedin.tracking.grpc.transport.restproxy.worker.RestProxyWorker
07-07 23:04:11.249 20045 20134 I WM-WorkerWrapper: Worker result SUCCESS for Work [ id=cb4470ad-c5d1-4bbe-bb75-daafcda2b03b, tags={ com.linkedin.tracking.grpc.transport.restproxy.worker.RestProxyWorker,grest_dispatch_batches } ]
07-07 23:04:11.250  8214  8221 I sibilityservice: Background concurrent copying GC freed 6017KB AllocSpace bytes, 0(0B) LOS objects, 61% free, 3844KB/9988KB, paused 75us,44us total 113.342ms
07-07 23:04:11.256 20045 20045 D WM-Processor: Processor cb4470ad-c5d1-4bbe-bb75-daafcda2b03b executed; reschedule = false
07-07 23:04:11.256 20045 20045 D WM-GreedyScheduler: Stopping tracking for WorkGenerationalId(workSpecId=cb4470ad-c5d1-4bbe-bb75-daafcda2b03b, generation=0)
07-07 23:04:11.257 20045 20045 D WM-SystemJobService: cb4470ad-c5d1-4bbe-bb75-daafcda2b03b executed on JobScheduler
07-07 23:04:11.261 20045 20134 D WM-Processor: Processor: processing WorkGenerationalId(workSpecId=e1bc0e39-040e-4647-bff8-ea6edf227990, generation=0)
07-07 23:04:11.262 20045 20134 D WM-Processor: Processor: processing WorkGenerationalId(workSpecId=9cfb23d5-8344-47f1-98f5-31ec19d903ad, generation=0)
07-07 23:04:11.264 20045 20134 D WM-Processor: Processor: processing WorkGenerationalId(workSpecId=3c8cd219-4de7-4309-acc2-5f6103f78756, generation=0)
07-07 23:04:11.265 20045 20134 D WM-Processor: Processor: processing WorkGenerationalId(workSpecId=efa37a11-5037-482b-a076-864b2f5292e9, generation=0)
07-07 23:04:11.265 20045 20134 D WM-Processor: Processor: processing WorkGenerationalId(workSpecId=6ca67675-2167-43d9-94a1-2945fe6be47e, generation=0)
07-07 23:04:11.267 20045 20134 D WM-Processor: Processor: processing WorkGenerationalId(workSpecId=b2117412-d7ce-4226-8d7b-3aeb82f5c4a5, generation=0)
07-07 23:04:11.270 20045 20134 D WM-Processor: Work WorkGenerationalId(workSpecId=55719f04-9794-48de-8562-8b5415f56343, generation=0) is already enqueued for processing
07-07 23:04:11.271 20045 20140 D WM-WorkConstraintsTrack: NetworkRequestConstraintController send initial capabilities
07-07 23:04:11.274 20045 20140 D WM-GreedyScheduler: Cancelling work ID cb4470ad-c5d1-4bbe-bb75-daafcda2b03b
07-07 23:04:11.289 20045 20140 D WM-SystemJobScheduler: Scheduling work ID cb4470ad-c5d1-4bbe-bb75-daafcda2b03bJob ID -2147482824
07-07 23:04:11.296 20045 20045 D WM-WorkerWrapper: Starting work for com.linkedin.tracking.grpc.transport.restproxy.worker.RestProxyWorker
07-07 23:04:11.299 20045 20045 D WM-WorkerWrapper: Starting work for com.linkedin.tracking.grpc.transport.restproxy.worker.RestProxyWorker
07-07 23:04:11.304 20045 20045 D WM-WorkerWrapper: Starting work for com.linkedin.lieventobservability.sync.TelemetryObserveWorker
07-07 23:04:11.307 20045 20045 D WM-WorkerWrapper: Starting work for com.linkedin.tracking.grpc.transport.restproxy.worker.RestProxyWorker
07-07 23:04:11.309 20045 20045 D WM-WorkerWrapper: Starting work for com.linkedin.tracking.grpc.transport.restproxy.worker.RestProxyWorker
07-07 23:04:11.311 20045 20045 D WM-WorkerWrapper: Starting work for com.linkedin.tracking.grpc.transport.restproxy.worker.RestProxyWorker
07-07 23:04:11.313 20045 20140 I WM-WorkerWrapper: Worker result RETRY for Work [ id=55719f04-9794-48de-8562-8b5415f56343, tags={ com.linkedin.tracking.grpc.transport.restproxy.worker.RestProxyWorker,grest_dispatch_batches } ]
07-07 23:04:11.318 20045 20045 D WM-Processor: Processor 55719f04-9794-48de-8562-8b5415f56343 executed; reschedule = true
07-07 23:04:11.319 20045 20133 I WM-WorkerWrapper: Worker result SUCCESS for Work [ id=9cfb23d5-8344-47f1-98f5-31ec19d903ad, tags={ com.linkedin.tracking.grpc.transport.restproxy.worker.RestProxyWorker,grest_dispatch_batches } ]
07-07 23:04:11.321 20045 20045 D WM-GreedyScheduler: Stopping tracking for WorkGenerationalId(workSpecId=55719f04-9794-48de-8562-8b5415f56343, generation=0)
07-07 23:04:11.321 20045 20045 D WM-SystemJobService: 55719f04-9794-48de-8562-8b5415f56343 executed on JobScheduler
07-07 23:04:11.322 20045 20133 I WM-WorkerWrapper: Worker result SUCCESS for Work [ id=e1bc0e39-040e-4647-bff8-ea6edf227990, tags={ com.linkedin.tracking.grpc.transport.restproxy.worker.RestProxyWorker,grest_dispatch_batches } ]
07-07 23:04:11.324 20045 20045 D WM-Processor: Processor 9cfb23d5-8344-47f1-98f5-31ec19d903ad executed; reschedule = false
07-07 23:04:11.324 20045 20045 D WM-GreedyScheduler: Stopping tracking for WorkGenerationalId(workSpecId=9cfb23d5-8344-47f1-98f5-31ec19d903ad, generation=0)
07-07 23:04:11.324 20045 20045 D WM-SystemJobService: 9cfb23d5-8344-47f1-98f5-31ec19d903ad executed on JobScheduler
07-07 23:04:11.330 20045 20133 I WM-WorkerWrapper: Worker result FAILURE for Work [ id=3c8cd219-4de7-4309-acc2-5f6103f78756, tags={ com.linkedin.lieventobservability.sync.TelemetryObserveWorker,telemetry_observe_periodic_sync } ]
07-07 23:04:11.330 20045 20045 D WM-Processor: Processor e1bc0e39-040e-4647-bff8-ea6edf227990 executed; reschedule = false
07-07 23:04:11.330 20045 20045 D WM-GreedyScheduler: Stopping tracking for WorkGenerationalId(workSpecId=e1bc0e39-040e-4647-bff8-ea6edf227990, generation=0)
07-07 23:04:11.333 20045 20045 D WM-Processor: Processor 3c8cd219-4de7-4309-acc2-5f6103f78756 executed; reschedule = false
07-07 23:04:11.334 20045 20045 D WM-GreedyScheduler: Stopping tracking for WorkGenerationalId(workSpecId=3c8cd219-4de7-4309-acc2-5f6103f78756, generation=0)
07-07 23:04:11.334 20045 20133 I WM-WorkerWrapper: Worker result SUCCESS for Work [ id=efa37a11-5037-482b-a076-864b2f5292e9, tags={ com.linkedin.tracking.grpc.transport.restproxy.worker.RestProxyWorker,grest_dispatch_batches } ]
07-07 23:04:11.335 20045 20045 D WM-Processor: Processor efa37a11-5037-482b-a076-864b2f5292e9 executed; reschedule = false
07-07 23:04:11.335 20045 20045 D WM-GreedyScheduler: Stopping tracking for WorkGenerationalId(workSpecId=efa37a11-5037-482b-a076-864b2f5292e9, generation=0)
07-07 23:04:11.340 20045 20133 I WM-WorkerWrapper: Worker result SUCCESS for Work [ id=6ca67675-2167-43d9-94a1-2945fe6be47e, tags={ com.linkedin.tracking.grpc.transport.restproxy.worker.RestProxyWorker,grest_dispatch_batches } ]
07-07 23:04:11.348 20045 20133 I WM-WorkerWrapper: Worker result SUCCESS for Work [ id=b2117412-d7ce-4226-8d7b-3aeb82f5c4a5, tags={ com.linkedin.tracking.grpc.transport.restproxy.worker.RestProxyWorker,grest_dispatch_batches } ]
07-07 23:04:11.348 20045 20045 D WM-Processor: Processor 6ca67675-2167-43d9-94a1-2945fe6be47e executed; reschedule = false
07-07 23:04:11.348 20045 20045 D WM-GreedyScheduler: Stopping tracking for WorkGenerationalId(workSpecId=6ca67675-2167-43d9-94a1-2945fe6be47e, generation=0)
07-07 23:04:11.352 20045 20045 D WM-Processor: Processor b2117412-d7ce-4226-8d7b-3aeb82f5c4a5 executed; reschedule = false
07-07 23:04:11.352 20045 20045 D WM-GreedyScheduler: Stopping tracking for WorkGenerationalId(workSpecId=b2117412-d7ce-4226-8d7b-3aeb82f5c4a5, generation=0)
07-07 23:04:11.362 20045 20133 D WM-GreedyScheduler: Cancelling work ID 55719f04-9794-48de-8562-8b5415f56343
07-07 23:04:11.368 20045 20133 D WM-SystemJobScheduler: Scheduling work ID 55719f04-9794-48de-8562-8b5415f56343Job ID -2147482820
07-07 23:04:11.372 20045 20133 D WM-SystemJobScheduler: Scheduling work ID 9cfb23d5-8344-47f1-98f5-31ec19d903adJob ID -2147482819
07-07 23:04:11.377 20045 20133 D WM-SystemJobScheduler: Scheduling work ID e1bc0e39-040e-4647-bff8-ea6edf227990Job ID -2147482818
07-07 23:04:11.388 29256 29256 W binder:29256_2: type=1400 audit(0.0:1574296): avc:  denied  { ioctl } for  path="/proc/fas/render" dev="proc" ino=4026533325 ioctlcmd=0x6609 scontext=u:r:untrusted_app:s0:c151,c258,c512,c768 tcontext=u:object_r:proc_fas:s0 tclass=file permissive=0 app=com.emergent.salahalarm.lxw9zs
07-07 23:04:11.383 20045 20133 D WM-SystemJobScheduler: Scheduling work ID 3c8cd219-4de7-4309-acc2-5f6103f78756Job ID -2147482817
07-07 23:04:11.386 20045 20133 D WM-SystemJobScheduler: Scheduling work ID efa37a11-5037-482b-a076-864b2f5292e9Job ID -2147482816
07-07 23:04:11.393 20045 20133 D WM-SystemJobScheduler: Scheduling work ID 6ca67675-2167-43d9-94a1-2945fe6be47eJob ID -2147482815
07-07 23:04:11.396 29256 29256 W binder:29256_2: type=1400 audit(0.0:1574297): avc:  denied  { ioctl } for  path="/proc/fas/render" dev="proc" ino=4026533325 ioctlcmd=0x6609 scontext=u:r:untrusted_app:s0:c151,c258,c512,c768 tcontext=u:object_r:proc_fas:s0 tclass=file permissive=0 app=com.emergent.salahalarm.lxw9zs
07-07 23:04:11.404 29256 29256 W binder:29256_2: type=1400 audit(0.0:1574298): avc:  denied  { ioctl } for  path="/proc/fas/render" dev="proc" ino=4026533325 ioctlcmd=0x6609 scontext=u:r:untrusted_app:s0:c151,c258,c512,c768 tcontext=u:object_r:proc_fas:s0 tclass=file permissive=0 app=com.emergent.salahalarm.lxw9zs
07-07 23:04:11.412 29256 29256 W binder:29256_2: type=1400 audit(0.0:1574299): avc:  denied  { ioctl } for  path="/proc/fas/render" dev="proc" ino=4026533325 ioctlcmd=0x6609 scontext=u:r:untrusted_app:s0:c151,c258,c512,c768 tcontext=u:object_r:proc_fas:s0 tclass=file permissive=0 app=com.emergent.salahalarm.lxw9zs
07-07 23:04:11.420 29256 29256 W binder:29256_2: type=1400 audit(0.0:1574300): avc:  denied  { ioctl } for  path="/proc/fas/render" dev="proc" ino=4026533325 ioctlcmd=0x6609 scontext=u:r:untrusted_app:s0:c151,c258,c512,c768 tcontext=u:object_r:proc_fas:s0 tclass=file permissive=0 app=com.emergent.salahalarm.lxw9zs
07-07 23:04:11.401 20045 20133 D WM-SystemJobScheduler: Scheduling work ID b2117412-d7ce-4226-8d7b-3aeb82f5c4a5Job ID -2147482814
07-07 23:04:11.408 20045 20133 D WM-GreedyScheduler: Cancelling work ID 9cfb23d5-8344-47f1-98f5-31ec19d903ad
07-07 23:04:11.416 20045 20133 D WM-GreedyScheduler: Cancelling work ID e1bc0e39-040e-4647-bff8-ea6edf227990
07-07 23:04:11.421  6310 30028 I TFLite-in-PlayServices: Created interpreter.
07-07 23:04:11.429 20045 20133 D WM-GreedyScheduler: Cancelling work ID 3c8cd219-4de7-4309-acc2-5f6103f78756
07-07 23:04:11.452 20045 20133 D WM-GreedyScheduler: Cancelling work ID efa37a11-5037-482b-a076-864b2f5292e9
07-07 23:04:11.471 20045 20114 D WM-GreedyScheduler: Cancelling work ID 6ca67675-2167-43d9-94a1-2945fe6be47e
07-07 23:04:11.473 20045 20114 D WM-GreedyScheduler: Starting tracking for 2eaea315-7480-435e-88ad-9d4162be4b4e
07-07 23:04:11.479 20045 20114 D WM-GreedyScheduler: Cancelling work ID b2117412-d7ce-4226-8d7b-3aeb82f5c4a5
07-07 23:04:11.481 20045 20114 D WM-GreedyScheduler: Starting tracking for 2eaea315-7480-435e-88ad-9d4162be4b4e
07-07 23:04:11.481 20045 20114 D WM-WorkConstraintsTrack: NetworkRequestConstraintController unregister shared callback
07-07 23:04:11.481 20045 20045 D WM-DelayedWorkTracker: Scheduling work 2eaea315-7480-435e-88ad-9d4162be4b4e
07-07 23:04:11.481 20045 20045 D WM-GreedyScheduler: Starting tracking for 2eaea315-7480-435e-88ad-9d4162be4b4e
07-07 23:04:11.483 20045 20114 D WM-WorkConstraintsTrack: NetworkRequestConstraintController register shared callback
07-07 23:04:11.488 20045 20045 D WM-SystemJobService: onStartJob for WorkGenerationalId(workSpecId=2eaea315-7480-435e-88ad-9d4162be4b4e, generation=0)
07-07 23:04:11.489 20045 20140 D WM-Processor: Processor: processing WorkGenerationalId(workSpecId=2eaea315-7480-435e-88ad-9d4162be4b4e, generation=0)
07-07 23:04:11.492 20045 20045 D WM-WorkerWrapper: Starting work for com.linkedin.android.segment.ChameleonPeriodicWork
07-07 23:04:11.496 20045 20109 D WM-WorkConstraintsTrack: NetworkRequestConstraintController onCapabilitiesChanged callback
07-07 23:04:11.497 20045 20109 D WM-WorkConstraintsTrack: Not dispatching constraint state yet: isBlocked=null, capabilitiesInitialized=true
07-07 23:04:11.497 20045 20109 D WM-WorkConstraintsTrack: NetworkRequestConstraintController onBlockedStatusChanged callback false
07-07 23:04:11.497 20045 20133 D WM-GreedyScheduler: Constraints met: Scheduling work ID WorkGenerationalId(workSpecId=2eaea315-7480-435e-88ad-9d4162be4b4e, generation=0)
07-07 23:04:11.498 20045 20133 D WM-Processor: Work WorkGenerationalId(workSpecId=2eaea315-7480-435e-88ad-9d4162be4b4e, generation=0) is already enqueued for processing
07-07 23:04:11.506  6310 30028 I TFLite-in-PlayServices: Created interpreter.
07-07 23:04:11.524 30174 30174 D nativeloader: Load /data/app/~~-A1DUsjR5hmSz_5oQLOKBQ==/com.reddit.frontpage-ygSKkmozr3qh6ns7wrSNHg==/split_config.arm64_v8a.apk!/lib/arm64-v8a/libdatastore_shared_counter.so using class loader ns clns-9 (caller=/data/app/~~-A1DUsjR5hmSz_5oQLOKBQ==/com.reddit.frontpage-ygSKkmozr3qh6ns7wrSNHg==/base.apk!classes5.dex): ok
07-07 23:04:11.549  6310 30028 I SemanticLocation: (REDACTED) [Inferrer] %s%s
07-07 23:04:11.571 30174 30232 W System  : ClassLoader referenced unknown path: 
07-07 23:04:11.571 30174 30232 D nativeloader: Configuring clns-10 for other apk . target_sdk_version=37, uses_libraries=, library_path=/data/app/~~i5K7K8h-bfwABdj5_IotUg==/com.google.android.gms-giFQ56PCvQOP8Q3B36ScWA==/lib/arm64:/data/app/~~i5K7K8h-bfwABdj5_IotUg==/com.google.android.gms-giFQ56PCvQOP8Q3B36ScWA==/base.apk!/lib/arm64-v8a, permitted_path=/data:/mnt/expand:/data/user/0/com.google.android.gms
07-07 23:04:11.588 30174 30220 D nativeloader: Load /data/app/~~-A1DUsjR5hmSz_5oQLOKBQ==/com.reddit.frontpage-ygSKkmozr3qh6ns7wrSNHg==/split_config.arm64_v8a.apk!/lib/arm64-v8a/libcronet.143.0.7445.0.so using class loader ns clns-9 (caller=/data/app/~~-A1DUsjR5hmSz_5oQLOKBQ==/com.reddit.frontpage-ygSKkmozr3qh6ns7wrSNHg==/base.apk!classes4.dex): ok
07-07 23:04:11.594 30174 30232 I eddit.frontpage: AssetManager2(0xb4000077a0291718) locale list changing from [] to [en-GB]
07-07 23:04:11.623 29256 29256 W unknown:BridgelessReact: ReactHost{0}.onUserLeaveHint(activity)
07-07 23:04:11.623 29256 29256 W unknown:BridgelessReact: ReactHost{0}.onHostPause(activity)
07-07 23:04:11.623 29256 29256 W unknown:BridgelessReact: ReactContext.onHostPause()
07-07 23:04:11.617 19536 19536 D VRI[GoogleDiscoverWindow,type=4]: visibilityChanged oldVisibility=false newVisibility=true
07-07 23:04:11.636 19536 19536 D ViewRootImpl: AppSizeAfterRelayout, size: Point(1260, 2800), rotation: ROTATION_0
07-07 23:04:11.637 19536 19536 D BufferQueueConsumer: [](id:4c5000000145,api:0,p:-1,c:19536) connect: controlledByApp=false
07-07 23:04:11.637 19536 19536 D BLASTBufferQueue: [VRI[GoogleDiscoverWindow,type=4]#325](f:0,a:0) constructor()
07-07 23:04:11.637 19536 19536 D BLASTBufferQueue: [VRI[GoogleDiscoverWindow,type=4]#325](f:0,a:0) update width=1260 height=2800 format=-2 mTransformHint=0
07-07 23:04:11.640 19536 19536 I cayp    : (REDACTED) onApplyWindowInsets: systemWindowInsets=%s
07-07 23:04:11.640 19536 19536 I cayp    : (REDACTED) onApplyWindowInsets: systemWindowInsets=%s
07-07 23:04:11.646 30174 30232 I eddit.frontpage: AssetManager2(0xb4000077a028f198) locale list changing from [] to [en-GB]
07-07 23:04:11.647 19536 19815 W BLASTBufferQueue: Unable to open /proc/vivo_rsc/frame_set_priority: Permission denied
07-07 23:04:11.647 19536 19815 I BLASTBufferQueue: QoSAllocBuff Successful. Ret 0 
07-07 23:04:11.647 30174 30232 I eddit.frontpage: AssetManager2(0xb4000077a028c5d8) locale list changing from [] to [en-GB]
07-07 23:04:11.653  9330  9467 I dxwf    : onCloseSystemDialogs
07-07 23:04:11.653  9330  9467 I dxdf    : (REDACTED) Listener was null, %s is not propagated
07-07 23:04:11.668 19536 19815 D BLASTBufferQueue: [VRI[GoogleDiscoverWindow,type=4]#325](f:0,a:1) acquireNextBufferLocked size=1260x2800 mFrameNumber=1 applyTransaction=true mTimestamp=67683011858110(auto) mPendingTransactions.size=0 graphicBufferId=83906481096305 transform=0
07-07 23:04:11.673 30174 30266 W chromium: [0707/230411.673470:WARNING:net/dns/dns_config_service_android.cc:69] Failed to read DnsConfig.
07-07 23:04:11.684 19536 19536 I cbfe    : onStart
07-07 23:04:11.687 19536 19536 I byxd    : (REDACTED) [%s] onStart()
07-07 23:04:11.687 19536 19536 I byzo    : Reloading theme data
07-07 23:04:11.688 19536 19536 E NetworkErrorMessage: (REDACTED) Invalid connectivity state: %s
07-07 23:04:11.688 19536 19536 I cbfe    : onResume
07-07 23:04:11.688 19536 19536 W drep    : missing event name
07-07 23:04:11.741 30174 30264 W chromium: [0707/230411.740937:WARNING:net/dns/dns_config_service_android.cc:69] Failed to read DnsConfig.
07-07 23:04:11.756  6310 30028 I SemanticLocation: (REDACTED) [OdlhCache] flushing %d segments
07-07 23:04:11.785 28667 28667 V InputMethod: unbindInput(): binding=InputBinding{android.os.BinderProxy@49f5483 / uid 10663 / pid 29256} ic=RemoteInputConnection{idHash=#7ed679b}
07-07 23:04:11.785 28667 28667 V InputMethod: bindInput(): binding=InputBinding{android.os.BinderProxy@477d6e / uid 10103 / pid 5063} ic=RemoteInputConnection{idHash=#7dadee4}
07-07 23:04:11.786 28667 28667 V InputMethod: startInput(): editor=android.view.inputmethod.EditorInfo@728f4d
07-07 23:04:11.786 28667 28667 V InputMethodService: CALL: doFinishInput
07-07 23:04:11.786 28667 28667 D InlineSuggestionSessionController: notifyOnFinishInput
07-07 23:04:11.786 28667 28667 V InputMethodService: CALL: onFinishInput
07-07 23:04:11.786 28667 28667 I GoogleInputMethodService: GoogleInputMethodService.onFinishInput():2276 
07-07 23:04:11.787 28667 28667 I Module  : DeviceLockedStatusModuleProvider$Module.updateDeviceLockedStatusInternal():129 repeatCheckTimes = 0, locked = false
07-07 23:04:11.788 28667 28667 V InputMethodService: finishStylusHandwriting()
07-07 23:04:11.788 28667 28667 D InlineSuggestionSessionController: notifyOnStartInput: com.android.launcher3, 0
07-07 23:04:11.788 28667 28667 V InputMethodService: CALL: onStartInput
07-07 23:04:11.788 28667 28667 I GoogleInputMethodService: GoogleInputMethodService.onStartInput():1460 onStartInput(EditorInfo{EditorInfo{packageName=com.android.launcher3, inputType=0, inputTypeString=NULL, enableLearning=false, autoCorrection=false, autoComplete=false, imeOptions=0, privateImeOptions=null, actionName=UNSPECIFIED, actionLabel=null, initialSelStart=-1, initialSelEnd=-1, initialCapsMode=0, label=null, fieldId=0, fieldName=null, extras=null, hintText=null, hintLocales=[]}}, false)
07-07 23:04:11.788 28667 28667 I LatinIMEBase: LatinIMEBase.updateInputViewCoverNavigation():317 Update input view padding, isNavbarOverInputWindow=true, bottom inset=126
07-07 23:04:11.789 28667 28667 I Module  : DeviceLockedStatusModuleProvider$Module.updateDeviceLockedStatusInternal():129 repeatCheckTimes = 1, locked = false
07-07 23:04:11.859 30174 30213 W MediaCodec-JNI: pid:30174,client name:com.reddit.frontpage
07-07 23:04:11.860 30174 30213 W AudioCapabilities: Unsupported mediaType audio/x-ms-wma
07-07 23:04:11.862 30174 30213 W AudioCapabilities: Unsupported mediaType audio/mpeg-L1
07-07 23:04:11.863 30174 30213 W AudioCapabilities: Unsupported mediaType audio/mpeg-L2
07-07 23:04:11.865 30174 30213 W AudioCapabilities: Unsupported mediaType audio/ra
07-07 23:04:11.866 30174 30213 W AudioCapabilities: Unsupported mediaType audio/alac
07-07 23:04:11.866 30174 30213 W AudioCapabilities: Unsupported mediaType audio/ape
07-07 23:04:11.868 30174 30213 W AudioCapabilities: Unsupported mediaType audio/x-ape
07-07 23:04:11.869 30174 30213 W AudioCapabilities: Unsupported mediaType audio/adpcm
07-07 23:04:11.870 30174 30213 W AudioCapabilities: Unsupported mediaType audio/x-ms-adpcm
07-07 23:04:11.871  6310  6310 D BoundBrokerSvc: onRebind: Intent { act=com.google.android.gms.common.telemetry.service.START dat=chimera-action:/... xflg=0x4 cmp=com.google.android.gms/.chimera.PersistentApiService }
07-07 23:04:11.895  6310  6310 D BoundBrokerSvc: onRebind: Intent { act=com.google.android.gms.libs.gmscorelogger.service.START dat=chimera-action:/... xflg=0x4 cmp=com.google.android.gms/.chimera.PersistentDirectBootAwareApiService }
07-07 23:04:11.899  6310 30166 I PhenotypeResourceReader: unable to find any Phenotype resource metadata for com.reddit.frontpage
07-07 23:04:11.907 30174 30213 W AudioCapabilities: Unsupported mediaType audio/pcm
07-07 23:04:11.910 30174 30213 W AudioCapabilities: Unsupported mediaType audio/dsd
07-07 23:04:11.918  6310  6444 I Auth    : [BroadcastManager] [BroadcastManager] Broadcasting account capabilities changed. [CONTEXT service_id=343 ]
07-07 23:04:11.921  6831  6831 D BoundBrokerSvc: onUnbind: Intent { act=com.google.android.gms.wallet.service.BIND xflg=0x4 pkg=com.google.android.gms }
07-07 23:04:11.944  6831  6831 D BoundBrokerSvc: onRebind: Intent { act=com.google.android.gms.semanticlocationhistory.zeroparty.service.START dat=chimera-action:/... xflg=0x4 cmp=com.google.android.gms/.chimera.GmsApiService }
07-07 23:04:11.949  6310  6444 I Auth    : [BroadcastManager] [BroadcastManager] Broadcasting account services changed. [CONTEXT service_id=343 ]
07-07 23:04:11.956 30174 30213 W VideoCapabilities: Unsupported mime video/rv
07-07 23:04:11.958 30174 30213 W VideoCapabilities: Unsupported mime video/x-ms-wmv
07-07 23:04:11.958 30174 30213 W VideoCapabilities: Unsupported mime video/x-ms-wmv2
07-07 23:04:11.984 30174 30213 W VideoCapabilities: Unsupported mime video/divx3
07-07 23:04:11.986  6310 30210 W CCTFlatFileLogStore: Excessive logging: 128 events, 126598 bytes from log source ANDROID_AUTH last 229s
07-07 23:04:11.992 30174 30213 W VideoCapabilities: Unsupported mime video/flv1
07-07 23:04:11.993 30174 30213 W VideoCapabilities: Unsupported mime video/x-flv
07-07 23:04:11.997  6831 30128 I Auth    : (REDACTED) [SupervisedAccountIntentOperation] onHandleIntent: %s
07-07 23:04:11.998 30174 30213 W VideoCapabilities: Unsupported mime video/mjpeg
07-07 23:04:11.999 30174 30213 W VideoCapabilities: Unsupported mime video/x-motion-jpeg
07-07 23:04:12.008 30174 30213 W AudioCapabilities: Unsupported mediaType audio/x-adpcm-dvi-ima
07-07 23:04:12.008 30174 30213 W AudioCapabilities: Unsupported mediaType audio/x-adpcm-ms
07-07 23:04:12.009 30174 30213 W AudioCapabilities: Unsupported mediaType audio/alac
07-07 23:04:12.040 28667 28698 I ProtoXDBBufferWrapper: ProtoXDBBufferWrapper.flushToStorage():158 Flushed 12 data item(s) to storage.
07-07 23:04:12.096  6831 28077 I LocationHistory: (REDACTED) [API0] saving %d segments
07-07 23:04:12.129  6831 30127 W ChimeraUtils: Module com.google.android.gms.advancedprotection missing resource null(0)
07-07 23:04:12.152 30174 30213 W VideoCapabilities: Unsupported mime image/vnd.android.heic
07-07 23:04:12.153 30174 30213 W VideoCapabilities: Unsupported mime image/vnd.android.heic
07-07 23:04:12.180  6310 29781 I NetworkScheduler.Stats: (REDACTED) Task %s/%s started execution. cause:%s exec_start_elapsed_seconds: %s
07-07 23:04:12.217  6310 30303 I NetworkScheduler.Stats: (REDACTED) Task %s/%s finished executing. cause:%s result: %s elapsed_millis: %s uptime_millis: %s exec_start_elapsed_seconds: %s
07-07 23:04:12.290 30174 30280 W JobInfo : Requested important-while-foreground flag for job1483 is ignored and takes no effect
07-07 23:04:12.328 30174 30213 W AudioCapabilities: Unsupported mediaType audio/x-ms-wma
07-07 23:04:12.328 30174 30213 W AudioCapabilities: Unsupported mediaType audio/mpeg-L1
07-07 23:04:12.329 30174 30213 W AudioCapabilities: Unsupported mediaType audio/mpeg-L2
07-07 23:04:12.331 30174 30213 W AudioCapabilities: Unsupported mediaType audio/ra
07-07 23:04:12.331 30174 30213 W AudioCapabilities: Unsupported mediaType audio/alac
07-07 23:04:12.332 30174 30213 W AudioCapabilities: Unsupported mediaType audio/ape
07-07 23:04:12.332 30174 30213 W AudioCapabilities: Unsupported mediaType audio/x-ape
07-07 23:04:12.332 20045 20114 I WM-WorkerWrapper: Worker result SUCCESS for Work [ id=2eaea315-7480-435e-88ad-9d4162be4b4e, tags={ com.linkedin.android.segment.ChameleonPeriodicWork } ]
07-07 23:04:12.334 30174 30213 W AudioCapabilities: Unsupported mediaType audio/adpcm
07-07 23:04:12.334 30174 30213 W AudioCapabilities: Unsupported mediaType audio/x-ms-adpcm
07-07 23:04:12.335 30174 30213 W AudioCapabilities: Unsupported mediaType audio/pcm
07-07 23:04:12.337 30174 30213 W AudioCapabilities: Unsupported mediaType audio/dsd
07-07 23:04:12.338 20045 20045 D WM-Processor: Processor 2eaea315-7480-435e-88ad-9d4162be4b4e executed; reschedule = false
07-07 23:04:12.338 20045 20045 D WM-GreedyScheduler: Stopping tracking for WorkGenerationalId(workSpecId=2eaea315-7480-435e-88ad-9d4162be4b4e, generation=0)
07-07 23:04:12.338 20045 20045 D WM-SystemJobService: 2eaea315-7480-435e-88ad-9d4162be4b4e executed on JobScheduler
07-07 23:04:12.341 30174 30280 W JobInfo : Requested important-while-foreground flag for job1484 is ignored and takes no effect
07-07 23:04:12.343 20045 20114 D WM-GreedyScheduler: Cancelling work ID 2eaea315-7480-435e-88ad-9d4162be4b4e
07-07 23:04:12.350  6310  8455 I Auth    : [GaiaIdSync] successfully updated accountId and email [CONTEXT service_id=153 ]
07-07 23:04:12.352  6831 28077 I LocationHistory: [DataProvider] Opening SQLite [CONTEXT service_id=314 ]
07-07 23:04:12.370 30174 30213 W VideoCapabilities: Unsupported mime video/rv
07-07 23:04:12.374 30174 30213 W VideoCapabilities: Unsupported mime video/x-ms-wmv
07-07 23:04:12.376 30174 30213 W VideoCapabilities: Unsupported mime video/x-ms-wmv2
07-07 23:04:12.376 20045 20114 D WM-SystemJobScheduler: Scheduling work ID 2eaea315-7480-435e-88ad-9d4162be4b4eJob ID -2147482845
07-07 23:04:12.379 30174 30213 W VideoCapabilities: Unsupported mime video/divx3
07-07 23:04:12.382 30174 30213 W VideoCapabilities: Unsupported mime video/flv1
07-07 23:04:12.392 20045 20114 D WM-WorkConstraintsTrack: NetworkRequestConstraintController unregister shared callback
07-07 23:04:12.396 29256 29256 W binder:29256_2: type=1400 audit(0.0:1574467): avc:  denied  { ioctl } for  path="/proc/fas/render" dev="proc" ino=4026533325 ioctlcmd=0x6609 scontext=u:r:untrusted_app:s0:c151,c258,c512,c768 tcontext=u:object_r:proc_fas:s0 tclass=file permissive=0 app=com.emergent.salahalarm.lxw9zs
07-07 23:04:12.403 30174 30213 W VideoCapabilities: Unsupported mime video/x-flv
07-07 23:04:12.404 30174 30213 W VideoCapabilities: Unsupported mime video/mjpeg
07-07 23:04:12.406 30174 30213 W VideoCapabilities: Unsupported mime video/x-motion-jpeg
07-07 23:04:12.406 30174 30213 W AudioCapabilities: Unsupported mediaType audio/x-adpcm-dvi-ima
07-07 23:04:12.408 29256 29256 W binder:29256_2: type=1400 audit(0.0:1574468): avc:  denied  { ioctl } for  path="/proc/fas/render" dev="proc" ino=4026533325 ioctlcmd=0x6609 scontext=u:r:untrusted_app:s0:c151,c258,c512,c768 tcontext=u:object_r:proc_fas:s0 tclass=file permissive=0 app=com.emergent.salahalarm.lxw9zs
07-07 23:04:12.413 30174 30213 W AudioCapabilities: Unsupported mediaType audio/x-adpcm-ms
07-07 23:04:12.414 30174 30213 W AudioCapabilities: Unsupported mediaType audio/alac
07-07 23:04:12.412 29256 29256 W binder:29256_2: type=1400 audit(0.0:1574469): avc:  denied  { ioctl } for  path="/proc/fas/render" dev="proc" ino=4026533325 ioctlcmd=0x6609 scontext=u:r:untrusted_app:s0:c151,c258,c512,c768 tcontext=u:object_r:proc_fas:s0 tclass=file permissive=0 app=com.emergent.salahalarm.lxw9zs
07-07 23:04:12.424 29256 29256 W binder:29256_2: type=1400 audit(0.0:1574470): avc:  denied  { ioctl } for  path="/proc/fas/render" dev="proc" ino=4026533325 ioctlcmd=0x6609 scontext=u:r:untrusted_app:s0:c151,c258,c512,c768 tcontext=u:object_r:proc_fas:s0 tclass=file permissive=0 app=com.emergent.salahalarm.lxw9zs
07-07 23:04:12.432 29256 29256 W binder:29256_2: type=1400 audit(0.0:1574471): avc:  denied  { ioctl } for  path="/proc/fas/render" dev="proc" ino=4026533325 ioctlcmd=0x6609 scontext=u:r:untrusted_app:s0:c151,c258,c512,c768 tcontext=u:object_r:proc_fas:s0 tclass=file permissive=0 app=com.emergent.salahalarm.lxw9zs
