07-08 21:04:41.533 28667 28667 I LatinIme: LatinIme.resetInputContext():2288 resetInputContext(): reason=1, externalEditsInfo=ExternalEditsInfo{action=0, offset=-1, textLength=0, originalTextLength=0, hasEdits=false}
07-08 21:04:41.534 28667 28667 I InputBundle: InputBundle.consumeEvent():1052 Skip consuming an event as keyboard status is INACTIVE
07-08 21:04:41.534 28667 28667 I InputBundle: InputBundle.activateKeyboard():653 activateKeyboard: ACTIVE, type=KeyboardTypeAndPayload(keyboardType=prime, payload=null)
07-08 21:04:41.534 28667 28667 I KeyboardWrapper: KeyboardWrapper.activateKeyboard():592 activateKeyboard(): type=prime, status=INACTIVE, imeDef=ImeDef{stringId=ime_english_great_britain, language=en-GB, languageTag=en-GB, processedConditions={enable_pk_simulator=false, enable_number_row=true, device=phone, true=true, writing_helper_enable_by_word_revert=false}, className=com.google.android.apps.inputmethod.libs.latin5.LatinIme, label=0, keyEventInterpreter=null, inlineComposing=true, autoCapital=true, announceAutoSelectedCandidate=true, statusIcon=0, indicatorIcon=0, indicatorLabel=GB, displayAppCompletions=true, extraValues=otq{#0x7f0b02fc=TypedValue{t=0x3/d=0x0 "com.google.android.apps.inputmethod.libs.latin5.LatinIme"}}, processors=com.google.android.libraries.inputmethod.metadata.ProcessorsDef@fa95c9f, unacceptableMetaKeys=4098, languageSpecificSettings=0, asciiCapable=true, alwaysShowSuggestions=false, useAsciiPasswordKeyboard=false, keyboardGroupDef=KeyboardGroupDef(variant=qwerty, variantLabel=0, pkLanguageTag=, pkLayoutType=, dynamicLayout=null, layoutSpecificSettings=[], layoutSpecificTheme=2132083596, order=0, supportsSplitMode=true, supportsOneHandedMode=true, isVariantNameMandatory=false, keyboardDefInfos={prime=KeyboardDefInfo(kbType=prime, initialStates=0, keyboardDefs=[2132215291, 2132215953], extraValues=otq{}), digit=KeyboardDefInfo(kbType=digit, initialStates=0, keyboardDefs=[2132215914], extraValues=otq{}), symbol=KeyboardDefInfo(kbType=symbol, initialStates=0, keyboardDefs=[2132216099], extraValues=otq{})}, overrideKeyboardXmlConditions=com.google.android.libraries.inputmethod.metadata.OverrideKeyboardXmlConditionsDef@ba96845), phenotypeFlagId=0, localizationLanguageTag=null, supportsInlineSuggestion=true}
07-08 21:04:41.534 28667 28667 I KeyboardManager: KeyboardManager.requestKeyboard():249 Creating keyboard prime, imeId=ime_english_great_britain, cacheKey=theme,!gsf,!pgsans,!pgsf,!use_system_font,BORDER,FLAVOR_DPI=XXHDPI,KEYBOARD_WIDTH_CATEGORY=NORMAL,KEY_BORDER_SHAPE=1,LIGHT_THEME=false,PHYSICAL_DIAGONAL=6.163966,POPUP,SCREEN_SHORTEST_WIDTH=420,SCREEN_SHORTEST_WIDTH_NO_SCALE=420,SW400DP,XXHDPI,bottom4dp,enable_popup_on_keypress=true,keyboard_redesign_google_sans=true,non_linear_scale,noshadow,overlay_builtin_dynamic_color_dark_base.binarypb:gm3-dark-ff121318-ffb0c6ff-c12568a3af39960a00e936260008a356,silkpopup
07-08 21:04:41.535 28667 28698 I NebulaeTrainingCacheMetricsProcessor: NebulaeTrainingCacheMetricsProcessor.processBeginSession():253 Begin training cache session: com.zhiliaoapp.musically_-1/
07-08 21:04:41.535 28667 28667 I KeyboardDefManager: KeyboardDefManager.requestKeyboardDef():128 requestKeyboardDef(): type=prime, info=ouy{defIds=[#0x7f1705fb, #0x7f170891], defIdsCacheKey=[2132215291, 2132215953]}
07-08 21:04:41.535 28667 28667 I KeyboardDefManager: KeyboardDefManager.requestKeyboardDef():195 requestKeyboardDef(): getOrCreate from cache, info=ouy{defIds=[#0x7f1705fb, #0x7f170891], defIdsCacheKey=[2132215291, 2132215953]}
07-08 21:04:41.535 28667 28667 I KeyboardDefManager: KeyboardDefManager$Companion$addFutureCallbackForKeyboardDefReceiver$1.onSuccess():425 requestKeyboardDef onSuccess(): info=ouy{defIds=[#0x7f1705fb, #0x7f170891], defIdsCacheKey=[2132215291, 2132215953]}
07-08 21:04:41.535 28667 28667 I KeyboardWrapper: KeyboardWrapper.onKeyboardReady():226 onKeyboardReady(): type=prime(prime), kb=com.google.android.apps.inputmethod.latin.keyboard.LatinPrimeKeyboard@fdc538f
07-08 21:04:41.535 28667 28667 I KeyboardWrapper: KeyboardWrapper.doActivateKeyboard():624 doActivateKeyboard(): prime
07-08 21:04:41.537 28667 28667 I BaseKeyboardSizeHelper: BaseKeyboardSizeHelper.calculateMaxKeyboardBodyHeight():73 leave 321 height for app when ime window height:2551, header height:132 and isFullscreenMode:false, so the max keyboard body height is:2098
07-08 21:04:41.537 28667 28667 I EmojiAndGlobeKeyExtension: EmojiAndGlobeKeyExtension.getKeyboardInitialStates():164 
07-08 21:04:41.538 28667 28667 W Keyboard: Keyboard.getKeyboardViewHelper():608 null helper is returned: keyboardDef=out{processedConditions={device=phone, enable_pk_simulator=false, android_software_xr_api_spatial=false, free_cursor=false, enable_free_cursor_by_long_press_space=true, enable_scrub_move=true, layout_9key_split=false, expressions=normal, language=en-GB, variant=qwerty, show_comma_key=true, show_period_key=true, keyboard_mode=normal, pref_enable_flick_symbols=false, show_secondary_digits=false, enable_secondary_symbols=false, enable_number_row=true}, globalConditions={global_theme_key=theme,!gsf,!pgsans,!pgsf,!use_system_font,BORDER,FLAVOR_DPI=XXHDPI,KEYBOARD_WIDTH_CATEGORY=NORMAL,KEY_BORDER_SHAPE=1,LIGHT_THEME=false,PHYSICAL_DIAGONAL=6.163966,POPUP,SCREEN_SHORTEST_WIDTH=420,SCREEN_SHORTEST_WIDTH_NO_SCALE=420,SW400DP,XXHDPI,bottom4dp,enable_popup_on_keypress=true,keyboard_redesign_google_sans=true,non_linear_scale,noshadow,overlay_builtin_dynamic_color_dark_base.binarypb:gm3-dark-ff121318-ffb0c6ff-c12568a3af39960a00e936260008a356,silkpopup, global_locale=en_GB, global_density_dpi=480, global_orientation=1}, className=.latin.keyboard.LatinPrimeKeyboard, resourceIds=[#0x7f1705fb, #0x7f170891], initialStates=0, keyboardViewDefs=[ovk{direction=null, id=#0x7f0b023f, isScalable=true, layoutId=#0x7f0e02c4, type=BODY, touchable=true, defaultShow=true}, ovk{direction=null, id=#0x7f0b023f, isScalable=false, layoutId=#0x7f0e021f, type=FLOATING_CANDIDATES, touchable=false, defaultShow=false}, ovk{direction=LOCALE, id=#0x7f0b023f, isScalable=false, layoutId=#0x7f0e0528, type=HEADER, touchable=true, defaultShow=true}], persistentStates=0, persistentStatesPrefKey=null, popupBubbleLayoutId=#0x7f0e0619, recentKeyLayoutId=#0x0, recentKeyPopupLayoutId=#0x0, recentKeyType=null, rememberRecentKey=NONE, sessionStates=26388279066624}, type=WIDGET, helpersCreated={HEADER=ofc@85f4a06, BODY=ofc@fc488c7, FLOATING_CANDIDATES=ofc@9450ef4}, context.getResources().getConfiguration(): {1.0 234mcc20mnc [en_GB] ldltr sw420dp w420dp h933dp 480dpi nrml long widecg port night finger -keyb/v/h -nav/h winConfig={ mBounds=Rect(0, 0 - 1260, 2800) mAppBounds=Rect(0, 0 - 1260, 2800) mMaxBounds=Rect(0, 0 - 1260, 2800) mDisplayRotation=ROTATION_0 mWindowingMode=fullscreen mActivityType=undefined mAlwaysOnTop=undefined mRotation=ROTATION_0 isEmbedding:false} s.110 fontWeightAdjustment=0 themeId=2 themeParameter=0 nightModeLevel = -1 typefaceChanged=0.0 eaMode=1}
07-08 21:04:41.538 28667 28667 I BaseKeyboardSizeHelper: BaseKeyboardSizeHelper.calculateMaxKeyboardBodyHeight():73 leave 321 height for app when ime window height:2551, header height:132 and isFullscreenMode:false, so the max keyboard body height is:2098
07-08 21:04:41.540  8511  8511 I AssistStructure: Flattened final assist data: 8648 bytes, containing 2 windows, 59 views
07-08 21:04:41.540  2171  5263 D AutofillSession: createPendingIntent for request 1520
07-08 21:04:41.541 28667 28667 I InputBundleManager: InputBundleManager.startInput():371 startInput() with KeyboardTypeAndPayload(keyboardType=prime, payload=null)
07-08 21:04:41.541 28667 28667 I PkModeUpdater: PkModeUpdater.onActivate():95 End PK mode: disablePkMode=false, entry=nyk{languageTag=en-GB, variant=qwerty, hasLocalizedResources=true, conditionCacheKey=_android_software_xr_api_spatial=false_app_first_start_timestamp=1704162602238_device=phone_device_size=default_enable_free_cursor_by_long_press_space=true_enable_number_row=true_enable_number_row_in_password=true_enable_pk_simulator=false_enable_pk_simulator_setting=false_enable_scrub_move=true_enable_secondary_digits=true_enable_secondary_symbols=false_expressions=normal_four_or_more_letter_rows=false_free_cursor=false_keyboard_font_size_setting=_keyboard_mode=normal_language=en-GB_layout_9key_split=false_orientation=portrait_physical_keyboard=nokeys_pk_simulator_vk_ready=false_pref_enable_flick_symbols=false_rtl_layout=false_show_comma_key=true_show_period_key=true_show_secondary_digits=false_show_suggestion_strip=true_show_suggestions=true_split_with_duplicate_keys=true_true=true_variant=qwerty_writing_helper_enable_by_word_revert=false, imeDef.stringId=ime_english_great_britain, imeDef.className=com.google.android.apps.inputmethod.libs.latin5.LatinIme, imeDef.languageTag=en-GB}, editorInfo=android.view.inputmethod.EditorInfo@dce7998
07-08 21:04:41.541 28667 28667 I AccessoryInputModeManager: AccessoryInputModeManager.onModeStarted():356 Accessory input mode started: null
07-08 21:04:41.541  8511  8511 I ImeTracker: com.emergent.salahalarm.lxw9zs:d5689508: onRequestShow at ORIGIN_CLIENT reason SHOW_SOFT_INPUT fromUser false
07-08 21:04:41.541 28667 28667 W SupplementaryKeyboardsWrapper: SupplementaryKeyboardsWrapper.deactivateKeyboard():162 keyboard accessory_candidates_consumer is not activated before!
07-08 21:04:41.541 28667 28667 I EmojiAndGlobeKeyExtension: EmojiAndGlobeKeyExtension.onActivate():109 
07-08 21:04:41.542  8511  8511 I ImeTracker: com.emergent.salahalarm.lxw9zs:d5689508: onCancelled at PHASE_CLIENT_REPORT_REQUESTED_VISIBLE_TYPES
07-08 21:04:41.542 28667 28667 I KeyboardModeUtils: KeyboardModeUtils.getKeyboardBottomOffset():435 inch: 0.000000 ydpi: 452.704987 adjustKeyboardBottomByDisplaySize: false currentDensityDpi: 480 defaultDensityDpi: 480 keyboardBottomToScreenPx: 0 keyboardBottomToNavBarPx: -126 navBarHeight: 126
07-08 21:04:41.542 28667 28667 I BaseKeyboardSizeHelper: BaseKeyboardSizeHelper.calculateMaxKeyboardBodyHeight():73 leave 321 height for app when ime window height:2551, header height:132 and isFullscreenMode:false, so the max keyboard body height is:2098
07-08 21:04:41.542 28667 28667 I BaseKeyboardSizeHelper: BaseKeyboardSizeHelper.calculateMaxKeyboardBodyHeight():73 leave 321 height for app when ime window height:2551, header height:132 and isFullscreenMode:false, so the max keyboard body height is:2098
07-08 21:04:41.543 28667 28667 I KeyboardViewManager: KeyboardViewManager.updateKeyboardBottomFrame():518 Set bottomFrameHeight = 6 while holderPaddingBottom = 6; navigationHeight = 126
07-08 21:04:41.543 28667 28667 I BaseKeyboardSizeHelper: BaseKeyboardSizeHelper.calculateMaxKeyboardBodyHeight():73 leave 321 height for app when ime window height:2551, header height:132 and isFullscreenMode:false, so the max keyboard body height is:2098
07-08 21:04:41.543 28667 28667 I BaseKeyboardSizeHelper: BaseKeyboardSizeHelper.calculateMaxKeyboardBodyHeight():73 leave 321 height for app when ime window height:2551, header height:132 and isFullscreenMode:false, so the max keyboard body height is:2098
07-08 21:04:41.543 28667 28667 I BaseKeyboardSizeHelper: BaseKeyboardSizeHelper.calculateMaxKeyboardBodyHeight():73 leave 321 height for app when ime window height:2551, header height:132 and isFullscreenMode:false, so the max keyboard body height is:2098
07-08 21:04:41.543 28667 28667 W ExtensionWrapper: ExtensionWrapper.setExtensionViewVisibility():878 interface oiy is not activate
07-08 21:04:41.544 28667 28667 I VoiceInputManagerWrapper: VoiceInputManagerWrapper.cancelShutdown():109 cancelShutdown() [RD]
07-08 21:04:41.544 28667 28667 I VoiceInputManagerWrapper: VoiceInputManagerWrapper.syncLanguagePacks():121 syncLanguagePacks() [RD]
07-08 21:04:41.544 28667 28667 I VoiceInputManager: VoiceInputManager.onKeyboardActivated():1259 onKeyboardActivated() [UD]
07-08 21:04:41.544 28667 28667 I UniversalDictationUiProvider: UniversalDictationUiProvider.onActivate():63 onActivate() [UD]
07-08 21:04:41.545 28667 28153 I SpeechFactory: SpeechRecognitionFactory.maybeScheduleAutoPackDownloadForFallback():224 maybeScheduleAutoPackDownloadForFallback()
07-08 21:04:41.545 28667 28153 I FallbackOnDeviceRecognitionProvider: FallbackOnDeviceRecognitionProvider.maybeScheduleAutoPackDownload():213 maybeScheduleAutoPackDownload() for language tag en-GB
07-08 21:04:41.545 28667 28153 I SpeechPackManager: SpeechPackManager.isPackAvailableToDownload():224 isPackAvailableToDownload() : LanguageTag = en-GB : ManifestUrl = https://dl.google.com/android/voice/gboard/terse/superpacks-manifest-20210519.json
07-08 21:04:41.541  8511  8511 W binder:8511_4: type=1400 audit(0.0:4387194): avc:  denied  { ioctl } for  path="/proc/fas/render" dev="proc" ino=4026533325 ioctlcmd=0x6609 scontext=u:r:untrusted_app:s0:c176,c258,c512,c768 tcontext=u:object_r:proc_fas:s0 tclass=file permissive=0 app=com.emergent.salahalarm.lxw9zs
07-08 21:04:41.545 28667 28667 I Module  : DeviceLockedStatusModuleProvider$Module.updateDeviceLockedStatusInternal():129 repeatCheckTimes = 1, locked = false
07-08 21:04:41.545 28667 28667 I VoiceImeUtils: VoiceImeUtils.shouldStartVoiceInputAutomaticallyInCurrentInputBox():154 No private IME option set to start voice input. [RD]
07-08 21:04:41.546 28667 28667 I GoogleInputMethodService: GoogleInputMethodService.onWindowShown():2418 
07-08 21:04:41.546 28667 28667 V InputMethodService: showWindow: draw decorView!
07-08 21:04:41.546 28667 28698 I CrossProfileSharedPreferences: CrossProfileSharedPreferences.maybeRunSyncTaskAfterFullSyncComplete():218 Full sync is not complete when incremental sync is called, trigger full sync
07-08 21:04:41.546 28667  8415 I CrossProfileSharedPreferences: CrossProfileSharedPreferences.syncAllAllowedPreferencesInternal():276 Cannot make cross profile calls to full sync preferences
07-08 21:04:41.546 28667  8728 I FallbackOnDeviceRecognitionProvider: FallbackOnDeviceRecognitionProvider$1.onSuccess():221 auto download packs.
07-08 21:04:41.546 28667  8728 I SpeechPackManager: SpeechPackManager.syncPacks():343 syncPacks()
07-08 21:04:41.546 28667  8728 I SpeechPackManager: SpeechPackManager.registerManifest():519 registerManifest() : https://dl.google.com/android/voice/gboard/terse/superpacks-manifest-20210519.json
07-08 21:04:41.547 28667  8728 I SpeechPackManager: SpeechPackManager.registerManifest():526 registerManifest() : Reusing hash 1327534105
07-08 21:04:41.548  8511  8511 D ViewRootImpl: AppSizeAfterRelayout, size: Point(90, 90), rotation: ROTATION_0
07-08 21:04:41.549  8511  8511 D BufferQueueConsumer: [](id:213f00000001,api:0,p:-1,c:8511) connect: controlledByApp=false
07-08 21:04:41.545  8511  8511 W RenderThread: type=1400 audit(0.0:4387195): avc:  denied  { read } for  name="frame_set_priority" dev="proc" ino=4026533329 scontext=u:r:untrusted_app:s0:c176,c258,c512,c768 tcontext=u:object_r:proc:s0 tclass=file permissive=0 app=com.emergent.salahalarm.lxw9zs
07-08 21:04:41.549  8511  8511 D BLASTBufferQueue: [VRI[PopupWindow:da7655d,type=1002]#1](f:0,a:0) constructor()
07-08 21:04:41.549  8511  8511 D BLASTBufferQueue: [VRI[PopupWindow:da7655d,type=1002]#1](f:0,a:0) update width=90 height=90 format=-3 mTransformHint=0
07-08 21:04:41.549 28667 28706 I SpeechPackSlicingStrategy: SpeechPackSlicingStrategy.getSlices():52 getSlices() : ForceUpdates = false : LanguageTags = [en-GB]
07-08 21:04:41.549 28667 28706 I SpeechPackSlicingStrategy: SpeechPackSlicingStrategy.getSlices():66 getSlices(): slicing result: {slices=[{gboard-small-speech-packs:en-GB-v201-f20, W:C:*:*, bg}], last batch=true, sync metadata=false}
07-08 21:04:41.549 28667 28706 I SP      : Syncing gboard-small-speech-packs (1327534105) with slices: [{en-GB-v201-f20, W:C:*:*, bg}], metadata: false
07-08 21:04:41.550  8511  8544 W BLASTBufferQueue: Unable to open /proc/vivo_rsc/frame_set_priority: Permission denied
07-08 21:04:41.550  8511  8544 I BLASTBufferQueue: QoSAllocBuff Successful. Ret 0 
07-08 21:04:41.551 28667 28667 D ViewRootImpl: AppSizeAfterRelayout, size: Point(1260, 2677), rotation: ROTATION_0
07-08 21:04:41.552 28667 28667 D BufferQueueConsumer: [](id:6ffb00000281,api:0,p:-1,c:28667) connect: controlledByApp=false
07-08 21:04:41.552 28667 28667 D BLASTBufferQueue: [VRI[InputMethod,type=2011]#641](f:0,a:0) constructor()
07-08 21:04:41.552 28667 28667 D BLASTBufferQueue: [VRI[InputMethod,type=2011]#641](f:0,a:0) update width=1260 height=2677 format=-2 mTransformHint=0
07-08 21:04:41.552  8511  8544 D BLASTBufferQueue: [VRI[PopupWindow:da7655d,type=1002]#1](f:0,a:1) acquireNextBufferLocked size=90x90 mFrameNumber=1 applyTransaction=true mTimestamp=133554928403652(auto) mPendingTransactions.size=0 graphicBufferId=36554466656263 transform=0
07-08 21:04:41.560 28667 13471 D BLASTBufferQueue: [VRI[InputMethod,type=2011]#641](f:0,a:1) acquireNextBufferLocked size=1260x2677 mFrameNumber=1 applyTransaction=true mTimestamp=133554936597190(auto) mPendingTransactions.size=0 graphicBufferId=123123827476842 transform=0
07-08 21:04:41.562 28667 28667 I GoogleInputMethodService: GoogleInputMethodService$1.onKeyboardViewShown():342 onKeyboardViewShown: keyboardType=prime, keyboardViewType=HEADER keyboardView=com.google.android.libraries.inputmethod.widgets.SoftKeyboardView{3708f49 V.E...... ........ 0,0-1260,132}
07-08 21:04:41.562 28667 28667 I BaseKeyboardSizeHelper: BaseKeyboardSizeHelper.calculateMaxKeyboardBodyHeight():73 leave 321 height for app when ime window height:2551, header height:132 and isFullscreenMode:false, so the max keyboard body height is:2098
07-08 21:04:41.562 28667 28667 I GoogleInputMethodService: GoogleInputMethodService$1.onKeyboardViewShown():342 onKeyboardViewShown: keyboardType=prime, keyboardViewType=BODY keyboardView=com.google.android.libraries.inputmethod.widgets.SoftKeyboardView{41e145d V.E...... ........ 0,0-1260,834}
07-08 21:04:41.562 28667 28667 I BaseKeyboardSizeHelper: BaseKeyboardSizeHelper.calculateMaxKeyboardBodyHeight():73 leave 321 height for app when ime window height:2551, header height:132 and isFullscreenMode:false, so the max keyboard body height is:2098
07-08 21:04:41.562 28667 28667 I EmojiAndGlobeKeyExtension: EmojiAndGlobeKeyExtension$1.onKeyboardViewShown():61 maybeDisableLanguageSwitchKeyPref when the keyboard is shown
07-08 21:04:41.562 28667 28667 I EmojiAndGlobeKeyExtension: EmojiAndGlobeKeyExtension.maybeDisableLanguageSwitchKeyPref():197 maybeDisableLanguageSwitchKeyPref hasGlobeKeyBeenDisabled: true, shouldDisableLanguageSwitchKey: true
07-08 21:04:41.562 28667 28667 I NewLanguagePromptExtension: NewLanguagePromptExtension$1.onKeyboardViewShown():98 Not show new language banner: no change in enabled input method entries
07-08 21:04:41.562 28667 28667 I DynamicLayoutHandler: DynamicLayoutHandler.loadDynamicKeys():92 This isn't a dynamic layout.
07-08 21:04:41.562 28667 28667 I KeyboardModeUtils: KeyboardModeUtils.getKeyboardBottomOffset():435 inch: 0.000000 ydpi: 452.704987 adjustKeyboardBottomByDisplaySize: false currentDensityDpi: 480 defaultDensityDpi: 480 keyboardBottomToScreenPx: 0 keyboardBottomToNavBarPx: -126 navBarHeight: 126
07-08 21:04:41.562 28667 28667 I BaseKeyboardSizeHelper: BaseKeyboardSizeHelper.calculateMaxKeyboardBodyHeight():73 leave 321 height for app when ime window height:2551, header height:132 and isFullscreenMode:false, so the max keyboard body height is:2098
07-08 21:04:41.562 28667 28667 I BaseKeyboardSizeHelper: BaseKeyboardSizeHelper.calculateMaxKeyboardBodyHeight():73 leave 321 height for app when ime window height:2551, header height:132 and isFullscreenMode:false, so the max keyboard body height is:2098
07-08 21:04:41.562 28667 28667 I KeyboardViewManager: KeyboardViewManager.updateKeyboardBottomFrame():518 Set bottomFrameHeight = 6 while holderPaddingBottom = 6; navigationHeight = 126
07-08 21:04:41.563 28667 28732 I Delight5Decoder: Delight5DecoderWrapper.setKeyboardLayout():553 setKeyboardLayout()
07-08 21:04:41.561  8511  8511 W binder:8511_4: type=1400 audit(0.0:4387196): avc:  denied  { ioctl } for  path="/proc/fas/render" dev="proc" ino=4026533325 ioctlcmd=0x6609 scontext=u:r:untrusted_app:s0:c176,c258,c512,c768 tcontext=u:object_r:proc_fas:s0 tclass=file permissive=0 app=com.emergent.salahalarm.lxw9zs
07-08 21:04:41.579 20930  8113 W asqi    : Failed to retrieve prediction data. [CONTEXT service_id=177 ]
07-08 21:04:41.579 20930  8113 W asqi    : java.util.concurrent.ExecutionException: glnw: No data was found for the table autofill-domain-predictions-prod-spanner.
07-08 21:04:41.579 20930  8113 W asqi    : 	at hpvd.j(:com.google.android.gms@262434035@26.24.34 (260400-938041327):21)
07-08 21:04:41.579 20930  8113 W asqi    : 	at hpvm.u(:com.google.android.gms@262434035@26.24.34 (260400-938041327):110)
07-08 21:04:41.579 20930  8113 W asqi    : 	at hpvd.get(:com.google.android.gms@262434035@26.24.34 (260400-938041327):6)
07-08 21:04:41.579 20930  8113 W asqi    : 	at asqi.g(:com.google.android.gms@262434035@26.24.34 (260400-938041327):81)
07-08 21:04:41.579 20930  8113 W asqi    : 	at asqi.a(:com.google.android.gms@262434035@26.24.34 (260400-938041327):132)
07-08 21:04:41.579 20930  8113 W asqi    : 	at aslu.call(:com.google.android.gms@262434035@26.24.34 (260400-938041327):5)
07-08 21:04:41.579 20930  8113 W asqi    : 	at java.util.concurrent.FutureTask.run(FutureTask.java:328)
07-08 21:04:41.579 20930  8113 W asqi    : 	at blmv.c(:com.google.android.gms@262434035@26.24.34 (260400-938041327):50)
07-08 21:04:41.579 20930  8113 W asqi    : 	at blmv.run(:com.google.android.gms@262434035@26.24.34 (260400-938041327):66)
07-08 21:04:41.579 20930  8113 W asqi    : 	at java.util.concurrent.ThreadPoolExecutor.runWorker(ThreadPoolExecutor.java:1100)
07-08 21:04:41.579 20930  8113 W asqi    : 	at java.util.concurrent.ThreadPoolExecutor$Worker.run(ThreadPoolExecutor.java:624)
07-08 21:04:41.579 20930  8113 W asqi    : 	at blsn.run(:com.google.android.gms@262434035@26.24.34 (260400-938041327):8)
07-08 21:04:41.579 20930  8113 W asqi    : 	at java.lang.Thread.run(Thread.java:1572)
07-08 21:04:41.579 20930  8113 W asqi    : Caused by: glnw: No data was found for the table autofill-domain-predictions-prod-spanner.
07-08 21:04:41.579 20930  8113 W asqi    : 	at glon.a(:com.google.android.gms@262434035@26.24.34 (260400-938041327):217)
07-08 21:04:41.579 20930  8113 W asqi    : 	at hpvo.d(:com.google.android.gms@262434035@26.24.34 (260400-938041327):3)
07-08 21:04:41.579 20930  8113 W asqi    : 	at hpvq.run(:com.google.android.gms@262434035@26.24.34 (260400-938041327):47)
07-08 21:04:41.579 20930  8113 W asqi    : 	at hpxd.execute(:com.google.android.gms@262434035@26.24.34 (260400-938041327):1)
07-08 21:04:41.579 20930  8113 W asqi    : 	at hpvd.f(:com.google.android.gms@262434035@26.24.34 (260400-938041327):1)
07-08 21:04:41.579 20930  8113 W asqi    : 	at hpvd.m(:com.google.android.gms@262434035@26.24.34 (260400-938041327):101)
07-08 21:04:41.579 20930  8113 W asqi    : 	at hpvd.s(:com.google.android.gms@262434035@26.24.34 (260400-938041327):28)
07-08 21:04:41.579 20930  8113 W asqi    : 	at hpvo.e(:com.google.android.gms@262434035@26.24.34 (260400-938041327):3)
07-08 21:04:41.579 20930  8113 W asqi    : 	at hpvq.run(:com.google.android.gms@262434035@26.24.34 (260400-938041327):53)
07-08 21:04:41.579 20930  8113 W asqi    : 	at hpxd.execute(:com.google.android.gms@262434035@26.24.34 (260400-938041327):1)
07-08 21:04:41.579 20930  8113 W asqi    : 	at hpvd.f(:com.google.android.gms@262434035@26.24.34 (260400-938041327):1)
07-08 21:04:41.579 20930  8113 W asqi    : 	at hpvd.m(:com.google.android.gms@262434035@26.24.34 (260400-938041327):101)
07-08 21:04:41.579 20930  8113 W asqi    : 	at hpvd.p(:com.google.android.gms@262434035@26.24.34 (260400-938041327):15)
07-08 21:04:41.579 20930  8113 W asqi    : 	at hpuv.run(:com.google.android.gms@262434035@26.24.34 (260400-938041327):129)
07-08 21:04:41.579 20930  8113 W asqi    : 	at hpxd.execute(:com.google.android.gms@262434035@26.24.34 (260400-938041327):1)
07-08 21:04:41.579 20930  8113 W asqi    : 	at hpvd.f(:com.google.android.gms@262434035@26.24.34 (260400-938041327):1)
07-08 21:04:41.579 20930  8113 W asqi    : 	at hpvd.m(:com.google.android.gms@262434035@26.24.34 (260400-938041327):101)
07-08 21:04:41.579 20930  8113 W asqi    : 	at hpvd.p(:com.google.android.gms@262434035@26.24.34 (260400-938041327):15)
07-08 21:04:41.579 20930  8113 W asqi    : 	at hpvp.e(:com.google.android.gms@262434035@26.24.34 (260400-938041327):1)
07-08 21:04:41.579 20930  8113 W asqi    : 	at hpvq.run(:com.google.android.gms@262434035@26.24.34 (260400-938041327):53)
07-08 21:04:41.579 20930  8113 W asqi    : 	at hpxd.execute(:com.google.android.gms@262434035@26.24.34 (260400-938041327):1)
07-08 21:04:41.579 20930  8113 W asqi    : 	at hpvd.f(:com.google.android.gms@262434035@26.24.34 (260400-938041327):1)
07-08 21:04:41.579 20930  8113 W asqi    : 	at hpvd.m(:com.google.android.gms@262434035@26.24.34 (260400-938041327):101)
07-08 21:04:41.579 20930  8113 W asqi    : 	at hpvd.p(:com.google.android.gms@262434035@26.24.34 (260400-938041327):15)
07-08 21:04:41.579 20930  8113 W asqi    : 	at hpuv.run(:com.google.android.gms@262434035@26.24.34 (260400-938041327):129)
07-08 21:04:41.579 20930  8113 W asqi    : 	at hpxd.execute(:com.google.android.gms@262434035@26.24.34 (260400-938041327):1)
07-08 21:04:41.579 20930  8113 W asqi    : 	at hpvd.f(:com.google.android.gms@262434035@26.24.34 (260400-938041327):1)
07-08 21:04:41.579 20930  8113 W asqi    : 	at hpvd.m(:com.google.android.gms@262434035@26.24.34 (260400-938041327):101)
07-08 21:04:41.579 20930  8113 W asqi    : 	at hpvd.p(:com.google.android.gms@262434035@26.24.34 (260400-938041327):15)
07-08 21:04:41.579 20930  8113 W asqi    : 	at hpvp.e(:com.google.android.gms@262434035@26.24.34 (260400-938041327):1)
07-08 21:04:41.579 20930  8113 W asqi    : 	at hpvq.run(:com.google.android.gms@262434035@26.24.34 (260400-938041327):53)
07-08 21:04:41.579 20930  8113 W asqi    : 	at hpxd.execute(:com.google.android.gms@262434035@26.24.34 (260400-938041327):1)
07-08 21:04:41.579 20930  8113 W asqi    : 	at hpvd.f(:com.google.android.gms@262434035@26.24.34 (260400-938041327):1)
07-08 21:04:41.579 20930  8113 W asqi    : 	at hpvd.m(:com.google.android.gms@262434035@26.24.34 (260400-938041327):101)
07-08 21:04:41.579 20930  8113 W asqi    : 	at hpvd.s(:com.google.android.gms@262434035@26.24.34 (260400-938041327):28)
07-08 21:04:41.579 20930  8113 W asqi    : 	at hpxz.run(:com.google.android.gms@262434035@26.24.34 (260400-938041327):5)
07-08 21:04:41.579 20930  8113 W asqi    : 	at hpxd.execute(:com.google.android.gms@262434035@26.24.34 (260400-938041327):1)
07-08 21:04:41.579 20930  8113 W asqi    : 	at hpvd.f(:com.google.android.gms@262434035@26.24.34 (260400-938041327):1)
07-08 21:04:41.579 20930  8113 W asqi    : 	at hpvd.m(:com.google.android.gms@262434035@26.24.34 (260400-938041327):101)
07-08 21:04:41.579 20930  8113 W asqi    : 	at hpvd.s(:com.google.android.gms@262434035@26.24.34 (260400-938041327):28)
07-08 21:04:41.579 20930  8113 W asqi    : 	at hpvo.e(:com.google.android.gms@262434035@26.24.34 (260400-938041327):3)
07-08 21:04:41.579 20930  8113 W asqi    : 	at hpvq.run(:com.google.android.gms@262434035@26.24.34 (260400-938041327):53)
07-08 21:04:41.579 20930  8113 W asqi    : 	at hpzg.run(:com.google.android.gms@262434035@26.24.34 (260400-938041327):64)
07-08 21:04:41.579 20930  8113 W asqi    : 	... 6 more
07-08 21:04:41.589 28667 28706 I SP      : Sync for gboard-small-speech-packs succeeded in 42 ms: no changes
07-08 21:04:41.590 28667 28706 I SP      : GC for 'gboard-small-speech-packs' (10) with ttl of 0 ms took 1 ms (0/1/0)
07-08 21:04:41.590 28667 28706 I SuperpacksManagerImpl: SuperpacksManagerImpl$19.onSyncSuccess():947 gboard-small-speech-packs.sync() succeeded
07-08 21:04:41.591 28667  8728 I SpeechPackManager: SpeechPackManager$4.onSuccess():505 updatePackSetCacheAsync() : Updated the PackSet cache
07-08 21:04:41.592 14283 14283 D BoundBrokerSvc: onBind: Intent { act=com.google.android.gms.wallet.service.BIND xflg=0x4 pkg=com.google.android.gms }
07-08 21:04:41.592 14283 14283 D BoundBrokerSvc: Loading bound service for intent: Intent { act=com.google.android.gms.wallet.service.BIND xflg=0x4 pkg=com.google.android.gms }
07-08 21:04:41.594  2171  2171 D AutofillSession: clearPendingIntentLocked
07-08 21:04:41.596  5385  5385 V InlineSuggestionRenderService: handleDestroySuggestionViews called for 0:1417859125
07-08 21:04:41.598 28667 28667 D ImsInlineSuggestionSession: IME receives response: 0
07-08 21:04:41.602 14283 13974 I SyncManager: (REDACTED) Executing sync(type=%s%s)
07-08 21:04:41.603 14283 13974 I SyncManager: (REDACTED) Executing sync(type=%s) finished in %s
07-08 21:04:41.617  8511  8511 W WindowOnBackDispatcher: sendCancelIfRunning: isInProgress=false callback=android.view.ViewRootImpl$$ExternalSyntheticLambda13@c012bc9
07-08 21:04:41.619  8511  8544 I HWUI    : [destroy] CanvasContext will be destroyed.
07-08 21:04:41.619  8511  8511 D BLASTBufferQueue: [VRI[PopupWindow:da7655d,type=1002]#1](f:0,a:2) destructor()
07-08 21:04:41.619  8511  8511 D BufferQueueConsumer: [VRI[PopupWindow:da7655d,type=1002]#1(BLAST Consumer)1](id:213f00000001,api:0,p:-1,c:8511) disconnect
07-08 21:04:41.695  8511  8757 D ProfileInstaller: Skipping profile installation for com.emergent.salahalarm.lxw9zs
07-08 21:04:41.734 28667 28667 W TooltipLifecycleManager: TooltipLifecycleManager.dismissTooltips():153 Tooltip with id spell_check_add_to_dictionary not found in tooltipManager.
07-08 21:04:41.744  8511  8511 D ViewRootImpl: AppSizeAfterRelayout, size: Point(90, 90), rotation: ROTATION_0
07-08 21:04:41.744  8511  8511 D BufferQueueConsumer: [](id:213f00000002,api:0,p:-1,c:8511) connect: controlledByApp=false
07-08 21:04:41.744  8511  8511 D BLASTBufferQueue: [VRI[PopupWindow:da7655d,type=1002]#2](f:0,a:0) constructor()
07-08 21:04:41.745  8511  8511 D BLASTBufferQueue: [VRI[PopupWindow:da7655d,type=1002]#2](f:0,a:0) update width=90 height=90 format=-3 mTransformHint=0
07-08 21:04:41.746  8511  8544 W BLASTBufferQueue: Unable to open /proc/vivo_rsc/frame_set_priority: Permission denied
07-08 21:04:41.746  8511  8544 I BLASTBufferQueue: QoSAllocBuff Successful. Ret 0 
07-08 21:04:41.748  8511  8544 D BLASTBufferQueue: [VRI[PopupWindow:da7655d,type=1002]#2](f:0,a:1) acquireNextBufferLocked size=90x90 mFrameNumber=1 applyTransaction=true mTimestamp=133555124405729(auto) mPendingTransactions.size=0 graphicBufferId=36554466656268 transform=0
07-08 21:04:42.028  8511  8645 D InsetsAnimationCtrlImpl: notify control request finished for types: 8
07-08 21:04:42.029  8511  8645 I ANDR-VIVO-PERF: vivo inside perf_lock_rel of client
07-08 21:04:42.030  8511  8511 I ImeTracker: com.emergent.salahalarm.lxw9zs:86131c81: onShown
07-08 21:04:42.117 28667 28667 W binder:28667_D: type=1400 audit(0.0:4387250): avc:  denied  { ioctl } for  path="/proc/fas/render" dev="proc" ino=4026533325 ioctlcmd=0x6609 scontext=u:r:untrusted_app:s0:c138,c256,c512,c768 tcontext=u:object_r:proc_fas:s0 tclass=file permissive=0 app=com.google.android.inputmethod.latin
07-08 21:04:42.184  8511  8511 W WindowOnBackDispatcher: sendCancelIfRunning: isInProgress=false callback=android.view.ViewRootImpl$$ExternalSyntheticLambda13@1f6f42
07-08 21:04:42.185  8511  8544 I HWUI    : [destroy] CanvasContext will be destroyed.
07-08 21:04:42.186  8511  8511 D BLASTBufferQueue: [VRI[PopupWindow:da7655d,type=1002]#2](f:0,a:2) destructor()
07-08 21:04:42.186  8511  8511 D BufferQueueConsumer: [VRI[PopupWindow:da7655d,type=1002]#2(BLAST Consumer)2](id:213f00000002,api:0,p:-1,c:8511) disconnect
07-08 21:04:42.193 28667 28667 W binder:28667_D: type=1400 audit(0.0:4387251): avc:  denied  { ioctl } for  path="/proc/fas/render" dev="proc" ino=4026533325 ioctlcmd=0x6609 scontext=u:r:untrusted_app:s0:c138,c256,c512,c768 tcontext=u:object_r:proc_fas:s0 tclass=file permissive=0 app=com.google.android.inputmethod.latin
07-08 21:04:42.205 28667 28667 W binder:28667_D: type=1400 audit(0.0:4387252): avc:  denied  { ioctl } for  path="/proc/fas/render" dev="proc" ino=4026533325 ioctlcmd=0x6609 scontext=u:r:untrusted_app:s0:c138,c256,c512,c768 tcontext=u:object_r:proc_fas:s0 tclass=file permissive=0 app=com.google.android.inputmethod.latin
07-08 21:04:42.205  8511  8511 W binder:8511_5: type=1400 audit(0.0:4387253): avc:  denied  { ioctl } for  path="/proc/fas/render" dev="proc" ino=4026533325 ioctlcmd=0x6609 scontext=u:r:untrusted_app:s0:c176,c258,c512,c768 tcontext=u:object_r:proc_fas:s0 tclass=file permissive=0 app=com.emergent.salahalarm.lxw9zs
07-08 21:04:43.053  8511  8678 I NOTIFEE : (NotificationManager): Removing notification with id alarm-maghrib-0-1783542780000
07-08 21:04:43.053  8511  8678 I NOTIFEE : (NotificationManager): Removing notification with id alarm-maghrib-0-1783542780000
07-08 21:04:43.054  8511  8678 I NOTIFEE : (NotificationManager): Removing notification with id alarm-isha-0-1783548000000
07-08 21:04:43.054  8511  8678 I NOTIFEE : (NotificationManager): Removing notification with id alarm-isha-0-1783548000000
07-08 21:04:43.055  8511  8678 I NOTIFEE : (NotificationManager): Removing notification with id alarm-fajr-0-1783566000000
07-08 21:04:43.055  8511  8678 I NOTIFEE : (NotificationManager): Removing notification with id alarm-fajr-0-1783566000000
07-08 21:04:43.056  8511  8678 I NOTIFEE : (NotificationManager): Removing notification with id alarm-zuhr-0-1783602000000
07-08 21:04:43.056  8511  8678 I NOTIFEE : (NotificationManager): Removing notification with id alarm-zuhr-0-1783602000000
07-08 21:04:43.056  8511  8678 I NOTIFEE : (NotificationManager): Removing notification with id alarm-asr-0-1783620900000
07-08 21:04:43.056  8511  8678 I NOTIFEE : (NotificationManager): Removing notification with id alarm-asr-0-1783620900000
07-08 21:04:43.057  8511  8678 I NOTIFEE : (NotificationManager): Removing notification with id alarm-maghrib-0-1783629120000
07-08 21:04:43.057  8511  8678 I NOTIFEE : (NotificationManager): Removing notification with id alarm-maghrib-0-1783629120000
07-08 21:04:43.057  8511  8678 I NOTIFEE : (NotificationManager): Removing notification with id alarm-isha-0-1783634400000
07-08 21:04:43.057  8511  8678 I NOTIFEE : (NotificationManager): Removing notification with id alarm-isha-0-1783634400000
07-08 21:04:43.058  8511  8678 I NOTIFEE : (NotificationManager): Removing notification with id alarm-fajr-0-1783653300000
07-08 21:04:43.058  8511  8678 I NOTIFEE : (NotificationManager): Removing notification with id alarm-fajr-0-1783653300000
07-08 21:04:43.058  8511  8678 I NOTIFEE : (NotificationManager): Removing notification with id alarm-zuhr-0-1783688400000
07-08 21:04:43.058  8511  8678 I NOTIFEE : (NotificationManager): Removing notification with id alarm-zuhr-0-1783688400000
07-08 21:04:43.059  8511  8678 I NOTIFEE : (NotificationManager): Removing notification with id alarm-asr-0-1783707300000
07-08 21:04:43.059  8511  8678 I NOTIFEE : (NotificationManager): Removing notification with id alarm-asr-0-1783707300000
07-08 21:04:43.059  8511  8678 I NOTIFEE : (NotificationManager): Removing notification with id alarm-maghrib-0-1783715460000
07-08 21:04:43.059  8511  8678 I NOTIFEE : (NotificationManager): Removing notification with id alarm-maghrib-0-1783715460000
07-08 21:04:43.057  8511  8511 W binder:8511_5: type=1400 audit(0.0:4387262): avc:  denied  { ioctl } for  path="/proc/fas/render" dev="proc" ino=4026533325 ioctlcmd=0x6609 scontext=u:r:untrusted_app:s0:c176,c258,c512,c768 tcontext=u:object_r:proc_fas:s0 tclass=file permissive=0 app=com.emergent.salahalarm.lxw9zs
07-08 21:04:43.060  8511  8678 I NOTIFEE : (NotificationManager): Removing notification with id alarm-isha-0-1783720800000
07-08 21:04:43.060  8511  8678 I NOTIFEE : (NotificationManager): Removing notification with id alarm-isha-0-1783720800000
07-08 21:04:43.061  8511  8678 I NOTIFEE : (NotificationManager): Removing notification with id alarm-fajr-0-1783739700000
07-08 21:04:43.061  8511  8678 I NOTIFEE : (NotificationManager): Removing notification with id alarm-fajr-0-1783739700000
07-08 21:04:43.061  8511  8678 I NOTIFEE : (NotificationManager): Removing notification with id alarm-zuhr-0-1783774800000
07-08 21:04:43.061  8511  8678 I NOTIFEE : (NotificationManager): Removing notification with id alarm-zuhr-0-1783774800000
07-08 21:04:43.062  8511  8678 I NOTIFEE : (NotificationManager): Removing notification with id alarm-asr-0-1783793700000
07-08 21:04:43.062  8511  8678 I NOTIFEE : (NotificationManager): Removing notification with id alarm-asr-0-1783793700000
07-08 21:04:43.062  8511  8678 I NOTIFEE : (NotificationManager): Removing notification with id alarm-maghrib-0-1783801800000
07-08 21:04:43.062  8511  8678 I NOTIFEE : (NotificationManager): Removing notification with id alarm-maghrib-0-1783801800000
07-08 21:04:43.063  8511  8678 I NOTIFEE : (NotificationManager): Removing notification with id alarm-isha-0-1783807200000
07-08 21:04:43.063  8511  8678 I NOTIFEE : (NotificationManager): Removing notification with id alarm-isha-0-1783807200000
07-08 21:04:43.064  8511  8678 I NOTIFEE : (NotificationManager): Removing notification with id alarm-fajr-0-1783826100000
07-08 21:04:43.064  8511  8678 I NOTIFEE : (NotificationManager): Removing notification with id alarm-fajr-0-1783826100000
07-08 21:04:43.065  8511  8678 I NOTIFEE : (NotificationManager): Removing notification with id alarm-zuhr-0-1783861200000
07-08 21:04:43.065  8511  8678 I NOTIFEE : (NotificationManager): Removing notification with id alarm-zuhr-0-1783861200000
07-08 21:04:43.065  8511  8678 I NOTIFEE : (NotificationManager): Removing notification with id alarm-asr-0-1783880100000
07-08 21:04:43.065  8511  8678 I NOTIFEE : (NotificationManager): Removing notification with id alarm-asr-0-1783880100000
07-08 21:04:43.066  8511  8678 I NOTIFEE : (NotificationManager): Removing notification with id alarm-maghrib-0-1783888140000
07-08 21:04:43.066  8511  8678 I NOTIFEE : (NotificationManager): Removing notification with id alarm-maghrib-0-1783888140000
07-08 21:04:43.066  8511  8678 I NOTIFEE : (NotificationManager): Removing notification with id alarm-isha-0-1783893600000
07-08 21:04:43.066  8511  8678 I NOTIFEE : (NotificationManager): Removing notification with id alarm-isha-0-1783893600000
07-08 21:04:43.067  8511  8678 I NOTIFEE : (NotificationManager): Removing notification with id alarm-fajr-0-1783912500000
07-08 21:04:43.067  8511  8678 I NOTIFEE : (NotificationManager): Removing notification with id alarm-fajr-0-1783912500000
07-08 21:04:43.068  8511  8678 I NOTIFEE : (NotificationManager): Removing notification with id alarm-zuhr-0-1783947600000
07-08 21:04:43.068  8511  8678 I NOTIFEE : (NotificationManager): Removing notification with id alarm-zuhr-0-1783947600000
07-08 21:04:43.068  8511  8678 I NOTIFEE : (NotificationManager): Removing notification with id alarm-asr-0-1783966500000
07-08 21:04:43.068  8511  8678 I NOTIFEE : (NotificationManager): Removing notification with id alarm-asr-0-1783966500000
07-08 21:04:43.068  8511  8678 I NOTIFEE : (NotificationManager): Removing notification with id alarm-maghrib-0-1783974480000
07-08 21:04:43.068  8511  8678 I NOTIFEE : (NotificationManager): Removing notification with id alarm-maghrib-0-1783974480000
07-08 21:04:43.069  8511  8678 I NOTIFEE : (NotificationManager): Removing notification with id alarm-isha-0-1783980000000
07-08 21:04:43.069  8511  8678 I NOTIFEE : (NotificationManager): Removing notification with id alarm-isha-0-1783980000000
07-08 21:04:43.069  8511  8678 I NOTIFEE : (NotificationManager): Removing notification with id alarm-fajr-0-1783998900000
07-08 21:04:43.069  8511  8678 I NOTIFEE : (NotificationManager): Removing notification with id alarm-fajr-0-1783998900000
07-08 21:04:43.070  8511  8678 I NOTIFEE : (NotificationManager): Removing notification with id alarm-zuhr-0-1784034000000
07-08 21:04:43.070  8511  8678 I NOTIFEE : (NotificationManager): Removing notification with id alarm-zuhr-0-1784034000000
07-08 21:04:43.071  8511  8678 I NOTIFEE : (NotificationManager): Removing notification with id alarm-asr-0-1784052900000
07-08 21:04:43.071  8511  8678 I NOTIFEE : (NotificationManager): Removing notification with id alarm-asr-0-1784052900000
07-08 21:04:43.071  8511  8678 I NOTIFEE : (NotificationManager): Removing notification with id alarm-maghrib-0-1784060880000
07-08 21:04:43.071  8511  8678 I NOTIFEE : (NotificationManager): Removing notification with id alarm-maghrib-0-1784060880000
07-08 21:04:43.072  8511  8678 I NOTIFEE : (NotificationManager): Removing notification with id alarm-isha-0-1784066400000
07-08 21:04:43.072  8511  8678 I NOTIFEE : (NotificationManager): Removing notification with id alarm-isha-0-1784066400000
07-08 21:04:43.072  8511  8678 I NOTIFEE : (NotificationManager): Removing notification with id alarm-fajr-0-1784085300000
07-08 21:04:43.072  8511  8678 I NOTIFEE : (NotificationManager): Removing notification with id alarm-fajr-0-1784085300000
07-08 21:04:43.073  8511  8678 I NOTIFEE : (NotificationManager): Removing notification with id alarm-zuhr-0-1784120400000
07-08 21:04:43.073  8511  8678 I NOTIFEE : (NotificationManager): Removing notification with id alarm-zuhr-0-1784120400000
07-08 21:04:43.069  8511  8511 W binder:8511_5: type=1400 audit(0.0:4387263): avc:  denied  { ioctl } for  path="/proc/fas/render" dev="proc" ino=4026533325 ioctlcmd=0x6609 scontext=u:r:untrusted_app:s0:c176,c258,c512,c768 tcontext=u:object_r:proc_fas:s0 tclass=file permissive=0 app=com.emergent.salahalarm.lxw9zs
07-08 21:04:43.074  8511  8678 I NOTIFEE : (NotificationManager): Removing notification with id alarm-asr-0-1784139300000
07-08 21:04:43.074  8511  8678 I NOTIFEE : (NotificationManager): Removing notification with id alarm-asr-0-1784139300000
07-08 21:04:43.082  8511  8565 I ReactNativeJS: 'FOREGROUND EVENT RAW:', '{"type":7,"detail":{"notification":{"title":"Asr time","data":{"customUri":"","label":"Asr","type":"alarm","pre":"0","sound":"beep","prayer":"asr"},"id":"alarm-asr-0-1783541100000","body":"It\'s time for Asr prayer.","android":{"importance":4,"groupSummary":false,"pressAction":{"launchActivity":"default","id":"default"},"fullScreenAction":{"launchActivity":"default","id":"default"},"lightUpScreen":false,"loopSound":false,"channelId":"prayer-alarm-beep","colorized":false,"vibrationPattern":[300,500,300,500],"visibility":1,"groupAlertBehavior":0,"circularLargeIcon":false,"asForegroundService":false,"ongoing":false,"smallIcon":"ic_launcher","showTimestamp":false,"badgeIconType":2,"onlyAlertOnce":false,"showChronometer":false,"autoCancel":false,"localOnly":false,"defaults":[-1],"chronometerDirection":"up","category":"alarm"}}}}'
07-08 21:04:43.082  8511  8565 I ReactNativeJS: 'FOREGROUND EVENT RAW:', '{"type":7,"detail":{"notification":{"title":"Maghrib time","data":{"customUri":"","label":"Maghrib","type":"alarm","pre":"0","sound":"beep","prayer":"maghrib"},"id":"alarm-maghrib-0-1783542780000","body":"It\'s time for Maghrib prayer.","android":{"importance":4,"groupSummary":false,"pressAction":{"launchActivity":"default","id":"default"},"fullScreenAction":{"launchActivity":"default","id":"default"},"lightUpScreen":false,"loopSound":false,"channelId":"prayer-alarm-beep","colorized":false,"vibrationPattern":[300,500,300,500],"visibility":1,"groupAlertBehavior":0,"circularLargeIcon":false,"asForegroundService":false,"ongoing":false,"smallIcon":"ic_launcher","showTimestamp":false,"badgeIconType":2,"onlyAlertOnce":false,"showChronometer":false,"autoCancel":false,"localOnly":false,"defaults":[-1],"chronometerDirection":"up","category":"alarm"}}}}'
07-08 21:04:43.086  8511  8565 I ReactNativeJS: 'FOREGROUND EVENT RAW:', '{"type":7,"detail":{"notification":{"title":"Isha time","data":{"customUri":"","label":"Isha","type":"alarm","pre":"0","sound":"beep","prayer":"isha"},"id":"alarm-isha-0-1783548000000","body":"It\'s time for Isha prayer.","android":{"importance":4,"groupSummary":false,"pressAction":{"launchActivity":"default","id":"default"},"fullScreenAction":{"launchActivity":"default","id":"default"},"lightUpScreen":false,"loopSound":false,"channelId":"prayer-alarm-beep","colorized":false,"vibrationPattern":[300,500,300,500],"visibility":1,"groupAlertBehavior":0,"circularLargeIcon":false,"asForegroundService":false,"ongoing":false,"smallIcon":"ic_launcher","showTimestamp":false,"badgeIconType":2,"onlyAlertOnce":false,"showChronometer":false,"autoCancel":false,"localOnly":false,"defaults":[-1],"chronometerDirection":"up","category":"alarm"}}}}'
07-08 21:04:43.088  8511  8565 I ReactNativeJS: 'FOREGROUND EVENT RAW:', '{"type":7,"detail":{"notification":{"title":"Fajr time","data":{"customUri":"","label":"Fajr","type":"alarm","pre":"0","sound":"beep","prayer":"fajr"},"id":"alarm-fajr-0-1783566000000","body":"It\'s time for Fajr prayer.","android":{"importance":4,"groupSummary":false,"pressAction":{"launchActivity":"default","id":"default"},"fullScreenAction":{"launchActivity":"default","id":"default"},"lightUpScreen":false,"loopSound":false,"channelId":"prayer-alarm-beep","colorized":false,"vibrationPattern":[300,500,300,500],"visibility":1,"groupAlertBehavior":0,"circularLargeIcon":false,"asForegroundService":false,"ongoing":false,"smallIcon":"ic_launcher","showTimestamp":false,"badgeIconType":2,"onlyAlertOnce":false,"showChronometer":false,"autoCancel":false,"localOnly":false,"defaults":[-1],"chronometerDirection":"up","category":"alarm"}}}}'
07-08 21:04:43.090  8511  8565 I ReactNativeJS: 'FOREGROUND EVENT RAW:', '{"type":7,"detail":{"notification":{"title":"Zuhr time","data":{"customUri":"","label":"Zuhr","type":"alarm","pre":"0","sound":"beep","prayer":"zuhr"},"id":"alarm-zuhr-0-1783602000000","body":"It\'s time for Zuhr prayer.","android":{"importance":4,"groupSummary":false,"pressAction":{"launchActivity":"default","id":"default"},"fullScreenAction":{"launchActivity":"default","id":"default"},"lightUpScreen":false,"loopSound":false,"channelId":"prayer-alarm-beep","colorized":false,"vibrationPattern":[300,500,300,500],"visibility":1,"groupAlertBehavior":0,"circularLargeIcon":false,"asForegroundService":false,"ongoing":false,"smallIcon":"ic_launcher","showTimestamp":false,"badgeIconType":2,"onlyAlertOnce":false,"showChronometer":false,"autoCancel":false,"localOnly":false,"defaults":[-1],"chronometerDirection":"up","category":"alarm"}}}}'
07-08 21:04:43.093  8511  8565 I ReactNativeJS: 'FOREGROUND EVENT RAW:', '{"type":7,"detail":{"notification":{"title":"Asr time","data":{"customUri":"","label":"Asr","type":"alarm","pre":"0","sound":"beep","prayer":"asr"},"id":"alarm-asr-0-1783620900000","body":"It\'s time for Asr prayer.","android":{"importance":4,"groupSummary":false,"pressAction":{"launchActivity":"default","id":"default"},"fullScreenAction":{"launchActivity":"default","id":"default"},"lightUpScreen":false,"loopSound":false,"channelId":"prayer-alarm-beep","colorized":false,"vibrationPattern":[300,500,300,500],"visibility":1,"groupAlertBehavior":0,"circularLargeIcon":false,"asForegroundService":false,"ongoing":false,"smallIcon":"ic_launcher","showTimestamp":false,"badgeIconType":2,"onlyAlertOnce":false,"showChronometer":false,"autoCancel":false,"localOnly":false,"defaults":[-1],"chronometerDirection":"up","category":"alarm"}}}}'
07-08 21:04:43.107  8511  8565 I ReactNativeJS: 'FOREGROUND EVENT RAW:', '{"type":7,"detail":{"notification":{"title":"Maghrib time","data":{"customUri":"","label":"Maghrib","type":"alarm","pre":"0","sound":"beep","prayer":"maghrib"},"id":"alarm-maghrib-0-1783629120000","body":"It\'s time for Maghrib prayer.","android":{"importance":4,"groupSummary":false,"pressAction":{"launchActivity":"default","id":"default"},"fullScreenAction":{"launchActivity":"default","id":"default"},"lightUpScreen":false,"loopSound":false,"channelId":"prayer-alarm-beep","colorized":false,"vibrationPattern":[300,500,300,500],"visibility":1,"groupAlertBehavior":0,"circularLargeIcon":false,"asForegroundService":false,"ongoing":false,"smallIcon":"ic_launcher","showTimestamp":false,"badgeIconType":2,"onlyAlertOnce":false,"showChronometer":false,"autoCancel":false,"localOnly":false,"defaults":[-1],"chronometerDirection":"up","category":"alarm"}}}}'
07-08 21:04:43.108  8511  8565 I ReactNativeJS: 'FOREGROUND EVENT RAW:', '{"type":7,"detail":{"notification":{"title":"Isha time","data":{"customUri":"","label":"Isha","type":"alarm","pre":"0","sound":"beep","prayer":"isha"},"id":"alarm-isha-0-1783634400000","body":"It\'s time for Isha prayer.","android":{"importance":4,"groupSummary":false,"pressAction":{"launchActivity":"default","id":"default"},"fullScreenAction":{"launchActivity":"default","id":"default"},"lightUpScreen":false,"loopSound":false,"channelId":"prayer-alarm-beep","colorized":false,"vibrationPattern":[300,500,300,500],"visibility":1,"groupAlertBehavior":0,"circularLargeIcon":false,"asForegroundService":false,"ongoing":false,"smallIcon":"ic_launcher","showTimestamp":false,"badgeIconType":2,"onlyAlertOnce":false,"showChronometer":false,"autoCancel":false,"localOnly":false,"defaults":[-1],"chronometerDirection":"up","category":"alarm"}}}}'
