--------- beginning of main
07-08 22:18:47.591 16436 16436 W binder:16436_8: type=1400 audit(0.0:4480663): avc:  denied  { ioctl } for  path="/proc/fas/render" dev="proc" ino=4026533325 ioctlcmd=0x6609 scontext=u:r:untrusted_app:s0:c178,c258,c512,c768 tcontext=u:object_r:proc_fas:s0 tclass=file permissive=0 app=com.emergent.salahalarm.lxw9zs
07-08 22:18:47.607 16436 16436 W binder:16436_8: type=1400 audit(0.0:4480664): avc:  denied  { ioctl } for  path="/proc/fas/render" dev="proc" ino=4026533325 ioctlcmd=0x6609 scontext=u:r:untrusted_app:s0:c178,c258,c512,c768 tcontext=u:object_r:proc_fas:s0 tclass=file permissive=0 app=com.emergent.salahalarm.lxw9zs
07-08 22:18:47.623 16436 16436 W binder:16436_8: type=1400 audit(0.0:4480665): avc:  denied  { ioctl } for  path="/proc/fas/render" dev="proc" ino=4026533325 ioctlcmd=0x6609 scontext=u:r:untrusted_app:s0:c178,c258,c512,c768 tcontext=u:object_r:proc_fas:s0 tclass=file permissive=0 app=com.emergent.salahalarm.lxw9zs
07-08 22:18:47.639 16436 16436 W binder:16436_8: type=1400 audit(0.0:4480666): avc:  denied  { ioctl } for  path="/proc/fas/render" dev="proc" ino=4026533325 ioctlcmd=0x6609 scontext=u:r:untrusted_app:s0:c178,c258,c512,c768 tcontext=u:object_r:proc_fas:s0 tclass=file permissive=0 app=com.emergent.salahalarm.lxw9zs
07-08 22:18:47.655 16436 16436 W binder:16436_8: type=1400 audit(0.0:4480667): avc:  denied  { ioctl } for  path="/proc/fas/render" dev="proc" ino=4026533325 ioctlcmd=0x6609 scontext=u:r:untrusted_app:s0:c178,c258,c512,c768 tcontext=u:object_r:proc_fas:s0 tclass=file permissive=0 app=com.emergent.salahalarm.lxw9zs
07-08 22:18:47.836 14283 14283 D BoundBrokerSvc: onUnbind: Intent { act=com.google.android.gms.facs.internal.service.START dat=chimera-action:/... xflg=0x4 cmp=com.google.android.gms/.chimera.GmsInternalApiService }
07-08 22:18:47.944 20930 27085 I NullBinder: NullBinder for android.net.action.RECOMMEND_NETWORKS triggering remote TransactionTooLargeException due to Service without Chimera impl, calling uid: 1000, calling pid: 0
07-08 22:18:47.944 20930 27085 W .gms.persistent: Large reply transaction of 1056768 bytes, interface descriptor , code 1
07-08 22:18:47.951 22694 22900 D WM-WorkConstraintsTrack: NetworkRequestConstraintController onCapabilitiesChanged callback
07-08 22:18:47.954 20930  2106 I NearbyMediums: Wifi changed new SSID: "VM7877023"
07-08 22:18:47.954 20930  2106 I NearbyMediums: WifiLanConnectivityInfo is not changed, skip notify.
07-08 22:18:47.956 14209 17602 I NearbyMediums: Wifi changed new SSID: "VM7877023"
07-08 22:18:47.956 14209 17602 I NearbyMediums: WifiLanConnectivityInfo is not changed, skip notify.
07-08 22:18:48.279 20930  2371 I .gms.persistent: Explicit concurrent copying GC freed 16MB AllocSpace bytes, 9(3456KB) LOS objects, 50% free, 28MB/57MB, paused 247us,39us total 141.798ms
07-08 22:18:48.451 20930  2106 I NearbySharing: Network state changed: NetworkState(isRestricted=false, isOnline=true, isCongested=false, isMetered=false, isWifiConnected=true)
07-08 22:18:48.452 20930 28878 I NearbySharing: Network state changed: NetworkState(isRestricted=false, isOnline=true, isCongested=false, isMetered=false, isWifiConnected=true)
07-08 22:18:48.603 16436 16436 W binder:16436_8: type=1400 audit(0.0:4480728): avc:  denied  { ioctl } for  path="/proc/fas/render" dev="proc" ino=4026533325 ioctlcmd=0x6609 scontext=u:r:untrusted_app:s0:c178,c258,c512,c768 tcontext=u:object_r:proc_fas:s0 tclass=file permissive=0 app=com.emergent.salahalarm.lxw9zs
07-08 22:18:48.619 16436 16436 W binder:16436_8: type=1400 audit(0.0:4480729): avc:  denied  { ioctl } for  path="/proc/fas/render" dev="proc" ino=4026533325 ioctlcmd=0x6609 scontext=u:r:untrusted_app:s0:c178,c258,c512,c768 tcontext=u:object_r:proc_fas:s0 tclass=file permissive=0 app=com.emergent.salahalarm.lxw9zs
07-08 22:18:48.635 16436 16436 W binder:16436_8: type=1400 audit(0.0:4480730): avc:  denied  { ioctl } for  path="/proc/fas/render" dev="proc" ino=4026533325 ioctlcmd=0x6609 scontext=u:r:untrusted_app:s0:c178,c258,c512,c768 tcontext=u:object_r:proc_fas:s0 tclass=file permissive=0 app=com.emergent.salahalarm.lxw9zs
07-08 22:18:48.655 16436 16436 W binder:16436_8: type=1400 audit(0.0:4480731): avc:  denied  { ioctl } for  path="/proc/fas/render" dev="proc" ino=4026533325 ioctlcmd=0x6609 scontext=u:r:untrusted_app:s0:c178,c258,c512,c768 tcontext=u:object_r:proc_fas:s0 tclass=file permissive=0 app=com.emergent.salahalarm.lxw9zs
07-08 22:18:48.671 16436 16436 W binder:16436_8: type=1400 audit(0.0:4480732): avc:  denied  { ioctl } for  path="/proc/fas/render" dev="proc" ino=4026533325 ioctlcmd=0x6609 scontext=u:r:untrusted_app:s0:c178,c258,c512,c768 tcontext=u:object_r:proc_fas:s0 tclass=file permissive=0 app=com.emergent.salahalarm.lxw9zs
07-08 22:18:48.828 20930 28878 I NearbyMediums: No BLE Fast/GATT advertisements found in the latest cycle.
07-08 22:18:48.828 20930 28878 I NearbyMediums: Current Tracked Scanning Clients are : {NearbyConnections.EnvironmentMonitor, NearbySharing}
07-08 22:18:48.885  2483  2483 D nativeloader: Load libframework-connectivity-tiramisu-jni.so using APEX ns com_android_tethering for caller /apex/com.android.tethering/javalib/framework-connectivity-t.jar: ok
07-08 22:18:48.886  2483  2483 E oadcastreceiver: BBinder_init Processname  com.google.android.cellbroadcastreceiver  
07-08 22:18:48.886  2483  2483 E oadcastreceiver: BBinder_init hasGetProcessName  com.google.android.cellbroadcastreceiver
07-08 22:18:48.905  2483  2483 D ApplicationLoaders: Returning zygote-cached class loader: /system_ext/framework/androidx.window.extensions.jar
07-08 22:18:48.905  2483  2483 D ApplicationLoaders: Returning zygote-cached class loader: /system_ext/framework/androidx.window.sidecar.jar
07-08 22:18:48.910  2483  2483 D nativeloader: Configuring clns-shared-9 for other apk /apex/com.android.cellbroadcast/priv-app/GoogleCellBroadcastApp@371017160/GoogleCellBroadcastApp.apk. target_sdk_version=37, uses_libraries=, library_path=/apex/com.android.cellbroadcast/priv-app/GoogleCellBroadcastApp@371017160/lib/arm64:/system/lib64:/system_ext/lib64, permitted_path=/data:/mnt/expand:/data/user_de/0/com.google.android.cellbroadcastreceiver:/apex/com.android.cellbroadcast/priv-app/GoogleCellBroadcastApp@371017160:/system/lib64:/system_ext/lib64
07-08 22:18:48.910  2483  2483 D nativeloader: InitApexLibraries:
07-08 22:18:48.910  2483  2483 D nativeloader:   com_android_adservices: libhpke_jni.so:libtflite_support_classifiers_native.so
07-08 22:18:48.910  2483  2483 D nativeloader:   com_android_appsearch: libappsearchservice.so:libicing_anywhere.so
07-08 22:18:48.910  2483  2483 D nativeloader:   com_android_art: libartservice.so
07-08 22:18:48.910  2483  2483 D nativeloader:   com_android_bt: libbluetooth_jni.so
07-08 22:18:48.910  2483  2483 D nativeloader:   com_android_conscrypt: libjavacrypto.so
07-08 22:18:48.910  2483  2483 D nativeloader:   com_android_mediaprovider: libpdfclient.so
07-08 22:18:48.910  2483  2483 D nativeloader:   com_android_ondevicepersonalization: libfcp_cpp_dep_jni.so:libfcp_hpke_jni.so
07-08 22:18:48.910  2483  2483 D nativeloader:   com_android_os_statsd: libstats_jni.so
07-08 22:18:48.910  2483  2483 D nativeloader:   com_android_tethering: libandroid_net_connectivity_com_android_net_module_util_jni.so:libandroid_net_connectivity_com_android_net_module_util_jni_CommonConnectivityJni.so:libcrypto_httpengine.so:libframework-connectivity-jni.so:libframework-connectivity-tiramisu-jni.so:libhttpengine.so:libservice-connectivity.so:libservice-thread-jni.so
07-08 22:18:48.910  2483  2483 D nativeloader:   com_android_uwb: libuwb_uci_jni_rust.so
07-08 22:18:48.910  2483  2483 D nativeloader:   com_android_virt: libvirtualizationservice_jni.so:libvirtualmachine_jni.so
07-08 22:18:48.910  2483  2483 D nativeloader:   com_android_wifi: libservice-wifi-jni.so
07-08 22:18:48.969  2483  2483 I oadcastreceiver: AssetManager2(0xb4000077a02861d8) locale list changing from [] to [en-GB]
07-08 22:18:48.977  2483  2483 V GraphicsEnvironment: Currently set values for:
07-08 22:18:48.977  2483  2483 V GraphicsEnvironment:   angle_gl_driver_selection_pkgs=[com.android.angle, com.linecorp.b612.android, com.campmobile.snow, com.google.android.apps.tachyon]
07-08 22:18:48.977  2483  2483 V GraphicsEnvironment:   angle_gl_driver_selection_values=[angle, native, native, native]
07-08 22:18:48.977  2483  2483 V GraphicsEnvironment: com.google.android.cellbroadcastreceiver is not listed in per-application setting
07-08 22:18:48.977  2483  2483 V GraphicsEnvironment: ANGLE allowlist from config: 
07-08 22:18:48.977  2483  2483 V GraphicsEnvironment: com.google.android.cellbroadcastreceiver is not listed in ANGLE allowlist or settings, returning default
07-08 22:18:48.977  2483  2483 V GraphicsEnvironment: Neither updatable production driver nor prerelease driver is supported.
07-08 22:18:48.994  2483  2483 D CellBroadcastReceiver: onReceive Intent { act=android.intent.action.SERVICE_STATE flg=0x1000010 xflg=0x4 cmp=com.google.android.cellbroadcastreceiver/com.android.cellbroadcastreceiver.CellBroadcastReceiver (has extras) }
07-08 22:18:48.997  2483  2483 I oadcastreceiver: AssetManager2(0xb4000077a028b958) locale list changing from [] to [en-GB]
07-08 22:18:48.998  2483  2483 D CellBroadcastReceiver: onServiceStateChanged, ss: 0
07-08 22:18:48.999  2483  2483 D CellBroadcastReceiver: networkOperator: 23420
07-08 22:18:49.002  2483  2483 D CellBroadcastReceiver: mockmodem is running? = false
07-08 22:18:49.003  2483  2483 D CellBroadcastReceiver: update supported roaming operator as 
07-08 22:18:49.006  2483  2483 D CellBroadcastReceiver: onReceive Intent { act=android.intent.action.SERVICE_STATE flg=0x1000010 xflg=0x4 cmp=com.google.android.cellbroadcastreceiver/com.android.cellbroadcastreceiver.CellBroadcastReceiver (has extras) }
07-08 22:18:49.006  2483  2483 D CellBroadcastReceiver: onServiceStateChanged, ss: 0
07-08 22:18:49.006  2483  2483 D CellBroadcastReceiver: networkOperator: 23420
07-08 22:18:49.006  2483  2483 D CellBroadcastReceiver: mockmodem is running? = false
07-08 22:18:49.006  2483  2483 D CellBroadcastReceiver: update supported roaming operator as 
07-08 22:18:49.034  2483  2483 D CellBroadcastReceiver: onReceive Intent { act=android.intent.action.SERVICE_STATE flg=0x1000010 xflg=0x4 cmp=com.google.android.cellbroadcastreceiver/com.android.cellbroadcastreceiver.CellBroadcastReceiver (has extras) }
07-08 22:18:49.034  2483  2483 D CellBroadcastReceiver: onServiceStateChanged, ss: 0
07-08 22:18:49.034  2483  2483 D CellBroadcastReceiver: networkOperator: 23420
07-08 22:18:49.034  2483  2483 D CellBroadcastReceiver: mockmodem is running? = false
07-08 22:18:49.034  2483  2483 D CellBroadcastReceiver: update supported roaming operator as 
07-08 22:18:49.615 16436 16436 W binder:16436_8: type=1400 audit(0.0:4480791): avc:  denied  { ioctl } for  path="/proc/fas/render" dev="proc" ino=4026533325 ioctlcmd=0x6609 scontext=u:r:untrusted_app:s0:c178,c258,c512,c768 tcontext=u:object_r:proc_fas:s0 tclass=file permissive=0 app=com.emergent.salahalarm.lxw9zs
07-08 22:18:49.631 16436 16436 W binder:16436_8: type=1400 audit(0.0:4480792): avc:  denied  { ioctl } for  path="/proc/fas/render" dev="proc" ino=4026533325 ioctlcmd=0x6609 scontext=u:r:untrusted_app:s0:c178,c258,c512,c768 tcontext=u:object_r:proc_fas:s0 tclass=file permissive=0 app=com.emergent.salahalarm.lxw9zs
07-08 22:18:49.647 16436 16436 W binder:16436_8: type=1400 audit(0.0:4480793): avc:  denied  { ioctl } for  path="/proc/fas/render" dev="proc" ino=4026533325 ioctlcmd=0x6609 scontext=u:r:untrusted_app:s0:c178,c258,c512,c768 tcontext=u:object_r:proc_fas:s0 tclass=file permissive=0 app=com.emergent.salahalarm.lxw9zs
07-08 22:18:49.667 16436 16436 W binder:16436_8: type=1400 audit(0.0:4480794): avc:  denied  { ioctl } for  path="/proc/fas/render" dev="proc" ino=4026533325 ioctlcmd=0x6609 scontext=u:r:untrusted_app:s0:c178,c258,c512,c768 tcontext=u:object_r:proc_fas:s0 tclass=file permissive=0 app=com.emergent.salahalarm.lxw9zs
07-08 22:18:49.671 18195 18218 E IPCThreadState: Binder transaction failure. id: 188755746, BR_*: 29201, error: -28 (No space left on device)
07-08 22:18:49.672 18195 18218 W BpBinder: Large outgoing transaction of 7059744 bytes, interface descriptor , code 23 was sent
07-08 22:18:49.672 18195 18218 E JavaBinder: !!! FAILED BINDER TRANSACTION !!!  (parcel size = 7059744)
07-08 22:18:49.683 16436 16436 W binder:16436_8: type=1400 audit(0.0:4480795): avc:  denied  { ioctl } for  path="/proc/fas/render" dev="proc" ino=4026533325 ioctlcmd=0x6609 scontext=u:r:untrusted_app:s0:c178,c258,c512,c768 tcontext=u:object_r:proc_fas:s0 tclass=file permissive=0 app=com.emergent.salahalarm.lxw9zs
07-08 22:18:50.631 16436 16436 W binder:16436_8: type=1400 audit(0.0:4480855): avc:  denied  { ioctl } for  path="/proc/fas/render" dev="proc" ino=4026533325 ioctlcmd=0x6609 scontext=u:r:untrusted_app:s0:c178,c258,c512,c768 tcontext=u:object_r:proc_fas:s0 tclass=file permissive=0 app=com.emergent.salahalarm.lxw9zs
07-08 22:18:50.645 20930 21020 I ActivityScheduler: nextTriggerTime: 156673662, in 67231ms, detectorType: 39, FULL_TYPE alarmWindowMillis: 7500
07-08 22:18:50.647 16436 16436 W binder:16436_8: type=1400 audit(0.0:4480856): avc:  denied  { ioctl } for  path="/proc/fas/render" dev="proc" ino=4026533325 ioctlcmd=0x6609 scontext=u:r:untrusted_app:s0:c178,c258,c512,c768 tcontext=u:object_r:proc_fas:s0 tclass=file permissive=0 app=com.emergent.salahalarm.lxw9zs
07-08 22:18:50.667 16436 16436 W binder:16436_8: type=1400 audit(0.0:4480857): avc:  denied  { ioctl } for  path="/proc/fas/render" dev="proc" ino=4026533325 ioctlcmd=0x6609 scontext=u:r:untrusted_app:s0:c178,c258,c512,c768 tcontext=u:object_r:proc_fas:s0 tclass=file permissive=0 app=com.emergent.salahalarm.lxw9zs
07-08 22:18:50.683 16436 16436 W binder:16436_8: type=1400 audit(0.0:4480858): avc:  denied  { ioctl } for  path="/proc/fas/render" dev="proc" ino=4026533325 ioctlcmd=0x6609 scontext=u:r:untrusted_app:s0:c178,c258,c512,c768 tcontext=u:object_r:proc_fas:s0 tclass=file permissive=0 app=com.emergent.salahalarm.lxw9zs
07-08 22:18:50.699 16436 16436 W binder:16436_8: type=1400 audit(0.0:4480859): avc:  denied  { ioctl } for  path="/proc/fas/render" dev="proc" ino=4026533325 ioctlcmd=0x6609 scontext=u:r:untrusted_app:s0:c178,c258,c512,c768 tcontext=u:object_r:proc_fas:s0 tclass=file permissive=0 app=com.emergent.salahalarm.lxw9zs
07-08 22:18:50.925  2483  2483 D CellBroadcastReceiver: onReceive Intent { act=android.intent.action.SERVICE_STATE flg=0x1000010 xflg=0x4 cmp=com.google.android.cellbroadcastreceiver/com.android.cellbroadcastreceiver.CellBroadcastReceiver (has extras) }
07-08 22:18:50.925  2483  2483 D CellBroadcastReceiver: onServiceStateChanged, ss: 0
07-08 22:18:50.925  2483  2483 D CellBroadcastReceiver: networkOperator: 23420
07-08 22:18:50.925  2483  2483 D CellBroadcastReceiver: mockmodem is running? = false
07-08 22:18:50.925  2483  2483 D CellBroadcastReceiver: update supported roaming operator as 
07-08 22:18:51.566 28667 28698 I ProtoXDBBufferWrapper: ProtoXDBBufferWrapper.flushToStorage():158 Flushed 12 data item(s) to storage.
07-08 22:18:51.649 20930 20930 D BoundBrokerSvc: onRebind: Intent { act=com.google.android.gms.libs.gmscorelogger.service.START dat=chimera-action:/... xflg=0x4 cmp=com.google.android.gms/.chimera.PersistentDirectBootAwareApiService }
07-08 22:18:51.647 16436 16436 W binder:16436_8: type=1400 audit(0.0:4480919): avc:  denied  { ioctl } for  path="/proc/fas/render" dev="proc" ino=4026533325 ioctlcmd=0x6609 scontext=u:r:untrusted_app:s0:c178,c258,c512,c768 tcontext=u:object_r:proc_fas:s0 tclass=file permissive=0 app=com.emergent.salahalarm.lxw9zs
07-08 22:18:51.663 16436 16436 W binder:16436_4: type=1400 audit(0.0:4480920): avc:  denied  { ioctl } for  path="/proc/fas/render" dev="proc" ino=4026533325 ioctlcmd=0x6609 scontext=u:r:untrusted_app:s0:c178,c258,c512,c768 tcontext=u:object_r:proc_fas:s0 tclass=file permissive=0 app=com.emergent.salahalarm.lxw9zs
07-08 22:18:51.679 16436 16436 W binder:16436_4: type=1400 audit(0.0:4480921): avc:  denied  { ioctl } for  path="/proc/fas/render" dev="proc" ino=4026533325 ioctlcmd=0x6609 scontext=u:r:untrusted_app:s0:c178,c258,c512,c768 tcontext=u:object_r:proc_fas:s0 tclass=file permissive=0 app=com.emergent.salahalarm.lxw9zs
07-08 22:18:51.695 16436 16436 W binder:16436_4: type=1400 audit(0.0:4480922): avc:  denied  { ioctl } for  path="/proc/fas/render" dev="proc" ino=4026533325 ioctlcmd=0x6609 scontext=u:r:untrusted_app:s0:c178,c258,c512,c768 tcontext=u:object_r:proc_fas:s0 tclass=file permissive=0 app=com.emergent.salahalarm.lxw9zs
07-08 22:18:51.711 16436 16436 W binder:16436_4: type=1400 audit(0.0:4480923): avc:  denied  { ioctl } for  path="/proc/fas/render" dev="proc" ino=4026533325 ioctlcmd=0x6609 scontext=u:r:untrusted_app:s0:c178,c258,c512,c768 tcontext=u:object_r:proc_fas:s0 tclass=file permissive=0 app=com.emergent.salahalarm.lxw9zs
07-08 22:18:52.659 16436 16436 W binder:16436_8: type=1400 audit(0.0:4480983): avc:  denied  { ioctl } for  path="/proc/fas/render" dev="proc" ino=4026533325 ioctlcmd=0x6609 scontext=u:r:untrusted_app:s0:c178,c258,c512,c768 tcontext=u:object_r:proc_fas:s0 tclass=file permissive=0 app=com.emergent.salahalarm.lxw9zs
07-08 22:18:52.679 16436 16436 W binder:16436_8: type=1400 audit(0.0:4480984): avc:  denied  { ioctl } for  path="/proc/fas/render" dev="proc" ino=4026533325 ioctlcmd=0x6609 scontext=u:r:untrusted_app:s0:c178,c258,c512,c768 tcontext=u:object_r:proc_fas:s0 tclass=file permissive=0 app=com.emergent.salahalarm.lxw9zs
07-08 22:18:52.695 16436 16436 W binder:16436_8: type=1400 audit(0.0:4480985): avc:  denied  { ioctl } for  path="/proc/fas/render" dev="proc" ino=4026533325 ioctlcmd=0x6609 scontext=u:r:untrusted_app:s0:c178,c258,c512,c768 tcontext=u:object_r:proc_fas:s0 tclass=file permissive=0 app=com.emergent.salahalarm.lxw9zs
07-08 22:18:52.711 16436 16436 W binder:16436_8: type=1400 audit(0.0:4480986): avc:  denied  { ioctl } for  path="/proc/fas/render" dev="proc" ino=4026533325 ioctlcmd=0x6609 scontext=u:r:untrusted_app:s0:c178,c258,c512,c768 tcontext=u:object_r:proc_fas:s0 tclass=file permissive=0 app=com.emergent.salahalarm.lxw9zs
07-08 22:18:52.727 16436 16436 W binder:16436_8: type=1400 audit(0.0:4480987): avc:  denied  { ioctl } for  path="/proc/fas/render" dev="proc" ino=4026533325 ioctlcmd=0x6609 scontext=u:r:untrusted_app:s0:c178,c258,c512,c768 tcontext=u:object_r:proc_fas:s0 tclass=file permissive=0 app=com.emergent.salahalarm.lxw9zs
07-08 22:18:53.134 25105 25843 I bt_shim_scanner: [le_scanning_manager.cc(919)] handle_remote_properties: handle_remote_properties update device_type=0x2 addr_type=0x1
07-08 22:18:53.287 20930  2105 I Auth    : [GaiaIdSync] successfully updated accountId and email [CONTEXT service_id=153 ]
07-08 22:18:53.296 20930 20930 I NearbyDiscovery: (REDACTED) DiscoveryService onStartCommand action: %s
07-08 22:18:53.297 20930 28738 I NearbyDiscovery: FastPairApiHandler: trigger firmware update check [CONTEXT service_id=265 ]
07-08 22:18:53.299 20930 22425 I NearbyDiscovery: (REDACTED) FastPairApiHandler: Send result, package=(%s), requestType=(%s), status=(%s)
07-08 22:18:53.679 16436 16436 W binder:16436_8: type=1400 audit(0.0:4481047): avc:  denied  { ioctl } for  path="/proc/fas/render" dev="proc" ino=4026533325 ioctlcmd=0x6609 scontext=u:r:untrusted_app:s0:c178,c258,c512,c768 tcontext=u:object_r:proc_fas:s0 tclass=file permissive=0 app=com.emergent.salahalarm.lxw9zs
07-08 22:18:53.691 16436 16436 W binder:16436_8: type=1400 audit(0.0:4481048): avc:  denied  { ioctl } for  path="/proc/fas/render" dev="proc" ino=4026533325 ioctlcmd=0x6609 scontext=u:r:untrusted_app:s0:c178,c258,c512,c768 tcontext=u:object_r:proc_fas:s0 tclass=file permissive=0 app=com.emergent.salahalarm.lxw9zs
07-08 22:18:53.711 16436 16436 W binder:16436_8: type=1400 audit(0.0:4481049): avc:  denied  { ioctl } for  path="/proc/fas/render" dev="proc" ino=4026533325 ioctlcmd=0x6609 scontext=u:r:untrusted_app:s0:c178,c258,c512,c768 tcontext=u:object_r:proc_fas:s0 tclass=file permissive=0 app=com.emergent.salahalarm.lxw9zs
07-08 22:18:53.727 16436 16436 W binder:16436_8: type=1400 audit(0.0:4481050): avc:  denied  { ioctl } for  path="/proc/fas/render" dev="proc" ino=4026533325 ioctlcmd=0x6609 scontext=u:r:untrusted_app:s0:c178,c258,c512,c768 tcontext=u:object_r:proc_fas:s0 tclass=file permissive=0 app=com.emergent.salahalarm.lxw9zs
07-08 22:18:53.743 16436 16436 W binder:16436_7: type=1400 audit(0.0:4481051): avc:  denied  { ioctl } for  path="/proc/fas/render" dev="proc" ino=4026533325 ioctlcmd=0x6609 scontext=u:r:untrusted_app:s0:c178,c258,c512,c768 tcontext=u:object_r:proc_fas:s0 tclass=file permissive=0 app=com.emergent.salahalarm.lxw9zs
07-08 22:18:54.200 20930 21021 I NullBinder: NullBinder for android.net.action.RECOMMEND_NETWORKS triggering remote TransactionTooLargeException due to Service without Chimera impl, calling uid: 1000, calling pid: 0
07-08 22:18:54.200 20930 21021 W .gms.persistent: Large reply transaction of 1056768 bytes, interface descriptor , code 1
07-08 22:18:54.208 20930 28878 I NearbyMediums: Wifi changed new SSID: "VM7877023"
07-08 22:18:54.208 20930 28878 I NearbyMediums: WifiLanConnectivityInfo is not changed, skip notify.
07-08 22:18:54.212 22694 22900 D WM-WorkConstraintsTrack: NetworkRequestConstraintController onCapabilitiesChanged callback
07-08 22:18:54.218 14209 17602 I NearbyMediums: Wifi changed new SSID: "VM7877023"
07-08 22:18:54.219 14209 17602 I NearbyMediums: WifiLanConnectivityInfo is not changed, skip notify.
07-08 22:18:54.691 16436 16436 W binder:16436_8: type=1400 audit(0.0:4481112): avc:  denied  { ioctl } for  path="/proc/fas/render" dev="proc" ino=4026533325 ioctlcmd=0x6609 scontext=u:r:untrusted_app:s0:c178,c258,c512,c768 tcontext=u:object_r:proc_fas:s0 tclass=file permissive=0 app=com.emergent.salahalarm.lxw9zs
07-08 22:18:54.707 20930  2106 I NearbySharing: Network state changed: NetworkState(isRestricted=false, isOnline=true, isCongested=false, isMetered=false, isWifiConnected=true)
07-08 22:18:54.707 20930 28878 I NearbySharing: Network state changed: NetworkState(isRestricted=false, isOnline=true, isCongested=false, isMetered=false, isWifiConnected=true)
07-08 22:18:54.707 16436 16436 W binder:16436_8: type=1400 audit(0.0:4481113): avc:  denied  { ioctl } for  path="/proc/fas/render" dev="proc" ino=4026533325 ioctlcmd=0x6609 scontext=u:r:untrusted_app:s0:c178,c258,c512,c768 tcontext=u:object_r:proc_fas:s0 tclass=file permissive=0 app=com.emergent.salahalarm.lxw9zs
07-08 22:18:54.723 16436 16436 W binder:16436_8: type=1400 audit(0.0:4481114): avc:  denied  { ioctl } for  path="/proc/fas/render" dev="proc" ino=4026533325 ioctlcmd=0x6609 scontext=u:r:untrusted_app:s0:c178,c258,c512,c768 tcontext=u:object_r:proc_fas:s0 tclass=file permissive=0 app=com.emergent.salahalarm.lxw9zs
07-08 22:18:54.743 16436 16436 W binder:16436_8: type=1400 audit(0.0:4481115): avc:  denied  { ioctl } for  path="/proc/fas/render" dev="proc" ino=4026533325 ioctlcmd=0x6609 scontext=u:r:untrusted_app:s0:c178,c258,c512,c768 tcontext=u:object_r:proc_fas:s0 tclass=file permissive=0 app=com.emergent.salahalarm.lxw9zs
07-08 22:18:54.759 16436 16436 W binder:16436_8: type=1400 audit(0.0:4481116): avc:  denied  { ioctl } for  path="/proc/fas/render" dev="proc" ino=4026533325 ioctlcmd=0x6609 scontext=u:r:untrusted_app:s0:c178,c258,c512,c768 tcontext=u:object_r:proc_fas:s0 tclass=file permissive=0 app=com.emergent.salahalarm.lxw9zs
07-08 22:18:55.707 16436 16436 W binder:16436_7: type=1400 audit(0.0:4481175): avc:  denied  { ioctl } for  path="/proc/fas/render" dev="proc" ino=4026533325 ioctlcmd=0x6609 scontext=u:r:untrusted_app:s0:c178,c258,c512,c768 tcontext=u:object_r:proc_fas:s0 tclass=file permissive=0 app=com.emergent.salahalarm.lxw9zs
07-08 22:18:55.723 16436 16436 W binder:16436_7: type=1400 audit(0.0:4481176): avc:  denied  { ioctl } for  path="/proc/fas/render" dev="proc" ino=4026533325 ioctlcmd=0x6609 scontext=u:r:untrusted_app:s0:c178,c258,c512,c768 tcontext=u:object_r:proc_fas:s0 tclass=file permissive=0 app=com.emergent.salahalarm.lxw9zs
07-08 22:18:55.739 16436 16436 W binder:16436_7: type=1400 audit(0.0:4481177): avc:  denied  { ioctl } for  path="/proc/fas/render" dev="proc" ino=4026533325 ioctlcmd=0x6609 scontext=u:r:untrusted_app:s0:c178,c258,c512,c768 tcontext=u:object_r:proc_fas:s0 tclass=file permissive=0 app=com.emergent.salahalarm.lxw9zs
07-08 22:18:55.755 16436 16436 W binder:16436_7: type=1400 audit(0.0:4481178): avc:  denied  { ioctl } for  path="/proc/fas/render" dev="proc" ino=4026533325 ioctlcmd=0x6609 scontext=u:r:untrusted_app:s0:c178,c258,c512,c768 tcontext=u:object_r:proc_fas:s0 tclass=file permissive=0 app=com.emergent.salahalarm.lxw9zs
07-08 22:18:55.771 16436 16436 W binder:16436_7: type=1400 audit(0.0:4481179): avc:  denied  { ioctl } for  path="/proc/fas/render" dev="proc" ino=4026533325 ioctlcmd=0x6609 scontext=u:r:untrusted_app:s0:c178,c258,c512,c768 tcontext=u:object_r:proc_fas:s0 tclass=file permissive=0 app=com.emergent.salahalarm.lxw9zs
07-08 22:18:56.723 16436 16436 W binder:16436_7: type=1400 audit(0.0:4481238): avc:  denied  { ioctl } for  path="/proc/fas/render" dev="proc" ino=4026533325 ioctlcmd=0x6609 scontext=u:r:untrusted_app:s0:c178,c258,c512,c768 tcontext=u:object_r:proc_fas:s0 tclass=file permissive=0 app=com.emergent.salahalarm.lxw9zs
07-08 22:18:56.739 16436 16436 W binder:16436_7: type=1400 audit(0.0:4481239): avc:  denied  { ioctl } for  path="/proc/fas/render" dev="proc" ino=4026533325 ioctlcmd=0x6609 scontext=u:r:untrusted_app:s0:c178,c258,c512,c768 tcontext=u:object_r:proc_fas:s0 tclass=file permissive=0 app=com.emergent.salahalarm.lxw9zs
07-08 22:18:56.755 16436 16436 W binder:16436_7: type=1400 audit(0.0:4481240): avc:  denied  { ioctl } for  path="/proc/fas/render" dev="proc" ino=4026533325 ioctlcmd=0x6609 scontext=u:r:untrusted_app:s0:c178,c258,c512,c768 tcontext=u:object_r:proc_fas:s0 tclass=file permissive=0 app=com.emergent.salahalarm.lxw9zs
07-08 22:18:56.771 16436 16436 W binder:16436_7: type=1400 audit(0.0:4481241): avc:  denied  { ioctl } for  path="/proc/fas/render" dev="proc" ino=4026533325 ioctlcmd=0x6609 scontext=u:r:untrusted_app:s0:c178,c258,c512,c768 tcontext=u:object_r:proc_fas:s0 tclass=file permissive=0 app=com.emergent.salahalarm.lxw9zs
07-08 22:18:56.783 16436 16436 W binder:16436_7: type=1400 audit(0.0:4481242): avc:  denied  { ioctl } for  path="/proc/fas/render" dev="proc" ino=4026533325 ioctlcmd=0x6609 scontext=u:r:untrusted_app:s0:c178,c258,c512,c768 tcontext=u:object_r:proc_fas:s0 tclass=file permissive=0 app=com.emergent.salahalarm.lxw9zs
07-08 22:18:57.147 25105 25843 I bt_shim_scanner: [le_scanning_manager.cc(919)] handle_remote_properties: handle_remote_properties update device_type=0x2 addr_type=0x1
07-08 22:18:57.285 20930  2098 I Auth    : [GaiaIdSync] successfully updated accountId and email [CONTEXT service_id=153 ]
07-08 22:18:57.297 20930 20930 I NearbyDiscovery: (REDACTED) DiscoveryService onStartCommand action: %s
07-08 22:18:57.298 20930 28738 I NearbyDiscovery: FastPairApiHandler: trigger firmware update check [CONTEXT service_id=265 ]
07-08 22:18:57.299 20930 32628 I NearbyDiscovery: (REDACTED) FastPairApiHandler: Send result, package=(%s), requestType=(%s), status=(%s)
07-08 22:18:57.312 20930 27085 I NullBinder: NullBinder for android.net.action.RECOMMEND_NETWORKS triggering remote TransactionTooLargeException due to Service without Chimera impl, calling uid: 1000, calling pid: 0
07-08 22:18:57.312 20930 27085 W .gms.persistent: Large reply transaction of 1056768 bytes, interface descriptor , code 1
07-08 22:18:57.316 22694 22900 D WM-WorkConstraintsTrack: NetworkRequestConstraintController onCapabilitiesChanged callback
07-08 22:18:57.318 20930  2105 I NearbyMediums: Wifi changed new SSID: "VM7877023"
07-08 22:18:57.318 20930  2105 I NearbyMediums: WifiLanConnectivityInfo is not changed, skip notify.
07-08 22:18:57.323 14209 17602 I NearbyMediums: Wifi changed new SSID: "VM7877023"
07-08 22:18:57.323 14209 17602 I NearbyMediums: WifiLanConnectivityInfo is not changed, skip notify.
07-08 22:18:57.731 16436 16436 W binder:16436_8: type=1400 audit(0.0:4481303): avc:  denied  { ioctl } for  path="/proc/fas/render" dev="proc" ino=4026533325 ioctlcmd=0x6609 scontext=u:r:untrusted_app:s0:c178,c258,c512,c768 tcontext=u:object_r:proc_fas:s0 tclass=file permissive=0 app=com.emergent.salahalarm.lxw9zs
07-08 22:18:57.747 16436 16436 W binder:16436_8: type=1400 audit(0.0:4481304): avc:  denied  { ioctl } for  path="/proc/fas/render" dev="proc" ino=4026533325 ioctlcmd=0x6609 scontext=u:r:untrusted_app:s0:c178,c258,c512,c768 tcontext=u:object_r:proc_fas:s0 tclass=file permissive=0 app=com.emergent.salahalarm.lxw9zs
07-08 22:18:57.767 16436 16436 W binder:16436_8: type=1400 audit(0.0:4481305): avc:  denied  { ioctl } for  path="/proc/fas/render" dev="proc" ino=4026533325 ioctlcmd=0x6609 scontext=u:r:untrusted_app:s0:c178,c258,c512,c768 tcontext=u:object_r:proc_fas:s0 tclass=file permissive=0 app=com.emergent.salahalarm.lxw9zs
07-08 22:18:57.783 16436 16436 W binder:16436_7: type=1400 audit(0.0:4481306): avc:  denied  { ioctl } for  path="/proc/fas/render" dev="proc" ino=4026533325 ioctlcmd=0x6609 scontext=u:r:untrusted_app:s0:c178,c258,c512,c768 tcontext=u:object_r:proc_fas:s0 tclass=file permissive=0 app=com.emergent.salahalarm.lxw9zs
07-08 22:18:57.799 16436 16436 W binder:16436_7: type=1400 audit(0.0:4481307): avc:  denied  { ioctl } for  path="/proc/fas/render" dev="proc" ino=4026533325 ioctlcmd=0x6609 scontext=u:r:untrusted_app:s0:c178,c258,c512,c768 tcontext=u:object_r:proc_fas:s0 tclass=file permissive=0 app=com.emergent.salahalarm.lxw9zs
07-08 22:18:57.821 20930  2105 I NearbySharing: Network state changed: NetworkState(isRestricted=false, isOnline=true, isCongested=false, isMetered=false, isWifiConnected=true)
07-08 22:18:57.822 20930  2098 I NearbySharing: Network state changed: NetworkState(isRestricted=false, isOnline=true, isCongested=false, isMetered=false, isWifiConnected=true)
07-08 22:18:58.061 25105 25746 I bluetooth: [le_impl.h(1453)] OnPause: OnPause armed state:ConnectabilityState::ARMED
07-08 22:18:58.061 25105 25746 I bluetooth: [le_impl.h(1181)] disarm_connectability: disarm_connectability armed state:ConnectabilityState::ARMED
07-08 22:18:58.061 25105 25746 I bluetooth: [le_impl.h(1184)] disarm_connectability: Disarming LE connection state machine with create connection cancel
07-08 22:18:58.092 25105 25746 I bluetooth: [le_impl.h(1477)] on_create_connection_cancel_complete: Received on_create_connection_cancel_complete
07-08 22:18:58.093 25105 25746 I bluetooth: [le_address_manager.cc(536)] GetNextPrivateAddressIntervalRange: nonwake=8m34s, wake=13m35s
07-08 22:18:58.093 25105 25746 I bluetooth: [le_address_manager.cc(358)] resume_registered_clients: Resuming registered clients
07-08 22:18:58.093 25105 25746 I bluetooth: [le_impl.h(971)] arm_connectability: arm_connectability start doing connection
07-08 22:18:58.099 25105 25746 I bluetooth: [le_impl.h(1081)] arm_connectability: conn_interval_min: 24, conn_interval_max: 40, phys=0
07-08 22:18:58.099 25105 25746 I bluetooth: [le_impl.h(1147)] arm_connectability: conn_interval_min : 24 , conn_interval_max : 40, phys=0xff
07-08 22:18:58.103 25105 25746 I bluetooth: [le_address_manager.cc(709)] OnCommandComplete: Received command complete with op_code LE_SET_RANDOM_ADDRESS(0x2005)
07-08 22:18:58.103 25105 25746 I bluetooth: [le_address_manager.cc(730)] OnCommandComplete: update random address : xx:xx:xx:xx:fa:bf
07-08 22:18:58.103 25105 25746 I bluetooth: [le_address_manager.cc(358)] resume_registered_clients: Resuming registered clients
07-08 22:18:58.103 25105 25746 W bluetooth: [le_address_manager.cc(361)] resume_registered_clients: client is not paused ClientState::RESUMED(0x3)
07-08 22:18:58.103 25105 25746 W bluetooth: [le_address_manager.cc(361)] resume_registered_clients: client is not paused ClientState::RESUMED(0x3)
07-08 22:18:58.103 25105 25746 W bluetooth: [le_address_manager.cc(361)] resume_registered_clients: client is not paused ClientState::RESUMED(0x3)
07-08 22:18:58.112 25105 25746 I bluetooth: [le_impl.h(922)] on_extended_create_connection: on_extended_create_connection and update_connectability_state
07-08 22:18:58.112 25105 25746 I bluetooth: [le_impl.h(896)] update_connectability_state_after_armed: Previous armed state:ConnectabilityState::ARMING status:SUCCESS(0x00)
07-08 22:18:58.112 25105 25746 I bluetooth: [le_impl.h(912)] update_connectability_state_after_armed: Le connection state machine armed state:ConnectabilityState::ARMED status:SUCCESS(0x00)
07-08 22:18:58.360 20930 27110 I NullBinder: NullBinder for android.net.action.RECOMMEND_NETWORKS triggering remote TransactionTooLargeException due to Service without Chimera impl, calling uid: 1000, calling pid: 0
07-08 22:18:58.360 20930 27110 W .gms.persistent: Large reply transaction of 1056768 bytes, interface descriptor , code 1
07-08 22:18:58.364 20930  2098 I NearbyMediums: Wifi changed new SSID: "VM7877023"
07-08 22:18:58.364 20930  2098 I NearbyMediums: WifiLanConnectivityInfo is not changed, skip notify.
07-08 22:18:58.370 22694 22900 D WM-WorkConstraintsTrack: NetworkRequestConstraintController onCapabilitiesChanged callback
07-08 22:18:58.375 14209 17602 I NearbyMediums: Wifi changed new SSID: "VM7877023"
07-08 22:18:58.375 14209 17602 I NearbyMediums: WifiLanConnectivityInfo is not changed, skip notify.
07-08 22:18:58.751 16436 16436 W binder:16436_7: type=1400 audit(0.0:4481370): avc:  denied  { ioctl } for  path="/proc/fas/render" dev="proc" ino=4026533325 ioctlcmd=0x6609 scontext=u:r:untrusted_app:s0:c178,c258,c512,c768 tcontext=u:object_r:proc_fas:s0 tclass=file permissive=0 app=com.emergent.salahalarm.lxw9zs
07-08 22:18:58.767 16436 16436 W binder:16436_7: type=1400 audit(0.0:4481371): avc:  denied  { ioctl } for  path="/proc/fas/render" dev="proc" ino=4026533325 ioctlcmd=0x6609 scontext=u:r:untrusted_app:s0:c178,c258,c512,c768 tcontext=u:object_r:proc_fas:s0 tclass=file permissive=0 app=com.emergent.salahalarm.lxw9zs
07-08 22:18:58.783 16436 16436 W binder:16436_7: type=1400 audit(0.0:4481372): avc:  denied  { ioctl } for  path="/proc/fas/render" dev="proc" ino=4026533325 ioctlcmd=0x6609 scontext=u:r:untrusted_app:s0:c178,c258,c512,c768 tcontext=u:object_r:proc_fas:s0 tclass=file permissive=0 app=com.emergent.salahalarm.lxw9zs
07-08 22:18:58.795 16436 16436 W binder:16436_7: type=1400 audit(0.0:4481373): avc:  denied  { ioctl } for  path="/proc/fas/render" dev="proc" ino=4026533325 ioctlcmd=0x6609 scontext=u:r:untrusted_app:s0:c178,c258,c512,c768 tcontext=u:object_r:proc_fas:s0 tclass=file permissive=0 app=com.emergent.salahalarm.lxw9zs
07-08 22:18:58.815 16436 16436 W binder:16436_7: type=1400 audit(0.0:4481374): avc:  denied  { ioctl } for  path="/proc/fas/render" dev="proc" ino=4026533325 ioctlcmd=0x6609 scontext=u:r:untrusted_app:s0:c178,c258,c512,c768 tcontext=u:object_r:proc_fas:s0 tclass=file permissive=0 app=com.emergent.salahalarm.lxw9zs
07-08 22:18:58.830 20930  2098 I NearbyMediums: No BLE Fast/GATT advertisements found in the latest cycle.
07-08 22:18:58.830 20930  2098 I NearbyMediums: Current Tracked Scanning Clients are : {NearbyConnections.EnvironmentMonitor, NearbySharing}
07-08 22:18:58.862 20930  2098 I NearbySharing: Network state changed: NetworkState(isRestricted=false, isOnline=true, isCongested=false, isMetered=false, isWifiConnected=true)
07-08 22:18:58.864 20930  2105 I NearbySharing: Network state changed: NetworkState(isRestricted=false, isOnline=true, isCongested=false, isMetered=false, isWifiConnected=true)
07-08 22:18:59.763 16436 16436 W binder:16436_8: type=1400 audit(0.0:4481434): avc:  denied  { ioctl } for  path="/proc/fas/render" dev="proc" ino=4026533325 ioctlcmd=0x6609 scontext=u:r:untrusted_app:s0:c178,c258,c512,c768 tcontext=u:object_r:proc_fas:s0 tclass=file permissive=0 app=com.emergent.salahalarm.lxw9zs
07-08 22:18:59.783 16436 16436 W binder:16436_8: type=1400 audit(0.0:4481435): avc:  denied  { ioctl } for  path="/proc/fas/render" dev="proc" ino=4026533325 ioctlcmd=0x6609 scontext=u:r:untrusted_app:s0:c178,c258,c512,c768 tcontext=u:object_r:proc_fas:s0 tclass=file permissive=0 app=com.emergent.salahalarm.lxw9zs
07-08 22:18:59.795 16436 16436 W binder:16436_8: type=1400 audit(0.0:4481436): avc:  denied  { ioctl } for  path="/proc/fas/render" dev="proc" ino=4026533325 ioctlcmd=0x6609 scontext=u:r:untrusted_app:s0:c178,c258,c512,c768 tcontext=u:object_r:proc_fas:s0 tclass=file permissive=0 app=com.emergent.salahalarm.lxw9zs
07-08 22:18:59.815 16436 16436 W binder:16436_7: type=1400 audit(0.0:4481437): avc:  denied  { ioctl } for  path="/proc/fas/render" dev="proc" ino=4026533325 ioctlcmd=0x6609 scontext=u:r:untrusted_app:s0:c178,c258,c512,c768 tcontext=u:object_r:proc_fas:s0 tclass=file permissive=0 app=com.emergent.salahalarm.lxw9zs
07-08 22:18:59.831 16436 16436 W binder:16436_7: type=1400 audit(0.0:4481438): avc:  denied  { ioctl } for  path="/proc/fas/render" dev="proc" ino=4026533325 ioctlcmd=0x6609 scontext=u:r:untrusted_app:s0:c178,c258,c512,c768 tcontext=u:object_r:proc_fas:s0 tclass=file permissive=0 app=com.emergent.salahalarm.lxw9zs
07-08 22:19:00.027 16436 16482 I ReactNativeJS: 'FOREGROUND EVENT RAW:', '{"type":3,"detail":{"notification":{"title":"Isha time","data":{"customUri":"","label":"Isha","type":"alarm","pre":"0","sound":"beep","prayer":"isha"},"id":"alarm-isha-0-1783545540000","body":"It\'s time for Isha prayer.","android":{"importance":4,"groupSummary":false,"pressAction":{"launchActivity":"default","id":"default"},"fullScreenAction":{"launchActivity":"default","id":"default"},"lightUpScreen":false,"loopSound":false,"channelId":"prayer-alarm-beep","colorized":false,"vibrationPattern":[300,500,300,500],"visibility":1,"groupAlertBehavior":0,"circularLargeIcon":false,"asForegroundService":false,"ongoing":false,"smallIcon":"ic_launcher","showTimestamp":false,"badgeIconType":2,"onlyAlertOnce":false,"showChronometer":false,"autoCancel":false,"localOnly":false,"defaults":[-1],"chronometerDirection":"up","category":"alarm"}}}}'
07-08 22:19:00.027 16436 16482 I ReactNativeJS: 'FOREGROUND ALARM EVENT:', '{\n  "customUri": "",\n  "label": "Isha",\n  "type": "alarm",\n  "pre": "0",\n  "sound": "beep",\n  "prayer": "isha"\n}'
07-08 22:19:00.032  7529 31696 I eokz    : (REDACTED) HDM. appOpsListener %s %s
07-08 22:19:00.032  7529 31696 I eokz    : (REDACTED) HDM. Ignoring irrelevant audio permission changes for package %s
07-08 22:19:00.037 16436 16436 I ExoPlayerImpl: Init 1664cb1 [AndroidXMedia3/1.8.0] [V2309, V2309, vivo, 36]
07-08 22:19:00.048 16436 16436 W [RNScreens]: backTitleVisible prop is not available on Android
07-08 22:19:00.048 16436 16436 W [RNScreens]: backTitleFontFamily prop is not available on Android
07-08 22:19:00.048 16436 16436 W [RNScreens]: disableBackButtonMenu prop is not available on Android
07-08 22:19:00.048 16436 16436 W [RNScreens]: largeTitleFontFamily prop is not available on Android
07-08 22:19:00.048 16436 16436 W [RNScreens]: largeTitleFontWeight prop is not available on Android
07-08 22:19:00.048 16436 16436 W [RNScreens]: largeTitleHideShadow prop is not available on Android
07-08 22:19:00.050 16436 16436 I ExoPlayerImpl: Release ed4e129 [AndroidXMedia3/1.8.0] [V2309, V2309, vivo, 36] [media3.common, media3.exoplayer, media3.decoder, media3.datasource, media3.extractor]
07-08 22:19:00.050 16436 16482 I ReactNativeJS: 'ALARM RING: skipping JS audio, native channel sound handles it', 'beep'
07-08 22:19:00.051 16436 16519 D MediaCodec: [0xb4000077b03594a0] setState: 7
07-08 22:19:00.058 16436 16519 D CCodecBuffers: [c2.android.mp3.decoder#72:1D-Output.Impl[N]] Client returned a buffer it does not own according to our record: 0
07-08 22:19:00.058 16436 16519 D CCodecBuffers: [c2.android.mp3.decoder#72:1D-Output.Impl[N]] Client returned a buffer it does not own according to our record: 1
07-08 22:19:00.058 16436 16519 D CCodecBuffers: [c2.android.mp3.decoder#72:1D-Output.Impl[N]] Client returned a buffer it does not own according to our record: 2
07-08 22:19:00.058 16436 16519 D MediaCodec: [0xb4000077b03594a0] setState: 8
07-08 22:19:00.058 16436 16507 D MediaCodec: keep callback message for reclaim
07-08 22:19:00.058 16436 16519 D MediaCodec: [0xb4000077b03594a0] setState: 6
07-08 22:19:00.060 14283  2559 I FSA2_GmsContactsSyncAdapter: @onPerformSync
07-08 22:19:00.062 14283  2559 W FSA2_ContactsSyncAdapter: @onPerformSync Sync started
07-08 22:19:00.062  7529 31696 I eokz    : (REDACTED) HDM. appOpsListener %s %s
07-08 22:19:00.062  7529 31696 I eokz    : (REDACTED) HDM. Ignoring irrelevant audio permission changes for package %s
07-08 22:19:00.064 16436 16519 I CCodecConfig: query failed after returning 8 values (BAD_INDEX)
07-08 22:19:00.064 16436 16519 D BufferPoolAccessor2.0: bufferpool2 0xb4000078b02cc578 : 1(8192 size) total buffers - 1(8192 size) used buffers - 14/20 (recycle/alloc) - 8/36 (fetch/transfer)
07-08 22:19:00.065 16436 16519 W Codec2Client: query -- param skipped: index = 1342179345.
07-08 22:19:00.065 16436 16519 W Codec2Client: query -- param skipped: index = 2415921170.
07-08 22:19:00.070 16436 16507 D MediaCodec: [0xb4000077b03594a0] [c2.android.mp3.decoder] releaseAsync
07-08 22:19:00.070 16436 16519 W LegacyMessageQueue: Handler (android.media.MediaCodec$EventHandler) {d1f44fc} sending message to a Handler on a dead thread
07-08 22:19:00.070 16436 16519 W LegacyMessageQueue: java.lang.IllegalStateException: Handler (android.media.MediaCodec$EventHandler) {d1f44fc} sending message to a Handler on a dead thread
07-08 22:19:00.070 16436 16519 W LegacyMessageQueue: 	at android.os.MessageQueue.enqueueMessageLegacy(MessageQueue.java:1295)
07-08 22:19:00.070 16436 16519 W LegacyMessageQueue: 	at android.os.MessageQueue.enqueueMessage(MessageQueue.java:1411)
07-08 22:19:00.070 16436 16519 W LegacyMessageQueue: 	at android.os.Handler.enqueueMessage(Handler.java:846)
07-08 22:19:00.070 16436 16519 W LegacyMessageQueue: 	at android.os.Handler.sendMessageAtTime(Handler.java:743)
07-08 22:19:00.070 16436 16519 W LegacyMessageQueue: 	at android.os.Handler.sendMessageDelayed(Handler.java:713)
07-08 22:19:00.070 16436 16519 W LegacyMessageQueue: 	at android.os.Handler.sendMessage(Handler.java:651)
07-08 22:19:00.070 16436 16519 W LegacyMessageQueue: 	at android.media.MediaCodec.postEventFromNative(MediaCodec.java:6230)
07-08 22:19:00.070 16436 16519 W LegacyMessageQueue: Handler (android.media.MediaCodec$EventHandler) {d1f44fc} sending message to a Handler on a dead thread
07-08 22:19:00.070 16436 16519 W LegacyMessageQueue: java.lang.IllegalStateException: Handler (android.media.MediaCodec$EventHandler) {d1f44fc} sending message to a Handler on a dead thread
07-08 22:19:00.070 16436 16519 W LegacyMessageQueue: 	at android.os.MessageQueue.enqueueMessageLegacy(MessageQueue.java:1295)
07-08 22:19:00.070 16436 16519 W LegacyMessageQueue: 	at android.os.MessageQueue.enqueueMessage(MessageQueue.java:1411)
07-08 22:19:00.070 16436 16519 W LegacyMessageQueue: 	at android.os.Handler.enqueueMessage(Handler.java:846)
07-08 22:19:00.070 16436 16519 W LegacyMessageQueue: 	at android.os.Handler.sendMessageAtTime(Handler.java:743)
07-08 22:19:00.070 16436 16519 W LegacyMessageQueue: 	at android.os.Handler.sendMessageDelayed(Handler.java:713)
07-08 22:19:00.070 16436 16519 W LegacyMessageQueue: 	at android.os.Handler.sendMessage(Handler.java:651)
07-08 22:19:00.070 16436 16519 W LegacyMessageQueue: 	at android.media.MediaCodec.postEventFromNative(MediaCodec.java:6230)
07-08 22:19:00.070 16436 16519 W LegacyMessageQueue: Handler (android.media.MediaCodec$EventHandler) {d1f44fc} sending message to a Handler on a dead thread
07-08 22:19:00.070 16436 16519 W LegacyMessageQueue: java.lang.IllegalStateException: Handler (android.media.MediaCodec$EventHandler) {d1f44fc} sending message to a Handler on a dead thread
07-08 22:19:00.070 16436 16519 W LegacyMessageQueue: 	at android.os.MessageQueue.enqueueMessageLegacy(MessageQueue.java:1295)
07-08 22:19:00.070 16436 16519 W LegacyMessageQueue: 	at android.os.MessageQueue.enqueueMessage(MessageQueue.java:1411)
07-08 22:19:00.070 16436 16519 W LegacyMessageQueue: 	at android.os.Handler.enqueueMessage(Handler.java:846)
07-08 22:19:00.070 16436 16519 W LegacyMessageQueue: 	at android.os.Handler.sendMessageAtTime(Handler.java:743)
07-08 22:19:00.070 16436 16519 W LegacyMessageQueue: 	at android.os.Handler.sendMessageDelayed(Handler.java:713)
07-08 22:19:00.070 16436 16519 W LegacyMessageQueue: 	at android.os.Handler.sendMessage(Handler.java:651)
07-08 22:19:00.070 16436 16519 W LegacyMessageQueue: 	at android.media.MediaCodec.postEventFromNative(MediaCodec.java:6230)
07-08 22:19:00.070 16436 16519 W LegacyMessageQueue: Handler (android.media.MediaCodec$EventHandler) {d1f44fc} sending message to a Handler on a dead thread
07-08 22:19:00.070 16436 16519 W LegacyMessageQueue: java.lang.IllegalStateException: Handler (android.media.MediaCodec$EventHandler) {d1f44fc} sending message to a Handler on a dead thread
07-08 22:19:00.070 16436 16519 W LegacyMessageQueue: 	at android.os.MessageQueue.enqueueMessageLegacy(MessageQueue.java:1295)
07-08 22:19:00.070 16436 16519 W LegacyMessageQueue: 	at android.os.MessageQueue.enqueueMessage(MessageQueue.java:1411)
07-08 22:19:00.070 16436 16519 W LegacyMessageQueue: 	at android.os.Handler.enqueueMessage(Handler.java:846)
07-08 22:19:00.070 16436 16519 W LegacyMessageQueue: 	at android.os.Handler.sendMessageAtTime(Handler.java:743)
07-08 22:19:00.070 16436 16519 W LegacyMessageQueue: 	at android.os.Handler.sendMessageDelayed(Handler.java:713)
07-08 22:19:00.070 16436 16519 W LegacyMessageQueue: 	at android.os.Handler.sendMessage(Handler.java:651)
07-08 22:19:00.070 16436 16519 W LegacyMessageQueue: 	at android.media.MediaCodec.postEventFromNative(MediaCodec.java:6230)
07-08 22:19:00.070 16436 16519 I MediaCodec: ++kWhatRelease   mState :6
07-08 22:19:00.070 16436 16519 D MediaCodec: [0xb4000077b03594a0] setState: 10
07-08 22:19:00.070 14283  2559 W ChimeraUtils: Module com.google.android.gms.people missing resource null(0)
07-08 22:19:00.070 16436 16519 D CCodecBufferChannel: [c2.android.mp3.decoder#72] MediaCodec discarded an unknown buffer
07-08 22:19:00.070 16436 16519 D CCodecBufferChannel: [c2.android.mp3.decoder#72] MediaCodec discarded an unknown buffer
07-08 22:19:00.070 16436 16519 D CCodecBufferChannel: [c2.android.mp3.decoder#72] MediaCodec discarded an unknown buffer
07-08 22:19:00.070 16436 16519 D CCodecBufferChannel: [c2.android.mp3.decoder#72] MediaCodec discarded an unknown buffer
07-08 22:19:00.070 16436  2558 I AudioTrack: flush(3409): 0xb4000078403d98c0 , prior state:STATE_STOPPED, sessionId:24481, calling package is:com.emergent.salahalarm.lxw9zs
07-08 22:19:00.072 16436 16507 D VivoSpatializer: unregisterAudioFeatureCallback succeeded for tag: NOTIFY_V_SPAT_STATE_CHANGED
07-08 22:19:00.073 16436  2558 I AudioTrack: stop(3409): 0xb4000078403d98c0, prior state:STATE_FLUSHED, packageName: com.emergent.salahalarm.lxw9zs
07-08 22:19:00.073 16436  2558 I PlayerBase: baseStop() piid=24543
07-08 22:19:00.073 16436  2558 V PlayerBase: baseRelease() piid=24543 state=4
07-08 22:19:00.073 16436  2558 D AudioTrack: ~AudioTrack(3409): 0xb4000078403d98c0
07-08 22:19:00.074 16436  2558 I AudioTrack: stop(3409): 0xb4000078403d98c0, prior state:STATE_FLUSHED, packageName: com.emergent.salahalarm.lxw9zs
07-08 22:19:00.074 16436  2558 D AudioTrackShared: this(0xb4000077202873b0), mCblk(0x7986914000), front(6000), mIsOut 1, interrupt() FUTEX_WAKE
07-08 22:19:00.074 16436  2558 D AudioTrack: requestExitAndWait start
07-08 22:19:00.074 16436  2558 D AudioTrack: requestExitAndWait end
07-08 22:19:00.074 25105 25105 D AudioManager: dispatching onPlaybackConfigChanged()
07-08 22:19:00.074 25105 25105 D AudioManager: dispatching onPlaybackConfigChanged()
07-08 22:19:00.078 16436 16519 I hw-BpHwBinder: onLastStrongRef automatically unlinking death recipients
07-08 22:19:00.078 16436 16519 D BufferPoolAccessor2.0: Destruction - bufferpool2 0xb4000078b02cc578 cached: 0/0M, 0/0% in use; allocs: 24, 58% recycled; transfers: 36, 78% unfetched
07-08 22:19:00.078 16436 16519 D MediaCodec: [0xb4000077b03594a0] [c2.android.mp3.decoder] kWhatReleaseCompleted
07-08 22:19:00.078 16436 16519 D MediaCodec: [0xb4000077b03594a0] setState: 0
07-08 22:19:00.079 16436 16519 I CCodecBufferChannel: Destructor 0xb4000078402ddae0
07-08 22:19:00.087 16436  2546 D VivoSpatializer: checkGoogleApiEnabled, mGoogleApiEnabled: false, originalArdVersion: 34, deniedPkg: false, clientPkg: com.emergent.salahalarm.lxw9zs
07-08 22:19:00.087 16436  2546 D VivoSpatializer: registerAudioFeatureCallback succeeded for tag: NOTIFY_V_SPAT_STATE_CHANGED
07-08 22:19:00.088 16436  2546 I DMCodecAdapterFactory: Creating an asynchronous MediaCodec adapter for track type audio
07-08 22:19:00.088 16436  2546 D MediaCodec: CreateByComponentName: name c2.android.mp3.decoder
07-08 22:19:00.089 16436  2546 W libc    : Access denied finding property "vendor.debug.stagefright.mediacodec.trace"
07-08 22:19:00.089 16436  2546 W libc    : Access denied finding property "vendor.media.c2.frameworks.debug.log"
07-08 22:19:00.090 16436  2546 W libc    : Access denied finding property "vendor.debug.stagefright.BufferCount"
07-08 22:19:00.090 16436  2546 W libc    : Access denied finding property "vendor.media.c2.frameworks.debug.log"
07-08 22:19:00.090 16436  2546 W libc    : Access denied finding property "vendor.media.c2.frameworks.buffercount.trace"
07-08 22:19:00.090 16436  2546 D CCodecBufferChannel: mBufferCountTrace=0 mIsUserLoad=1
07-08 22:19:00.090 16436  2546 I CCodecBufferChannel: Constructor 0xb40000784063f860
