07-08 21:04:43.108  8511  8565 I ReactNativeJS: 'FOREGROUND EVENT RAW:', '{"type":7,"detail":{"notification":{"title":"Fajr time","data":{"customUri":"","label":"Fajr","type":"alarm","pre":"0","sound":"beep","prayer":"fajr"},"id":"alarm-fajr-0-1783653300000","body":"It\'s time for Fajr prayer.","android":{"importance":4,"groupSummary":false,"pressAction":{"launchActivity":"default","id":"default"},"fullScreenAction":{"launchActivity":"default","id":"default"},"lightUpScreen":false,"loopSound":false,"channelId":"prayer-alarm-beep","colorized":false,"vibrationPattern":[300,500,300,500],"visibility":1,"groupAlertBehavior":0,"circularLargeIcon":false,"asForegroundService":false,"ongoing":false,"smallIcon":"ic_launcher","showTimestamp":false,"badgeIconType":2,"onlyAlertOnce":false,"showChronometer":false,"autoCancel":false,"localOnly":false,"defaults":[-1],"chronometerDirection":"up","category":"alarm"}}}}'
07-08 21:04:43.108  8511  8565 I ReactNativeJS: 'FOREGROUND EVENT RAW:', '{"type":7,"detail":{"notification":{"title":"Zuhr time","data":{"customUri":"","label":"Zuhr","type":"alarm","pre":"0","sound":"beep","prayer":"zuhr"},"id":"alarm-zuhr-0-1783688400000","body":"It\'s time for Zuhr prayer.","android":{"importance":4,"groupSummary":false,"pressAction":{"launchActivity":"default","id":"default"},"fullScreenAction":{"launchActivity":"default","id":"default"},"lightUpScreen":false,"loopSound":false,"channelId":"prayer-alarm-beep","colorized":false,"vibrationPattern":[300,500,300,500],"visibility":1,"groupAlertBehavior":0,"circularLargeIcon":false,"asForegroundService":false,"ongoing":false,"smallIcon":"ic_launcher","showTimestamp":false,"badgeIconType":2,"onlyAlertOnce":false,"showChronometer":false,"autoCancel":false,"localOnly":false,"defaults":[-1],"chronometerDirection":"up","category":"alarm"}}}}'
07-08 21:04:43.109  8511  8565 I ReactNativeJS: 'FOREGROUND EVENT RAW:', '{"type":7,"detail":{"notification":{"title":"Asr time","data":{"customUri":"","label":"Asr","type":"alarm","pre":"0","sound":"beep","prayer":"asr"},"id":"alarm-asr-0-1783707300000","body":"It\'s time for Asr prayer.","android":{"importance":4,"groupSummary":false,"pressAction":{"launchActivity":"default","id":"default"},"fullScreenAction":{"launchActivity":"default","id":"default"},"lightUpScreen":false,"loopSound":false,"channelId":"prayer-alarm-beep","colorized":false,"vibrationPattern":[300,500,300,500],"visibility":1,"groupAlertBehavior":0,"circularLargeIcon":false,"asForegroundService":false,"ongoing":false,"smallIcon":"ic_launcher","showTimestamp":false,"badgeIconType":2,"onlyAlertOnce":false,"showChronometer":false,"autoCancel":false,"localOnly":false,"defaults":[-1],"chronometerDirection":"up","category":"alarm"}}}}'
07-08 21:04:43.110  8511  8565 I ReactNativeJS: 'FOREGROUND EVENT RAW:', '{"type":7,"detail":{"notification":{"title":"Maghrib time","data":{"customUri":"","label":"Maghrib","type":"alarm","pre":"0","sound":"beep","prayer":"maghrib"},"id":"alarm-maghrib-0-1783715460000","body":"It\'s time for Maghrib prayer.","android":{"importance":4,"groupSummary":false,"pressAction":{"launchActivity":"default","id":"default"},"fullScreenAction":{"launchActivity":"default","id":"default"},"lightUpScreen":false,"loopSound":false,"channelId":"prayer-alarm-beep","colorized":false,"vibrationPattern":[300,500,300,500],"visibility":1,"groupAlertBehavior":0,"circularLargeIcon":false,"asForegroundService":false,"ongoing":false,"smallIcon":"ic_launcher","showTimestamp":false,"badgeIconType":2,"onlyAlertOnce":false,"showChronometer":false,"autoCancel":false,"localOnly":false,"defaults":[-1],"chronometerDirection":"up","category":"alarm"}}}}'
07-08 21:04:43.116  8511  8565 I ReactNativeJS: 'FOREGROUND EVENT RAW:', '{"type":7,"detail":{"notification":{"title":"Isha time","data":{"customUri":"","label":"Isha","type":"alarm","pre":"0","sound":"beep","prayer":"isha"},"id":"alarm-isha-0-1783720800000","body":"It\'s time for Isha prayer.","android":{"importance":4,"groupSummary":false,"pressAction":{"launchActivity":"default","id":"default"},"fullScreenAction":{"launchActivity":"default","id":"default"},"lightUpScreen":false,"loopSound":false,"channelId":"prayer-alarm-beep","colorized":false,"vibrationPattern":[300,500,300,500],"visibility":1,"groupAlertBehavior":0,"circularLargeIcon":false,"asForegroundService":false,"ongoing":false,"smallIcon":"ic_launcher","showTimestamp":false,"badgeIconType":2,"onlyAlertOnce":false,"showChronometer":false,"autoCancel":false,"localOnly":false,"defaults":[-1],"chronometerDirection":"up","category":"alarm"}}}}'
07-08 21:04:43.117  8511  8565 I ReactNativeJS: 'FOREGROUND EVENT RAW:', '{"type":7,"detail":{"notification":{"title":"Fajr time","data":{"customUri":"","label":"Fajr","type":"alarm","pre":"0","sound":"beep","prayer":"fajr"},"id":"alarm-fajr-0-1783739700000","body":"It\'s time for Fajr prayer.","android":{"importance":4,"groupSummary":false,"pressAction":{"launchActivity":"default","id":"default"},"fullScreenAction":{"launchActivity":"default","id":"default"},"lightUpScreen":false,"loopSound":false,"channelId":"prayer-alarm-beep","colorized":false,"vibrationPattern":[300,500,300,500],"visibility":1,"groupAlertBehavior":0,"circularLargeIcon":false,"asForegroundService":false,"ongoing":false,"smallIcon":"ic_launcher","showTimestamp":false,"badgeIconType":2,"onlyAlertOnce":false,"showChronometer":false,"autoCancel":false,"localOnly":false,"defaults":[-1],"chronometerDirection":"up","category":"alarm"}}}}'
07-08 21:04:43.113  8511  8511 W binder:8511_5: type=1400 audit(0.0:4387265): avc:  denied  { ioctl } for  path="/proc/fas/render" dev="proc" ino=4026533325 ioctlcmd=0x6609 scontext=u:r:untrusted_app:s0:c176,c258,c512,c768 tcontext=u:object_r:proc_fas:s0 tclass=file permissive=0 app=com.emergent.salahalarm.lxw9zs
07-08 21:04:43.121  8511  8565 I ReactNativeJS: 'FOREGROUND EVENT RAW:', '{"type":7,"detail":{"notification":{"title":"Zuhr time","data":{"customUri":"","label":"Zuhr","type":"alarm","pre":"0","sound":"beep","prayer":"zuhr"},"id":"alarm-zuhr-0-1783774800000","body":"It\'s time for Zuhr prayer.","android":{"importance":4,"groupSummary":false,"pressAction":{"launchActivity":"default","id":"default"},"fullScreenAction":{"launchActivity":"default","id":"default"},"lightUpScreen":false,"loopSound":false,"channelId":"prayer-alarm-beep","colorized":false,"vibrationPattern":[300,500,300,500],"visibility":1,"groupAlertBehavior":0,"circularLargeIcon":false,"asForegroundService":false,"ongoing":false,"smallIcon":"ic_launcher","showTimestamp":false,"badgeIconType":2,"onlyAlertOnce":false,"showChronometer":false,"autoCancel":false,"localOnly":false,"defaults":[-1],"chronometerDirection":"up","category":"alarm"}}}}'
07-08 21:04:43.124  8511  8565 I ReactNativeJS: 'FOREGROUND EVENT RAW:', '{"type":7,"detail":{"notification":{"title":"Asr time","data":{"customUri":"","label":"Asr","type":"alarm","pre":"0","sound":"beep","prayer":"asr"},"id":"alarm-asr-0-1783793700000","body":"It\'s time for Asr prayer.","android":{"importance":4,"groupSummary":false,"pressAction":{"launchActivity":"default","id":"default"},"fullScreenAction":{"launchActivity":"default","id":"default"},"lightUpScreen":false,"loopSound":false,"channelId":"prayer-alarm-beep","colorized":false,"vibrationPattern":[300,500,300,500],"visibility":1,"groupAlertBehavior":0,"circularLargeIcon":false,"asForegroundService":false,"ongoing":false,"smallIcon":"ic_launcher","showTimestamp":false,"badgeIconType":2,"onlyAlertOnce":false,"showChronometer":false,"autoCancel":false,"localOnly":false,"defaults":[-1],"chronometerDirection":"up","category":"alarm"}}}}'
07-08 21:04:43.127  8511  8565 I ReactNativeJS: 'FOREGROUND EVENT RAW:', '{"type":7,"detail":{"notification":{"title":"Maghrib time","data":{"customUri":"","label":"Maghrib","type":"alarm","pre":"0","sound":"beep","prayer":"maghrib"},"id":"alarm-maghrib-0-1783801800000","body":"It\'s time for Maghrib prayer.","android":{"importance":4,"groupSummary":false,"pressAction":{"launchActivity":"default","id":"default"},"fullScreenAction":{"launchActivity":"default","id":"default"},"lightUpScreen":false,"loopSound":false,"channelId":"prayer-alarm-beep","colorized":false,"vibrationPattern":[300,500,300,500],"visibility":1,"groupAlertBehavior":0,"circularLargeIcon":false,"asForegroundService":false,"ongoing":false,"smallIcon":"ic_launcher","showTimestamp":false,"badgeIconType":2,"onlyAlertOnce":false,"showChronometer":false,"autoCancel":false,"localOnly":false,"defaults":[-1],"chronometerDirection":"up","category":"alarm"}}}}'
07-08 21:04:43.131  8511  8565 I ReactNativeJS: 'FOREGROUND EVENT RAW:', '{"type":7,"detail":{"notification":{"title":"Isha time","data":{"customUri":"","label":"Isha","type":"alarm","pre":"0","sound":"beep","prayer":"isha"},"id":"alarm-isha-0-1783807200000","body":"It\'s time for Isha prayer.","android":{"importance":4,"groupSummary":false,"pressAction":{"launchActivity":"default","id":"default"},"fullScreenAction":{"launchActivity":"default","id":"default"},"lightUpScreen":false,"loopSound":false,"channelId":"prayer-alarm-beep","colorized":false,"vibrationPattern":[300,500,300,500],"visibility":1,"groupAlertBehavior":0,"circularLargeIcon":false,"asForegroundService":false,"ongoing":false,"smallIcon":"ic_launcher","showTimestamp":false,"badgeIconType":2,"onlyAlertOnce":false,"showChronometer":false,"autoCancel":false,"localOnly":false,"defaults":[-1],"chronometerDirection":"up","category":"alarm"}}}}'
07-08 21:04:43.135  8511  8565 I ReactNativeJS: 'FOREGROUND EVENT RAW:', '{"type":7,"detail":{"notification":{"title":"Fajr time","data":{"customUri":"","label":"Fajr","type":"alarm","pre":"0","sound":"beep","prayer":"fajr"},"id":"alarm-fajr-0-1783826100000","body":"It\'s time for Fajr prayer.","android":{"importance":4,"groupSummary":false,"pressAction":{"launchActivity":"default","id":"default"},"fullScreenAction":{"launchActivity":"default","id":"default"},"lightUpScreen":false,"loopSound":false,"channelId":"prayer-alarm-beep","colorized":false,"vibrationPattern":[300,500,300,500],"visibility":1,"groupAlertBehavior":0,"circularLargeIcon":false,"asForegroundService":false,"ongoing":false,"smallIcon":"ic_launcher","showTimestamp":false,"badgeIconType":2,"onlyAlertOnce":false,"showChronometer":false,"autoCancel":false,"localOnly":false,"defaults":[-1],"chronometerDirection":"up","category":"alarm"}}}}'
07-08 21:04:43.138  8511  8565 I ReactNativeJS: 'FOREGROUND EVENT RAW:', '{"type":7,"detail":{"notification":{"title":"Zuhr time","data":{"customUri":"","label":"Zuhr","type":"alarm","pre":"0","sound":"beep","prayer":"zuhr"},"id":"alarm-zuhr-0-1783861200000","body":"It\'s time for Zuhr prayer.","android":{"importance":4,"groupSummary":false,"pressAction":{"launchActivity":"default","id":"default"},"fullScreenAction":{"launchActivity":"default","id":"default"},"lightUpScreen":false,"loopSound":false,"channelId":"prayer-alarm-beep","colorized":false,"vibrationPattern":[300,500,300,500],"visibility":1,"groupAlertBehavior":0,"circularLargeIcon":false,"asForegroundService":false,"ongoing":false,"smallIcon":"ic_launcher","showTimestamp":false,"badgeIconType":2,"onlyAlertOnce":false,"showChronometer":false,"autoCancel":false,"localOnly":false,"defaults":[-1],"chronometerDirection":"up","category":"alarm"}}}}'
07-08 21:04:43.142  8511  8565 I ReactNativeJS: 'FOREGROUND EVENT RAW:', '{"type":7,"detail":{"notification":{"title":"Asr time","data":{"customUri":"","label":"Asr","type":"alarm","pre":"0","sound":"beep","prayer":"asr"},"id":"alarm-asr-0-1783880100000","body":"It\'s time for Asr prayer.","android":{"importance":4,"groupSummary":false,"pressAction":{"launchActivity":"default","id":"default"},"fullScreenAction":{"launchActivity":"default","id":"default"},"lightUpScreen":false,"loopSound":false,"channelId":"prayer-alarm-beep","colorized":false,"vibrationPattern":[300,500,300,500],"visibility":1,"groupAlertBehavior":0,"circularLargeIcon":false,"asForegroundService":false,"ongoing":false,"smallIcon":"ic_launcher","showTimestamp":false,"badgeIconType":2,"onlyAlertOnce":false,"showChronometer":false,"autoCancel":false,"localOnly":false,"defaults":[-1],"chronometerDirection":"up","category":"alarm"}}}}'
07-08 21:04:43.146  8511  8565 I ReactNativeJS: 'FOREGROUND EVENT RAW:', '{"type":7,"detail":{"notification":{"title":"Maghrib time","data":{"customUri":"","label":"Maghrib","type":"alarm","pre":"0","sound":"beep","prayer":"maghrib"},"id":"alarm-maghrib-0-1783888140000","body":"It\'s time for Maghrib prayer.","android":{"importance":4,"groupSummary":false,"pressAction":{"launchActivity":"default","id":"default"},"fullScreenAction":{"launchActivity":"default","id":"default"},"lightUpScreen":false,"loopSound":false,"channelId":"prayer-alarm-beep","colorized":false,"vibrationPattern":[300,500,300,500],"visibility":1,"groupAlertBehavior":0,"circularLargeIcon":false,"asForegroundService":false,"ongoing":false,"smallIcon":"ic_launcher","showTimestamp":false,"badgeIconType":2,"onlyAlertOnce":false,"showChronometer":false,"autoCancel":false,"localOnly":false,"defaults":[-1],"chronometerDirection":"up","category":"alarm"}}}}'
07-08 21:04:43.150  8511  8565 I ReactNativeJS: 'FOREGROUND EVENT RAW:', '{"type":7,"detail":{"notification":{"title":"Isha time","data":{"customUri":"","label":"Isha","type":"alarm","pre":"0","sound":"beep","prayer":"isha"},"id":"alarm-isha-0-1783893600000","body":"It\'s time for Isha prayer.","android":{"importance":4,"groupSummary":false,"pressAction":{"launchActivity":"default","id":"default"},"fullScreenAction":{"launchActivity":"default","id":"default"},"lightUpScreen":false,"loopSound":false,"channelId":"prayer-alarm-beep","colorized":false,"vibrationPattern":[300,500,300,500],"visibility":1,"groupAlertBehavior":0,"circularLargeIcon":false,"asForegroundService":false,"ongoing":false,"smallIcon":"ic_launcher","showTimestamp":false,"badgeIconType":2,"onlyAlertOnce":false,"showChronometer":false,"autoCancel":false,"localOnly":false,"defaults":[-1],"chronometerDirection":"up","category":"alarm"}}}}'
07-08 21:04:43.156  8511  8565 I ReactNativeJS: 'FOREGROUND EVENT RAW:', '{"type":7,"detail":{"notification":{"title":"Fajr time","data":{"customUri":"","label":"Fajr","type":"alarm","pre":"0","sound":"beep","prayer":"fajr"},"id":"alarm-fajr-0-1783912500000","body":"It\'s time for Fajr prayer.","android":{"importance":4,"groupSummary":false,"pressAction":{"launchActivity":"default","id":"default"},"fullScreenAction":{"launchActivity":"default","id":"default"},"lightUpScreen":false,"loopSound":false,"channelId":"prayer-alarm-beep","colorized":false,"vibrationPattern":[300,500,300,500],"visibility":1,"groupAlertBehavior":0,"circularLargeIcon":false,"asForegroundService":false,"ongoing":false,"smallIcon":"ic_launcher","showTimestamp":false,"badgeIconType":2,"onlyAlertOnce":false,"showChronometer":false,"autoCancel":false,"localOnly":false,"defaults":[-1],"chronometerDirection":"up","category":"alarm"}}}}'
07-08 21:04:43.157  8511  8565 I ReactNativeJS: 'FOREGROUND EVENT RAW:', '{"type":7,"detail":{"notification":{"title":"Zuhr time","data":{"customUri":"","label":"Zuhr","type":"alarm","pre":"0","sound":"beep","prayer":"zuhr"},"id":"alarm-zuhr-0-1783947600000","body":"It\'s time for Zuhr prayer.","android":{"importance":4,"groupSummary":false,"pressAction":{"launchActivity":"default","id":"default"},"fullScreenAction":{"launchActivity":"default","id":"default"},"lightUpScreen":false,"loopSound":false,"channelId":"prayer-alarm-beep","colorized":false,"vibrationPattern":[300,500,300,500],"visibility":1,"groupAlertBehavior":0,"circularLargeIcon":false,"asForegroundService":false,"ongoing":false,"smallIcon":"ic_launcher","showTimestamp":false,"badgeIconType":2,"onlyAlertOnce":false,"showChronometer":false,"autoCancel":false,"localOnly":false,"defaults":[-1],"chronometerDirection":"up","category":"alarm"}}}}'
07-08 21:04:43.164  8511  8565 I ReactNativeJS: 'FOREGROUND EVENT RAW:', '{"type":7,"detail":{"notification":{"title":"Asr time","data":{"customUri":"","label":"Asr","type":"alarm","pre":"0","sound":"beep","prayer":"asr"},"id":"alarm-asr-0-1783966500000","body":"It\'s time for Asr prayer.","android":{"importance":4,"groupSummary":false,"pressAction":{"launchActivity":"default","id":"default"},"fullScreenAction":{"launchActivity":"default","id":"default"},"lightUpScreen":false,"loopSound":false,"channelId":"prayer-alarm-beep","colorized":false,"vibrationPattern":[300,500,300,500],"visibility":1,"groupAlertBehavior":0,"circularLargeIcon":false,"asForegroundService":false,"ongoing":false,"smallIcon":"ic_launcher","showTimestamp":false,"badgeIconType":2,"onlyAlertOnce":false,"showChronometer":false,"autoCancel":false,"localOnly":false,"defaults":[-1],"chronometerDirection":"up","category":"alarm"}}}}'
07-08 21:04:43.165  8511  8565 I ReactNativeJS: 'FOREGROUND EVENT RAW:', '{"type":7,"detail":{"notification":{"title":"Maghrib time","data":{"customUri":"","label":"Maghrib","type":"alarm","pre":"0","sound":"beep","prayer":"maghrib"},"id":"alarm-maghrib-0-1783974480000","body":"It\'s time for Maghrib prayer.","android":{"importance":4,"groupSummary":false,"pressAction":{"launchActivity":"default","id":"default"},"fullScreenAction":{"launchActivity":"default","id":"default"},"lightUpScreen":false,"loopSound":false,"channelId":"prayer-alarm-beep","colorized":false,"vibrationPattern":[300,500,300,500],"visibility":1,"groupAlertBehavior":0,"circularLargeIcon":false,"asForegroundService":false,"ongoing":false,"smallIcon":"ic_launcher","showTimestamp":false,"badgeIconType":2,"onlyAlertOnce":false,"showChronometer":false,"autoCancel":false,"localOnly":false,"defaults":[-1],"chronometerDirection":"up","category":"alarm"}}}}'
07-08 21:04:43.169  8511  8565 I ReactNativeJS: 'FOREGROUND EVENT RAW:', '{"type":7,"detail":{"notification":{"title":"Isha time","data":{"customUri":"","label":"Isha","type":"alarm","pre":"0","sound":"beep","prayer":"isha"},"id":"alarm-isha-0-1783980000000","body":"It\'s time for Isha prayer.","android":{"importance":4,"groupSummary":false,"pressAction":{"launchActivity":"default","id":"default"},"fullScreenAction":{"launchActivity":"default","id":"default"},"lightUpScreen":false,"loopSound":false,"channelId":"prayer-alarm-beep","colorized":false,"vibrationPattern":[300,500,300,500],"visibility":1,"groupAlertBehavior":0,"circularLargeIcon":false,"asForegroundService":false,"ongoing":false,"smallIcon":"ic_launcher","showTimestamp":false,"badgeIconType":2,"onlyAlertOnce":false,"showChronometer":false,"autoCancel":false,"localOnly":false,"defaults":[-1],"chronometerDirection":"up","category":"alarm"}}}}'
07-08 21:04:43.172  8511  8565 I ReactNativeJS: 'FOREGROUND EVENT RAW:', '{"type":7,"detail":{"notification":{"title":"Fajr time","data":{"customUri":"","label":"Fajr","type":"alarm","pre":"0","sound":"beep","prayer":"fajr"},"id":"alarm-fajr-0-1783998900000","body":"It\'s time for Fajr prayer.","android":{"importance":4,"groupSummary":false,"pressAction":{"launchActivity":"default","id":"default"},"fullScreenAction":{"launchActivity":"default","id":"default"},"lightUpScreen":false,"loopSound":false,"channelId":"prayer-alarm-beep","colorized":false,"vibrationPattern":[300,500,300,500],"visibility":1,"groupAlertBehavior":0,"circularLargeIcon":false,"asForegroundService":false,"ongoing":false,"smallIcon":"ic_launcher","showTimestamp":false,"badgeIconType":2,"onlyAlertOnce":false,"showChronometer":false,"autoCancel":false,"localOnly":false,"defaults":[-1],"chronometerDirection":"up","category":"alarm"}}}}'
07-08 21:04:43.175  8511  8565 I ReactNativeJS: 'FOREGROUND EVENT RAW:', '{"type":7,"detail":{"notification":{"title":"Zuhr time","data":{"customUri":"","label":"Zuhr","type":"alarm","pre":"0","sound":"beep","prayer":"zuhr"},"id":"alarm-zuhr-0-1784034000000","body":"It\'s time for Zuhr prayer.","android":{"importance":4,"groupSummary":false,"pressAction":{"launchActivity":"default","id":"default"},"fullScreenAction":{"launchActivity":"default","id":"default"},"lightUpScreen":false,"loopSound":false,"channelId":"prayer-alarm-beep","colorized":false,"vibrationPattern":[300,500,300,500],"visibility":1,"groupAlertBehavior":0,"circularLargeIcon":false,"asForegroundService":false,"ongoing":false,"smallIcon":"ic_launcher","showTimestamp":false,"badgeIconType":2,"onlyAlertOnce":false,"showChronometer":false,"autoCancel":false,"localOnly":false,"defaults":[-1],"chronometerDirection":"up","category":"alarm"}}}}'
07-08 21:04:43.179  8511  8565 I ReactNativeJS: 'FOREGROUND EVENT RAW:', '{"type":7,"detail":{"notification":{"title":"Asr time","data":{"customUri":"","label":"Asr","type":"alarm","pre":"0","sound":"beep","prayer":"asr"},"id":"alarm-asr-0-1784052900000","body":"It\'s time for Asr prayer.","android":{"importance":4,"groupSummary":false,"pressAction":{"launchActivity":"default","id":"default"},"fullScreenAction":{"launchActivity":"default","id":"default"},"lightUpScreen":false,"loopSound":false,"channelId":"prayer-alarm-beep","colorized":false,"vibrationPattern":[300,500,300,500],"visibility":1,"groupAlertBehavior":0,"circularLargeIcon":false,"asForegroundService":false,"ongoing":false,"smallIcon":"ic_launcher","showTimestamp":false,"badgeIconType":2,"onlyAlertOnce":false,"showChronometer":false,"autoCancel":false,"localOnly":false,"defaults":[-1],"chronometerDirection":"up","category":"alarm"}}}}'
07-08 21:04:43.182  8511  8565 I ReactNativeJS: 'FOREGROUND EVENT RAW:', '{"type":7,"detail":{"notification":{"title":"Maghrib time","data":{"customUri":"","label":"Maghrib","type":"alarm","pre":"0","sound":"beep","prayer":"maghrib"},"id":"alarm-maghrib-0-1784060880000","body":"It\'s time for Maghrib prayer.","android":{"importance":4,"groupSummary":false,"pressAction":{"launchActivity":"default","id":"default"},"fullScreenAction":{"launchActivity":"default","id":"default"},"lightUpScreen":false,"loopSound":false,"channelId":"prayer-alarm-beep","colorized":false,"vibrationPattern":[300,500,300,500],"visibility":1,"groupAlertBehavior":0,"circularLargeIcon":false,"asForegroundService":false,"ongoing":false,"smallIcon":"ic_launcher","showTimestamp":false,"badgeIconType":2,"onlyAlertOnce":false,"showChronometer":false,"autoCancel":false,"localOnly":false,"defaults":[-1],"chronometerDirection":"up","category":"alarm"}}}}'
07-08 21:04:43.185  8511  8565 I ReactNativeJS: 'FOREGROUND EVENT RAW:', '{"type":7,"detail":{"notification":{"title":"Isha time","data":{"customUri":"","label":"Isha","type":"alarm","pre":"0","sound":"beep","prayer":"isha"},"id":"alarm-isha-0-1784066400000","body":"It\'s time for Isha prayer.","android":{"importance":4,"groupSummary":false,"pressAction":{"launchActivity":"default","id":"default"},"fullScreenAction":{"launchActivity":"default","id":"default"},"lightUpScreen":false,"loopSound":false,"channelId":"prayer-alarm-beep","colorized":false,"vibrationPattern":[300,500,300,500],"visibility":1,"groupAlertBehavior":0,"circularLargeIcon":false,"asForegroundService":false,"ongoing":false,"smallIcon":"ic_launcher","showTimestamp":false,"badgeIconType":2,"onlyAlertOnce":false,"showChronometer":false,"autoCancel":false,"localOnly":false,"defaults":[-1],"chronometerDirection":"up","category":"alarm"}}}}'
07-08 21:04:43.188  8511  8565 I ReactNativeJS: 'FOREGROUND EVENT RAW:', '{"type":7,"detail":{"notification":{"title":"Fajr time","data":{"customUri":"","label":"Fajr","type":"alarm","pre":"0","sound":"beep","prayer":"fajr"},"id":"alarm-fajr-0-1784085300000","body":"It\'s time for Fajr prayer.","android":{"importance":4,"groupSummary":false,"pressAction":{"launchActivity":"default","id":"default"},"fullScreenAction":{"launchActivity":"default","id":"default"},"lightUpScreen":false,"loopSound":false,"channelId":"prayer-alarm-beep","colorized":false,"vibrationPattern":[300,500,300,500],"visibility":1,"groupAlertBehavior":0,"circularLargeIcon":false,"asForegroundService":false,"ongoing":false,"smallIcon":"ic_launcher","showTimestamp":false,"badgeIconType":2,"onlyAlertOnce":false,"showChronometer":false,"autoCancel":false,"localOnly":false,"defaults":[-1],"chronometerDirection":"up","category":"alarm"}}}}'
07-08 21:04:43.193  8511  8565 I ReactNativeJS: 'FOREGROUND EVENT RAW:', '{"type":7,"detail":{"notification":{"title":"Zuhr time","data":{"customUri":"","label":"Zuhr","type":"alarm","pre":"0","sound":"beep","prayer":"zuhr"},"id":"alarm-zuhr-0-1784120400000","body":"It\'s time for Zuhr prayer.","android":{"importance":4,"groupSummary":false,"pressAction":{"launchActivity":"default","id":"default"},"fullScreenAction":{"launchActivity":"default","id":"default"},"lightUpScreen":false,"loopSound":false,"channelId":"prayer-alarm-beep","colorized":false,"vibrationPattern":[300,500,300,500],"visibility":1,"groupAlertBehavior":0,"circularLargeIcon":false,"asForegroundService":false,"ongoing":false,"smallIcon":"ic_launcher","showTimestamp":false,"badgeIconType":2,"onlyAlertOnce":false,"showChronometer":false,"autoCancel":false,"localOnly":false,"defaults":[-1],"chronometerDirection":"up","category":"alarm"}}}}'
07-08 21:04:43.195  8511  8565 I ReactNativeJS: 'FOREGROUND EVENT RAW:', '{"type":7,"detail":{"notification":{"title":"Asr time","data":{"customUri":"","label":"Asr","type":"alarm","pre":"0","sound":"beep","prayer":"asr"},"id":"alarm-asr-0-1784139300000","body":"It\'s time for Asr prayer.","android":{"importance":4,"groupSummary":false,"pressAction":{"launchActivity":"default","id":"default"},"fullScreenAction":{"launchActivity":"default","id":"default"},"lightUpScreen":false,"loopSound":false,"channelId":"prayer-alarm-beep","colorized":false,"vibrationPattern":[300,500,300,500],"visibility":1,"groupAlertBehavior":0,"circularLargeIcon":false,"asForegroundService":false,"ongoing":false,"smallIcon":"ic_launcher","showTimestamp":false,"badgeIconType":2,"onlyAlertOnce":false,"showChronometer":false,"autoCancel":false,"localOnly":false,"defaults":[-1],"chronometerDirection":"up","category":"alarm"}}}}'
07-08 21:04:43.726 28667 13437 I SpellCheckerSession: SpellCheckerSession.onClose():408 com.google.android.keyboard.client.delight5.LanguageIdentifier@4c5816f is closed
07-08 21:04:43.726 28667 28678 I SpellCheckerSession: SpellCheckerSession.onClose():408 com.google.android.keyboard.client.delight5.LanguageIdentifier@ef8f305 is closed
07-08 21:04:43.726 28667 13437 I SpellCheckerSession: SpellCheckerSession.onClose():408 com.google.android.keyboard.client.delight5.LanguageIdentifier@d9aba81 is closed
07-08 21:04:43.727 28667 28676 I SpellCheckerSession: SpellCheckerSession.onClose():408 com.google.android.keyboard.client.delight5.LanguageIdentifier@4262f67 is closed
07-08 21:04:43.727 28667 13437 I SpellCheckerSession: SpellCheckerSession.onClose():408 com.google.android.keyboard.client.delight5.LanguageIdentifier@d377dbd is closed
07-08 21:04:43.728 28667 28678 I SpellCheckerSession: SpellCheckerSession.onClose():408 com.google.android.keyboard.client.delight5.LanguageIdentifier@cdc5b03 is closed
07-08 21:04:43.728 28667 28677 I SpellCheckerSession: SpellCheckerSession.onClose():408 com.google.android.keyboard.client.delight5.LanguageIdentifier@d52c58b is closed
07-08 21:04:43.728 28667 13437 I SpellCheckerSession: SpellCheckerSession.onClose():408 com.google.android.keyboard.client.delight5.LanguageIdentifier@6e338b9 is closed
07-08 21:04:43.729 28667 13437 I SpellCheckerSession: SpellCheckerSession.onClose():408 com.google.android.keyboard.client.delight5.LanguageIdentifier@e3fa45f is closed
07-08 21:04:43.729 28667 28677 I SpellCheckerSession: SpellCheckerSession.onClose():408 com.google.android.keyboard.client.delight5.LanguageIdentifier@6f5a775 is closed
07-08 21:04:43.729 28667 28678 I SpellCheckerSession: SpellCheckerSession.onClose():408 com.google.android.keyboard.client.delight5.LanguageIdentifier@764277b is closed
07-08 21:04:43.750  8511  8511 W WindowOnBackDispatcher: sendCancelIfRunning: isInProgress=false callback=android.view.ImeBackAnimationController@e0020b
07-08 21:04:43.751  8511  8511 I ImeTracker: com.emergent.salahalarm.lxw9zs:b321ae4f: onRequestHide at ORIGIN_CLIENT reason HIDE_SOFT_INPUT_CLOSE_CURRENT_SESSION fromUser false
07-08 21:04:43.752  8511  8511 D InsetsController: Setting requestedVisibleTypes to -5131 (was -5123)
07-08 21:04:43.763 28667 28667 V InputMethod: hideSoftInput()
07-08 21:04:43.764 28667 28667 V InputMethodService: CALL: hideWindow
07-08 21:04:43.764 28667 28667 V InputMethodService: CALL: onFinishInputView
07-08 21:04:43.764 28667 28667 D InlineSuggestionSessionController: notifyOnFinishInputView
07-08 21:04:43.764 28667 28667 I GoogleInputMethodService: GoogleInputMethodService.onFinishInputView():1677 onFinishInputView(false)
07-08 21:04:43.765 28667 28667 I EmojiAndGlobeKeyExtension: EmojiAndGlobeKeyExtension.onDeactivate():133 
07-08 21:04:43.765 28667 28667 W TooltipLifecycleManager: TooltipLifecycleManager.dismissTooltips():153 Tooltip with id spell_check_add_to_dictionary not found in tooltipManager.
07-08 21:04:43.765 28667 28667 I VoiceInputManagerWrapper: VoiceInputManagerWrapper.shutdown():135 shutdown() : SHUTDOWN_UNIVERSAL_EXTENSION_ON_DEACTIVATE [RD]
07-08 21:04:43.765 28667 28667 I VoiceInputManagerWrapper: VoiceInputManagerWrapper.cancelShutdown():109 cancelShutdown() [RD]
07-08 21:04:43.765 28667 28667 I UniversalDictationUiProvider: UniversalDictationUiProvider.onDeactivate():69 onDeactivate() [UD]
07-08 21:04:43.766 28667 28667 I InputBundle: InputBundle.consumeEvent():1052 Skip consuming an event as keyboard status is INACTIVE
07-08 21:04:43.767 28667 28667 I AbstractIme: AbstractIme.onDeactivate():212 LatinIme.onDeactivate()
07-08 21:04:43.767 28667 28698 I NebulaeTrainingCacheMetricsProcessor: NebulaeTrainingCacheMetricsProcessor.processEndSession():608 End training cache session: com.zhiliaoapp.musically_-1/
07-08 21:04:43.767 28667 28698 I NebulaeTrainingCacheMetricsProcessor: NebulaeTrainingCacheMetricsProcessor.logInputActionCollection():780 logInputActionCollection: 7
07-08 21:04:43.768 28667 28667 I PrimesLoggerHolder: FrameMetricServiceImpl.stopAsFuture():213 Measurement not found: OnConfigurationChanged
07-08 21:04:43.768 28667 28667 W TooltipLifecycleManager: TooltipLifecycleManager.dismissTooltips():153 Tooltip with id undo_access_point_promotion_banner not found in tooltipManager.
07-08 21:04:43.768  8511  8511 W RemoteInputConnectionImpl: requestCursorUpdates on inactive InputConnection
07-08 21:04:43.768 28667 28667 I GoogleInputMethodService: GoogleInputMethodService.onWindowHidden():2410 
07-08 21:04:43.768 28667 28667 I ImeTracker: com.emergent.salahalarm.lxw9zs:b321ae4f: onHidden
07-08 21:04:43.768 28667 28698 I OnDeviceWmrCalculator: OnDeviceWmrCalculator.calculateWmr():94 WMR: -1.0000 (0 / 0)
07-08 21:04:43.769  8511  8511 E ImeBackDispatcher: Ime callback not found. Ignoring unregisterReceivedCallback. callbackId: 219139626
07-08 21:04:43.771 28667 28667 I KeyboardModeUtils: KeyboardModeUtils.getKeyboardBottomOffset():435 inch: 0.000000 ydpi: 452.704987 adjustKeyboardBottomByDisplaySize: false currentDensityDpi: 480 defaultDensityDpi: 480 keyboardBottomToScreenPx: 0 keyboardBottomToNavBarPx: -126 navBarHeight: 126
07-08 21:04:43.771 28667 28667 I BaseKeyboardSizeHelper: BaseKeyboardSizeHelper.calculateMaxKeyboardBodyHeight():73 leave 321 height for app when ime window height:2551, header height:132 and isFullscreenMode:false, so the max keyboard body height is:2098
07-08 21:04:43.771 28667 28667 I BaseKeyboardSizeHelper: BaseKeyboardSizeHelper.calculateMaxKeyboardBodyHeight():73 leave 321 height for app when ime window height:2551, header height:132 and isFullscreenMode:false, so the max keyboard body height is:2098
07-08 21:04:43.771 28667 28667 I KeyboardViewManager: KeyboardViewManager.updateKeyboardBottomFrame():518 Set bottomFrameHeight = 6 while holderPaddingBottom = 6; navigationHeight = 126
07-08 21:04:43.775  8511  8511 I ImeTracker: system_server:e46542ff: onCancelled at PHASE_CLIENT_ON_CONTROLS_CHANGED
07-08 21:04:44.035  8511  8645 D InsetsAnimationCtrlImpl: notify control request finished for types: 2
07-08 21:04:44.035  8511  8645 I ANDR-VIVO-PERF: vivo inside perf_lock_rel of client
07-08 21:04:44.069  8511  8511 W binder:8511_4: type=1400 audit(0.0:4387317): avc:  denied  { ioctl } for  path="/proc/fas/render" dev="proc" ino=4026533325 ioctlcmd=0x6609 scontext=u:r:untrusted_app:s0:c176,c258,c512,c768 tcontext=u:object_r:proc_fas:s0 tclass=file permissive=0 app=com.emergent.salahalarm.lxw9zs
07-08 21:04:44.081  8511  8511 W binder:8511_4: type=1400 audit(0.0:4387318): avc:  denied  { ioctl } for  path="/proc/fas/render" dev="proc" ino=4026533325 ioctlcmd=0x6609 scontext=u:r:untrusted_app:s0:c176,c258,c512,c768 tcontext=u:object_r:proc_fas:s0 tclass=file permissive=0 app=com.emergent.salahalarm.lxw9zs
07-08 21:04:44.089  8511  8511 W binder:8511_4: type=1400 audit(0.0:4387320): avc:  denied  { ioctl } for  path="/proc/fas/render" dev="proc" ino=4026533325 ioctlcmd=0x6609 scontext=u:r:untrusted_app:s0:c176,c258,c512,c768 tcontext=u:object_r:proc_fas:s0 tclass=file permissive=0 app=com.emergent.salahalarm.lxw9zs
07-08 21:04:44.101  8511  8511 W binder:8511_4: type=1400 audit(0.0:4387321): avc:  denied  { ioctl } for  path="/proc/fas/render" dev="proc" ino=4026533325 ioctlcmd=0x6609 scontext=u:r:untrusted_app:s0:c176,c258,c512,c768 tcontext=u:object_r:proc_fas:s0 tclass=file permissive=0 app=com.emergent.salahalarm.lxw9zs
07-08 21:04:44.212  8511  8645 D InsetsAnimationCtrlImpl: notify control request finished for types: 8
07-08 21:04:44.212  8511  8645 I ANDR-VIVO-PERF: vivo inside perf_lock_rel of client
07-08 21:04:44.245 20930  8499 I NearbyMediums: No BLE Fast/GATT advertisements found in the latest cycle.
07-08 21:04:44.245 20930  8499 I NearbyMediums: Current Tracked Scanning Clients are : {NearbyConnections.EnvironmentMonitor, NearbySharing}
07-08 21:04:44.277 28667 28667 W TooltipLifecycleManager: TooltipLifecycleManager.dismissTooltips():153 Tooltip with id undo_access_point_promotion_banner not found in tooltipManager.
07-08 21:04:44.285 28667 13471 I HWUI    : [destroy] CanvasContext will be destroyed.
07-08 21:04:44.300 28667 28667 D ViewRootImpl: AppSizeAfterRelayout, size: Point(1260, 2677), rotation: ROTATION_0
07-08 21:04:44.301 28667 28667 D BLASTBufferQueue: [VRI[InputMethod,type=2011]#641](f:0,a:2) destructor()
07-08 21:04:44.301 28667 28667 D BufferQueueConsumer: [VRI[InputMethod,type=2011]#641(BLAST Consumer)641](id:6ffb00000281,api:0,p:-1,c:28667) disconnect
07-08 21:04:44.778  7529 23262 I eokz    : (REDACTED) HDM. appOpsListener %s %s
07-08 21:04:44.778  7529 23262 I eokz    : (REDACTED) HDM. Ignoring irrelevant audio permission changes for package %s
07-08 21:04:45.073  8511  8511 W binder:8511_3: type=1400 audit(0.0:4387408): avc:  denied  { ioctl } for  path="/proc/fas/render" dev="proc" ino=4026533325 ioctlcmd=0x6609 scontext=u:r:untrusted_app:s0:c176,c258,c512,c768 tcontext=u:object_r:proc_fas:s0 tclass=file permissive=0 app=com.emergent.salahalarm.lxw9zs
07-08 21:04:45.093  8511  8511 W binder:8511_3: type=1400 audit(0.0:4387409): avc:  denied  { ioctl } for  path="/proc/fas/render" dev="proc" ino=4026533325 ioctlcmd=0x6609 scontext=u:r:untrusted_app:s0:c176,c258,c512,c768 tcontext=u:object_r:proc_fas:s0 tclass=file permissive=0 app=com.emergent.salahalarm.lxw9zs
07-08 21:04:45.109  8511  8511 W binder:8511_3: type=1400 audit(0.0:4387411): avc:  denied  { ioctl } for  path="/proc/fas/render" dev="proc" ino=4026533325 ioctlcmd=0x6609 scontext=u:r:untrusted_app:s0:c176,c258,c512,c768 tcontext=u:object_r:proc_fas:s0 tclass=file permissive=0 app=com.emergent.salahalarm.lxw9zs
07-08 21:04:45.125  8511  8511 W binder:8511_3: type=1400 audit(0.0:4387412): avc:  denied  { ioctl } for  path="/proc/fas/render" dev="proc" ino=4026533325 ioctlcmd=0x6609 scontext=u:r:untrusted_app:s0:c176,c258,c512,c768 tcontext=u:object_r:proc_fas:s0 tclass=file permissive=0 app=com.emergent.salahalarm.lxw9zs
07-08 21:04:45.860  8511  8637 D BufferPoolAccessor2.0: bufferpool2 0xb4000078b031c698 : 5(40960 size) total buffers - 0(0 size) used buffers - 14/19 (recycle/alloc) - 7/36 (fetch/transfer)
07-08 21:04:45.860  8511  8637 D BufferPoolAccessor2.0: evictor expired: 1, evicted: 1
07-08 21:04:46.089  8511  8511 W binder:8511_3: type=1400 audit(0.0:4387472): avc:  denied  { ioctl } for  path="/proc/fas/render" dev="proc" ino=4026533325 ioctlcmd=0x6609 scontext=u:r:untrusted_app:s0:c176,c258,c512,c768 tcontext=u:object_r:proc_fas:s0 tclass=file permissive=0 app=com.emergent.salahalarm.lxw9zs
07-08 21:04:46.105  8511  8511 W binder:8511_3: type=1400 audit(0.0:4387473): avc:  denied  { ioctl } for  path="/proc/fas/render" dev="proc" ino=4026533325 ioctlcmd=0x6609 scontext=u:r:untrusted_app:s0:c176,c258,c512,c768 tcontext=u:object_r:proc_fas:s0 tclass=file permissive=0 app=com.emergent.salahalarm.lxw9zs
07-08 21:04:46.121  8511  8511 W binder:8511_3: type=1400 audit(0.0:4387474): avc:  denied  { ioctl } for  path="/proc/fas/render" dev="proc" ino=4026533325 ioctlcmd=0x6609 scontext=u:r:untrusted_app:s0:c176,c258,c512,c768 tcontext=u:object_r:proc_fas:s0 tclass=file permissive=0 app=com.emergent.salahalarm.lxw9zs
07-08 21:04:46.137  8511  8511 W binder:8511_5: type=1400 audit(0.0:4387476): avc:  denied  { ioctl } for  path="/proc/fas/render" dev="proc" ino=4026533325 ioctlcmd=0x6609 scontext=u:r:untrusted_app:s0:c176,c258,c512,c768 tcontext=u:object_r:proc_fas:s0 tclass=file permissive=0 app=com.emergent.salahalarm.lxw9zs
07-08 21:04:46.224  8511  8544 I HWUI    : [destroy] CanvasContext will be destroyed.
07-08 21:04:46.224  8511  8544 I HWUI    : [destroy] CanvasContext will be destroyed.
07-08 21:04:46.601 20930 21130 I IPCThreadState: oneway function results for code 1 on binder at 0xb4000078c0388f40 will be dropped but finished with status UNKNOWN_TRANSACTION and reply parcel size 80
07-08 21:04:47.101  8511  8511 W binder:8511_5: type=1400 audit(0.0:4387536): avc:  denied  { ioctl } for  path="/proc/fas/render" dev="proc" ino=4026533325 ioctlcmd=0x6609 scontext=u:r:untrusted_app:s0:c176,c258,c512,c768 tcontext=u:object_r:proc_fas:s0 tclass=file permissive=0 app=com.emergent.salahalarm.lxw9zs
07-08 21:04:47.121  8511  8511 W binder:8511_5: type=1400 audit(0.0:4387537): avc:  denied  { ioctl } for  path="/proc/fas/render" dev="proc" ino=4026533325 ioctlcmd=0x6609 scontext=u:r:untrusted_app:s0:c176,c258,c512,c768 tcontext=u:object_r:proc_fas:s0 tclass=file permissive=0 app=com.emergent.salahalarm.lxw9zs
07-08 21:04:47.137  8511  8511 W binder:8511_5: type=1400 audit(0.0:4387538): avc:  denied  { ioctl } for  path="/proc/fas/render" dev="proc" ino=4026533325 ioctlcmd=0x6609 scontext=u:r:untrusted_app:s0:c176,c258,c512,c768 tcontext=u:object_r:proc_fas:s0 tclass=file permissive=0 app=com.emergent.salahalarm.lxw9zs
07-08 21:04:47.153  8511  8511 W binder:8511_5: type=1400 audit(0.0:4387539): avc:  denied  { ioctl } for  path="/proc/fas/render" dev="proc" ino=4026533325 ioctlcmd=0x6609 scontext=u:r:untrusted_app:s0:c176,c258,c512,c768 tcontext=u:object_r:proc_fas:s0 tclass=file permissive=0 app=com.emergent.salahalarm.lxw9zs
07-08 21:04:48.117  8511  8511 W binder:8511_5: type=1400 audit(0.0:4387599): avc:  denied  { ioctl } for  path="/proc/fas/render" dev="proc" ino=4026533325 ioctlcmd=0x6609 scontext=u:r:untrusted_app:s0:c176,c258,c512,c768 tcontext=u:object_r:proc_fas:s0 tclass=file permissive=0 app=com.emergent.salahalarm.lxw9zs
07-08 21:04:48.133  8511  8511 W binder:8511_5: type=1400 audit(0.0:4387600): avc:  denied  { ioctl } for  path="/proc/fas/render" dev="proc" ino=4026533325 ioctlcmd=0x6609 scontext=u:r:untrusted_app:s0:c176,c258,c512,c768 tcontext=u:object_r:proc_fas:s0 tclass=file permissive=0 app=com.emergent.salahalarm.lxw9zs
07-08 21:04:48.149  8511  8511 W binder:8511_5: type=1400 audit(0.0:4387601): avc:  denied  { ioctl } for  path="/proc/fas/render" dev="proc" ino=4026533325 ioctlcmd=0x6609 scontext=u:r:untrusted_app:s0:c176,c258,c512,c768 tcontext=u:object_r:proc_fas:s0 tclass=file permissive=0 app=com.emergent.salahalarm.lxw9zs
07-08 21:04:48.165  8511  8511 W binder:8511_5: type=1400 audit(0.0:4387602): avc:  denied  { ioctl } for  path="/proc/fas/render" dev="proc" ino=4026533325 ioctlcmd=0x6609 scontext=u:r:untrusted_app:s0:c176,c258,c512,c768 tcontext=u:object_r:proc_fas:s0 tclass=file permissive=0 app=com.emergent.salahalarm.lxw9zs
07-08 21:04:48.181  8511  8511 W binder:8511_5: type=1400 audit(0.0:4387603): avc:  denied  { ioctl } for  path="/proc/fas/render" dev="proc" ino=4026533325 ioctlcmd=0x6609 scontext=u:r:untrusted_app:s0:c176,c258,c512,c768 tcontext=u:object_r:proc_fas:s0 tclass=file permissive=0 app=com.emergent.salahalarm.lxw9zs
07-08 21:04:49.129  8511  8511 W binder:8511_5: type=1400 audit(0.0:4387663): avc:  denied  { ioctl } for  path="/proc/fas/render" dev="proc" ino=4026533325 ioctlcmd=0x6609 scontext=u:r:untrusted_app:s0:c176,c258,c512,c768 tcontext=u:object_r:proc_fas:s0 tclass=file permissive=0 app=com.emergent.salahalarm.lxw9zs
07-08 21:04:49.145  8511  8511 W binder:8511_5: type=1400 audit(0.0:4387664): avc:  denied  { ioctl } for  path="/proc/fas/render" dev="proc" ino=4026533325 ioctlcmd=0x6609 scontext=u:r:untrusted_app:s0:c176,c258,c512,c768 tcontext=u:object_r:proc_fas:s0 tclass=file permissive=0 app=com.emergent.salahalarm.lxw9zs
07-08 21:04:49.165  8511  8511 W binder:8511_5: type=1400 audit(0.0:4387665): avc:  denied  { ioctl } for  path="/proc/fas/render" dev="proc" ino=4026533325 ioctlcmd=0x6609 scontext=u:r:untrusted_app:s0:c176,c258,c512,c768 tcontext=u:object_r:proc_fas:s0 tclass=file permissive=0 app=com.emergent.salahalarm.lxw9zs
07-08 21:04:49.181  8511  8511 W binder:8511_5: type=1400 audit(0.0:4387666): avc:  denied  { ioctl } for  path="/proc/fas/render" dev="proc" ino=4026533325 ioctlcmd=0x6609 scontext=u:r:untrusted_app:s0:c176,c258,c512,c768 tcontext=u:object_r:proc_fas:s0 tclass=file permissive=0 app=com.emergent.salahalarm.lxw9zs
07-08 21:04:49.197  8511  8511 W binder:8511_5: type=1400 audit(0.0:4387667): avc:  denied  { ioctl } for  path="/proc/fas/render" dev="proc" ino=4026533325 ioctlcmd=0x6609 scontext=u:r:untrusted_app:s0:c176,c258,c512,c768 tcontext=u:object_r:proc_fas:s0 tclass=file permissive=0 app=com.emergent.salahalarm.lxw9zs
07-08 21:04:49.212 20930 20955 I Auth    : [BroadcastManager] [BroadcastManager] Broadcasting account capabilities changed. [CONTEXT service_id=343 ]
07-08 21:04:49.215 20930 20955 I Auth    : [BroadcastManager] [BroadcastManager] Broadcasting account services changed. [CONTEXT service_id=343 ]
07-08 21:04:49.227 14283  8772 I Auth    : (REDACTED) [SupervisedAccountIntentOperation] onHandleIntent: %s
07-08 21:04:49.246 14283  8774 W ChimeraUtils: Module com.google.android.gms.advancedprotection missing resource null(0)
07-08 21:04:49.252 20930  8442 I NetworkScheduler.Stats: (REDACTED) Task %s/%s started execution. cause:%s exec_start_elapsed_seconds: %s
07-08 21:04:49.255 20930  8398 I NetworkScheduler.Stats: (REDACTED) Task %s/%s finished executing. cause:%s result: %s elapsed_millis: %s uptime_millis: %s exec_start_elapsed_seconds: %s
07-08 21:04:49.831 20930 20930 D BoundBrokerSvc: onUnbind: Intent { act=com.google.android.gms.findmydevice.spot.service.locationreport.START dat=chimera-action:/... xflg=0x4 cmp=com.google.android.gms/.chimera.PersistentApiService }
07-08 21:04:50.066 14283 14283 D BoundBrokerSvc: onUnbind: Intent { act=com.google.android.gms.onboardingconsent.api.ConsentManagerApiService.START dat=chimera-action:/... xflg=0x4 cmp=com.google.android.gms/.chimera.GmsApiService }
07-08 21:04:50.145  8511  8511 W binder:8511_3: type=1400 audit(0.0:4387726): avc:  denied  { ioctl } for  path="/proc/fas/render" dev="proc" ino=4026533325 ioctlcmd=0x6609 scontext=u:r:untrusted_app:s0:c176,c258,c512,c768 tcontext=u:object_r:proc_fas:s0 tclass=file permissive=0 app=com.emergent.salahalarm.lxw9zs
07-08 21:04:50.161  8511  8511 W binder:8511_3: type=1400 audit(0.0:4387727): avc:  denied  { ioctl } for  path="/proc/fas/render" dev="proc" ino=4026533325 ioctlcmd=0x6609 scontext=u:r:untrusted_app:s0:c176,c258,c512,c768 tcontext=u:object_r:proc_fas:s0 tclass=file permissive=0 app=com.emergent.salahalarm.lxw9zs
07-08 21:04:50.177  8511  8511 W binder:8511_3: type=1400 audit(0.0:4387728): avc:  denied  { ioctl } for  path="/proc/fas/render" dev="proc" ino=4026533325 ioctlcmd=0x6609 scontext=u:r:untrusted_app:s0:c176,c258,c512,c768 tcontext=u:object_r:proc_fas:s0 tclass=file permissive=0 app=com.emergent.salahalarm.lxw9zs
07-08 21:04:50.193  8511  8511 W binder:8511_3: type=1400 audit(0.0:4387729): avc:  denied  { ioctl } for  path="/proc/fas/render" dev="proc" ino=4026533325 ioctlcmd=0x6609 scontext=u:r:untrusted_app:s0:c176,c258,c512,c768 tcontext=u:object_r:proc_fas:s0 tclass=file permissive=0 app=com.emergent.salahalarm.lxw9zs
07-08 21:04:50.213  8511  8511 W binder:8511_3: type=1400 audit(0.0:4387730): avc:  denied  { ioctl } for  path="/proc/fas/render" dev="proc" ino=4026533325 ioctlcmd=0x6609 scontext=u:r:untrusted_app:s0:c176,c258,c512,c768 tcontext=u:object_r:proc_fas:s0 tclass=file permissive=0 app=com.emergent.salahalarm.lxw9zs
07-08 21:04:51.161  8511  8511 W binder:8511_3: type=1400 audit(0.0:4387789): avc:  denied  { ioctl } for  path="/proc/fas/render" dev="proc" ino=4026533325 ioctlcmd=0x6609 scontext=u:r:untrusted_app:s0:c176,c258,c512,c768 tcontext=u:object_r:proc_fas:s0 tclass=file permissive=0 app=com.emergent.salahalarm.lxw9zs
07-08 21:04:51.177  8511  8511 W binder:8511_3: type=1400 audit(0.0:4387790): avc:  denied  { ioctl } for  path="/proc/fas/render" dev="proc" ino=4026533325 ioctlcmd=0x6609 scontext=u:r:untrusted_app:s0:c176,c258,c512,c768 tcontext=u:object_r:proc_fas:s0 tclass=file permissive=0 app=com.emergent.salahalarm.lxw9zs
07-08 21:04:51.193  8511  8511 W binder:8511_3: type=1400 audit(0.0:4387791): avc:  denied  { ioctl } for  path="/proc/fas/render" dev="proc" ino=4026533325 ioctlcmd=0x6609 scontext=u:r:untrusted_app:s0:c176,c258,c512,c768 tcontext=u:object_r:proc_fas:s0 tclass=file permissive=0 app=com.emergent.salahalarm.lxw9zs
07-08 21:04:51.205  8511  8511 W binder:8511_3: type=1400 audit(0.0:4387792): avc:  denied  { ioctl } for  path="/proc/fas/render" dev="proc" ino=4026533325 ioctlcmd=0x6609 scontext=u:r:untrusted_app:s0:c176,c258,c512,c768 tcontext=u:object_r:proc_fas:s0 tclass=file permissive=0 app=com.emergent.salahalarm.lxw9zs
07-08 21:04:51.225  8511  8511 W binder:8511_3: type=1400 audit(0.0:4387793): avc:  denied  { ioctl } for  path="/proc/fas/render" dev="proc" ino=4026533325 ioctlcmd=0x6609 scontext=u:r:untrusted_app:s0:c176,c258,c512,c768 tcontext=u:object_r:proc_fas:s0 tclass=file permissive=0 app=com.emergent.salahalarm.lxw9zs
07-08 21:04:51.802 14283 14283 D BoundBrokerSvc: onUnbind: Intent { act=com.google.android.gms.inappreach.service.START dat=chimera-action:/... xflg=0x4 cmp=com.google.android.gms/.chimera.GmsApiService }
07-08 21:04:52.177  8511  8511 W binder:8511_6: type=1400 audit(0.0:4387853): avc:  denied  { ioctl } for  path="/proc/fas/render" dev="proc" ino=4026533325 ioctlcmd=0x6609 scontext=u:r:untrusted_app:s0:c176,c258,c512,c768 tcontext=u:object_r:proc_fas:s0 tclass=file permissive=0 app=com.emergent.salahalarm.lxw9zs
07-08 21:04:52.193  8511  8511 W binder:8511_6: type=1400 audit(0.0:4387854): avc:  denied  { ioctl } for  path="/proc/fas/render" dev="proc" ino=4026533325 ioctlcmd=0x6609 scontext=u:r:untrusted_app:s0:c176,c258,c512,c768 tcontext=u:object_r:proc_fas:s0 tclass=file permissive=0 app=com.emergent.salahalarm.lxw9zs
07-08 21:04:52.209  8511  8511 W binder:8511_6: type=1400 audit(0.0:4387855): avc:  denied  { ioctl } for  path="/proc/fas/render" dev="proc" ino=4026533325 ioctlcmd=0x6609 scontext=u:r:untrusted_app:s0:c176,c258,c512,c768 tcontext=u:object_r:proc_fas:s0 tclass=file permissive=0 app=com.emergent.salahalarm.lxw9zs
07-08 21:04:52.225  8511  8511 W binder:8511_6: type=1400 audit(0.0:4387856): avc:  denied  { ioctl } for  path="/proc/fas/render" dev="proc" ino=4026533325 ioctlcmd=0x6609 scontext=u:r:untrusted_app:s0:c176,c258,c512,c768 tcontext=u:object_r:proc_fas:s0 tclass=file permissive=0 app=com.emergent.salahalarm.lxw9zs
07-08 21:04:52.241  8511  8511 W binder:8511_6: type=1400 audit(0.0:4387857): avc:  denied  { ioctl } for  path="/proc/fas/render" dev="proc" ino=4026533325 ioctlcmd=0x6609 scontext=u:r:untrusted_app:s0:c176,c258,c512,c768 tcontext=u:object_r:proc_fas:s0 tclass=file permissive=0 app=com.emergent.salahalarm.lxw9zs
07-08 21:04:53.185  8511  8511 W binder:8511_2: type=1400 audit(0.0:4387916): avc:  denied  { ioctl } for  path="/proc/fas/render" dev="proc" ino=4026533325 ioctlcmd=0x6609 scontext=u:r:untrusted_app:s0:c176,c258,c512,c768 tcontext=u:object_r:proc_fas:s0 tclass=file permissive=0 app=com.emergent.salahalarm.lxw9zs
07-08 21:04:53.201  8511  8511 W binder:8511_2: type=1400 audit(0.0:4387917): avc:  denied  { ioctl } for  path="/proc/fas/render" dev="proc" ino=4026533325 ioctlcmd=0x6609 scontext=u:r:untrusted_app:s0:c176,c258,c512,c768 tcontext=u:object_r:proc_fas:s0 tclass=file permissive=0 app=com.emergent.salahalarm.lxw9zs
07-08 21:04:53.221  8511  8511 W binder:8511_2: type=1400 audit(0.0:4387918): avc:  denied  { ioctl } for  path="/proc/fas/render" dev="proc" ino=4026533325 ioctlcmd=0x6609 scontext=u:r:untrusted_app:s0:c176,c258,c512,c768 tcontext=u:object_r:proc_fas:s0 tclass=file permissive=0 app=com.emergent.salahalarm.lxw9zs
07-08 21:04:53.237  8511  8511 W binder:8511_2: type=1400 audit(0.0:4387919): avc:  denied  { ioctl } for  path="/proc/fas/render" dev="proc" ino=4026533325 ioctlcmd=0x6609 scontext=u:r:untrusted_app:s0:c176,c258,c512,c768 tcontext=u:object_r:proc_fas:s0 tclass=file permissive=0 app=com.emergent.salahalarm.lxw9zs
