--------- beginning of main
07-08 21:04:29.567  4461  4461 D CellBroadcastReceiver: onReceive Intent { act=android.intent.action.SERVICE_STATE flg=0x1000010 xflg=0x4 cmp=com.google.android.cellbroadcastreceiver/com.android.cellbroadcastreceiver.CellBroadcastReceiver (has extras) }
07-08 21:04:29.568  4461  4461 D CellBroadcastReceiver: onServiceStateChanged, ss: 0
07-08 21:04:29.568  4461  4461 D CellBroadcastReceiver: networkOperator: 23420
07-08 21:04:29.568  4461  4461 D CellBroadcastReceiver: mockmodem is running? = false
07-08 21:04:29.568  4461  4461 D CellBroadcastReceiver: update supported roaming operator as 
07-08 21:04:32.090 14209 14209 D BoundBrokerSvc: onUnbind: Intent { act=com.google.android.gms.libs.gmscorelogger.service.START dat=chimera-action:/... xflg=0x4 cmp=com.google.android.gms/.chimera.PersistentDirectBootAwareApiService }
--------- beginning of system
07-08 21:04:32.831 32726 32726 D InsetsController: Setting requestedVisibleTypes to -5129 (was -5131)
07-08 21:04:32.869 32726 32726 W binder:32726_4: type=1400 audit(0.0:4386422): avc:  denied  { ioctl } for  path="/proc/fas/render" dev="proc" ino=4026533325 ioctlcmd=0x6609 scontext=u:r:untrusted_app:s0:c176,c258,c512,c768 tcontext=u:object_r:proc_fas:s0 tclass=file permissive=0 app=com.emergent.salahalarm.lxw9zs
07-08 21:04:32.881 32726 32726 W binder:32726_4: type=1400 audit(0.0:4386423): avc:  denied  { ioctl } for  path="/proc/fas/render" dev="proc" ino=4026533325 ioctlcmd=0x6609 scontext=u:r:untrusted_app:s0:c176,c258,c512,c768 tcontext=u:object_r:proc_fas:s0 tclass=file permissive=0 app=com.emergent.salahalarm.lxw9zs
07-08 21:04:32.889 32726 32726 W binder:32726_4: type=1400 audit(0.0:4386424): avc:  denied  { ioctl } for  path="/proc/fas/render" dev="proc" ino=4026533325 ioctlcmd=0x6609 scontext=u:r:untrusted_app:s0:c176,c258,c512,c768 tcontext=u:object_r:proc_fas:s0 tclass=file permissive=0 app=com.emergent.salahalarm.lxw9zs
07-08 21:04:32.901 32726 32726 W binder:32726_4: type=1400 audit(0.0:4386425): avc:  denied  { ioctl } for  path="/proc/fas/render" dev="proc" ino=4026533325 ioctlcmd=0x6609 scontext=u:r:untrusted_app:s0:c176,c258,c512,c768 tcontext=u:object_r:proc_fas:s0 tclass=file permissive=0 app=com.emergent.salahalarm.lxw9zs
07-08 21:04:32.913 32726 32726 W binder:32726_4: type=1400 audit(0.0:4386426): avc:  denied  { ioctl } for  path="/proc/fas/render" dev="proc" ino=4026533325 ioctlcmd=0x6609 scontext=u:r:untrusted_app:s0:c176,c258,c512,c768 tcontext=u:object_r:proc_fas:s0 tclass=file permissive=0 app=com.emergent.salahalarm.lxw9zs
07-08 21:04:32.925 32726 32726 W binder:32726_4: type=1400 audit(0.0:4386427): avc:  denied  { ioctl } for  path="/proc/fas/render" dev="proc" ino=4026533325 ioctlcmd=0x6609 scontext=u:r:untrusted_app:s0:c176,c258,c512,c768 tcontext=u:object_r:proc_fas:s0 tclass=file permissive=0 app=com.emergent.salahalarm.lxw9zs
07-08 21:04:32.933 32726 32726 W binder:32726_4: type=1400 audit(0.0:4386428): avc:  denied  { ioctl } for  path="/proc/fas/render" dev="proc" ino=4026533325 ioctlcmd=0x6609 scontext=u:r:untrusted_app:s0:c176,c258,c512,c768 tcontext=u:object_r:proc_fas:s0 tclass=file permissive=0 app=com.emergent.salahalarm.lxw9zs
07-08 21:04:32.945 32726 32726 W binder:32726_4: type=1400 audit(0.0:4386429): avc:  denied  { ioctl } for  path="/proc/fas/render" dev="proc" ino=4026533325 ioctlcmd=0x6609 scontext=u:r:untrusted_app:s0:c176,c258,c512,c768 tcontext=u:object_r:proc_fas:s0 tclass=file permissive=0 app=com.emergent.salahalarm.lxw9zs
07-08 21:04:33.100 32726  7476 D InsetsAnimationCtrlImpl: notify control request finished for types: 2
07-08 21:04:33.100 32726  7476 I ANDR-VIVO-PERF: vivo inside perf_lock_rel of client
07-08 21:04:33.327  8905  8905 D VRI[GoogleDiscoverWindow,type=4]: visibilityChanged oldVisibility=false newVisibility=true
07-08 21:04:33.334 32726 32726 W unknown:BridgelessReact: ReactHost{0}.onUserLeaveHint(activity)
07-08 21:04:33.334 32726 32726 W unknown:BridgelessReact: ReactHost{0}.onHostPause(activity)
07-08 21:04:33.334 32726 32726 W unknown:BridgelessReact: ReactContext.onHostPause()
07-08 21:04:33.335 17546 17582 I dxwf    : onCloseSystemDialogs
07-08 21:04:33.336 17546 17582 I dxdf    : (REDACTED) Listener was null, %s is not propagated
07-08 21:04:33.341  8905  8905 D ViewRootImpl: AppSizeAfterRelayout, size: Point(1260, 2800), rotation: ROTATION_0
07-08 21:04:33.341  8905  8905 D BufferQueueConsumer: [](id:22c900000056,api:0,p:-1,c:8905) connect: controlledByApp=false
07-08 21:04:33.341  8905  8905 D BLASTBufferQueue: [VRI[GoogleDiscoverWindow,type=4]#86](f:0,a:0) constructor()
07-08 21:04:33.341  8905  8905 D BLASTBufferQueue: [VRI[GoogleDiscoverWindow,type=4]#86](f:0,a:0) update width=1260 height=2800 format=-2 mTransformHint=0
07-08 21:04:33.342  8905  8905 I cayp    : (REDACTED) onApplyWindowInsets: systemWindowInsets=%s
07-08 21:04:33.348  8905  8905 I cayp    : (REDACTED) onApplyWindowInsets: systemWindowInsets=%s
07-08 21:04:33.349  8905  9123 W BLASTBufferQueue: Unable to open /proc/vivo_rsc/frame_set_priority: Permission denied
07-08 21:04:33.349  8905  9123 I BLASTBufferQueue: QoSAllocBuff Successful. Ret 0 
07-08 21:04:33.355  8905  9123 D BLASTBufferQueue: [VRI[GoogleDiscoverWindow,type=4]#86](f:0,a:1) acquireNextBufferLocked size=1260x2800 mFrameNumber=1 applyTransaction=true mTimestamp=133546731340575(auto) mPendingTransactions.size=0 graphicBufferId=38246683771310 transform=0
07-08 21:04:33.356  8905  8905 I cbfe    : onStart
07-08 21:04:33.357  8905  8905 I byxd    : (REDACTED) [%s] onStart()
07-08 21:04:33.357  8905  8905 I byzo    : Reloading theme data
07-08 21:04:33.358  8905  8905 E NetworkErrorMessage: (REDACTED) Invalid connectivity state: %s
07-08 21:04:33.358  8905  8905 I cbfe    : onResume
07-08 21:04:33.358  8905  8905 W drep    : missing event name
07-08 21:04:33.403 14283 14283 D BoundBrokerSvc: onRebind: Intent { act=com.google.android.gms.inappreach.service.START dat=chimera-action:/... xflg=0x4 cmp=com.google.android.gms/.chimera.GmsApiService }
07-08 21:04:33.426 28667 28667 V InputMethod: unbindInput(): binding=InputBinding{android.os.BinderProxy@7010170 / uid 10688 / pid 32726} ic=RemoteInputConnection{idHash=#9d3621c}
07-08 21:04:33.427 28667 28667 V InputMethod: bindInput(): binding=InputBinding{android.os.BinderProxy@b4672b4 / uid 10103 / pid 5063} ic=RemoteInputConnection{idHash=#3cd7a1}
07-08 21:04:33.427 28667 28667 V InputMethod: startInput(): editor=android.view.inputmethod.EditorInfo@b210dc6
07-08 21:04:33.427 28667 28667 V InputMethodService: CALL: doFinishInput
07-08 21:04:33.427 28667 28667 D InlineSuggestionSessionController: notifyOnFinishInput
07-08 21:04:33.427 28667 28667 V InputMethodService: CALL: onFinishInput
07-08 21:04:33.427 28667 28667 I GoogleInputMethodService: GoogleInputMethodService.onFinishInput():2276 
07-08 21:04:33.431 28667 28667 I Module  : DeviceLockedStatusModuleProvider$Module.updateDeviceLockedStatusInternal():129 repeatCheckTimes = 0, locked = false
07-08 21:04:33.432 28667 28667 V InputMethodService: finishStylusHandwriting()
07-08 21:04:33.432 28667 28667 D InlineSuggestionSessionController: notifyOnStartInput: com.android.launcher3, 0
07-08 21:04:33.432 28667 28667 V InputMethodService: CALL: onStartInput
07-08 21:04:33.432 28667 28667 I GoogleInputMethodService: GoogleInputMethodService.onStartInput():1460 onStartInput(EditorInfo{EditorInfo{packageName=com.android.launcher3, inputType=0, inputTypeString=NULL, enableLearning=false, autoCorrection=false, autoComplete=false, imeOptions=0, privateImeOptions=null, actionName=UNSPECIFIED, actionLabel=null, initialSelStart=-1, initialSelEnd=-1, initialCapsMode=0, label=null, fieldId=0, fieldName=null, extras=null, hintText=null, hintLocales=[]}}, false)
07-08 21:04:33.432 28667 28667 I LatinIMEBase: LatinIMEBase.updateInputViewCoverNavigation():317 Update input view padding, isNavbarOverInputWindow=true, bottom inset=126
07-08 21:04:33.434 28667 28667 I Module  : DeviceLockedStatusModuleProvider$Module.updateDeviceLockedStatusInternal():129 repeatCheckTimes = 1, locked = false
07-08 21:04:33.782  4461  4461 D CellBroadcastReceiver: onReceive Intent { act=android.intent.action.SERVICE_STATE flg=0x1000010 xflg=0x4 cmp=com.google.android.cellbroadcastreceiver/com.android.cellbroadcastreceiver.CellBroadcastReceiver (has extras) }
07-08 21:04:33.782  4461  4461 D CellBroadcastReceiver: onServiceStateChanged, ss: 0
07-08 21:04:33.782  4461  4461 D CellBroadcastReceiver: networkOperator: 23420
07-08 21:04:33.782  4461  4461 D CellBroadcastReceiver: mockmodem is running? = false
07-08 21:04:33.783  4461  4461 D CellBroadcastReceiver: update supported roaming operator as 
07-08 21:04:33.808  4461  4461 D CellBroadcastReceiver: onReceive Intent { act=android.intent.action.SERVICE_STATE flg=0x1000010 xflg=0x4 cmp=com.google.android.cellbroadcastreceiver/com.android.cellbroadcastreceiver.CellBroadcastReceiver (has extras) }
07-08 21:04:33.809  4461  4461 D CellBroadcastReceiver: onServiceStateChanged, ss: 0
07-08 21:04:33.832  4461  4461 D CellBroadcastReceiver: networkOperator: 23420
07-08 21:04:33.833  4461  4461 D CellBroadcastReceiver: mockmodem is running? = false
07-08 21:04:33.833  4461  4461 D CellBroadcastReceiver: update supported roaming operator as 
07-08 21:04:33.910 20930 20955 I Auth    : [BroadcastManager] [BroadcastManager] Broadcasting account capabilities changed. [CONTEXT service_id=343 ]
07-08 21:04:33.912 20930 20955 I Auth    : [BroadcastManager] [BroadcastManager] Broadcasting account services changed. [CONTEXT service_id=343 ]
07-08 21:04:33.922 14283  8374 I Auth    : (REDACTED) [SupervisedAccountIntentOperation] onHandleIntent: %s
07-08 21:04:33.944 14283  8370 W ChimeraUtils: Module com.google.android.gms.advancedprotection missing resource null(0)
07-08 21:04:33.964 20930 32139 I NetworkScheduler.Stats: (REDACTED) Task %s/%s started execution. cause:%s exec_start_elapsed_seconds: %s
07-08 21:04:33.971 20930 32139 I NetworkScheduler.Stats: (REDACTED) Task %s/%s finished executing. cause:%s result: %s elapsed_millis: %s uptime_millis: %s exec_start_elapsed_seconds: %s
07-08 21:04:33.999 20930  8364 I NetworkScheduler.Stats: (REDACTED) Task %s/%s started execution. cause:%s exec_start_elapsed_seconds: %s
07-08 21:04:34.180 32726 32726 D VRI[MainActivity,type=1]: visibilityChanged oldVisibility=true newVisibility=false
07-08 21:04:34.199 32726 32753 I HWUI    : [destroy] CanvasContext will be destroyed.
07-08 21:04:34.203 32726 32726 D ViewRootImpl: AppSizeAfterRelayout, size: Point(1260, 2800), rotation: ROTATION_0
07-08 21:04:34.208 32726 32726 D BLASTBufferQueue: [VRI[MainActivity,type=1]#20](f:0,a:2) destructor()
07-08 21:04:34.208 32726 32726 D BufferQueueConsumer: [VRI[MainActivity,type=1]#20(BLAST Consumer)20](id:7fd600000014,api:0,p:-1,c:32726) disconnect
07-08 21:04:34.211 32726 32753 I HWUI    : [setStopped] CanvasContext will be destroyed.
07-08 21:04:34.212 32726 32726 I AutofillManager: onInvisibleForAutofill(): expiringResponse
07-08 21:04:34.220 17546 17582 I dxwf    : onCloseSystemDialogs
07-08 21:04:34.220 17546 17582 I dxdf    : (REDACTED) Listener was null, %s is not propagated
07-08 21:04:34.238  8905  8905 I cayp    : (REDACTED) onApplyWindowInsets: systemWindowInsets=%s
07-08 21:04:34.238  8905  8905 I cayp    : (REDACTED) onApplyWindowInsets: systemWindowInsets=%s
07-08 21:04:34.243 20930  7662 I NearbyMediums: No BLE Fast/GATT advertisements found in the latest cycle.
07-08 21:04:34.243 20930  7662 I NearbyMediums: Current Tracked Scanning Clients are : {NearbyConnections.EnvironmentMonitor, NearbySharing}
07-08 21:04:34.281 20930  8398 I AlarmManager: setExactAndAllowWhileIdle [name: GCM_HB_ALARM type: 2 triggerAtMillis: 153900067]
07-08 21:04:34.293 20930  8352 I AlarmManager: setExactAndAllowWhileIdle [name: FcmRetry type: 2 triggerAtMillis: 152270078]
07-08 21:04:34.296 20930 20930 W GCM     : broadcast intent callback: result=CANCELLED forIntent { act=com.google.android.c2dm.intent.RECEIVE xflg=0x4 pkg=com.facebook.katana (has extras) }
07-08 21:04:34.298 26089 26089 I Choreographer: Skipped 30439 frames!  The application may be doing too much work on its main thread.
07-08 21:04:34.309  7529 23262 I eokz    : (REDACTED) HDM. appOpsListener %s %s
07-08 21:04:34.309  7529 23262 I eokz    : (REDACTED) HDM. Ignoring irrelevant audio permission changes for package %s
07-08 21:04:34.315 26089 17765 E fb4a.msys: E[N WA]WCCXMPPStreamDisconnectImmediately(917)=>[WARNING] xmpp/disconnect/immediate in state=2 reason=xmpp/idle/timeout
07-08 21:04:34.316 26089 17765 E fb4a.msys: E[N WA]_WCCXMPPStreamDisconnectHandler(344)=>xmpp/disconnect - WCIStreamStateErrorCode: 1, domain: WCIStreamState, subdomain: happyeyeballs: Error Domain=WCIStreamState Code=1 UserInfo=0xb400007800805470 {MCFErrorDirectUnderlyingErrorKey=0xb4000078d0c23690 "Error Domain=happyeyeballs Code=1"}
07-08 21:04:34.316 26089 17765 E fb4a.msys: E[N WCCConnectionMEM]_WCCConnectionMEMLifecycleEventHandler(2214)=>[INFO] connection/xmpp/lifecycle_event/not-connected, [255.8875s]
07-08 21:04:34.316 26089 17765 E fb4a.msys: E[N WA]_WCCXMPPStreamDoDisconnect(1319)=>xmpp/disconnect - flags: 0
07-08 21:04:34.316 26089 17765 E fb4a.msys: E[N WCCConnectionMEM]_WCCConnectionMEMEmitStateChange(3230)=>[INFO] connection/new_state/not-connected [connection_id=445276371, wcc_source=0, wcc_reason=0]
07-08 21:04:34.316 26089 17765 E fb4a.msys: E[C MEMConnectionManager]_MEMConnectionManagerStateChangeHandler(631)=>[Critical] MEMConnectionState updated to ID: 0 with connectionId: 445276371
07-08 21:04:34.328 20930 32139 I Auth    : [GaiaIdSync] successfully updated accountId and email [CONTEXT service_id=153 ]
07-08 21:04:34.328 26089 17803 D omnistore_android_logger: AlarmManager::mainLoop calling alarm callbacks. There are total 1 scheduled tasks, and about to trigger 1 tasks (first task is IntegrityProcess::facebook_universal_prefs_v2:100021215522770), then sleep for 59999 ms
07-08 21:04:34.337 26089 26302 E fb4a.msys: E[N dgw]getStrongTunnelNetworkCallbacks(42)=>TunnelRetriableNetworkLayerRequest:BufferedCallbacks:onData: request callbacks expired
07-08 21:04:34.338 26089 17944 E fb4a.msys: E[C mem.context]_NetworkStateChangedCallbackOnExecutionContext(7958)=>[INFO]skip the network state change source=4
07-08 21:04:34.343 26089 26089 W fb4a.AppComponentFactory: Instantiating BroadcastReceiver
07-08 21:04:34.345 26089 17765 E fb4a.msys: E[N WCCConnectionMEM]_WCCConnectionMEMShouldSendOrErrorCreate(770)=>connection/send should-send error: not connected, internalState=0
07-08 21:04:34.345 26089 17765 E fb4a.msys: E[N WCCConnectionMEM]_WCCConnectionMEMSendSyncWithFlags(819)=>connection/send should-send error: Error Domain=WCCConnectionSendErrorDomain Code=7 UserInfo=0xb4000078004f5320 {MCFErrorDirectDescriptionKey=not connected, }
07-08 21:04:34.345 26089 17765 E fb4a.msys: E[N WA]_WCSConnectionSendCompletion(404)=>connection/send connection-id -1 send error: Error Domain=WhatsAppCoreFoundation Code=-1062207485 UserInfo=0xb400007800380ee0 {MCFErrorDirectDescriptionKey=Connection error: not connected}
07-08 21:04:34.345 26089 17765 E fb4a.msys: E[N WCCConnectionMEM]_WCCConnectionMEMSendSyncWithFlags(873)=>connection/send error/7: Error Domain=WCCConnectionSendErrorDomain Code=7 UserInfo=0xb4000078004f5320 {MCFErrorDirectDescriptionKey=not connected, }
07-08 21:04:34.345 26089 17765 E fb4a.msys: E[C MEMConnectionManager]__DisconnectIfNeededOnNetworkContextAsyncImpl(1350)=>[Critical] Call WCCConnectionMEMDisconnectImmediately with event id: 3
07-08 21:04:34.346 26089 17765 E fb4a.msys: E[C MEMConnectionManager]__ConnectIfNeededOnNetworkContextAsyncImpl(1260)=>[Critical] Call WCCConnectionConnect with event id: 11
07-08 21:04:34.346 26089 17765 E fb4a.msys: E[N WCCConnectionMEM]_WCCConnectionMEMEmitStateChange(3230)=>[INFO] connection/new_state/not-connected [connection_id=-1, wcc_source=0, wcc_reason=0]
07-08 21:04:34.346 26089 17765 E fb4a.msys: E[C MEMConnectionManager]_MEMConnectionManagerStateChangeHandler(631)=>[Critical] MEMConnectionState updated to ID: 0 with connectionId: -1
07-08 21:04:34.352 26089 17944 E fb4a.msys: E[C 1]_MCCLogErrorInternal(331)=>8/391/1573/-1062207485
07-08 21:04:34.366 26089 26089 E fb4a.Execution: Redirecting MSYS Execution scheduling from the UI thread to a custom executor
07-08 21:04:34.367 26089 26089 E fb4a.Execution: Redirecting MSYS Execution scheduling from the UI thread to a custom executor
07-08 21:04:34.386 26089  8451 D omnistore_android_logger: DebouncingRateLimiter attempting event SyncProtocol::onConnectionEstablished
07-08 21:04:34.387 26089 26089 E fb4a.Execution: Redirecting MSYS Execution scheduling from the UI thread to a custom executor
07-08 21:04:34.393 26089 17944 E fb4a.msys: E[C mem.context]_LogNetworkStateUpdate(7851)=>[Critical] network_state/prev/1/new/1/source/0
07-08 21:04:34.395 26089 17944 E fb4a.msys: E[C MEMConnectionManager]_NetworkConnectedConnectionEventHandler(1563)=>[Debug] Start _NetworkConnectedConnectionEventHandler.
07-08 21:04:34.395 26089 17944 E fb4a.msys: E[C MEMConnectionManager]_NetworkConnectedConnectionEventHandler(1573)=>[Debug] End _NetworkConnectedConnectionEventHandler.
07-08 21:04:34.397 26089 17765 E fb4a.msys: E[C MEMConnectionManager]__ConnectIfNeededOnNetworkContextAsyncImpl(1260)=>[Critical] Call WCCConnectionConnect with event id: 4
07-08 21:04:34.399 26089 17765 E fb4a.msys: E[N WCCConnectionMEM]_WCCConnectionMEMEmitStateChange(3230)=>[INFO] connection/new_state/connecting [connection_id=445276372, wcc_source=0, wcc_reason=0]
07-08 21:04:34.399 26089 17765 E fb4a.msys: E[C MEMConnectionManager]_MEMConnectionManagerStateChangeHandler(631)=>[Critical] MEMConnectionState updated to ID: 1 with connectionId: 445276372
07-08 21:04:34.401 26089  8451 D omnistore_android_logger: Event not rate limited: SyncProtocol::onConnectionEstablished
07-08 21:04:34.401 26089  8451 D omnistore_android_logger: SyncProtocol calling onConnectionEstablished callbacks
07-08 21:04:34.401 26089  8451 D omnistore_android_logger: Removing all queue based subscriptions from rewire state
07-08 21:04:34.401 26089  8451 D omnistore_android_logger: SendQueue::onConnectionEstablished: sending 0 transaction(s)
07-08 21:04:34.401 26089 17808 D omnistore_android_logger: SubscriptionManager::onConnectionEstablished is called back
07-08 21:04:34.402 26089 17808 I omnistore_android_logger: Connect message: queueName: facebook_universal_prefs_v2:100021215522770, gvid: 0
07-08 21:04:34.403 26089 17808 I omnistore_android_logger: Client sent connect message
07-08 21:04:34.404 26089  8451 D omnistore_android_logger: AlarmManager::clearAlarmTimer for key=IntegrityProcess::facebook_universal_prefs_v2:100021215522770 
07-08 21:04:34.404 26089  8451 D omnistore_android_logger: AlarmManager::startAlarmTimer for key=IntegrityProcess::facebook_universal_prefs_v2:100021215522770, it will wake up main thread to reschedule
07-08 21:04:34.404 26089 17803 D omnistore_android_logger: AlarmManager::mainLoop calling alarm callbacks. There are total 1 scheduled tasks, and about to trigger 0 tasks (first task is N/A), then sleep for 29999 ms
07-08 21:04:34.410 26089 17765 E fb4a.msys: E[N WCCConnectionMEM]_WCCConnectionMEMDoConnectWithAuthKeys(1576)=>[INFO] connection/connect/start/[host=chat-e2ee-mini.facebook.com port=5222]/[57.144.62.8:5222]/socketAddressCount=1
07-08 21:04:34.411 26089 17765 E fb4a.msys: E[N WCCConnectionMEM]_WCCConnectionMEMLifecycleEventHandler(2206)=>[INFO] connection/xmpp/lifecycle_event/will-connect
07-08 21:04:34.411 26089 17765 E fb4a.msys: E[A WA]WCCHandshakeCreate(191)=>handshake/create, pq mode:0
07-08 21:04:34.420 26089 17765 E fb4a.msys: E[N WCCConnectionMEM]_WCCConnectionMEMLifecycleEventHandler(2214)=>[INFO] connection/xmpp/lifecycle_event/did-connect, [0.0087s]
07-08 21:04:34.422 26089 17765 E fb4a.msys: E[N WCCConnectionMEM]_WCCConnectionMEMLifecycleEventHandler(2214)=>[INFO] connection/xmpp/lifecycle_event/did-send-initial-payload, [0.0021s]
07-08 21:04:34.434 26089  8476 E fb4a.OpenMessagingPushPathLogger: Flow is inactive when adding debug checkpoint for instance key 144019442
07-08 21:04:34.466 26089  8476 E fb4a.OpenMessagingPushPathLogger: Flow is inactive when adding debug checkpoint for instance key 144019442
07-08 21:04:34.469 26089  8476 E fb4a.OpenMessagingPushPathLogger: Flow is inactive when adding debug checkpoint for instance key 144019442
07-08 21:04:34.473 26089  8476 E fb4a.OpenMessagingPushPathLogger: Flow is inactive while trying to log push property annotations for instance key 144019442
07-08 21:04:34.474 26089  8476 E fb4a.OpenMessagingPushPathLogger: Flow is inactive while trying to log for message id: null, instance key: 144019442, mi trace id: 4398234562816788144
07-08 21:04:34.532 26089 17765 E fb4a.msys: E[N WCCConnectionMEM]_WCCConnectionMEMLifecycleEventHandler(2214)=>[INFO] connection/xmpp/lifecycle_event/will-handshake, [0.1102s]
07-08 21:04:34.533 17546 17596 D WM-WorkConstraintsTrack: NetworkRequestConstraintController onCapabilitiesChanged callback
07-08 21:04:34.533 26089 17765 E fb4a.msys: E[N WCCConnectionMEM]_WCCConnectionMEMLifecycleEventHandler(2214)=>[INFO] connection/xmpp/lifecycle_event/did-handshake, [0.0008s]
07-08 21:04:34.536  4461  4461 D CellBroadcastReceiver: onReceive Intent { act=android.intent.action.SERVICE_STATE flg=0x1000010 xflg=0x4 cmp=com.google.android.cellbroadcastreceiver/com.android.cellbroadcastreceiver.CellBroadcastReceiver (has extras) }
07-08 21:04:34.537  4461  4461 D CellBroadcastReceiver: onServiceStateChanged, ss: 0
07-08 21:04:34.537  4461  4461 D CellBroadcastReceiver: networkOperator: 23420
07-08 21:04:34.537  4461  4461 D CellBroadcastReceiver: mockmodem is running? = false
07-08 21:04:34.537 26089 17765 E fb4a.msys: E[N WCCConnectionMEM]_WCCConnectionMEMReceiveHandler(2386)=>[INFO] connection/receive/login-success
07-08 21:04:34.537 26089 17765 E fb4a.msys: E[N WCCConnectionMEM]_WCCConnectionMEMEmitStateChange(3230)=>[INFO] connection/new_state/connected [connection_id=445276372, wcc_source=0, wcc_reason=0]
07-08 21:04:34.538 26089 17765 E fb4a.msys: E[C MEMConnectionManager]_MEMConnectionManagerStateChangeHandler(631)=>[Critical] MEMConnectionState updated to ID: 2 with connectionId: 445276372
07-08 21:04:34.543 26089 17944 E fb4a.msys: E[C mem.context]_NetworkStateChangedCallbackOnExecutionContext(7958)=>[INFO]skip the network state change source=4
07-08 21:04:34.546  4461  4461 D CellBroadcastReceiver: update supported roaming operator as 
07-08 21:04:34.596  4461  4461 D CellBroadcastReceiver: onReceive Intent { act=android.intent.action.SERVICE_STATE flg=0x1000010 xflg=0x4 cmp=com.google.android.cellbroadcastreceiver/com.android.cellbroadcastreceiver.CellBroadcastReceiver (has extras) }
07-08 21:04:34.597  4461  4461 D CellBroadcastReceiver: onServiceStateChanged, ss: 0
07-08 21:04:34.597  4461  4461 D CellBroadcastReceiver: networkOperator: 23420
07-08 21:04:34.597  4461  4461 D CellBroadcastReceiver: mockmodem is running? = false
07-08 21:04:34.597  4461  4461 D CellBroadcastReceiver: update supported roaming operator as 
07-08 21:04:34.815 25105 25843 I bt_shim_scanner: [le_scanning_manager.cc(919)] handle_remote_properties: handle_remote_properties update device_type=0x2 addr_type=0x1
07-08 21:04:34.820 20930 20930 D BoundBrokerSvc: onRebind: Intent { act=com.google.android.gms.findmydevice.spot.service.locationreport.START dat=chimera-action:/... xflg=0x4 cmp=com.google.android.gms/.chimera.PersistentApiService }
07-08 21:04:34.840 20930  8398 I NetworkScheduler.Stats: (REDACTED) Task %s/%s finished executing. cause:%s result: %s elapsed_millis: %s uptime_millis: %s exec_start_elapsed_seconds: %s
07-08 21:04:35.016 20930  7598 I Auth    : [GaiaIdSync] successfully updated accountId and email [CONTEXT service_id=153 ]
07-08 21:04:35.017 20930  7662 I NearbySharing: Network state changed: NetworkState(isRestricted=false, isOnline=true, isCongested=false, isMetered=true, isWifiConnected=false)
07-08 21:04:35.021 20930  4906 I NearbySharing: Network state changed: NetworkState(isRestricted=false, isOnline=true, isCongested=false, isMetered=true, isWifiConnected=false)
07-08 21:04:35.036 20930 20930 I NearbyDiscovery: (REDACTED) DiscoveryService onStartCommand action: %s
07-08 21:04:35.039 20930 28738 I NearbyDiscovery: FastPairApiHandler: trigger firmware update check [CONTEXT service_id=265 ]
07-08 21:04:35.040 20930 32139 I NearbyDiscovery: (REDACTED) FastPairApiHandler: Send result, package=(%s), requestType=(%s), status=(%s)
07-08 21:04:35.050  4461  4461 D CellBroadcastReceiver: onReceive Intent { act=android.intent.action.SERVICE_STATE flg=0x1000010 xflg=0x4 cmp=com.google.android.cellbroadcastreceiver/com.android.cellbroadcastreceiver.CellBroadcastReceiver (has extras) }
07-08 21:04:35.051  4461  4461 D CellBroadcastReceiver: onServiceStateChanged, ss: 0
07-08 21:04:35.051  4461  4461 D CellBroadcastReceiver: networkOperator: 23420
07-08 21:04:35.052  4461  4461 D CellBroadcastReceiver: mockmodem is running? = false
07-08 21:04:35.052  4461  4461 D CellBroadcastReceiver: update supported roaming operator as 
07-08 21:04:35.059 14283 14283 D BoundBrokerSvc: onRebind: Intent { act=com.google.android.gms.onboardingconsent.api.ConsentManagerApiService.START dat=chimera-action:/... xflg=0x4 cmp=com.google.android.gms/.chimera.GmsApiService }
07-08 21:04:35.061 14283 14515 I ConsentManagerApiServic: (REDACTED) ConsentManagerApiService onGetService success %s
07-08 21:04:35.329 20930  8113 I Auth    : [GaiaIdSync] successfully updated accountId and email [CONTEXT service_id=153 ]
07-08 21:04:35.366 26089  8476 E fb4a.OpenMessagingPushPathLogger: Flow is inactive when adding debug checkpoint for instance key 144019442
07-08 21:04:35.491  4461  4461 D CellBroadcastReceiver: onReceive Intent { act=android.intent.action.SERVICE_STATE flg=0x1000010 xflg=0x4 cmp=com.google.android.cellbroadcastreceiver/com.android.cellbroadcastreceiver.CellBroadcastReceiver (has extras) }
07-08 21:04:35.492  4461  4461 D CellBroadcastReceiver: onServiceStateChanged, ss: 0
07-08 21:04:35.492  4461  4461 D CellBroadcastReceiver: networkOperator: 23420
07-08 21:04:35.492  4461  4461 D CellBroadcastReceiver: mockmodem is running? = false
07-08 21:04:35.492  4461  4461 D CellBroadcastReceiver: update supported roaming operator as 
07-08 21:04:35.564 17546 17582 I dxwf    : onCloseSystemDialogs
07-08 21:04:35.565 17546 17582 I dxdf    : (REDACTED) Listener was null, %s is not propagated
07-08 21:04:35.582 32726 32726 W WindowOnBackDispatcher: sendCancelIfRunning: isInProgress=false callback=android.view.ViewRootImpl$$ExternalSyntheticLambda13@265e24c
07-08 21:04:35.590  8905  8905 I cayp    : (REDACTED) onApplyWindowInsets: systemWindowInsets=%s
07-08 21:04:35.591  8905  8905 I cayp    : (REDACTED) onApplyWindowInsets: systemWindowInsets=%s
07-08 21:04:35.673 25105 25105 D AudioManager: dispatching onPlaybackConfigChanged()
07-08 21:04:36.144  8511  8511 I lahalarm.lxw9zs: Using generational CollectorTypeCC GC.
07-08 21:04:36.148  8511  8511 D nativeloader: Load libframework-connectivity-tiramisu-jni.so using APEX ns com_android_tethering for caller /apex/com.android.tethering/javalib/framework-connectivity-t.jar: ok
07-08 21:04:36.149  8511  8511 E lahalarm.lxw9zs: BBinder_init Processname  com.emergent.salahalarm.lxw9zs  
07-08 21:04:36.149  8511  8511 E lahalarm.lxw9zs: BBinder_init hasGetProcessName  com.emergent.salahalarm.lxw9zs
07-08 21:04:36.187  8511  8511 D nativeloader: Configuring clns-9 for other apk /data/app/~~wL86O1ziBFqcZlGZbz_Wvg==/com.emergent.salahalarm.lxw9zs-rj9qJuvRZtMbF4wD_TNGEw==/base.apk. target_sdk_version=36, uses_libraries=, library_path=/data/app/~~wL86O1ziBFqcZlGZbz_Wvg==/com.emergent.salahalarm.lxw9zs-rj9qJuvRZtMbF4wD_TNGEw==/lib/arm64:/data/app/~~wL86O1ziBFqcZlGZbz_Wvg==/com.emergent.salahalarm.lxw9zs-rj9qJuvRZtMbF4wD_TNGEw==/base.apk!/lib/arm64-v8a, permitted_path=/data:/mnt/expand:/data/user/0/com.emergent.salahalarm.lxw9zs
07-08 21:04:36.189  8511  8511 I lahalarm.lxw9zs: AssetManager2(0xb4000077a0288758) locale list changing from [] to [en-GB]
07-08 21:04:36.193  8511  8511 W VSPA    : Unable to open /proc/vivo_rsc/frame_set_priority: Permission denied
07-08 21:04:36.193  8511  8511 W VSPA    : Unable to open /proc/vivo_rsc/frame_set_priority: Permission denied
07-08 21:04:36.199  8511  8511 V GraphicsEnvironment: Currently set values for:
07-08 21:04:36.199  8511  8511 V GraphicsEnvironment:   angle_gl_driver_selection_pkgs=[com.android.angle, com.linecorp.b612.android, com.campmobile.snow, com.google.android.apps.tachyon]
07-08 21:04:36.199  8511  8511 V GraphicsEnvironment:   angle_gl_driver_selection_values=[angle, native, native, native]
07-08 21:04:36.199  8511  8511 V GraphicsEnvironment: com.emergent.salahalarm.lxw9zs is not listed in per-application setting
07-08 21:04:36.199  8511  8511 V GraphicsEnvironment: ANGLE allowlist from config: 
07-08 21:04:36.199  8511  8511 V GraphicsEnvironment: com.emergent.salahalarm.lxw9zs is not listed in ANGLE allowlist or settings, returning default
07-08 21:04:36.199  8511  8511 V GraphicsEnvironment: Neither updatable production driver nor prerelease driver is supported.
07-08 21:04:36.214  8511  8511 W FirebaseApp: Default FirebaseApp failed to initialize because no default options were found. This usually means that com.google.gms:google-services was not applied to your gradle project.
07-08 21:04:36.214  8511  8511 I FirebaseInitProvider: FirebaseApp initialization unsuccessful
07-08 21:04:36.217  8511  8511 D WM-WrkMgrInitializer: Initializing WorkManager with default configuration.
07-08 21:04:36.219  8511  8511 D NOTIFEE : (context): received application context
07-08 21:04:36.222  8511  8511 W SoLoader: Initializing SoLoader: 0
07-08 21:04:36.222  8511  8511 W SoLoader: Recording new base apk path: /data/app/~~wL86O1ziBFqcZlGZbz_Wvg==/com.emergent.salahalarm.lxw9zs-rj9qJuvRZtMbF4wD_TNGEw==/base.apk
07-08 21:04:36.222  8511  8511 W SoLoader: Previously recorded 0 base apk paths.
07-08 21:04:36.222  8511  8511 I SoLoader: Preparing SO source: DirectorySoSource[root = /vendor/lib64 flags = 2]
07-08 21:04:36.222  8511  8511 I SoLoader: Preparing SO source: DirectorySoSource[root = /system/lib64 flags = 2]
07-08 21:04:36.222  8511  8511 I SoLoader: Preparing SO source: DirectApkSoSource[root = [/data/app/~~wL86O1ziBFqcZlGZbz_Wvg==/com.emergent.salahalarm.lxw9zs-rj9qJuvRZtMbF4wD_TNGEw==/base.apk!/lib/arm64-v8a]]
07-08 21:04:36.224  8511  8511 I SoLoader: Preparing SO source: ApplicationSoSource[DirectorySoSource[root = /data/app/~~wL86O1ziBFqcZlGZbz_Wvg==/com.emergent.salahalarm.lxw9zs-rj9qJuvRZtMbF4wD_TNGEw==/lib/arm64 flags = 0]]
07-08 21:04:36.224  8511  8511 I SoLoader: init finish: 4 SO sources prepared
07-08 21:04:36.224  8511  8511 W SoLoader: SoLoader initialized: 8
07-08 21:04:36.232  8511  8511 D nativeloader: Load /data/app/~~wL86O1ziBFqcZlGZbz_Wvg==/com.emergent.salahalarm.lxw9zs-rj9qJuvRZtMbF4wD_TNGEw==/base.apk!/lib/arm64-v8a/libc++_shared.so using class loader ns clns-9 (caller=/data/app/~~wL86O1ziBFqcZlGZbz_Wvg==/com.emergent.salahalarm.lxw9zs-rj9qJuvRZtMbF4wD_TNGEw==/base.apk!classes2.dex): ok
07-08 21:04:36.235  8511  8511 D nativeloader: Load /data/app/~~wL86O1ziBFqcZlGZbz_Wvg==/com.emergent.salahalarm.lxw9zs-rj9qJuvRZtMbF4wD_TNGEw==/base.apk!/lib/arm64-v8a/libjsi.so using class loader ns clns-9 (caller=/data/app/~~wL86O1ziBFqcZlGZbz_Wvg==/com.emergent.salahalarm.lxw9zs-rj9qJuvRZtMbF4wD_TNGEw==/base.apk!classes2.dex): ok
07-08 21:04:36.238  8511  8511 D nativeloader: Load /data/app/~~wL86O1ziBFqcZlGZbz_Wvg==/com.emergent.salahalarm.lxw9zs-rj9qJuvRZtMbF4wD_TNGEw==/base.apk!/lib/arm64-v8a/libfbjni.so using class loader ns clns-9 (caller=/data/app/~~wL86O1ziBFqcZlGZbz_Wvg==/com.emergent.salahalarm.lxw9zs-rj9qJuvRZtMbF4wD_TNGEw==/base.apk!classes2.dex): ok
07-08 21:04:36.242  8511  8511 D nativeloader: Load /data/app/~~wL86O1ziBFqcZlGZbz_Wvg==/com.emergent.salahalarm.lxw9zs-rj9qJuvRZtMbF4wD_TNGEw==/base.apk!/lib/arm64-v8a/libreactnative.so using class loader ns clns-9 (caller=/data/app/~~wL86O1ziBFqcZlGZbz_Wvg==/com.emergent.salahalarm.lxw9zs-rj9qJuvRZtMbF4wD_TNGEw==/base.apk!classes2.dex): ok
07-08 21:04:36.242  8511  8511 D jni_lib_merge: Entering merged library JNI_OnLoad.
07-08 21:04:36.242  8511  8511 D jni_lib_merge: Preparing 12 pre-merged libs (including stub)
07-08 21:04:36.242  8511  8511 D jni_lib_merge: Preparing to register libfabricjni_so.  onload_func: 0x7644ceaedc
07-08 21:04:36.242  8511  8511 D jni_lib_merge: Preparing to register libreact_devsupportjni_so.  onload_func: 0x7644dbbf40
07-08 21:04:36.242  8511  8511 D jni_lib_merge: Preparing to register libreact_featureflagsjni_so.  onload_func: 0x7644dce9f8
07-08 21:04:36.242  8511  8511 D jni_lib_merge: Preparing to register libreact_newarchdefaults_so.  onload_func: 0x7644df3e30
07-08 21:04:36.242  8511  8511 D jni_lib_merge: Preparing to register libreactnativeblob_so.  onload_func: 0x7644e865b0
07-08 21:04:36.242  8511  8511 D jni_lib_merge: Preparing to register libreactnativejni_so.  onload_func: 0x7644ea0b24
07-08 21:04:36.242  8511  8511 D jni_lib_merge: Preparing to register libreactnativejni_common_so.  onload_func: 0x7644ea7458
07-08 21:04:36.242  8511  8511 D jni_lib_merge: Preparing to register librninstance_so.  onload_func: 0x7644ec3070
07-08 21:04:36.242  8511  8511 D jni_lib_merge: Preparing to register libturbomodulejsijni_so.  onload_func: 0x7644f5b1a4
07-08 21:04:36.242  8511  8511 D jni_lib_merge: Preparing to register libuimanagerjni_so.  onload_func: 0x7644f627e0
07-08 21:04:36.242  8511  8511 D jni_lib_merge: Preparing to register libyoga_so.  onload_func: 0x7644f69da4
07-08 21:04:36.242  8511  8511 D jni_lib_merge: About to register 11 actual methods.
07-08 21:04:36.249  8511  8511 D nativeloader: Load /data/app/~~wL86O1ziBFqcZlGZbz_Wvg==/com.emergent.salahalarm.lxw9zs-rj9qJuvRZtMbF4wD_TNGEw==/base.apk!/lib/arm64-v8a/libreact_codegen_rnscreens.so using class loader ns clns-9 (caller=/data/app/~~wL86O1ziBFqcZlGZbz_Wvg==/com.emergent.salahalarm.lxw9zs-rj9qJuvRZtMbF4wD_TNGEw==/base.apk!classes2.dex): ok
07-08 21:04:36.249  8511  8511 D jni_lib_merge: Entering merged library JNI_OnLoad.
07-08 21:04:36.249  8511  8511 D jni_lib_merge: Preparing 12 pre-merged libs (including stub)
07-08 21:04:36.249  8511  8511 D jni_lib_merge: Preparing to register libfabricjni_so.  onload_func: 0x7644ceaedc
07-08 21:04:36.249  8511  8511 D jni_lib_merge: Preparing to register libreact_devsupportjni_so.  onload_func: 0x7644dbbf40
07-08 21:04:36.249  8511  8511 D jni_lib_merge: Preparing to register libreact_featureflagsjni_so.  onload_func: 0x7644dce9f8
07-08 21:04:36.249  8511  8511 D jni_lib_merge: Preparing to register libreact_newarchdefaults_so.  onload_func: 0x7644df3e30
07-08 21:04:36.249  8511  8511 D jni_lib_merge: Preparing to register libreactnativeblob_so.  onload_func: 0x7644e865b0
07-08 21:04:36.249  8511  8511 D jni_lib_merge: Preparing to register libreactnativejni_so.  onload_func: 0x7644ea0b24
07-08 21:04:36.249  8511  8511 D jni_lib_merge: Preparing to register libreactnativejni_common_so.  onload_func: 0x7644ea7458
07-08 21:04:36.249  8511  8511 D jni_lib_merge: Preparing to register librninstance_so.  onload_func: 0x7644ec3070
07-08 21:04:36.249  8511  8511 D jni_lib_merge: Preparing to register libturbomodulejsijni_so.  onload_func: 0x7644f5b1a4
07-08 21:04:36.249  8511  8511 D jni_lib_merge: Preparing to register libuimanagerjni_so.  onload_func: 0x7644f627e0
07-08 21:04:36.249  8511  8511 D jni_lib_merge: Preparing to register libyoga_so.  onload_func: 0x7644f69da4
07-08 21:04:36.249  8511  8511 D jni_lib_merge: About to register 11 actual methods.
07-08 21:04:36.251  8511  8511 D nativeloader: Load /data/app/~~wL86O1ziBFqcZlGZbz_Wvg==/com.emergent.salahalarm.lxw9zs-rj9qJuvRZtMbF4wD_TNGEw==/base.apk!/lib/arm64-v8a/libreact_codegen_RNCSlider.so using class loader ns clns-9 (caller=/data/app/~~wL86O1ziBFqcZlGZbz_Wvg==/com.emergent.salahalarm.lxw9zs-rj9qJuvRZtMbF4wD_TNGEw==/base.apk!classes2.dex): ok
07-08 21:04:36.253  8511  8511 D nativeloader: Load /data/app/~~wL86O1ziBFqcZlGZbz_Wvg==/com.emergent.salahalarm.lxw9zs-rj9qJuvRZtMbF4wD_TNGEw==/base.apk!/lib/arm64-v8a/libreact_codegen_safeareacontext.so using class loader ns clns-9 (caller=/data/app/~~wL86O1ziBFqcZlGZbz_Wvg==/com.emergent.salahalarm.lxw9zs-rj9qJuvRZtMbF4wD_TNGEw==/base.apk!classes2.dex): ok
07-08 21:04:36.255  8511  8511 D nativeloader: Load /data/app/~~wL86O1ziBFqcZlGZbz_Wvg==/com.emergent.salahalarm.lxw9zs-rj9qJuvRZtMbF4wD_TNGEw==/base.apk!/lib/arm64-v8a/libappmodules.so using class loader ns clns-9 (caller=/data/app/~~wL86O1ziBFqcZlGZbz_Wvg==/com.emergent.salahalarm.lxw9zs-rj9qJuvRZtMbF4wD_TNGEw==/base.apk!classes2.dex): ok
07-08 21:04:36.258  8511  8511 I lahalarm.lxw9zs: AssetManager2(0xb4000077a028acd8) locale list changing from [] to [en-GB]
07-08 21:04:36.258  8511  8544 I DisplayManager: Choreographer implicitly registered for the refresh rate.
07-08 21:04:36.259  8511  8544 I GameManager: __progname=com.emergent.salahalarm.lxw9zs
07-08 21:04:36.260  8511  8511 D AppCompatDelegate: Checking for metadata for AppLocalesMetadataHolderService : Service not found
07-08 21:04:36.261  8511  8511 I lahalarm.lxw9zs: AssetManager2(0xb4000077a028d578) locale list changing from [] to [en-GB]
07-08 21:04:36.272  8511  8511 W VSPA    : Unable to open /proc/vivo_rsc/frame_set_priority: Permission denied
07-08 21:04:36.273  8511  8511 W VSPA    : Unable to open /proc/vivo_rsc/frame_set_priority: Permission denied
07-08 21:04:36.275  8511  8511 D CompatChangeReporter: Compat change id reported: 377864165; UID 10688; state: ENABLED
07-08 21:04:36.276  8511  8511 D DesktopModeFlags: Toggle override initialized to: OVERRIDE_UNSET
07-08 21:04:36.282  8511  8511 W VSPA    : Unable to open /proc/vivo_rsc/frame_set_priority: Permission denied
07-08 21:04:36.282  8511  8511 W VSPA    : Unable to open /proc/vivo_rsc/frame_set_priority: Permission denied
07-08 21:04:36.282  8511  8511 W unknown:BridgelessReact: ReactHost{0}.startSurface(surfaceId = 0): Schedule
07-08 21:04:36.282  8511  8511 W unknown:BridgelessReact: ReactHost{0}.attachSurface(surfaceId = 0)
07-08 21:04:36.283  8511  8564 W unknown:BridgelessReact: ReactHost{0}.getOrCreateReactInstanceTask()
07-08 21:04:36.283  8511  8564 W unknown:BridgelessReact: ReactHost{0}.getOrCreateReactInstanceTask(): Start
07-08 21:04:36.284  8511  8564 W unknown:BridgelessReact: ReactHost{0}.getJSBundleLoader()
07-08 21:04:36.284  8511  8564 W unknown:BridgelessReact: ReactHost{0}.getOrCreateReactContext(): Creating BridgelessReactContext
07-08 21:04:36.284  8511  8564 W unknown:BridgelessReact: ReactHost{0}.getOrCreateReactInstanceTask(): Creating ReactInstance
07-08 21:04:36.285  8511  8511 W WindowOnBackDispatcher: OnBackInvokedCallback is not enabled for the application.
07-08 21:04:36.285  8511  8511 W WindowOnBackDispatcher: Set 'android:enableOnBackInvokedCallback="true"' in the application manifest.
07-08 21:04:36.287  8511  8511 W unknown:BridgelessReact: ReactHost{0}.onHostResume(activity)
07-08 21:04:36.287  8511  8511 W unknown:BridgelessReact: ReactContext.onHostResume()
07-08 21:04:36.291  8511  8511 W libc    : Access denied finding property "persist.vivo.ltw.enabled"
07-08 21:04:36.292  8511  8569 W ServiceManagerCppClient: Failed to get isDeclared for mapper/mediatek: Status(-1, EX_SECURITY): 'SELinux denied for service.'
07-08 21:04:36.293  8511  8569 E Gralloc5: Failed to load mapper.mediatek.so
07-08 21:04:36.298  8511  8564 D nativeloader: Load /data/app/~~wL86O1ziBFqcZlGZbz_Wvg==/com.emergent.salahalarm.lxw9zs-rj9qJuvRZtMbF4wD_TNGEw==/base.apk!/lib/arm64-v8a/libhermes.so using class loader ns clns-9 (caller=/data/app/~~wL86O1ziBFqcZlGZbz_Wvg==/com.emergent.salahalarm.lxw9zs-rj9qJuvRZtMbF4wD_TNGEw==/base.apk!classes2.dex): ok
07-08 21:04:36.302  8905  8905 I cbfe    : onPause
07-08 21:04:36.302  8905  8905 W drep    : measuring already stopped.
07-08 21:04:36.303  8511  8564 D nativeloader: Load /data/app/~~wL86O1ziBFqcZlGZbz_Wvg==/com.emergent.salahalarm.lxw9zs-rj9qJuvRZtMbF4wD_TNGEw==/base.apk!/lib/arm64-v8a/libhermestooling.so using class loader ns clns-9 (caller=/data/app/~~wL86O1ziBFqcZlGZbz_Wvg==/com.emergent.salahalarm.lxw9zs-rj9qJuvRZtMbF4wD_TNGEw==/base.apk!classes2.dex): ok
07-08 21:04:36.303  8511  8564 D jni_lib_merge: Entering merged library JNI_OnLoad.
07-08 21:04:36.303  8511  8564 D jni_lib_merge: Preparing 4 pre-merged libs (including stub)
07-08 21:04:36.303  8511  8564 D jni_lib_merge: Preparing to register libhermes_executor_so.  onload_func: 0x76c60dc4b0
07-08 21:04:36.303  8511  8564 D jni_lib_merge: Preparing to register libhermesinstancejni_so.  onload_func: 0x76c60e3900
07-08 21:04:36.303  8511  8564 D jni_lib_merge: Preparing to register libjsijniprofiler_so.  onload_func: 0x76c60e40ec
07-08 21:04:36.303  8511  8564 D jni_lib_merge: About to register 3 actual methods.
07-08 21:04:36.305  8511  8511 D ViewRootImpl: AppSizeAfterRelayout, size: Point(1260, 2800), rotation: ROTATION_0
07-08 21:04:36.305  8511  8511 E lahalarm.lxw9zs: [perfctl] 8511 8511 FPSGO ver:7
07-08 21:04:36.305  8511  8511 E lahalarm.lxw9zs: [perfctl] 1 1 1 0
07-08 21:04:36.306  8511  8511 D BufferQueueConsumer: [](id:213f00000000,api:0,p:-1,c:8511) connect: controlledByApp=false
07-08 21:04:36.306  8511  8511 D BLASTBufferQueue: [VRI[MainActivity,type=1]#0](f:0,a:0) constructor()
07-08 21:04:36.307  8511  8511 D BLASTBufferQueue: [VRI[MainActivity,type=1]#0](f:0,a:0) update width=1260 height=2800 format=-1 mTransformHint=0
07-08 21:04:36.309  8511  8544 W BLASTBufferQueue: Unable to open /proc/vivo_rsc/frame_set_priority: Permission denied
07-08 21:04:36.309  8511  8544 I BLASTBufferQueue: QoSAllocBuff Successful. Ret 0 
07-08 21:04:36.322  8511  8511 W VSPA    : Unable to open /proc/vivo_rsc/frame_set_priority: Permission denied
07-08 21:04:36.323  8511  8511 W VSPA    : Unable to open /proc/vivo_rsc/frame_set_priority: Permission denied
07-08 21:04:36.323  8511  8511 W VSPA    : Unable to open /proc/vivo_rsc/frame_set_priority: Permission denied
07-08 21:04:36.323  8511  8511 W VSPA    : Unable to open /proc/vivo_rsc/frame_set_priority: Permission denied
07-08 21:04:36.342  8511  8564 I ExpoModulesCore: ✅ AppContext was initialized
07-08 21:04:36.354  8511  8564 W unknown:BridgelessReact: ReactHost{0}.getOrCreateReactInstanceTask(): Loading JS Bundle
07-08 21:04:36.354  8511  8564 W unknown:BridgelessReact: ReactHost{0}.getOrCreateReactInstanceTask(): Calling DevSupportManagerBase.onNewReactContextCreated(reactContext)
07-08 21:04:36.354  8511  8564 W unknown:BridgelessReact: ReactHost{0}.startSurface(surfaceId = 0): Execute
07-08 21:04:36.362  8511  8511 W unknown:BridgelessReact: ReactContext.onHostResume()
07-08 21:04:36.363  8511  8511 W unknown:BridgelessReact: ReactHost{0}.getOrCreateReactInstanceTask(): Executing ReactInstanceEventListeners
07-08 21:04:36.370  8511  8565 D nativeloader: Load /data/app/~~wL86O1ziBFqcZlGZbz_Wvg==/com.emergent.salahalarm.lxw9zs-rj9qJuvRZtMbF4wD_TNGEw==/base.apk!/lib/arm64-v8a/libexpo-modules-core.so using class loader ns clns-9 (caller=/data/app/~~wL86O1ziBFqcZlGZbz_Wvg==/com.emergent.salahalarm.lxw9zs-rj9qJuvRZtMbF4wD_TNGEw==/base.apk!classes2.dex): ok
07-08 21:04:36.375  7529 23262 I eokz    : (REDACTED) HDM. appOpsListener %s %s
07-08 21:04:36.375  7529 23262 I eokz    : (REDACTED) HDM. Ignoring irrelevant audio permission changes for package %s
07-08 21:04:36.382  8511  8565 W unknown:ViewManagerPropertyUpdater: Could not find generated setter for class com.th3rdwave.safeareacontext.SafeAreaProviderManager
07-08 21:04:36.383  8511  8565 W unknown:ViewManagerPropertyUpdater: Could not find generated setter for class com.facebook.react.uimanager.LayoutShadowNode
07-08 21:04:36.383  8511  8565 W unknown:ViewManagerPropertyUpdater: Could not find generated setter for class com.swmansion.rnscreens.SearchBarManager
07-08 21:04:36.384  8511  8565 W unknown:ViewManagerPropertyUpdater: Could not find generated setter for class com.swmansion.rnscreens.ScreenFooterManager
07-08 21:04:36.384  8511  8565 W unknown:ViewManagerPropertyUpdater: Could not find generated setter for class com.swmansion.rnscreens.gamma.tabs.TabScreenViewManager
07-08 21:04:36.384  8511  8565 W unknown:ViewManagerPropertyUpdater: Could not find generated setter for class expo.modules.kotlin.views.GroupViewManagerWrapper
07-08 21:04:36.385  8511  8565 W unknown:ViewManagerPropertyUpdater: Could not find generated setter for class com.swmansion.rnscreens.ScreenContainerViewManager
07-08 21:04:36.385  8511  8565 W unknown:ViewManagerPropertyUpdater: Could not find generated setter for class com.reactnativecommunity.slider.ReactSliderManager
07-08 21:04:36.385  8511  8565 W unknown:ViewManagerPropertyUpdater: Could not find generated setter for class com.swmansion.rnscreens.gamma.tabs.TabsHostViewManager
07-08 21:04:36.386  8511  8565 W unknown:ViewManagerPropertyUpdater: Could not find generated setter for class com.reactnativecommunity.webview.RNCWebViewManager
07-08 21:04:36.386  8511  8565 W unknown:ViewManagerPropertyUpdater: Could not find generated setter for class com.swmansion.rnscreens.ModalScreenViewManager
07-08 21:04:36.387  8511  8565 W unknown:ViewManagerPropertyUpdater: Could not find generated setter for class com.swmansion.rnscreens.ScreenStackHeaderConfigViewManager
07-08 21:04:36.388  8511  8565 W unknown:ViewManagerPropertyUpdater: Could not find generated setter for class com.swmansion.rnscreens.ScreenContentWrapperManager
07-08 21:04:36.388  8511  8565 W unknown:ViewManagerPropertyUpdater: Could not find generated setter for class com.th3rdwave.safeareacontext.SafeAreaViewManager
07-08 21:04:36.388  8511  8565 W unknown:ViewManagerPropertyUpdater: Could not find generated setter for class com.th3rdwave.safeareacontext.SafeAreaViewShadowNode
07-08 21:04:36.389  8511  8565 W unknown:ViewManagerPropertyUpdater: Could not find generated setter for class com.swmansion.rnscreens.ScreenViewManager
07-08 21:04:36.389  8511  8565 W unknown:ViewManagerPropertyUpdater: Could not find generated setter for class expo.modules.kotlin.views.SimpleViewManagerWrapper
07-08 21:04:36.389  8511  8565 W unknown:ViewManagerPropertyUpdater: Could not find generated setter for class com.swmansion.rnscreens.ScreenStackHeaderSubviewManager
07-08 21:04:36.389  8511  8565 W unknown:ViewManagerPropertyUpdater: Could not find generated setter for class com.swmansion.rnscreens.ScreenStackViewManager
07-08 21:04:36.401  8511  8565 W unknown:ViewManagerPropertyUpdater: Could not find generated setter for class com.swmansion.gesturehandler.react.RNGestureHandlerButtonViewManager
07-08 21:04:36.402  8511  8565 W unknown:ViewManagerPropertyUpdater: Could not find generated setter for class com.facebook.react.views.safeareaview.ReactSafeAreaViewManager
07-08 21:04:36.403  8511  8565 W unknown:ViewManagerPropertyUpdater: Could not find generated setter for class com.facebook.react.views.safeareaview.ReactSafeAreaViewShadowNode
07-08 21:04:36.403  8511  8565 W unknown:ViewManagerPropertyUpdater: Could not find generated setter for class com.facebook.react.views.modal.ReactModalHostManager
07-08 21:04:36.404  8511  8565 W unknown:ViewManagerPropertyUpdater: Could not find generated setter for class com.facebook.react.views.text.frescosupport.FrescoBasedReactTextInlineImageViewManager
07-08 21:04:36.404  8511  8565 W unknown:ViewManagerPropertyUpdater: Could not find generated setter for class com.facebook.react.views.text.frescosupport.FrescoBasedReactTextInlineImageShadowNode
07-08 21:04:36.405  8511  8565 W unknown:ViewManagerPropertyUpdater: Could not find generated setter for class com.facebook.react.views.progressbar.ReactProgressBarViewManager
07-08 21:04:36.405  8511  8565 W unknown:ViewManagerPropertyUpdater: Could not find generated setter for class com.facebook.react.views.progressbar.ProgressBarShadowNode
07-08 21:04:36.406  8511  8565 W unknown:ViewManagerPropertyUpdater: Could not find generated setter for class com.facebook.react.views.scroll.ReactHorizontalScrollViewManager
07-08 21:04:36.407  8511  8565 W unknown:ViewManagerPropertyUpdater: Could not find generated setter for class com.facebook.react.views.image.ReactImageManager
07-08 21:04:36.408  8511  8565 W unknown:ViewManagerPropertyUpdater: Could not find generated setter for class com.facebook.react.views.text.ReactTextViewManager
07-08 21:04:36.408  8511  8565 W unknown:ViewManagerPropertyUpdater: Could not find generated setter for class com.facebook.react.views.text.ReactTextShadowNode
07-08 21:04:36.409  8511  8565 W unknown:ViewManagerPropertyUpdater: Could not find generated setter for class com.facebook.react.views.scroll.ReactHorizontalScrollContainerViewManager
07-08 21:04:36.410  8511  8565 W unknown:ViewManagerPropertyUpdater: Could not find generated setter for class com.facebook.react.views.unimplementedview.ReactUnimplementedViewManager
07-08 21:04:36.413  8511  8565 W unknown:ViewManagerPropertyUpdater: Could not find generated setter for class com.facebook.react.views.scroll.ReactScrollViewManager
07-08 21:04:36.414  8511  8565 W unknown:ViewManagerPropertyUpdater: Could not find generated setter for class com.facebook.react.views.view.ReactViewManager
07-08 21:04:36.415  8511  8565 W unknown:ViewManagerPropertyUpdater: Could not find generated setter for class com.facebook.react.views.drawer.ReactDrawerLayoutManager
07-08 21:04:36.418  8511  8565 W unknown:ViewManagerPropertyUpdater: Could not find generated setter for class com.facebook.react.views.switchview.ReactSwitchManager
07-08 21:04:36.418  8511  8565 W unknown:ViewManagerPropertyUpdater: Could not find generated setter for class com.facebook.react.views.switchview.ReactSwitchShadowNode
