07-08 14:46:11.993 14031 14031 E RRR     : onNewAzimuth: 464.53967
07-08 14:46:11.993 14031 14031 E RRR     : onNewAzimuth: 464.53265
07-08 14:46:11.994 14031 14031 E RRR     : onNewAzimuth: 464.51645
07-08 14:46:11.994 14031 14031 E RRR     : onNewAzimuth: 464.53967
07-08 14:46:11.994 14031 14031 E RRR     : onNewAzimuth: 464.53265
07-08 14:46:12.014 14031 14031 E RRR     : onNewAzimuth: 464.52515
07-08 14:46:12.014 14031 14031 E RRR     : onNewAzimuth: 464.51886
07-08 14:46:12.014 14031 14031 E RRR     : onNewAzimuth: 464.5578
07-08 14:46:12.015 14031 14031 E RRR     : onNewAzimuth: 464.52515
07-08 14:46:12.015 14031 14031 E RRR     : onNewAzimuth: 464.51886
07-08 14:46:12.015 14031 14031 E RRR     : onNewAzimuth: 464.5578
07-08 14:46:12.037 14031 14031 E RRR     : onNewAzimuth: 464.55087
07-08 14:46:12.037 14031 14031 E RRR     : onNewAzimuth: 464.57224
07-08 14:46:12.037 14031 14031 E RRR     : onNewAzimuth: 464.56265
07-08 14:46:12.037 14031 14031 E RRR     : onNewAzimuth: 464.55087
07-08 14:46:12.037 14031 14031 E RRR     : onNewAzimuth: 464.57224
07-08 14:46:12.037 14031 14031 E RRR     : onNewAzimuth: 464.56265
07-08 14:46:12.056 14031 14031 E RRR     : onNewAzimuth: 464.55038
07-08 14:46:12.056 14031 14031 E RRR     : onNewAzimuth: 464.53696
07-08 14:46:12.056 14031 14031 E RRR     : onNewAzimuth: 464.50406
07-08 14:46:12.057 14031 14031 E RRR     : onNewAzimuth: 464.55038
07-08 14:46:12.057 14031 14031 E RRR     : onNewAzimuth: 464.53696
07-08 14:46:12.057 14031 14031 E RRR     : onNewAzimuth: 464.50406
07-08 14:46:12.073 14031 14031 E RRR     : onNewAzimuth: 464.49615
07-08 14:46:12.073 14031 14031 E RRR     : onNewAzimuth: 464.49548
07-08 14:46:12.073 14031 14031 E RRR     : onNewAzimuth: 464.46484
07-08 14:46:12.074 14031 14031 E RRR     : onNewAzimuth: 464.49615
07-08 14:46:12.074 14031 14031 E RRR     : onNewAzimuth: 464.49548
07-08 14:46:12.074 14031 14031 E RRR     : onNewAzimuth: 464.46484
07-08 14:46:12.087 14031 14031 E RRR     : onNewAzimuth: 464.4675
07-08 14:46:12.095 14031 14031 E RRR     : onNewAzimuth: 464.47437
07-08 14:46:12.096 14031 14031 E RRR     : onNewAzimuth: 464.44467
07-08 14:46:12.098 14031 14031 E RRR     : onNewAzimuth: 464.47437
07-08 14:46:12.098 14031 14031 E RRR     : onNewAzimuth: 464.44467
07-08 14:46:12.105 14031 14031 E RRR     : onNewAzimuth: 464.4517
07-08 14:46:12.113 14031 14031 E RRR     : onNewAzimuth: 464.45404
07-08 14:46:12.114 14031 14031 E RRR     : onNewAzimuth: 464.47745
07-08 14:46:12.115 14031 14031 E RRR     : onNewAzimuth: 464.45404
07-08 14:46:12.115 14031 14031 E RRR     : onNewAzimuth: 464.47745
07-08 14:46:12.123 14031 14031 E RRR     : onNewAzimuth: 464.4723
07-08 14:46:12.138 14031 14031 E RRR     : onNewAzimuth: 464.46344
07-08 14:46:12.138 14031 14031 E RRR     : onNewAzimuth: 464.41772
07-08 14:46:12.138 14031 14031 E RRR     : onNewAzimuth: 464.46344
07-08 14:46:12.138 14031 14031 E RRR     : onNewAzimuth: 464.41772
07-08 14:46:12.143 14031 14031 E RRR     : onNewAzimuth: 464.4092
07-08 14:46:12.153 14031 14031 E RRR     : onNewAzimuth: 464.4023
07-08 14:46:12.153 14031 14031 E RRR     : onNewAzimuth: 464.35794
07-08 14:46:12.154 14031 14031 E RRR     : onNewAzimuth: 464.4023
07-08 14:46:12.154 14031 14031 E RRR     : onNewAzimuth: 464.35794
07-08 14:46:12.163 14031 14031 E RRR     : onNewAzimuth: 464.35336
07-08 14:46:12.174 14031 14031 E RRR     : onNewAzimuth: 464.35153
07-08 14:46:12.174 14031 14031 E RRR     : onNewAzimuth: 464.32367
07-08 14:46:12.175 14031 14031 E RRR     : onNewAzimuth: 464.35153
07-08 14:46:12.175 14031 14031 E RRR     : onNewAzimuth: 464.32367
07-08 14:46:12.184 14031 14031 E RRR     : onNewAzimuth: 464.32434
07-08 14:46:12.193 14031 14031 E RRR     : onNewAzimuth: 464.324
07-08 14:46:12.193 14031 14031 E RRR     : onNewAzimuth: 464.35034
07-08 14:46:12.194 14031 14031 E RRR     : onNewAzimuth: 464.324
07-08 14:46:12.194 14031 14031 E RRR     : onNewAzimuth: 464.35034
07-08 14:46:12.204 14031 14031 E RRR     : onNewAzimuth: 464.34784
07-08 14:46:12.214 14031 14031 E RRR     : onNewAzimuth: 464.34497
07-08 14:46:12.214 14031 14031 E RRR     : onNewAzimuth: 464.30197
07-08 14:46:12.214 14031 14031 E RRR     : onNewAzimuth: 464.34497
07-08 14:46:12.215 14031 14031 E RRR     : onNewAzimuth: 464.30197
07-08 14:46:12.224 14031 14031 E RRR     : onNewAzimuth: 464.29843
07-08 14:46:12.235 14031 14031 E RRR     : onNewAzimuth: 464.29294
07-08 14:46:12.235 14031 14031 E RRR     : onNewAzimuth: 464.25122
07-08 14:46:12.235 14031 14031 E RRR     : onNewAzimuth: 464.29294
07-08 14:46:12.235 14031 14031 E RRR     : onNewAzimuth: 464.25122
07-08 14:46:12.245 14031 14031 E RRR     : onNewAzimuth: 464.24588
07-08 14:46:12.259 14031 14031 E RRR     : onNewAzimuth: 464.2415
07-08 14:46:12.259 14031 14031 E RRR     : onNewAzimuth: 464.2861
07-08 14:46:12.260 14031 14031 E RRR     : onNewAzimuth: 464.2415
07-08 14:46:12.260 14031 14031 E RRR     : onNewAzimuth: 464.2861
07-08 14:46:12.269 14031 14031 E RRR     : onNewAzimuth: 464.28494
07-08 14:46:12.273 14031 14031 E RRR     : onNewAzimuth: 464.28336
07-08 14:46:12.273 14031 14031 E RRR     : onNewAzimuth: 464.30994
07-08 14:46:12.274 14031 14031 E RRR     : onNewAzimuth: 464.28336
07-08 14:46:12.274 14031 14031 E RRR     : onNewAzimuth: 464.30994
07-08 14:46:12.286 14031 14031 E RRR     : onNewAzimuth: 464.30566
07-08 14:46:12.293 14031 14031 E RRR     : onNewAzimuth: 464.3015
07-08 14:46:12.293 14031 14031 E RRR     : onNewAzimuth: 464.32748
07-08 14:46:12.294 14031 14031 E RRR     : onNewAzimuth: 464.3015
07-08 14:46:12.294 14031 14031 E RRR     : onNewAzimuth: 464.32748
07-08 14:46:12.307 14031 14031 E RRR     : onNewAzimuth: 464.32822
07-08 14:46:12.313 14031 14031 E RRR     : onNewAzimuth: 464.3338
07-08 14:46:12.313 14031 14031 E RRR     : onNewAzimuth: 464.35886
07-08 14:46:12.314 14031 14031 E RRR     : onNewAzimuth: 464.3338
07-08 14:46:12.314 14031 14031 E RRR     : onNewAzimuth: 464.35886
07-08 14:46:12.328 14031 14031 E RRR     : onNewAzimuth: 464.36212
07-08 14:46:12.338 14031 14031 E RRR     : onNewAzimuth: 464.3584
07-08 14:46:12.338 14031 14031 E RRR     : onNewAzimuth: 464.38272
07-08 14:46:12.338 14031 14031 E RRR     : onNewAzimuth: 464.3584
07-08 14:46:12.338 14031 14031 E RRR     : onNewAzimuth: 464.38272
07-08 14:46:12.349 14031 14031 E RRR     : onNewAzimuth: 464.37653
07-08 14:46:12.353 14031 14031 E RRR     : onNewAzimuth: 464.37115
07-08 14:46:12.353 14031 14031 E RRR     : onNewAzimuth: 464.41138
07-08 14:46:12.353 14031 14031 E RRR     : onNewAzimuth: 464.37115
07-08 14:46:12.353 14031 14031 E RRR     : onNewAzimuth: 464.41138
07-08 14:46:12.369 14031 14031 E RRR     : onNewAzimuth: 464.40588
07-08 14:46:12.373 14031 14031 E RRR     : onNewAzimuth: 464.4024
07-08 14:46:12.373 14031 14031 E RRR     : onNewAzimuth: 464.44138
07-08 14:46:12.374 14031 14031 E RRR     : onNewAzimuth: 464.4024
07-08 14:46:12.374 14031 14031 E RRR     : onNewAzimuth: 464.44138
07-08 14:46:12.390 14031 14031 E RRR     : onNewAzimuth: 464.442
07-08 14:46:12.393 14031 14031 E RRR     : onNewAzimuth: 464.446
07-08 14:46:12.393 14031 14031 E RRR     : onNewAzimuth: 464.46725
07-08 14:46:12.394 14031 14031 E RRR     : onNewAzimuth: 464.446
07-08 14:46:12.394 14031 14031 E RRR     : onNewAzimuth: 464.46725
07-08 14:46:12.407  6310  6310 D BoundBrokerSvc: onRebind: Intent { act=com.google.android.gms.auth.aang.events.services.START dat=chimera-action:/... xflg=0x4 cmp=com.google.android.gms/.chimera.PersistentApiService }
07-08 14:46:12.408 14031 14031 E RRR     : onNewAzimuth: 464.47043
07-08 14:46:12.414 14031 14031 E RRR     : onNewAzimuth: 464.47034
07-08 14:46:12.414 14031 14031 E RRR     : onNewAzimuth: 464.506
07-08 14:46:12.416 14031 14031 E RRR     : onNewAzimuth: 464.47034
07-08 14:46:12.416 14031 14031 E RRR     : onNewAzimuth: 464.506
07-08 14:46:12.417  6831  6831 D BoundBrokerSvc: onRebind: Intent { act=com.google.android.gms.onboardingconsent.api.ConsentManagerApiService.START dat=chimera-action:/... xflg=0x4 cmp=com.google.android.gms/.chimera.GmsApiService }
07-08 14:46:12.420  6831  6870 I ConsentManagerApiServic: (REDACTED) ConsentManagerApiService onGetService success %s
07-08 14:46:12.422  6310  8771 W Settings: Setting airplane_mode_on has moved from android.provider.Settings.System to android.provider.Settings.Global, returning read-only value.
07-08 14:46:12.424  6310 27059 W SystemServiceRegistry: No service published for: wifirtt
07-08 14:46:12.428 14031 14031 E RRR     : onNewAzimuth: 464.50375
07-08 14:46:12.433 14031 14031 E RRR     : onNewAzimuth: 464.5019
07-08 14:46:12.433 14031 14031 E RRR     : onNewAzimuth: 464.52164
07-08 14:46:12.433 14031 14031 E RRR     : onNewAzimuth: 464.5019
07-08 14:46:12.433 14031 14031 E RRR     : onNewAzimuth: 464.52164
07-08 14:46:12.450 14031 14031 E RRR     : onNewAzimuth: 464.52158
07-08 14:46:12.454 14031 14031 E RRR     : onNewAzimuth: 464.52557
07-08 14:46:12.454 14031 14031 E RRR     : onNewAzimuth: 464.47604
07-08 14:46:12.454 14031 14031 E RRR     : onNewAzimuth: 464.52557
07-08 14:46:12.454 14031 14031 E RRR     : onNewAzimuth: 464.47604
07-08 14:46:12.468 14031 14031 E RRR     : onNewAzimuth: 464.4843
07-08 14:46:12.472 14031 14031 E RRR     : onNewAzimuth: 464.49402
07-08 14:46:12.485 14031 14031 E RRR     : onNewAzimuth: 464.52948
07-08 14:46:12.489 14031 14031 E RRR     : onNewAzimuth: 464.5396
07-08 14:46:12.493 14031 14031 E RRR     : onNewAzimuth: 464.5446
07-08 14:46:12.494 14031 14031 E RRR     : onNewAzimuth: 464.58035
07-08 14:46:12.495 14031 14031 E RRR     : onNewAzimuth: 464.5446
07-08 14:46:12.495 14031 14031 E RRR     : onNewAzimuth: 464.58035
07-08 14:46:12.509 14031 14031 E RRR     : onNewAzimuth: 464.5798
07-08 14:46:12.513 14031 14031 E RRR     : onNewAzimuth: 464.5794
07-08 14:46:12.513 14031 14031 E RRR     : onNewAzimuth: 464.52945
07-08 14:46:12.513 14031 14031 E RRR     : onNewAzimuth: 464.5794
07-08 14:46:12.513 14031 14031 E RRR     : onNewAzimuth: 464.52945
07-08 14:46:12.530 14031 14031 E RRR     : onNewAzimuth: 464.53027
07-08 14:46:12.535 14031 14031 E RRR     : onNewAzimuth: 464.53305
07-08 14:46:12.535 14031 14031 E RRR     : onNewAzimuth: 464.56927
07-08 14:46:12.536 14031 14031 E RRR     : onNewAzimuth: 464.53305
07-08 14:46:12.536 14031 14031 E RRR     : onNewAzimuth: 464.56927
07-08 14:46:12.550 14031 14031 E RRR     : onNewAzimuth: 464.5744
07-08 14:46:12.553 14031 14031 E RRR     : onNewAzimuth: 464.58243
07-08 14:46:12.553 14031 14031 E RRR     : onNewAzimuth: 464.61603
07-08 14:46:12.553 14031 14031 E RRR     : onNewAzimuth: 464.58243
07-08 14:46:12.553 14031 14031 E RRR     : onNewAzimuth: 464.61603
07-08 14:46:12.571 14031 14031 E RRR     : onNewAzimuth: 464.6236
07-08 14:46:12.573 14031 14031 E RRR     : onNewAzimuth: 464.62946
07-08 14:46:12.573 14031 14031 E RRR     : onNewAzimuth: 464.59366
07-08 14:46:12.573 14031 14031 E RRR     : onNewAzimuth: 464.62946
07-08 14:46:12.573 14031 14031 E RRR     : onNewAzimuth: 464.59366
07-08 14:46:12.591 14031 14031 E RRR     : onNewAzimuth: 464.59686
07-08 14:46:12.593 14031 14031 E RRR     : onNewAzimuth: 464.59595
07-08 14:46:12.593 14031 14031 E RRR     : onNewAzimuth: 464.61475
07-08 14:46:12.593 14031 14031 E RRR     : onNewAzimuth: 464.59595
07-08 14:46:12.594 14031 14031 E RRR     : onNewAzimuth: 464.61475
07-08 14:46:12.612 14031 14031 E RRR     : onNewAzimuth: 464.61316
07-08 14:46:12.613 14031 14031 E RRR     : onNewAzimuth: 464.61176
07-08 14:46:12.613 14031 14031 E RRR     : onNewAzimuth: 464.61316
07-08 14:46:12.613 14031 14031 E RRR     : onNewAzimuth: 464.61176
07-08 14:46:12.619 14031 14031 E RRR     : onNewAzimuth: 464.63
07-08 14:46:12.633 14031 14031 E RRR     : onNewAzimuth: 464.62848
07-08 14:46:12.633 14031 14031 E RRR     : onNewAzimuth: 464.62512
07-08 14:46:12.633 14031 14031 E RRR     : onNewAzimuth: 464.62848
07-08 14:46:12.633 14031 14031 E RRR     : onNewAzimuth: 464.62512
07-08 14:46:12.638 14031 14031 E RRR     : onNewAzimuth: 464.64285
07-08 14:46:12.655 14031 14031 E RRR     : onNewAzimuth: 464.63986
07-08 14:46:12.655 14031 14031 E RRR     : onNewAzimuth: 464.6405
07-08 14:46:12.655 14031 14031 E RRR     : onNewAzimuth: 464.6725
07-08 14:46:12.655 14031 14031 E RRR     : onNewAzimuth: 464.63986
07-08 14:46:12.655 14031 14031 E RRR     : onNewAzimuth: 464.6405
07-08 14:46:12.655 14031 14031 E RRR     : onNewAzimuth: 464.6725
07-08 14:46:12.673 14031 14031 E RRR     : onNewAzimuth: 464.6746
07-08 14:46:12.673 14031 14031 E RRR     : onNewAzimuth: 464.67505
07-08 14:46:12.673 14031 14031 E RRR     : onNewAzimuth: 464.69144
07-08 14:46:12.673 14031 14031 E RRR     : onNewAzimuth: 464.6746
07-08 14:46:12.673 14031 14031 E RRR     : onNewAzimuth: 464.67505
07-08 14:46:12.673 14031 14031 E RRR     : onNewAzimuth: 464.69144
07-08 14:46:12.693 14031 14031 E RRR     : onNewAzimuth: 464.6885
07-08 14:46:12.693 14031 14031 E RRR     : onNewAzimuth: 464.6857
07-08 14:46:12.693 14031 14031 E RRR     : onNewAzimuth: 464.6885
07-08 14:46:12.693 14031 14031 E RRR     : onNewAzimuth: 464.6857
07-08 14:46:12.694 14031 14031 E RRR     : onNewAzimuth: 464.7016
07-08 14:46:12.711 27106 27106 W binder:27106_2: type=1400 audit(0.0:3509424): avc:  denied  { ioctl } for  path="/proc/fas/render" dev="proc" ino=4026533325 ioctlcmd=0x6609 scontext=u:r:untrusted_app:s0:c171,c258,c512,c768 tcontext=u:object_r:proc_fas:s0 tclass=file permissive=0 app=com.emergent.salahalarm.lxw9zs
07-08 14:46:12.718 14031 14031 E RRR     : onNewAzimuth: 464.7007
07-08 14:46:12.718 14031 14031 E RRR     : onNewAzimuth: 464.7021
07-08 14:46:12.718 14031 14031 E RRR     : onNewAzimuth: 464.64908
07-08 14:46:12.718 14031 14031 E RRR     : onNewAzimuth: 464.7007
07-08 14:46:12.718 14031 14031 E RRR     : onNewAzimuth: 464.7021
07-08 14:46:12.718 14031 14031 E RRR     : onNewAzimuth: 464.64908
07-08 14:46:12.727 27106 27106 W binder:27106_2: type=1400 audit(0.0:3509425): avc:  denied  { ioctl } for  path="/proc/fas/render" dev="proc" ino=4026533325 ioctlcmd=0x6609 scontext=u:r:untrusted_app:s0:c171,c258,c512,c768 tcontext=u:object_r:proc_fas:s0 tclass=file permissive=0 app=com.emergent.salahalarm.lxw9zs
07-08 14:46:12.734 14031 14031 E RRR     : onNewAzimuth: 464.65338
07-08 14:46:12.734 14031 14031 E RRR     : onNewAzimuth: 464.65988
07-08 14:46:12.734 14031 14031 E RRR     : onNewAzimuth: 464.67676
07-08 14:46:12.734 14031 14031 E RRR     : onNewAzimuth: 464.65338
07-08 14:46:12.734 14031 14031 E RRR     : onNewAzimuth: 464.65988
07-08 14:46:12.734 14031 14031 E RRR     : onNewAzimuth: 464.67676
07-08 14:46:12.743 27106 27106 W binder:27106_2: type=1400 audit(0.0:3509426): avc:  denied  { ioctl } for  path="/proc/fas/render" dev="proc" ino=4026533325 ioctlcmd=0x6609 scontext=u:r:untrusted_app:s0:c171,c258,c512,c768 tcontext=u:object_r:proc_fas:s0 tclass=file permissive=0 app=com.emergent.salahalarm.lxw9zs
07-08 14:46:12.752 14031 14031 E RRR     : onNewAzimuth: 464.68362
07-08 14:46:12.752 14031 14031 E RRR     : onNewAzimuth: 464.68762
07-08 14:46:12.753 14031 14031 E RRR     : onNewAzimuth: 464.68362
07-08 14:46:12.753 14031 14031 E RRR     : onNewAzimuth: 464.68762
07-08 14:46:12.755 14031 14031 E RRR     : onNewAzimuth: 464.70413
07-08 14:46:12.759 27106 27106 W binder:27106_2: type=1400 audit(0.0:3509427): avc:  denied  { ioctl } for  path="/proc/fas/render" dev="proc" ino=4026533325 ioctlcmd=0x6609 scontext=u:r:untrusted_app:s0:c171,c258,c512,c768 tcontext=u:object_r:proc_fas:s0 tclass=file permissive=0 app=com.emergent.salahalarm.lxw9zs
07-08 14:46:12.773 14031 14031 E RRR     : onNewAzimuth: 464.70447
07-08 14:46:12.773 14031 14031 E RRR     : onNewAzimuth: 464.70554
07-08 14:46:12.773 14031 14031 E RRR     : onNewAzimuth: 464.72156
07-08 14:46:12.773 14031 14031 E RRR     : onNewAzimuth: 464.70447
07-08 14:46:12.774 14031 14031 E RRR     : onNewAzimuth: 464.70554
07-08 14:46:12.774 14031 14031 E RRR     : onNewAzimuth: 464.72156
07-08 14:46:12.792 14031 14031 E RRR     : onNewAzimuth: 464.7256
07-08 14:46:12.792 14031 14031 E RRR     : onNewAzimuth: 464.73077
07-08 14:46:12.792 14031 14031 E RRR     : onNewAzimuth: 464.74634
07-08 14:46:12.793 14031 14031 E RRR     : onNewAzimuth: 464.7256
07-08 14:46:12.793 14031 14031 E RRR     : onNewAzimuth: 464.73077
07-08 14:46:12.793 14031 14031 E RRR     : onNewAzimuth: 464.74634
07-08 14:46:12.801 17546 17546 I flwx    : (REDACTED) Created gRPC endpoint for service %s
07-08 14:46:12.813 14031 14031 E RRR     : onNewAzimuth: 464.74725
07-08 14:46:12.813 14031 14031 E RRR     : onNewAzimuth: 464.74207
07-08 14:46:12.813 14031 14031 E RRR     : onNewAzimuth: 464.75696
07-08 14:46:12.813 14031 14031 E RRR     : onNewAzimuth: 464.74725
07-08 14:46:12.813 14031 14031 E RRR     : onNewAzimuth: 464.74207
07-08 14:46:12.813 14031 14031 E RRR     : onNewAzimuth: 464.75696
07-08 14:46:12.832 14031 14031 E RRR     : onNewAzimuth: 464.75076
07-08 14:46:12.833 14031 14031 E RRR     : onNewAzimuth: 464.7501
07-08 14:46:12.833 14031 14031 E RRR     : onNewAzimuth: 464.71048
07-08 14:46:12.833 14031 14031 E RRR     : onNewAzimuth: 464.75076
07-08 14:46:12.833 14031 14031 E RRR     : onNewAzimuth: 464.7501
07-08 14:46:12.833 14031 14031 E RRR     : onNewAzimuth: 464.71048
07-08 14:46:12.852 14031 14031 E RRR     : onNewAzimuth: 464.71457
07-08 14:46:12.852 14031 14031 E RRR     : onNewAzimuth: 464.72464
07-08 14:46:12.852 14031 14031 E RRR     : onNewAzimuth: 464.67038
07-08 14:46:12.852 14031 14031 E RRR     : onNewAzimuth: 464.71457
07-08 14:46:12.852 14031 14031 E RRR     : onNewAzimuth: 464.72464
07-08 14:46:12.852 14031 14031 E RRR     : onNewAzimuth: 464.67038
07-08 14:46:12.872 14031 14031 E RRR     : onNewAzimuth: 464.68484
07-08 14:46:12.873 14031 14031 E RRR     : onNewAzimuth: 464.69818
07-08 14:46:12.873 14031 14031 E RRR     : onNewAzimuth: 464.71564
07-08 14:46:12.873 14031 14031 E RRR     : onNewAzimuth: 464.68484
07-08 14:46:12.873 14031 14031 E RRR     : onNewAzimuth: 464.69818
07-08 14:46:12.873 14031 14031 E RRR     : onNewAzimuth: 464.71564
07-08 14:46:12.893 14031 14031 E RRR     : onNewAzimuth: 464.72287
07-08 14:46:12.893 14031 14031 E RRR     : onNewAzimuth: 464.72342
07-08 14:46:12.893 14031 14031 E RRR     : onNewAzimuth: 464.72287
07-08 14:46:12.893 14031 14031 E RRR     : onNewAzimuth: 464.72342
07-08 14:46:12.894 14031 14031 E RRR     : onNewAzimuth: 464.7403
07-08 14:46:12.915 14031 14031 E RRR     : onNewAzimuth: 464.73737
07-08 14:46:12.915 14031 14031 E RRR     : onNewAzimuth: 464.73218
07-08 14:46:12.915 14031 14031 E RRR     : onNewAzimuth: 464.73737
07-08 14:46:12.915 14031 14031 E RRR     : onNewAzimuth: 464.73218
07-08 14:46:12.921 14031 14031 E RRR     : onNewAzimuth: 464.6799
07-08 14:46:12.933 14031 14031 E RRR     : onNewAzimuth: 464.67206
07-08 14:46:12.933 14031 14031 E RRR     : onNewAzimuth: 464.66397
07-08 14:46:12.933 14031 14031 E RRR     : onNewAzimuth: 464.69815
07-08 14:46:12.933 14031 14031 E RRR     : onNewAzimuth: 464.67206
07-08 14:46:12.933 14031 14031 E RRR     : onNewAzimuth: 464.66397
07-08 14:46:12.933 14031 14031 E RRR     : onNewAzimuth: 464.69815
07-08 14:46:12.952 14031 14031 E RRR     : onNewAzimuth: 464.69543
07-08 14:46:12.953 14031 14031 E RRR     : onNewAzimuth: 464.6991
07-08 14:46:12.953 14031 14031 E RRR     : onNewAzimuth: 464.69543
07-08 14:46:12.953 14031 14031 E RRR     : onNewAzimuth: 464.6991
07-08 14:46:12.953 14031 14031 E RRR     : onNewAzimuth: 464.6474
07-08 14:46:12.972 14031 14031 E RRR     : onNewAzimuth: 464.6574
07-08 14:46:12.972 14031 14031 E RRR     : onNewAzimuth: 464.67026
07-08 14:46:12.972 14031 14031 E RRR     : onNewAzimuth: 464.68875
07-08 14:46:12.973 14031 14031 E RRR     : onNewAzimuth: 464.6574
07-08 14:46:12.973 14031 14031 E RRR     : onNewAzimuth: 464.67026
07-08 14:46:12.973 14031 14031 E RRR     : onNewAzimuth: 464.68875
07-08 14:46:12.992 14031 14031 E RRR     : onNewAzimuth: 464.7016
07-08 14:46:12.993 14031 14031 E RRR     : onNewAzimuth: 464.7107
07-08 14:46:12.993 14031 14031 E RRR     : onNewAzimuth: 464.65997
07-08 14:46:12.993 14031 14031 E RRR     : onNewAzimuth: 464.7016
07-08 14:46:12.993 14031 14031 E RRR     : onNewAzimuth: 464.7107
07-08 14:46:12.993 14031 14031 E RRR     : onNewAzimuth: 464.65997
07-08 14:46:13.017 14031 14031 E RRR     : onNewAzimuth: 464.6566
07-08 14:46:13.017 14031 14031 E RRR     : onNewAzimuth: 464.60736
07-08 14:46:13.018 14031 14031 E RRR     : onNewAzimuth: 464.65997
07-08 14:46:13.018 14031 14031 E RRR     : onNewAzimuth: 464.6566
07-08 14:46:13.018 14031 14031 E RRR     : onNewAzimuth: 464.60736
07-08 14:46:13.036 14031 14031 E RRR     : onNewAzimuth: 464.60388
07-08 14:46:13.036 14031 14031 E RRR     : onNewAzimuth: 464.6001
07-08 14:46:13.036 14031 14031 E RRR     : onNewAzimuth: 464.62097
07-08 14:46:13.036 14031 14031 E RRR     : onNewAzimuth: 464.60388
07-08 14:46:13.036 14031 14031 E RRR     : onNewAzimuth: 464.6001
07-08 14:46:13.036 14031 14031 E RRR     : onNewAzimuth: 464.62097
07-08 14:46:13.052 14031 14031 E RRR     : onNewAzimuth: 464.61844
07-08 14:46:13.052 14031 14031 E RRR     : onNewAzimuth: 464.61935
07-08 14:46:13.052 14031 14031 E RRR     : onNewAzimuth: 464.57092
07-08 14:46:13.053 14031 14031 E RRR     : onNewAzimuth: 464.61844
07-08 14:46:13.053 14031 14031 E RRR     : onNewAzimuth: 464.61935
07-08 14:46:13.053 14031 14031 E RRR     : onNewAzimuth: 464.57092
07-08 14:46:13.073 14031 14031 E RRR     : onNewAzimuth: 464.5768
07-08 14:46:13.073 14031 14031 E RRR     : onNewAzimuth: 464.58463
07-08 14:46:13.073 14031 14031 E RRR     : onNewAzimuth: 464.53772
07-08 14:46:13.073 14031 14031 E RRR     : onNewAzimuth: 464.5768
07-08 14:46:13.073 14031 14031 E RRR     : onNewAzimuth: 464.58463
07-08 14:46:13.073 14031 14031 E RRR     : onNewAzimuth: 464.53772
07-08 14:46:13.092 14031 14031 E RRR     : onNewAzimuth: 464.5437
07-08 14:46:13.092 14031 14031 E RRR     : onNewAzimuth: 464.5455
07-08 14:46:13.093 14031 14031 E RRR     : onNewAzimuth: 464.5437
07-08 14:46:13.093 14031 14031 E RRR     : onNewAzimuth: 464.5455
07-08 14:46:13.093 14031 14031 E RRR     : onNewAzimuth: 464.51486
07-08 14:46:13.114 14031 14031 E RRR     : onNewAzimuth: 464.51312
07-08 14:46:13.114 14031 14031 E RRR     : onNewAzimuth: 464.5089
07-08 14:46:13.114 14031 14031 E RRR     : onNewAzimuth: 464.4643
07-08 14:46:13.114 14031 14031 E RRR     : onNewAzimuth: 464.51312
07-08 14:46:13.114 14031 14031 E RRR     : onNewAzimuth: 464.5089
07-08 14:46:13.114 14031 14031 E RRR     : onNewAzimuth: 464.4643
07-08 14:46:13.122 14031 14031 E RRR     : onNewAzimuth: 464.46222
07-08 14:46:13.136 14031 14031 E RRR     : onNewAzimuth: 464.4646
07-08 14:46:13.136 14031 14031 E RRR     : onNewAzimuth: 464.4899
07-08 14:46:13.137 14031 14031 E RRR     : onNewAzimuth: 464.4646
07-08 14:46:13.137 14031 14031 E RRR     : onNewAzimuth: 464.4899
07-08 14:46:13.142 14031 14031 E RRR     : onNewAzimuth: 464.4936
07-08 14:46:13.152 14031 14031 E RRR     : onNewAzimuth: 464.4985
07-08 14:46:13.153 14031 14031 E RRR     : onNewAzimuth: 464.46942
07-08 14:46:13.162 14031 14031 E RRR     : onNewAzimuth: 464.47543
07-08 14:46:13.172 14031 14031 E RRR     : onNewAzimuth: 464.4795
07-08 14:46:13.173 14031 14031 E RRR     : onNewAzimuth: 464.5198
07-08 14:46:13.173 14031 14031 E RRR     : onNewAzimuth: 464.4795
07-08 14:46:13.173 14031 14031 E RRR     : onNewAzimuth: 464.5198
07-08 14:46:13.185 14031 14031 E RRR     : onNewAzimuth: 464.5195
07-08 14:46:13.192 14031 14031 E RRR     : onNewAzimuth: 464.51593
07-08 14:46:13.201 14031 14031 E RRR     : onNewAzimuth: 464.48654
07-08 14:46:13.202 14031 14031 E RRR     : onNewAzimuth: 464.48196
07-08 14:46:13.213 14031 14031 E RRR     : onNewAzimuth: 464.4797
07-08 14:46:13.213 14031 14031 E RRR     : onNewAzimuth: 464.43637
07-08 14:46:13.214 14031 14031 E RRR     : onNewAzimuth: 464.4797
07-08 14:46:13.214 14031 14031 E RRR     : onNewAzimuth: 464.43637
07-08 14:46:13.223 14031 14031 E RRR     : onNewAzimuth: 464.44037
07-08 14:46:13.232 14031 14031 E RRR     : onNewAzimuth: 464.448
07-08 14:46:13.233 14031 14031 E RRR     : onNewAzimuth: 464.47433
07-08 14:46:13.243 14031 14031 E RRR     : onNewAzimuth: 464.47968
07-08 14:46:13.252 14031 14031 E RRR     : onNewAzimuth: 464.47983
07-08 14:46:13.253 14031 14031 E RRR     : onNewAzimuth: 464.43692
07-08 14:46:13.264 14031 14031 E RRR     : onNewAzimuth: 464.43564
07-08 14:46:13.271 14031 14031 E RRR     : onNewAzimuth: 464.43454
07-08 14:46:13.273 14031 14031 E RRR     : onNewAzimuth: 464.4779
07-08 14:46:13.286 14031 14031 E RRR     : onNewAzimuth: 464.47864
07-08 14:46:13.292 14031 14031 E RRR     : onNewAzimuth: 464.4809
07-08 14:46:13.293 14031 14031 E RRR     : onNewAzimuth: 464.45422
07-08 14:46:13.303 14031 14031 E RRR     : onNewAzimuth: 464.45758
07-08 14:46:13.313 14031 14031 E RRR     : onNewAzimuth: 464.46082
07-08 14:46:13.313 14031 14031 E RRR     : onNewAzimuth: 464.48715
07-08 14:46:13.323 14031 14031 E RRR     : onNewAzimuth: 464.48608
07-08 14:46:13.334 14031 14031 E RRR     : onNewAzimuth: 464.48068
07-08 14:46:13.335 14031 14031 E RRR     : onNewAzimuth: 464.50623
07-08 14:46:13.335 14031 14031 E RRR     : onNewAzimuth: 464.48068
07-08 14:46:13.335 14031 14031 E RRR     : onNewAzimuth: 464.50623
07-08 14:46:13.343 14031 14031 E RRR     : onNewAzimuth: 464.49805
07-08 14:46:13.345  6310  6329 I WifiScanner: onFullResults
07-08 14:46:13.346  6310  8370 I WifiScanner: onFullResults
07-08 14:46:13.347  6310  9719 I WifiScanner: onFullResults
07-08 14:46:13.349  7481 12919 I WifiScanner: onFullResults
07-08 14:46:13.351 14031 14031 E RRR     : onNewAzimuth: 464.49078
07-08 14:46:13.360 14031 14031 E RRR     : onNewAzimuth: 464.46207
07-08 14:46:13.364  6310 27059 I FrewleTileCacheManagerV: (REDACTED) Fetched %d AP models from cache
07-08 14:46:13.365 14031 14031 E RRR     : onNewAzimuth: 464.45737
07-08 14:46:13.372 14031 14031 E RRR     : onNewAzimuth: 464.45462
07-08 14:46:13.372 14031 14031 E RRR     : onNewAzimuth: 464.4803
07-08 14:46:13.382 14031 14031 E RRR     : onNewAzimuth: 464.47842
07-08 14:46:13.391 14031 14031 E RRR     : onNewAzimuth: 464.4778
07-08 14:46:13.393 14031 14031 E RRR     : onNewAzimuth: 464.4327
07-08 14:46:13.403 14031 14031 E RRR     : onNewAzimuth: 464.43015
07-08 14:46:13.410 14031 14031 E RRR     : onNewAzimuth: 464.43024
07-08 14:46:13.413 14031 14031 E RRR     : onNewAzimuth: 464.45642
07-08 14:46:13.424 14031 14031 E RRR     : onNewAzimuth: 464.45914
07-08 14:46:13.431 14031 14031 E RRR     : onNewAzimuth: 464.46045
07-08 14:46:13.432 14031 14031 E RRR     : onNewAzimuth: 464.4859
07-08 14:46:13.450 14031 14031 E RRR     : onNewAzimuth: 464.4857
07-08 14:46:13.452 14031 14031 E RRR     : onNewAzimuth: 464.51038
07-08 14:46:13.466 14031 14031 E RRR     : onNewAzimuth: 464.51068
07-08 14:46:13.470 14031 14031 E RRR     : onNewAzimuth: 464.51047
07-08 14:46:13.472 14031 14031 E RRR     : onNewAzimuth: 464.4659
07-08 14:46:13.484 14031 14031 E RRR     : onNewAzimuth: 464.46783
07-08 14:46:13.490 14031 14031 E RRR     : onNewAzimuth: 464.4716
07-08 14:46:13.492 14031 14031 E RRR     : onNewAzimuth: 464.4969
07-08 14:46:13.505 14031 14031 E RRR     : onNewAzimuth: 464.5025
07-08 14:46:13.510 14031 14031 E RRR     : onNewAzimuth: 464.50882
07-08 14:46:13.513 14031 14031 E RRR     : onNewAzimuth: 464.46484
07-08 14:46:13.524 14031 14031 E RRR     : onNewAzimuth: 464.47046
07-08 14:46:13.532 14031 14031 E RRR     : onNewAzimuth: 464.47556
07-08 14:46:13.535 14031 14031 E RRR     : onNewAzimuth: 464.5179
07-08 14:46:13.548 14031 14031 E RRR     : onNewAzimuth: 464.52316
07-08 14:46:13.550 14031 14031 E RRR     : onNewAzimuth: 464.52832
07-08 14:46:13.552 14031 14031 E RRR     : onNewAzimuth: 464.55295
07-08 14:46:13.562 19536 20120 V ClearcutMetricXmitter: Transmission is done.
07-08 14:46:13.564 14031 14031 E RRR     : onNewAzimuth: 464.55896
07-08 14:46:13.570 14031 14031 E RRR     : onNewAzimuth: 464.56088
07-08 14:46:13.581 14031 14031 E RRR     : onNewAzimuth: 464.53238
07-08 14:46:13.585 14031 14031 E RRR     : onNewAzimuth: 464.5255
07-08 14:46:13.590 14031 14031 E RRR     : onNewAzimuth: 464.51477
07-08 14:46:13.592 14031 14031 E RRR     : onNewAzimuth: 464.47098
07-08 14:46:13.605 14031 14031 E RRR     : onNewAzimuth: 464.4621
07-08 14:46:13.615 14031 14031 E RRR     : onNewAzimuth: 464.45963
07-08 14:46:13.615 14031 14031 E RRR     : onNewAzimuth: 464.41714
07-08 14:46:13.615 14031 14031 E RRR     : onNewAzimuth: 464.45963
07-08 14:46:13.615 14031 14031 E RRR     : onNewAzimuth: 464.41714
07-08 14:46:13.626 14031 14031 E RRR     : onNewAzimuth: 464.4162
07-08 14:46:13.632 14031 14031 E RRR     : onNewAzimuth: 464.41858
07-08 14:46:13.635 14031 14031 E RRR     : onNewAzimuth: 464.37735
07-08 14:46:13.649 14031 14031 E RRR     : onNewAzimuth: 464.3821
07-08 14:46:13.652 14031 14031 E RRR     : onNewAzimuth: 464.38446
07-08 14:46:13.653 14031 14031 E RRR     : onNewAzimuth: 464.41293
07-08 14:46:13.667 14031 14031 E RRR     : onNewAzimuth: 464.406
07-08 14:46:13.671 14031 14031 E RRR     : onNewAzimuth: 464.39417
07-08 14:46:13.673 14031 14031 E RRR     : onNewAzimuth: 464.36966
07-08 14:46:13.688 14031 14031 E RRR     : onNewAzimuth: 464.3585
07-08 14:46:13.691 14031 14031 E RRR     : onNewAzimuth: 464.3424
07-08 14:46:13.694 14031 14031 E RRR     : onNewAzimuth: 464.31866
07-08 14:46:13.701 14031 14031 E RRR     : onNewAzimuth: 464.30365
07-08 14:46:13.712 14031 14031 E RRR     : onNewAzimuth: 464.2919
07-08 14:46:13.714 14031 14031 E RRR     : onNewAzimuth: 464.3209
07-08 14:46:13.727 27106 27106 W binder:27106_2: type=1400 audit(0.0:3509488): avc:  denied  { ioctl } for  path="/proc/fas/render" dev="proc" ino=4026533325 ioctlcmd=0x6609 scontext=u:r:untrusted_app:s0:c171,c258,c512,c768 tcontext=u:object_r:proc_fas:s0 tclass=file permissive=0 app=com.emergent.salahalarm.lxw9zs
07-08 14:46:13.734 14031 14031 E RRR     : onNewAzimuth: 464.3128
07-08 14:46:13.734 14031 14031 E RRR     : onNewAzimuth: 464.30972
07-08 14:46:13.734 14031 14031 E RRR     : onNewAzimuth: 464.26944
07-08 14:46:13.734 14031 14031 E RRR     : onNewAzimuth: 464.3128
07-08 14:46:13.734 14031 14031 E RRR     : onNewAzimuth: 464.30972
07-08 14:46:13.734 14031 14031 E RRR     : onNewAzimuth: 464.26944
07-08 14:46:13.739 27106 27106 W binder:27106_2: type=1400 audit(0.0:3509489): avc:  denied  { ioctl } for  path="/proc/fas/render" dev="proc" ino=4026533325 ioctlcmd=0x6609 scontext=u:r:untrusted_app:s0:c171,c258,c512,c768 tcontext=u:object_r:proc_fas:s0 tclass=file permissive=0 app=com.emergent.salahalarm.lxw9zs
07-08 14:46:13.750 14031 14031 E RRR     : onNewAzimuth: 464.27185
07-08 14:46:13.750 14031 14031 E RRR     : onNewAzimuth: 464.27734
07-08 14:46:13.751 14031 14031 E RRR     : onNewAzimuth: 464.27185
07-08 14:46:13.751 14031 14031 E RRR     : onNewAzimuth: 464.27734
07-08 14:46:13.753 14031 14031 E RRR     : onNewAzimuth: 464.23828
07-08 14:46:13.755 27106 27106 W binder:27106_2: type=1400 audit(0.0:3509490): avc:  denied  { ioctl } for  path="/proc/fas/render" dev="proc" ino=4026533325 ioctlcmd=0x6609 scontext=u:r:untrusted_app:s0:c171,c258,c512,c768 tcontext=u:object_r:proc_fas:s0 tclass=file permissive=0 app=com.emergent.salahalarm.lxw9zs
07-08 14:46:13.770 14031 14031 E RRR     : onNewAzimuth: 464.25186
07-08 14:46:13.770 14031 14031 E RRR     : onNewAzimuth: 464.26364
07-08 14:46:13.771 14031 14031 E RRR     : onNewAzimuth: 464.25186
07-08 14:46:13.771 14031 14031 E RRR     : onNewAzimuth: 464.26364
07-08 14:46:13.773 14031 14031 E RRR     : onNewAzimuth: 464.29422
07-08 14:46:13.775 27106 27106 W binder:27106_2: type=1400 audit(0.0:3509491): avc:  denied  { ioctl } for  path="/proc/fas/render" dev="proc" ino=4026533325 ioctlcmd=0x6609 scontext=u:r:untrusted_app:s0:c171,c258,c512,c768 tcontext=u:object_r:proc_fas:s0 tclass=file permissive=0 app=com.emergent.salahalarm.lxw9zs
07-08 14:46:13.790 14031 14031 E RRR     : onNewAzimuth: 464.30502
07-08 14:46:13.791 14031 14031 E RRR     : onNewAzimuth: 464.31918
07-08 14:46:13.791 14031 14031 E RRR     : onNewAzimuth: 464.30502
07-08 14:46:13.791 14031 14031 E RRR     : onNewAzimuth: 464.31918
07-08 14:46:13.800 14031 14031 E RRR     : onNewAzimuth: 464.36545
07-08 14:46:13.815 14031 14031 E RRR     : onNewAzimuth: 464.37656
07-08 14:46:13.815 14031 14031 E RRR     : onNewAzimuth: 464.38562
07-08 14:46:13.815 14031 14031 E RRR     : onNewAzimuth: 464.41385
07-08 14:46:13.815 14031 14031 E RRR     : onNewAzimuth: 464.37656
07-08 14:46:13.815 14031 14031 E RRR     : onNewAzimuth: 464.38562
07-08 14:46:13.815 14031 14031 E RRR     : onNewAzimuth: 464.41385
07-08 14:46:13.834 14031 14031 E RRR     : onNewAzimuth: 464.4271
07-08 14:46:13.834 14031 14031 E RRR     : onNewAzimuth: 464.44547
07-08 14:46:13.834 14031 14031 E RRR     : onNewAzimuth: 464.4045
07-08 14:46:13.835 14031 14031 E RRR     : onNewAzimuth: 464.4271
07-08 14:46:13.835 14031 14031 E RRR     : onNewAzimuth: 464.44547
07-08 14:46:13.835 14031 14031 E RRR     : onNewAzimuth: 464.4045
07-08 14:46:13.850 14031 14031 E RRR     : onNewAzimuth: 464.42038
07-08 14:46:13.850 14031 14031 E RRR     : onNewAzimuth: 464.42722
07-08 14:46:13.851 14031 14031 E RRR     : onNewAzimuth: 464.42038
07-08 14:46:13.851 14031 14031 E RRR     : onNewAzimuth: 464.42722
07-08 14:46:13.855 14031 14031 E RRR     : onNewAzimuth: 464.47238
07-08 14:46:13.865 14031 14031 E RRR     : onNewAzimuth: 464.4713
07-08 14:46:13.871 14031 14031 E RRR     : onNewAzimuth: 464.46558
07-08 14:46:13.873 14031 14031 E RRR     : onNewAzimuth: 464.49292
07-08 14:46:13.891 14031 14031 E RRR     : onNewAzimuth: 464.4851
07-08 14:46:13.891 14031 14031 E RRR     : onNewAzimuth: 464.47394
07-08 14:46:13.891 14031 14031 E RRR     : onNewAzimuth: 464.4851
07-08 14:46:13.891 14031 14031 E RRR     : onNewAzimuth: 464.47394
07-08 14:46:13.896 14031 14031 E RRR     : onNewAzimuth: 464.50052
07-08 14:46:13.915 14031 14031 E RRR     : onNewAzimuth: 464.49182
07-08 14:46:13.916 14031 14031 E RRR     : onNewAzimuth: 464.49365
07-08 14:46:13.916 14031 14031 E RRR     : onNewAzimuth: 464.5194
07-08 14:46:13.916 14031 14031 E RRR     : onNewAzimuth: 464.49182
07-08 14:46:13.916 14031 14031 E RRR     : onNewAzimuth: 464.49365
07-08 14:46:13.916 14031 14031 E RRR     : onNewAzimuth: 464.5194
07-08 14:46:13.931 14031 14031 E RRR     : onNewAzimuth: 464.53192
07-08 14:46:13.931 14031 14031 E RRR     : onNewAzimuth: 464.55087
07-08 14:46:13.931 14031 14031 E RRR     : onNewAzimuth: 464.53192
07-08 14:46:13.931 14031 14031 E RRR     : onNewAzimuth: 464.55087
07-08 14:46:13.932 14031 14031 E RRR     : onNewAzimuth: 464.5759
07-08 14:46:13.951 14031 14031 E RRR     : onNewAzimuth: 464.59418
07-08 14:46:13.952 14031 14031 E RRR     : onNewAzimuth: 464.6069
07-08 14:46:13.952 14031 14031 E RRR     : onNewAzimuth: 464.59418
07-08 14:46:13.952 14031 14031 E RRR     : onNewAzimuth: 464.6069
07-08 14:46:13.953 14031 14031 E RRR     : onNewAzimuth: 464.56265
07-08 14:46:13.970 14031 14031 E RRR     : onNewAzimuth: 464.56808
07-08 14:46:13.970 14031 14031 E RRR     : onNewAzimuth: 464.56503
07-08 14:46:13.971 14031 14031 E RRR     : onNewAzimuth: 464.56808
07-08 14:46:13.971 14031 14031 E RRR     : onNewAzimuth: 464.56503
07-08 14:46:13.973 14031 14031 E RRR     : onNewAzimuth: 464.5221
07-08 14:46:13.991 14031 14031 E RRR     : onNewAzimuth: 464.50998
07-08 14:46:13.991 14031 14031 E RRR     : onNewAzimuth: 464.49542
07-08 14:46:13.991 14031 14031 E RRR     : onNewAzimuth: 464.50998
07-08 14:46:13.991 14031 14031 E RRR     : onNewAzimuth: 464.49542
07-08 14:46:14.012 14031 14031 E RRR     : onNewAzimuth: 464.53708
07-08 14:46:14.012 14031 14031 E RRR     : onNewAzimuth: 464.52893
07-08 14:46:14.012 14031 14031 E RRR     : onNewAzimuth: 464.53384
07-08 14:46:14.012 14031 14031 E RRR     : onNewAzimuth: 464.53708
07-08 14:46:14.012 14031 14031 E RRR     : onNewAzimuth: 464.52893
07-08 14:46:14.012 14031 14031 E RRR     : onNewAzimuth: 464.53384
07-08 14:46:14.020 14031 14031 E RRR     : onNewAzimuth: 464.54855
07-08 14:46:14.020 14031 14031 E RRR     : onNewAzimuth: 464.52054
07-08 14:46:14.020 14031 14031 E RRR     : onNewAzimuth: 464.54855
07-08 14:46:14.020 14031 14031 E RRR     : onNewAzimuth: 464.52054
07-08 14:46:14.030 14031 14031 E RRR     : onNewAzimuth: 464.5355
07-08 14:46:14.033 14031 14031 E RRR     : onNewAzimuth: 464.4935
07-08 14:46:14.050 14031 14031 E RRR     : onNewAzimuth: 464.5027
07-08 14:46:14.050 14031 14031 E RRR     : onNewAzimuth: 464.50446
07-08 14:46:14.050 14031 14031 E RRR     : onNewAzimuth: 464.5027
07-08 14:46:14.051 14031 14031 E RRR     : onNewAzimuth: 464.50446
07-08 14:46:14.053 14031 14031 E RRR     : onNewAzimuth: 464.54852
07-08 14:46:14.070 14031 14031 E RRR     : onNewAzimuth: 464.5452
07-08 14:46:14.070 14031 14031 E RRR     : onNewAzimuth: 464.54242
07-08 14:46:14.070 14031 14031 E RRR     : onNewAzimuth: 464.5452
07-08 14:46:14.070 14031 14031 E RRR     : onNewAzimuth: 464.54242
07-08 14:46:14.076 14031 14031 E RRR     : onNewAzimuth: 464.51517
07-08 14:46:14.090 14031 14031 E RRR     : onNewAzimuth: 464.4794
07-08 14:46:14.090 14031 14031 E RRR     : onNewAzimuth: 464.46564
07-08 14:46:14.091 14031 14031 E RRR     : onNewAzimuth: 464.4794
07-08 14:46:14.091 14031 14031 E RRR     : onNewAzimuth: 464.46564
07-08 14:46:14.094 14031 14031 E RRR     : onNewAzimuth: 464.42435
07-08 14:46:14.113 14031 14031 E RRR     : onNewAzimuth: 464.45636
07-08 14:46:14.114 14031 14031 E RRR     : onNewAzimuth: 464.4597
07-08 14:46:14.114 14031 14031 E RRR     : onNewAzimuth: 464.5029
07-08 14:46:14.114 14031 14031 E RRR     : onNewAzimuth: 464.45636
07-08 14:46:14.114 14031 14031 E RRR     : onNewAzimuth: 464.4597
07-08 14:46:14.114 14031 14031 E RRR     : onNewAzimuth: 464.5029
07-08 14:46:14.131 14031 14031 E RRR     : onNewAzimuth: 464.4643
07-08 14:46:14.131 14031 14031 E RRR     : onNewAzimuth: 464.42163
07-08 14:46:14.131 14031 14031 E RRR     : onNewAzimuth: 464.4643
07-08 14:46:14.131 14031 14031 E RRR     : onNewAzimuth: 464.42163
07-08 14:46:14.133 14031 14031 E RRR     : onNewAzimuth: 464.38034
07-08 14:46:14.150 14031 14031 E RRR     : onNewAzimuth: 464.35724
07-08 14:46:14.151 14031 14031 E RRR     : onNewAzimuth: 464.37006
07-08 14:46:14.151 14031 14031 E RRR     : onNewAzimuth: 464.35724
07-08 14:46:14.151 14031 14031 E RRR     : onNewAzimuth: 464.37006
07-08 14:46:14.153 14031 14031 E RRR     : onNewAzimuth: 464.39832
07-08 14:46:14.171 14031 14031 E RRR     : onNewAzimuth: 464.43268
07-08 14:46:14.171 14031 14031 E RRR     : onNewAzimuth: 464.43542
07-08 14:46:14.171 14031 14031 E RRR     : onNewAzimuth: 464.43268
07-08 14:46:14.172 14031 14031 E RRR     : onNewAzimuth: 464.43542
07-08 14:46:14.174 14031 14031 E RRR     : onNewAzimuth: 464.39444
07-08 14:46:14.182 14031 14031 E RRR     : onNewAzimuth: 464.34042
07-08 14:46:14.190 14031 14031 E RRR     : onNewAzimuth: 464.2641
07-08 14:46:14.194 14031 14031 E RRR     : onNewAzimuth: 464.29272
07-08 14:46:14.213 14031 14031 E RRR     : onNewAzimuth: 464.2456
07-08 14:46:14.213 14031 14031 E RRR     : onNewAzimuth: 464.24484
07-08 14:46:14.213 14031 14031 E RRR     : onNewAzimuth: 464.2456
07-08 14:46:14.213 14031 14031 E RRR     : onNewAzimuth: 464.24484
07-08 14:46:14.213 14031 14031 E RRR     : onNewAzimuth: 464.28937
07-08 14:46:14.230 14031 14031 E RRR     : onNewAzimuth: 464.31235
07-08 14:46:14.230 14031 14031 E RRR     : onNewAzimuth: 464.3296
07-08 14:46:14.230 14031 14031 E RRR     : onNewAzimuth: 464.31235
07-08 14:46:14.230 14031 14031 E RRR     : onNewAzimuth: 464.3296
07-08 14:46:14.234 14031 14031 E RRR     : onNewAzimuth: 464.2876
07-08 14:46:14.253 14031 14031 E RRR     : onNewAzimuth: 464.28708
07-08 14:46:14.253 14031 14031 E RRR     : onNewAzimuth: 464.2729
07-08 14:46:14.253 14031 14031 E RRR     : onNewAzimuth: 464.30048
07-08 14:46:14.253 14031 14031 E RRR     : onNewAzimuth: 464.28708
07-08 14:46:14.253 14031 14031 E RRR     : onNewAzimuth: 464.2729
07-08 14:46:14.253 14031 14031 E RRR     : onNewAzimuth: 464.30048
07-08 14:46:14.270 14031 14031 E RRR     : onNewAzimuth: 464.28235
07-08 14:46:14.270 14031 14031 E RRR     : onNewAzimuth: 464.2646
07-08 14:46:14.271 14031 14031 E RRR     : onNewAzimuth: 464.28235
07-08 14:46:14.271 14031 14031 E RRR     : onNewAzimuth: 464.2646
07-08 14:46:14.274 14031 14031 E RRR     : onNewAzimuth: 464.30804
07-08 14:46:14.290 14031 14031 E RRR     : onNewAzimuth: 464.28802
07-08 14:46:14.290 14031 14031 E RRR     : onNewAzimuth: 464.27063
07-08 14:46:14.293 14031 14031 E RRR     : onNewAzimuth: 464.28802
07-08 14:46:14.293 14031 14031 E RRR     : onNewAzimuth: 464.27063
07-08 14:46:14.297 14031 14031 E RRR     : onNewAzimuth: 464.29608
07-08 14:46:14.299 14031 14031 E RRR     : onNewAzimuth: 464.29553
07-08 14:46:14.318 14031 14031 E RRR     : onNewAzimuth: 464.32324
07-08 14:46:14.318 14031 14031 E RRR     : onNewAzimuth: 464.34796
07-08 14:46:14.319 14031 14031 E RRR     : onNewAzimuth: 464.32324
07-08 14:46:14.319 14031 14031 E RRR     : onNewAzimuth: 464.34796
07-08 14:46:14.319 14031 14031 E RRR     : onNewAzimuth: 464.3928
07-08 14:46:14.331 14031 14031 E RRR     : onNewAzimuth: 464.4148
07-08 14:46:14.333 14031 14031 E RRR     : onNewAzimuth: 464.4388
07-08 14:46:14.340 14031 14031 E RRR     : onNewAzimuth: 464.4202
07-08 14:46:14.350 14031 14031 E RRR     : onNewAzimuth: 464.39563
07-08 14:46:14.353 14031 14031 E RRR     : onNewAzimuth: 464.4189
07-08 14:46:14.363 14031 14031 E RRR     : onNewAzimuth: 464.42383
07-08 14:46:14.370 14031 14031 E RRR     : onNewAzimuth: 464.43875
07-08 14:46:14.373 14031 14031 E RRR     : onNewAzimuth: 464.4614
07-08 14:46:14.381 14031 14031 E RRR     : onNewAzimuth: 464.46017
07-08 14:46:14.390 14031 14031 E RRR     : onNewAzimuth: 464.44614
07-08 14:46:14.394 14031 14031 E RRR     : onNewAzimuth: 464.46814
07-08 14:46:14.401 14031 14031 E RRR     : onNewAzimuth: 464.4434
07-08 14:46:14.415 14031 14031 E RRR     : onNewAzimuth: 464.40338
07-08 14:46:14.415 14031 14031 E RRR     : onNewAzimuth: 464.42468
07-08 14:46:14.415 14031 14031 E RRR     : onNewAzimuth: 464.40338
07-08 14:46:14.415 14031 14031 E RRR     : onNewAzimuth: 464.42468
07-08 14:46:14.421 14031 14031 E RRR     : onNewAzimuth: 464.3727
07-08 14:46:14.430 14031 14031 E RRR     : onNewAzimuth: 464.33444
07-08 14:46:14.434 14031 14031 E RRR     : onNewAzimuth: 464.35507
07-08 14:46:14.449 14031 14031 E RRR     : onNewAzimuth: 464.34207
07-08 14:46:14.450 14031 14031 E RRR     : onNewAzimuth: 464.34354
07-08 14:46:14.462 14031 14031 E RRR     : onNewAzimuth: 464.35715
07-08 14:46:14.462 14031 14031 E RRR     : onNewAzimuth: 464.3771
07-08 14:46:14.462 14031 14031 E RRR     : onNewAzimuth: 464.35715
07-08 14:46:14.462 14031 14031 E RRR     : onNewAzimuth: 464.3771
07-08 14:46:14.469 14031 14031 E RRR     : onNewAzimuth: 464.40417
07-08 14:46:14.473 14031 14031 E RRR     : onNewAzimuth: 464.42358
07-08 14:46:14.483 14031 14031 E RRR     : onNewAzimuth: 464.44016
07-08 14:46:14.490 14031 14031 E RRR     : onNewAzimuth: 464.42606
07-08 14:46:14.497 14031 14031 E RRR     : onNewAzimuth: 464.4614
07-08 14:46:14.501 14031 14031 E RRR     : onNewAzimuth: 464.4446
07-08 14:46:14.515 14031 14031 E RRR     : onNewAzimuth: 464.44833
07-08 14:46:14.515 14031 14031 E RRR     : onNewAzimuth: 464.4661
07-08 14:46:14.516 14031 14031 E RRR     : onNewAzimuth: 464.44833
07-08 14:46:14.516 14031 14031 E RRR     : onNewAzimuth: 464.4661
07-08 14:46:14.523 14031 14031 E RRR     : onNewAzimuth: 464.48492
07-08 14:46:14.529 14031 14031 E RRR     : onNewAzimuth: 464.50766
07-08 14:46:14.533 14031 14031 E RRR     : onNewAzimuth: 464.5249
07-08 14:46:14.547 14031 14031 E RRR     : onNewAzimuth: 464.54367
07-08 14:46:14.550 14031 14031 E RRR     : onNewAzimuth: 464.5691
07-08 14:46:14.553 14031 14031 E RRR     : onNewAzimuth: 464.58582
07-08 14:46:14.563 14031 14031 E RRR     : onNewAzimuth: 464.62903
07-08 14:46:14.570 14031 14031 E RRR     : onNewAzimuth: 464.68027
07-08 14:46:14.574 14031 14031 E RRR     : onNewAzimuth: 464.69653
07-08 14:46:14.584 14031 14031 E RRR     : onNewAzimuth: 464.7325
07-08 14:46:14.589 14031 14031 E RRR     : onNewAzimuth: 464.7664
07-08 14:46:14.594 14031 14031 E RRR     : onNewAzimuth: 464.71396
07-08 14:46:14.604 14031 14031 E RRR     : onNewAzimuth: 464.75223
07-08 14:46:14.615 14031 14031 E RRR     : onNewAzimuth: 464.76666
07-08 14:46:14.615 14031 14031 E RRR     : onNewAzimuth: 464.7841
07-08 14:46:14.615 14031 14031 E RRR     : onNewAzimuth: 464.76666
07-08 14:46:14.615 14031 14031 E RRR     : onNewAzimuth: 464.7841
07-08 14:46:14.626 14031 14031 E RRR     : onNewAzimuth: 464.76126
07-08 14:46:14.631 14031 14031 E RRR     : onNewAzimuth: 464.69083
07-08 14:46:14.633 14031 14031 E RRR     : onNewAzimuth: 464.7922
07-08 14:46:14.645 14031 14031 E RRR     : onNewAzimuth: 464.6877
07-08 14:46:14.650 14031 14031 E RRR     : onNewAzimuth: 464.57718
07-08 14:46:14.653 14031 14031 E RRR     : onNewAzimuth: 464.66058
07-08 14:46:14.662 14031 14031 E RRR     : onNewAzimuth: 464.5668
07-08 14:46:14.669 14031 14031 E RRR     : onNewAzimuth: 464.49036
07-08 14:46:14.678 14031 14031 E RRR     : onNewAzimuth: 464.518
07-08 14:46:14.686 14031 14031 E RRR     : onNewAzimuth: 464.4533
07-08 14:46:14.689 14031 14031 E RRR     : onNewAzimuth: 464.40796
07-08 14:46:14.696 14031 14031 E RRR     : onNewAzimuth: 464.5039
07-08 14:46:14.706 14031 14031 E RRR     : onNewAzimuth: 464.4815
07-08 14:46:14.711 14031 14031 E RRR     : onNewAzimuth: 464.46356
07-08 14:46:14.713 14031 14031 E RRR     : onNewAzimuth: 464.54068
07-08 14:46:14.729 14031 14031 E RRR     : onNewAzimuth: 464.50723
07-08 14:46:14.730 14031 14031 E RRR     : onNewAzimuth: 464.46655
07-08 14:46:14.735 14031 14031 E RRR     : onNewAzimuth: 464.48816
07-08 14:46:14.739 27106 27106 W binder:27106_3: type=1400 audit(0.0:3509552): avc:  denied  { ioctl } for  path="/proc/fas/render" dev="proc" ino=4026533325 ioctlcmd=0x6609 scontext=u:r:untrusted_app:s0:c171,c258,c512,c768 tcontext=u:object_r:proc_fas:s0 tclass=file permissive=0 app=com.emergent.salahalarm.lxw9zs
07-08 14:46:14.748 14031 14031 E RRR     : onNewAzimuth: 464.45157
07-08 14:46:14.749 14031 14031 E RRR     : onNewAzimuth: 464.42203
07-08 14:46:14.753 14031 14031 E RRR     : onNewAzimuth: 464.443
07-08 14:46:14.755 27106 27106 W binder:27106_3: type=1400 audit(0.0:3509554): avc:  denied  { ioctl } for  path="/proc/fas/render" dev="proc" ino=4026533325 ioctlcmd=0x6609 scontext=u:r:untrusted_app:s0:c171,c258,c512,c768 tcontext=u:object_r:proc_fas:s0 tclass=file permissive=0 app=com.emergent.salahalarm.lxw9zs
07-08 14:46:14.768 14031 14031 E RRR     : onNewAzimuth: 464.4082
07-08 14:46:14.769 14031 14031 E RRR     : onNewAzimuth: 464.3538
07-08 14:46:14.773 14031 14031 E RRR     : onNewAzimuth: 464.3576
07-08 14:46:14.771 27106 27106 W binder:27106_3: type=1400 audit(0.0:3509555): avc:  denied  { ioctl } for  path="/proc/fas/render" dev="proc" ino=4026533325 ioctlcmd=0x6609 scontext=u:r:untrusted_app:s0:c171,c258,c512,c768 tcontext=u:object_r:proc_fas:s0 tclass=file permissive=0 app=com.emergent.salahalarm.lxw9zs
07-08 14:46:14.788 14031 14031 E RRR     : onNewAzimuth: 464.3114
07-08 14:46:14.789 14031 14031 E RRR     : onNewAzimuth: 464.2761
07-08 14:46:14.789 14031 14031 E RRR     : onNewAzimuth: 464.3114
07-08 14:46:14.789 14031 14031 E RRR     : onNewAzimuth: 464.2761
07-08 14:46:14.787 27106 27106 W binder:27106_3: type=1400 audit(0.0:3509556): avc:  denied  { ioctl } for  path="/proc/fas/render" dev="proc" ino=4026533325 ioctlcmd=0x6609 scontext=u:r:untrusted_app:s0:c171,c258,c512,c768 tcontext=u:object_r:proc_fas:s0 tclass=file permissive=0 app=com.emergent.salahalarm.lxw9zs
07-08 14:46:14.795 14031 14031 E RRR     : onNewAzimuth: 464.27975
07-08 14:46:14.811 14031 14031 E RRR     : onNewAzimuth: 464.2524
07-08 14:46:14.811 14031 14031 E RRR     : onNewAzimuth: 464.246
07-08 14:46:14.811 14031 14031 E RRR     : onNewAzimuth: 464.2524
07-08 14:46:14.811 14031 14031 E RRR     : onNewAzimuth: 464.246
07-08 14:46:14.813 14031 14031 E RRR     : onNewAzimuth: 464.25043
07-08 14:46:14.821 14031 14031 E RRR     : onNewAzimuth: 464.25858
07-08 14:46:14.829 14031 14031 E RRR     : onNewAzimuth: 464.27612
07-08 14:46:14.833 14031 14031 E RRR     : onNewAzimuth: 464.29623
07-08 14:46:14.848 14031 14031 E RRR     : onNewAzimuth: 464.33755
07-08 14:46:14.848 14031 14031 E RRR     : onNewAzimuth: 464.40698
07-08 14:46:14.849 14031 14031 E RRR     : onNewAzimuth: 464.33755
07-08 14:46:14.849 14031 14031 E RRR     : onNewAzimuth: 464.40698
07-08 14:46:14.853 14031 14031 E RRR     : onNewAzimuth: 464.47946
07-08 14:46:14.869 14031 14031 E RRR     : onNewAzimuth: 464.5528
07-08 14:46:14.869 14031 14031 E RRR     : onNewAzimuth: 464.63745
07-08 14:46:14.869 14031 14031 E RRR     : onNewAzimuth: 464.5528
07-08 14:46:14.870 14031 14031 E RRR     : onNewAzimuth: 464.63745
07-08 14:46:14.875 14031 14031 E RRR     : onNewAzimuth: 464.63824
07-08 14:46:14.889 14031 14031 E RRR     : onNewAzimuth: 464.69656
07-08 14:46:14.889 14031 14031 E RRR     : onNewAzimuth: 464.6406
07-08 14:46:14.895 14031 14031 E RRR     : onNewAzimuth: 464.69656
07-08 14:46:14.895 14031 14031 E RRR     : onNewAzimuth: 464.6406
07-08 14:46:14.900 14031 14031 E RRR     : onNewAzimuth: 464.45663
07-08 14:46:14.901 14031 14031 E RRR     : onNewAzimuth: 464.52686
07-08 14:46:14.901 14031 14031 E RRR     : onNewAzimuth: 464.45663
07-08 14:46:14.901 14031 14031 E RRR     : onNewAzimuth: 464.52686
07-08 14:46:14.911 14031 14031 E RRR     : onNewAzimuth: 464.34116
07-08 14:46:14.914 14031 14031 E RRR     : onNewAzimuth: 464.35623
07-08 14:46:14.928 14031 14031 E RRR     : onNewAzimuth: 464.30542
07-08 14:46:14.928 14031 14031 E RRR     : onNewAzimuth: 464.37048
07-08 14:46:14.929 14031 14031 E RRR     : onNewAzimuth: 464.30542
07-08 14:46:14.929 14031 14031 E RRR     : onNewAzimuth: 464.37048
07-08 14:46:14.933 14031 14031 E RRR     : onNewAzimuth: 464.3686
07-08 14:46:14.950 14031 14031 E RRR     : onNewAzimuth: 464.4555
