--------- beginning of main
07-08 15:12:28.463 14031 14031 E RRR     : onNewAzimuth: -237.53845
07-08 15:12:28.463 14031 14031 E RRR     : onNewAzimuth: -237.50543
07-08 15:12:28.464 14031 14031 E RRR     : onNewAzimuth: -237.53845
07-08 15:12:28.464 14031 14031 E RRR     : onNewAzimuth: -237.50543
07-08 15:12:28.472 14031 14031 E RRR     : onNewAzimuth: -237.48114
07-08 15:12:28.484 14031 14031 E RRR     : onNewAzimuth: -237.45914
07-08 15:12:28.484 14031 14031 E RRR     : onNewAzimuth: -237.49881
07-08 15:12:28.484 14031 14031 E RRR     : onNewAzimuth: -237.45914
07-08 15:12:28.484 14031 14031 E RRR     : onNewAzimuth: -237.49881
07-08 15:12:28.489  6310  6444 I Auth    : [BroadcastManager] [BroadcastManager] Broadcasting account capabilities changed. [CONTEXT service_id=343 ]
07-08 15:12:28.492  6310  6444 I Auth    : [BroadcastManager] [BroadcastManager] Broadcasting account services changed. [CONTEXT service_id=343 ]
07-08 15:12:28.494 14031 14031 E RRR     : onNewAzimuth: -237.48746
07-08 15:12:28.503  6831 16995 I Auth    : (REDACTED) [SupervisedAccountIntentOperation] onHandleIntent: %s
07-08 15:12:28.503 14031 14031 E RRR     : onNewAzimuth: -237.49149
07-08 15:12:28.503 14031 14031 E RRR     : onNewAzimuth: -237.53
07-08 15:12:28.503 14031 14031 E RRR     : onNewAzimuth: -237.49149
07-08 15:12:28.503 14031 14031 E RRR     : onNewAzimuth: -237.53
07-08 15:12:28.511 14031 14031 E RRR     : onNewAzimuth: -237.54593
07-08 15:12:28.523  6831 16874 W ChimeraUtils: Module com.google.android.gms.advancedprotection missing resource null(0)
07-08 15:12:28.523 14031 14031 E RRR     : onNewAzimuth: -237.56516
07-08 15:12:28.523 14031 14031 E RRR     : onNewAzimuth: -237.60251
07-08 15:12:28.523 14031 14031 E RRR     : onNewAzimuth: -237.56516
07-08 15:12:28.523 14031 14031 E RRR     : onNewAzimuth: -237.60251
07-08 15:12:28.531 14031 14031 E RRR     : onNewAzimuth: -237.61429
07-08 15:12:28.542  6310 16190 I NetworkScheduler.Stats: (REDACTED) Task %s/%s started execution. cause:%s exec_start_elapsed_seconds: %s
07-08 15:12:28.543 14031 14031 E RRR     : onNewAzimuth: -237.6153
07-08 15:12:28.543 14031 14031 E RRR     : onNewAzimuth: -237.57977
07-08 15:12:28.543 14031 14031 E RRR     : onNewAzimuth: -237.6153
07-08 15:12:28.544 14031 14031 E RRR     : onNewAzimuth: -237.57977
07-08 15:12:28.547  6310 16188 I NetworkScheduler.Stats: (REDACTED) Task %s/%s finished executing. cause:%s result: %s elapsed_millis: %s uptime_millis: %s exec_start_elapsed_seconds: %s
07-08 15:12:28.551 14031 14031 E RRR     : onNewAzimuth: -237.57336
07-08 15:12:28.563 14031 14031 E RRR     : onNewAzimuth: -237.56323
07-08 15:12:28.563 14031 14031 E RRR     : onNewAzimuth: -237.52881
07-08 15:12:28.563 14031 14031 E RRR     : onNewAzimuth: -237.56323
07-08 15:12:28.563 14031 14031 E RRR     : onNewAzimuth: -237.52881
07-08 15:12:28.572 14031 14031 E RRR     : onNewAzimuth: -237.51715
07-08 15:12:28.583 14031 14031 E RRR     : onNewAzimuth: -237.50723
07-08 15:12:28.584 14031 14031 E RRR     : onNewAzimuth: -237.5422
07-08 15:12:28.584 14031 14031 E RRR     : onNewAzimuth: -237.50723
07-08 15:12:28.584 14031 14031 E RRR     : onNewAzimuth: -237.5422
07-08 15:12:28.591 14031 14031 E RRR     : onNewAzimuth: -237.53647
07-08 15:12:28.603 14031 14031 E RRR     : onNewAzimuth: -237.53516
07-08 15:12:28.603 14031 14031 E RRR     : onNewAzimuth: -237.50073
07-08 15:12:28.603 14031 14031 E RRR     : onNewAzimuth: -237.53516
07-08 15:12:28.604 14031 14031 E RRR     : onNewAzimuth: -237.50073
07-08 15:12:28.611 14031 14031 E RRR     : onNewAzimuth: -237.50333
07-08 15:12:28.625 14031 14031 E RRR     : onNewAzimuth: -237.50699
07-08 15:12:28.625 14031 14031 E RRR     : onNewAzimuth: -237.47693
07-08 15:12:28.625 14031 14031 E RRR     : onNewAzimuth: -237.50699
07-08 15:12:28.625 14031 14031 E RRR     : onNewAzimuth: -237.47693
07-08 15:12:28.637 14031 14031 E RRR     : onNewAzimuth: -237.47806
07-08 15:12:28.643 14031 14031 E RRR     : onNewAzimuth: -237.47339
07-08 15:12:28.644 14031 14031 E RRR     : onNewAzimuth: -237.44424
07-08 15:12:28.644 14031 14031 E RRR     : onNewAzimuth: -237.47339
07-08 15:12:28.644 14031 14031 E RRR     : onNewAzimuth: -237.44424
07-08 15:12:28.651 14031 14031 E RRR     : onNewAzimuth: -237.4365
07-08 15:12:28.669 14031 14031 E RRR     : onNewAzimuth: -237.42883
07-08 15:12:28.669 14031 14031 E RRR     : onNewAzimuth: -237.46887
07-08 15:12:28.669 14031 14031 E RRR     : onNewAzimuth: -237.42883
07-08 15:12:28.669 14031 14031 E RRR     : onNewAzimuth: -237.46887
07-08 15:12:28.671 14031 14031 E RRR     : onNewAzimuth: -237.4599
07-08 15:12:28.687 14031 14031 E RRR     : onNewAzimuth: -237.45139
07-08 15:12:28.687 14031 14031 E RRR     : onNewAzimuth: -237.41858
07-08 15:12:28.687 14031 14031 E RRR     : onNewAzimuth: -237.45139
07-08 15:12:28.687 14031 14031 E RRR     : onNewAzimuth: -237.41858
07-08 15:12:28.692 14031 14031 E RRR     : onNewAzimuth: -237.41248
07-08 15:12:28.704 14031 14031 E RRR     : onNewAzimuth: -237.4125
07-08 15:12:28.704 14031 14031 E RRR     : onNewAzimuth: -237.38068
07-08 15:12:28.704 14031 14031 E RRR     : onNewAzimuth: -237.4125
07-08 15:12:28.704 14031 14031 E RRR     : onNewAzimuth: -237.38068
07-08 15:12:28.712 14031 14031 E RRR     : onNewAzimuth: -237.38553
07-08 15:12:28.723 14031 14031 E RRR     : onNewAzimuth: -237.39206
07-08 15:12:28.724 14031 14031 E RRR     : onNewAzimuth: -237.42953
07-08 15:12:28.724 14031 14031 E RRR     : onNewAzimuth: -237.39206
07-08 15:12:28.724 14031 14031 E RRR     : onNewAzimuth: -237.42953
07-08 15:12:28.733 14031 14031 E RRR     : onNewAzimuth: -237.43619
07-08 15:12:28.741 14031 14031 E RRR     : onNewAzimuth: -237.44238
07-08 15:12:28.744 14031 14031 E RRR     : onNewAzimuth: -237.41034
07-08 15:12:28.751 14031 14031 E RRR     : onNewAzimuth: -237.41745
07-08 15:12:28.767 14031 14031 E RRR     : onNewAzimuth: -237.42831
07-08 15:12:28.767 14031 14031 E RRR     : onNewAzimuth: -237.40057
07-08 15:12:28.767 14031 14031 E RRR     : onNewAzimuth: -237.42831
07-08 15:12:28.767 14031 14031 E RRR     : onNewAzimuth: -237.40057
07-08 15:12:28.771 14031 14031 E RRR     : onNewAzimuth: -237.41501
07-08 15:12:28.789 14031 14031 E RRR     : onNewAzimuth: -237.43112
07-08 15:12:28.789 14031 14031 E RRR     : onNewAzimuth: -237.40088
07-08 15:12:28.790 14031 14031 E RRR     : onNewAzimuth: -237.43112
07-08 15:12:28.790 14031 14031 E RRR     : onNewAzimuth: -237.40088
07-08 15:12:28.791 14031 14031 E RRR     : onNewAzimuth: -237.41907
07-08 15:12:28.804 14031 14031 E RRR     : onNewAzimuth: -237.43951
07-08 15:12:28.804 14031 14031 E RRR     : onNewAzimuth: -237.41019
07-08 15:12:28.804 14031 14031 E RRR     : onNewAzimuth: -237.43951
07-08 15:12:28.804 14031 14031 E RRR     : onNewAzimuth: -237.41019
07-08 15:12:28.812 14031 14031 E RRR     : onNewAzimuth: -237.43161
07-08 15:12:28.824 14031 14031 E RRR     : onNewAzimuth: -237.45163
07-08 15:12:28.824 14031 14031 E RRR     : onNewAzimuth: -237.42316
07-08 15:12:28.824 14031 14031 E RRR     : onNewAzimuth: -237.45163
07-08 15:12:28.824 14031 14031 E RRR     : onNewAzimuth: -237.42316
07-08 15:12:28.832 14031 14031 E RRR     : onNewAzimuth: -237.44162
07-08 15:12:28.844 14031 14031 E RRR     : onNewAzimuth: -237.456
07-08 15:12:28.845 14031 14031 E RRR     : onNewAzimuth: -237.4284
07-08 15:12:28.845 14031 14031 E RRR     : onNewAzimuth: -237.456
07-08 15:12:28.845 14031 14031 E RRR     : onNewAzimuth: -237.4284
07-08 15:12:28.850 14031 14031 E RRR     : onNewAzimuth: -237.43854
07-08 15:12:28.867 14031 14031 E RRR     : onNewAzimuth: -237.44638
07-08 15:12:28.868 14031 14031 E RRR     : onNewAzimuth: -237.41965
07-08 15:12:28.868 14031 14031 E RRR     : onNewAzimuth: -237.44638
07-08 15:12:28.868 14031 14031 E RRR     : onNewAzimuth: -237.41965
07-08 15:12:28.871 14031 14031 E RRR     : onNewAzimuth: -237.42584
07-08 15:12:28.886 14031 14031 E RRR     : onNewAzimuth: -237.43079
07-08 15:12:28.886 14031 14031 E RRR     : onNewAzimuth: -237.40488
07-08 15:12:28.886 14031 14031 E RRR     : onNewAzimuth: -237.43079
07-08 15:12:28.886 14031 14031 E RRR     : onNewAzimuth: -237.40488
07-08 15:12:28.891 14031 14031 E RRR     : onNewAzimuth: -237.4093
07-08 15:12:28.901 14031 14031 E RRR     : onNewAzimuth: -237.41309
07-08 15:12:28.903 14031 14031 E RRR     : onNewAzimuth: -237.39114
07-08 15:12:28.911 14031 14031 E RRR     : onNewAzimuth: -237.39502
07-08 15:12:28.923 14031 14031 E RRR     : onNewAzimuth: -237.39868
07-08 15:12:28.924 14031 14031 E RRR     : onNewAzimuth: -237.3742
07-08 15:12:28.924 14031 14031 E RRR     : onNewAzimuth: -237.39868
07-08 15:12:28.924 14031 14031 E RRR     : onNewAzimuth: -237.3742
07-08 15:12:28.935 14031 14031 E RRR     : onNewAzimuth: -237.3764
07-08 15:12:28.944 14031 14031 E RRR     : onNewAzimuth: -237.37704
07-08 15:12:28.944 14031 14031 E RRR     : onNewAzimuth: -237.4216
07-08 15:12:28.944 14031 14031 E RRR     : onNewAzimuth: -237.37704
07-08 15:12:28.944 14031 14031 E RRR     : onNewAzimuth: -237.4216
07-08 15:12:28.951 14031 14031 E RRR     : onNewAzimuth: -237.41968
07-08 15:12:28.965 14031 14031 E RRR     : onNewAzimuth: -237.41522
07-08 15:12:28.965 14031 14031 E RRR     : onNewAzimuth: -237.39017
07-08 15:12:28.965 14031 14031 E RRR     : onNewAzimuth: -237.41522
07-08 15:12:28.965 14031 14031 E RRR     : onNewAzimuth: -237.39017
07-08 15:12:28.971 14031 14031 E RRR     : onNewAzimuth: -237.38159
07-08 15:12:28.984 14031 14031 E RRR     : onNewAzimuth: -237.36716
07-08 15:12:28.984 14031 14031 E RRR     : onNewAzimuth: -237.41116
07-08 15:12:28.984 14031 14031 E RRR     : onNewAzimuth: -237.36716
07-08 15:12:28.984 14031 14031 E RRR     : onNewAzimuth: -237.41116
07-08 15:12:28.991 14031 14031 E RRR     : onNewAzimuth: -237.39264
07-08 15:12:29.010 14031 14031 E RRR     : onNewAzimuth: -237.37042
07-08 15:12:29.010 14031 14031 E RRR     : onNewAzimuth: -237.41629
07-08 15:12:29.010 14031 14031 E RRR     : onNewAzimuth: -237.3913
07-08 15:12:29.010 14031 14031 E RRR     : onNewAzimuth: -237.37042
07-08 15:12:29.010 14031 14031 E RRR     : onNewAzimuth: -237.41629
07-08 15:12:29.010 14031 14031 E RRR     : onNewAzimuth: -237.3913
07-08 15:12:29.024 14031 14031 E RRR     : onNewAzimuth: -237.36487
07-08 15:12:29.024 14031 14031 E RRR     : onNewAzimuth: -237.40613
07-08 15:12:29.024 14031 14031 E RRR     : onNewAzimuth: -237.36487
07-08 15:12:29.024 14031 14031 E RRR     : onNewAzimuth: -237.40613
07-08 15:12:29.036 14031 14031 E RRR     : onNewAzimuth: -237.37839
07-08 15:12:29.044 14031 14031 E RRR     : onNewAzimuth: -237.35214
07-08 15:12:29.044 14031 14031 E RRR     : onNewAzimuth: -237.31927
07-08 15:12:29.045 14031 14031 E RRR     : onNewAzimuth: -237.35214
07-08 15:12:29.045 14031 14031 E RRR     : onNewAzimuth: -237.31927
07-08 15:12:29.051 14031 14031 E RRR     : onNewAzimuth: -237.29913
07-08 15:12:29.061 14031 14031 E RRR     : onNewAzimuth: -237.28513
07-08 15:12:29.067 14031 14031 E RRR     : onNewAzimuth: -237.25781
07-08 15:12:29.071 14031 14031 E RRR     : onNewAzimuth: -237.24588
07-08 15:12:29.084 14031 14031 E RRR     : onNewAzimuth: -237.23581
07-08 15:12:29.084 14031 14031 E RRR     : onNewAzimuth: -237.27301
07-08 15:12:29.084 14031 14031 E RRR     : onNewAzimuth: -237.23581
07-08 15:12:29.084 14031 14031 E RRR     : onNewAzimuth: -237.27301
07-08 15:12:29.092 14031 14031 E RRR     : onNewAzimuth: -237.2652
07-08 15:12:29.104 14031 14031 E RRR     : onNewAzimuth: -237.26233
07-08 15:12:29.104 14031 14031 E RRR     : onNewAzimuth: -237.30307
07-08 15:12:29.104 14031 14031 E RRR     : onNewAzimuth: -237.26233
07-08 15:12:29.104 14031 14031 E RRR     : onNewAzimuth: -237.30307
07-08 15:12:29.110 14031 14031 E RRR     : onNewAzimuth: -237.3042
07-08 15:12:29.124 14031 14031 E RRR     : onNewAzimuth: -237.30939
07-08 15:12:29.124 14031 14031 E RRR     : onNewAzimuth: -237.28055
07-08 15:12:29.124 14031 14031 E RRR     : onNewAzimuth: -237.30939
07-08 15:12:29.124 14031 14031 E RRR     : onNewAzimuth: -237.28055
07-08 15:12:29.132 14031 14031 E RRR     : onNewAzimuth: -237.2876
07-08 15:12:29.144 14031 14031 E RRR     : onNewAzimuth: -237.29813
07-08 15:12:29.144 14031 14031 E RRR     : onNewAzimuth: -237.27014
07-08 15:12:29.144 14031 14031 E RRR     : onNewAzimuth: -237.29813
07-08 15:12:29.145 14031 14031 E RRR     : onNewAzimuth: -237.27014
07-08 15:12:29.150 14031 14031 E RRR     : onNewAzimuth: -237.28409
07-08 15:12:29.166 14031 14031 E RRR     : onNewAzimuth: -237.3023
07-08 15:12:29.167 14031 14031 E RRR     : onNewAzimuth: -237.33893
07-08 15:12:29.167 14031 14031 E RRR     : onNewAzimuth: -237.3023
07-08 15:12:29.167 14031 14031 E RRR     : onNewAzimuth: -237.33893
07-08 15:12:29.170 14031 14031 E RRR     : onNewAzimuth: -237.36093
07-08 15:12:29.183 14031 14031 E RRR     : onNewAzimuth: -237.38763
07-08 15:12:29.183 14031 14031 E RRR     : onNewAzimuth: -237.35486
07-08 15:12:29.183 14031 14031 E RRR     : onNewAzimuth: -237.38763
07-08 15:12:29.184 14031 14031 E RRR     : onNewAzimuth: -237.35486
07-08 15:12:29.191 14031 14031 E RRR     : onNewAzimuth: -237.38428
07-08 15:12:29.204 14031 14031 E RRR     : onNewAzimuth: -237.41461
07-08 15:12:29.204 14031 14031 E RRR     : onNewAzimuth: -237.45572
07-08 15:12:29.204 14031 14031 E RRR     : onNewAzimuth: -237.41461
07-08 15:12:29.204 14031 14031 E RRR     : onNewAzimuth: -237.45572
07-08 15:12:29.210 14031 14031 E RRR     : onNewAzimuth: -237.48434
07-08 15:12:29.220 14031 14031 E RRR     : onNewAzimuth: -237.50815
07-08 15:12:29.223 14031 14031 E RRR     : onNewAzimuth: -237.47968
07-08 15:12:29.232 14031 14031 E RRR     : onNewAzimuth: -237.49634
07-08 15:12:29.244 14031 14031 E RRR     : onNewAzimuth: -237.50598
07-08 15:12:29.244 14031 14031 E RRR     : onNewAzimuth: -237.47836
07-08 15:12:29.244 14031 14031 E RRR     : onNewAzimuth: -237.50598
07-08 15:12:29.244 14031 14031 E RRR     : onNewAzimuth: -237.47836
07-08 15:12:29.252 14031 14031 E RRR     : onNewAzimuth: -237.48093
07-08 15:12:29.266 14031 14031 E RRR     : onNewAzimuth: -237.47629
07-08 15:12:29.266 14031 14031 E RRR     : onNewAzimuth: -237.4495
07-08 15:12:29.266 14031 14031 E RRR     : onNewAzimuth: -237.47629
07-08 15:12:29.266 14031 14031 E RRR     : onNewAzimuth: -237.4495
07-08 15:12:29.271 14031 14031 E RRR     : onNewAzimuth: -237.44125
07-08 15:12:29.285 14031 14031 E RRR     : onNewAzimuth: -237.43246
07-08 15:12:29.285 14031 14031 E RRR     : onNewAzimuth: -237.4065
07-08 15:12:29.286 14031 14031 E RRR     : onNewAzimuth: -237.43246
07-08 15:12:29.286 14031 14031 E RRR     : onNewAzimuth: -237.4065
07-08 15:12:29.292 14031 14031 E RRR     : onNewAzimuth: -237.39542
07-08 15:12:29.304 14031 14031 E RRR     : onNewAzimuth: -237.38055
07-08 15:12:29.304 14031 14031 E RRR     : onNewAzimuth: -237.35535
07-08 15:12:29.304 14031 14031 E RRR     : onNewAzimuth: -237.38055
07-08 15:12:29.304 14031 14031 E RRR     : onNewAzimuth: -237.35535
07-08 15:12:29.310 14031 14031 E RRR     : onNewAzimuth: -237.33951
07-08 15:12:29.324 14031 14031 E RRR     : onNewAzimuth: -237.3255
07-08 15:12:29.324 14031 14031 E RRR     : onNewAzimuth: -237.30106
07-08 15:12:29.324 14031 14031 E RRR     : onNewAzimuth: -237.3255
07-08 15:12:29.324 14031 14031 E RRR     : onNewAzimuth: -237.30106
07-08 15:12:29.333 14031 14031 E RRR     : onNewAzimuth: -237.2901
07-08 15:12:29.343 14031 14031 E RRR     : onNewAzimuth: -237.2815
07-08 15:12:29.343 14031 14031 E RRR     : onNewAzimuth: -237.25775
07-08 15:12:29.344 14031 14031 E RRR     : onNewAzimuth: -237.2815
07-08 15:12:29.344 14031 14031 E RRR     : onNewAzimuth: -237.25775
07-08 15:12:29.350 14031 14031 E RRR     : onNewAzimuth: -237.2475
07-08 15:12:29.366 14031 14031 E RRR     : onNewAzimuth: -237.23495
07-08 15:12:29.366 14031 14031 E RRR     : onNewAzimuth: -237.21194
07-08 15:12:29.366 14031 14031 E RRR     : onNewAzimuth: -237.23495
07-08 15:12:29.366 14031 14031 E RRR     : onNewAzimuth: -237.21194
07-08 15:12:29.370 14031 14031 E RRR     : onNewAzimuth: -237.19757
07-08 15:12:29.383 14031 14031 E RRR     : onNewAzimuth: -237.18439
07-08 15:12:29.383 14031 14031 E RRR     : onNewAzimuth: -237.16208
07-08 15:12:29.390 14031 14031 E RRR     : onNewAzimuth: -237.14984
07-08 15:12:29.399 14031 14031 E RRR     : onNewAzimuth: -237.1384
07-08 15:12:29.403 14031 14031 E RRR     : onNewAzimuth: -237.11676
07-08 15:12:29.410 14031 14031 E RRR     : onNewAzimuth: -237.10666
07-08 15:12:29.419 14031 14031 E RRR     : onNewAzimuth: -237.1001
07-08 15:12:29.423 14031 14031 E RRR     : onNewAzimuth: -237.0791
07-08 15:12:29.433 14031 14031 E RRR     : onNewAzimuth: -237.07776
07-08 15:12:29.439 14031 14031 E RRR     : onNewAzimuth: -237.07956
07-08 15:12:29.450 14031 14031 E RRR     : onNewAzimuth: -237.08289
07-08 15:12:29.450 14031 14031 E RRR     : onNewAzimuth: -237.06253
07-08 15:12:29.451 14031 14031 E RRR     : onNewAzimuth: -237.08289
07-08 15:12:29.451 14031 14031 E RRR     : onNewAzimuth: -237.06253
07-08 15:12:29.459 14031 14031 E RRR     : onNewAzimuth: -237.06635
07-08 15:12:29.466 14031 14031 E RRR     : onNewAzimuth: -237.0466
07-08 15:12:29.470 14031 14031 E RRR     : onNewAzimuth: -237.04941
07-08 15:12:29.483 14031 14031 E RRR     : onNewAzimuth: -237.05225
07-08 15:12:29.485 14031 14031 E RRR     : onNewAzimuth: -237.03311
07-08 15:12:29.490 14031 14031 E RRR     : onNewAzimuth: -237.03745
07-08 15:12:29.505 14031 14031 E RRR     : onNewAzimuth: -237.04239
07-08 15:12:29.505 14031 14031 E RRR     : onNewAzimuth: -237.0921
07-08 15:12:29.506 14031 14031 E RRR     : onNewAzimuth: -237.04239
07-08 15:12:29.506 14031 14031 E RRR     : onNewAzimuth: -237.0921
07-08 15:12:29.509 14031 14031 E RRR     : onNewAzimuth: -237.0969
07-08 15:12:29.520 14031 14031 E RRR     : onNewAzimuth: -237.10092
07-08 15:12:29.524 14031 14031 E RRR     : onNewAzimuth: -237.14914
07-08 15:12:29.530 14031 14031 E RRR     : onNewAzimuth: -237.15244
07-08 15:12:29.541 14031 14031 E RRR     : onNewAzimuth: -237.1554
07-08 15:12:29.543 14031 14031 E RRR     : onNewAzimuth: -237.20218
07-08 15:12:29.549 14031 14031 E RRR     : onNewAzimuth: -237.20407
07-08 15:12:29.564 14031 14031 E RRR     : onNewAzimuth: -237.20676
07-08 15:12:29.564 14031 14031 E RRR     : onNewAzimuth: -237.25217
07-08 15:12:29.570 14031 14031 E RRR     : onNewAzimuth: -237.25674
07-08 15:12:29.582 14031 14031 E RRR     : onNewAzimuth: -237.26358
07-08 15:12:29.584 14031 14031 E RRR     : onNewAzimuth: -237.23929
07-08 15:12:29.589 14031 14031 E RRR     : onNewAzimuth: -237.24677
07-08 15:12:29.603 14031 14031 E RRR     : onNewAzimuth: -237.25116
07-08 15:12:29.603 14031 14031 E RRR     : onNewAzimuth: -237.29138
07-08 15:12:29.603 14031 14031 E RRR     : onNewAzimuth: -237.25116
07-08 15:12:29.604 14031 14031 E RRR     : onNewAzimuth: -237.29138
07-08 15:12:29.609 14031 14031 E RRR     : onNewAzimuth: -237.29321
07-08 15:12:29.623 14031 14031 E RRR     : onNewAzimuth: -237.29459
07-08 15:12:29.623 14031 14031 E RRR     : onNewAzimuth: -237.33817
07-08 15:12:29.624 14031 14031 E RRR     : onNewAzimuth: -237.29459
07-08 15:12:29.624 14031 14031 E RRR     : onNewAzimuth: -237.33817
07-08 15:12:29.633 14031 14031 E RRR     : onNewAzimuth: -237.33777
07-08 15:12:29.643 14031 14031 E RRR     : onNewAzimuth: -237.33762
07-08 15:12:29.644 14031 14031 E RRR     : onNewAzimuth: -237.31152
07-08 15:12:29.644 14031 14031 E RRR     : onNewAzimuth: -237.33762
07-08 15:12:29.644 14031 14031 E RRR     : onNewAzimuth: -237.31152
07-08 15:12:29.650 14031 14031 E RRR     : onNewAzimuth: -237.31143
07-08 15:12:29.668 14031 14031 E RRR     : onNewAzimuth: -237.30933
07-08 15:12:29.668 14031 14031 E RRR     : onNewAzimuth: -237.28403
07-08 15:12:29.668 14031 14031 E RRR     : onNewAzimuth: -237.30933
07-08 15:12:29.668 14031 14031 E RRR     : onNewAzimuth: -237.28403
07-08 15:12:29.669 14031 14031 E RRR     : onNewAzimuth: -237.27933
07-08 15:12:29.683 14031 14031 E RRR     : onNewAzimuth: -237.27072
07-08 15:12:29.683 14031 14031 E RRR     : onNewAzimuth: -237.31451
07-08 15:12:29.684 14031 14031 E RRR     : onNewAzimuth: -237.27072
07-08 15:12:29.684 14031 14031 E RRR     : onNewAzimuth: -237.31451
07-08 15:12:29.691 14031 14031 E RRR     : onNewAzimuth: -237.30545
07-08 15:12:29.700 14031 14031 E RRR     : onNewAzimuth: -237.29797
07-08 15:12:29.703 14031 14031 E RRR     : onNewAzimuth: -237.27213
07-08 15:12:29.710 14031 14031 E RRR     : onNewAzimuth: -237.26535
07-08 15:12:29.724 14031 14031 E RRR     : onNewAzimuth: -237.25912
07-08 15:12:29.725 14031 14031 E RRR     : onNewAzimuth: -237.30237
07-08 15:12:29.731 14031 14031 E RRR     : onNewAzimuth: -237.2948
07-08 15:12:29.741 25105 25843 I bt_shim_scanner: [le_scanning_manager.cc(919)] handle_remote_properties: handle_remote_properties update device_type=0x2 addr_type=0x1
07-08 15:12:29.744 14031 14031 E RRR     : onNewAzimuth: -237.28558
07-08 15:12:29.744 14031 14031 E RRR     : onNewAzimuth: -237.32751
07-08 15:12:29.748  6310  6310 D BoundBrokerSvc: onRebind: Intent { act=com.google.android.gms.findmydevice.spot.service.locationreport.START dat=chimera-action:/... xflg=0x4 cmp=com.google.android.gms/.chimera.PersistentApiService }
07-08 15:12:29.750 14031 14031 E RRR     : onNewAzimuth: -237.28558
07-08 15:12:29.750 14031 14031 E RRR     : onNewAzimuth: -237.32751
07-08 15:12:29.750 14031 14031 E RRR     : onNewAzimuth: -237.31857
07-08 15:12:29.763 14031 14031 E RRR     : onNewAzimuth: -237.31
07-08 15:12:29.763 14031 14031 E RRR     : onNewAzimuth: -237.35068
07-08 15:12:29.764 14031 14031 E RRR     : onNewAzimuth: -237.31
07-08 15:12:29.764 14031 14031 E RRR     : onNewAzimuth: -237.35068
07-08 15:12:29.769 14031 14031 E RRR     : onNewAzimuth: -237.34402
07-08 15:12:29.783 14031 14031 E RRR     : onNewAzimuth: -237.33926
07-08 15:12:29.783 14031 14031 E RRR     : onNewAzimuth: -237.31042
07-08 15:12:29.783 14031 14031 E RRR     : onNewAzimuth: -237.33926
07-08 15:12:29.784 14031 14031 E RRR     : onNewAzimuth: -237.31042
07-08 15:12:29.789 14031 14031 E RRR     : onNewAzimuth: -237.30685
07-08 15:12:29.804 14031 14031 E RRR     : onNewAzimuth: -237.30411
07-08 15:12:29.804 14031 14031 E RRR     : onNewAzimuth: -237.27612
07-08 15:12:29.804 14031 14031 E RRR     : onNewAzimuth: -237.30411
07-08 15:12:29.804 14031 14031 E RRR     : onNewAzimuth: -237.27612
07-08 15:12:29.810 14031 14031 E RRR     : onNewAzimuth: -237.27527
07-08 15:12:29.824 14031 14031 E RRR     : onNewAzimuth: -237.27786
07-08 15:12:29.824 14031 14031 E RRR     : onNewAzimuth: -237.25073
07-08 15:12:29.824 14031 14031 E RRR     : onNewAzimuth: -237.27786
07-08 15:12:29.824 14031 14031 E RRR     : onNewAzimuth: -237.25073
07-08 15:12:29.832 14031 14031 E RRR     : onNewAzimuth: -237.25537
07-08 15:12:29.849 14031 14031 E RRR     : onNewAzimuth: -237.26096
07-08 15:12:29.849 14031 14031 E RRR     : onNewAzimuth: -237.23465
07-08 15:12:29.849 14031 14031 E RRR     : onNewAzimuth: -237.26096
07-08 15:12:29.850 14031 14031 E RRR     : onNewAzimuth: -237.23465
07-08 15:12:29.850 14031 14031 E RRR     : onNewAzimuth: -237.23953
07-08 15:12:29.866 14031 14031 E RRR     : onNewAzimuth: -237.24384
07-08 15:12:29.866 14031 14031 E RRR     : onNewAzimuth: -237.21832
07-08 15:12:29.866 14031 14031 E RRR     : onNewAzimuth: -237.24384
07-08 15:12:29.866 14031 14031 E RRR     : onNewAzimuth: -237.21832
07-08 15:12:29.870 14031 14031 E RRR     : onNewAzimuth: -237.22366
07-08 15:12:29.886 14031 14031 E RRR     : onNewAzimuth: -237.22968
07-08 15:12:29.890 14031 14031 E RRR     : onNewAzimuth: -237.23459
07-08 15:12:29.890 14031 14031 E RRR     : onNewAzimuth: -237.20984
07-08 15:12:29.890 14031 14031 E RRR     : onNewAzimuth: -237.23459
07-08 15:12:29.890 14031 14031 E RRR     : onNewAzimuth: -237.20984
07-08 15:12:29.904 14031 14031 E RRR     : onNewAzimuth: -237.21347
07-08 15:12:29.904 14031 14031 E RRR     : onNewAzimuth: -237.18942
07-08 15:12:29.905 14031 14031 E RRR     : onNewAzimuth: -237.21347
07-08 15:12:29.905 14031 14031 E RRR     : onNewAzimuth: -237.18942
07-08 15:12:29.909 14031 14031 E RRR     : onNewAzimuth: -237.19315
07-08 15:12:29.924 14031 14031 E RRR     : onNewAzimuth: -237.19785
07-08 15:12:29.924 14031 14031 E RRR     : onNewAzimuth: -237.17453
07-08 15:12:29.924 14031 14031 E RRR     : onNewAzimuth: -237.19785
07-08 15:12:29.924 14031 14031 E RRR     : onNewAzimuth: -237.17453
07-08 15:12:29.930 14031 14031 E RRR     : onNewAzimuth: -237.17795
07-08 15:12:29.948 14031 14031 E RRR     : onNewAzimuth: -237.17859
07-08 15:12:29.948 14031 14031 E RRR     : onNewAzimuth: -237.156
07-08 15:12:29.948 14031 14031 E RRR     : onNewAzimuth: -237.17859
07-08 15:12:29.948 14031 14031 E RRR     : onNewAzimuth: -237.156
07-08 15:12:29.949 14031 14031 E RRR     : onNewAzimuth: -237.15353
07-08 15:12:29.965 14031 14031 E RRR     : onNewAzimuth: -237.15137
07-08 15:12:29.965 14031 14031 E RRR     : onNewAzimuth: -237.12943
07-08 15:12:29.966 14031 14031 E RRR     : onNewAzimuth: -237.15137
07-08 15:12:29.966 14031 14031 E RRR     : onNewAzimuth: -237.12943
07-08 15:12:29.969 14031 14031 E RRR     : onNewAzimuth: -237.12946
07-08 15:12:29.971  6310 16631 I Auth    : [GaiaIdSync] successfully updated accountId and email [CONTEXT service_id=153 ]
07-08 15:12:29.984 14031 14031 E RRR     : onNewAzimuth: -237.13153
07-08 15:12:29.984 14031 14031 E RRR     : onNewAzimuth: -237.11026
07-08 15:12:29.984 14031 14031 E RRR     : onNewAzimuth: -237.13153
07-08 15:12:29.984 14031 14031 E RRR     : onNewAzimuth: -237.11026
07-08 15:12:29.985  6310  6310 I NearbyDiscovery: (REDACTED) DiscoveryService onStartCommand action: %s
07-08 15:12:29.986  6310  9003 I NearbyDiscovery: FastPairApiHandler: trigger firmware update check [CONTEXT service_id=265 ]
07-08 15:12:29.987  6310 17009 I NearbyDiscovery: (REDACTED) FastPairApiHandler: Send result, package=(%s), requestType=(%s), status=(%s)
07-08 15:12:29.989 14031 14031 E RRR     : onNewAzimuth: -237.11362
07-08 15:12:30.004 14031 14031 E RRR     : onNewAzimuth: -237.1142
07-08 15:12:30.004 14031 14031 E RRR     : onNewAzimuth: -237.09357
07-08 15:12:30.004 14031 14031 E RRR     : onNewAzimuth: -237.1142
07-08 15:12:30.004 14031 14031 E RRR     : onNewAzimuth: -237.09357
07-08 15:12:30.009 14031 14031 E RRR     : onNewAzimuth: -237.08765
07-08 15:12:30.019  6831  6831 D BoundBrokerSvc: onRebind: Intent { act=com.google.android.gms.onboardingconsent.api.ConsentManagerApiService.START dat=chimera-action:/... xflg=0x4 cmp=com.google.android.gms/.chimera.GmsApiService }
07-08 15:12:30.020 14031 14031 E RRR     : onNewAzimuth: -237.07565
07-08 15:12:30.021  6831 13562 I ConsentManagerApiServic: (REDACTED) ConsentManagerApiService onGetService success %s
07-08 15:12:30.023 14031 14031 E RRR     : onNewAzimuth: -237.05899
07-08 15:12:30.029 14031 14031 E RRR     : onNewAzimuth: -237.04498
07-08 15:12:30.046 14031 14031 E RRR     : onNewAzimuth: -237.0362
07-08 15:12:30.046 14031 14031 E RRR     : onNewAzimuth: -237.02005
07-08 15:12:30.046 14031 14031 E RRR     : onNewAzimuth: -237.0362
07-08 15:12:30.046 14031 14031 E RRR     : onNewAzimuth: -237.02005
07-08 15:12:30.048 14031 14031 E RRR     : onNewAzimuth: -237.01807
07-08 15:12:30.066 14031 14031 E RRR     : onNewAzimuth: -237.01859
07-08 15:12:30.067 14031 14031 E RRR     : onNewAzimuth: -236.99957
07-08 15:12:30.067 14031 14031 E RRR     : onNewAzimuth: -237.01859
07-08 15:12:30.067 14031 14031 E RRR     : onNewAzimuth: -236.99957
07-08 15:12:30.069 14031 14031 E RRR     : onNewAzimuth: -237.00113
07-08 15:12:30.084 14031 14031 E RRR     : onNewAzimuth: -237.00137
07-08 15:12:30.084 14031 14031 E RRR     : onNewAzimuth: -237.05118
07-08 15:12:30.084 14031 14031 E RRR     : onNewAzimuth: -237.00137
07-08 15:12:30.084 14031 14031 E RRR     : onNewAzimuth: -237.05118
07-08 15:12:30.089 14031 14031 E RRR     : onNewAzimuth: -237.05014
07-08 15:12:30.103 14031 14031 E RRR     : onNewAzimuth: -237.04916
07-08 15:12:30.103 14031 14031 E RRR     : onNewAzimuth: -237.02924
07-08 15:12:30.104 14031 14031 E RRR     : onNewAzimuth: -237.04916
07-08 15:12:30.104 14031 14031 E RRR     : onNewAzimuth: -237.02924
07-08 15:12:30.109 14031 14031 E RRR     : onNewAzimuth: -237.02673
07-08 15:12:30.124 14031 14031 E RRR     : onNewAzimuth: -237.02429
07-08 15:12:30.124 14031 14031 E RRR     : onNewAzimuth: -237.00497
07-08 15:12:30.124 14031 14031 E RRR     : onNewAzimuth: -237.02429
07-08 15:12:30.124 14031 14031 E RRR     : onNewAzimuth: -237.00497
07-08 15:12:30.131 14031 14031 E RRR     : onNewAzimuth: -237.00342
07-08 15:12:30.144 14031 14031 E RRR     : onNewAzimuth: -237.00302
07-08 15:12:30.144 14031 14031 E RRR     : onNewAzimuth: -237.05249
07-08 15:12:30.144 14031 14031 E RRR     : onNewAzimuth: -237.00302
07-08 15:12:30.144 14031 14031 E RRR     : onNewAzimuth: -237.05249
07-08 15:12:30.149 14031 14031 E RRR     : onNewAzimuth: -237.05316
07-08 15:12:30.165 14031 14031 E RRR     : onNewAzimuth: -237.05551
07-08 15:12:30.165 14031 14031 E RRR     : onNewAzimuth: -237.03528
07-08 15:12:30.165 14031 14031 E RRR     : onNewAzimuth: -237.05551
07-08 15:12:30.165 14031 14031 E RRR     : onNewAzimuth: -237.03528
07-08 15:12:30.169 14031 14031 E RRR     : onNewAzimuth: -237.04028
07-08 15:12:30.184 14031 14031 E RRR     : onNewAzimuth: -237.04541
07-08 15:12:30.184 14031 14031 E RRR     : onNewAzimuth: -237.02579
07-08 15:12:30.184 14031 14031 E RRR     : onNewAzimuth: -237.04541
07-08 15:12:30.184 14031 14031 E RRR     : onNewAzimuth: -237.02579
07-08 15:12:30.189 14031 14031 E RRR     : onNewAzimuth: -237.02612
07-08 15:12:30.204 14031 14031 E RRR     : onNewAzimuth: -237.02295
07-08 15:12:30.204 14031 14031 E RRR     : onNewAzimuth: -237.00394
07-08 15:12:30.204 14031 14031 E RRR     : onNewAzimuth: -237.02295
07-08 15:12:30.204 14031 14031 E RRR     : onNewAzimuth: -237.00394
07-08 15:12:30.212 14031 14031 E RRR     : onNewAzimuth: -236.99731
07-08 15:12:30.224 14031 14031 E RRR     : onNewAzimuth: -236.98697
07-08 15:12:30.224 14031 14031 E RRR     : onNewAzimuth: -236.9719
07-08 15:12:30.224 14031 14031 E RRR     : onNewAzimuth: -236.98697
07-08 15:12:30.224 14031 14031 E RRR     : onNewAzimuth: -236.9719
07-08 15:12:30.230 14031 14031 E RRR     : onNewAzimuth: -236.9584
07-08 15:12:30.246 14031 14031 E RRR     : onNewAzimuth: -236.93832
07-08 15:12:30.246 14031 14031 E RRR     : onNewAzimuth: -236.92032
07-08 15:12:30.246 14031 14031 E RRR     : onNewAzimuth: -236.93832
07-08 15:12:30.246 14031 14031 E RRR     : onNewAzimuth: -236.92032
07-08 15:12:30.249 14031 14031 E RRR     : onNewAzimuth: -236.89423
07-08 15:12:30.264 14031 14031 E RRR     : onNewAzimuth: -236.86566
07-08 15:12:30.264 14031 14031 E RRR     : onNewAzimuth: -236.91629
07-08 15:12:30.265 14031 14031 E RRR     : onNewAzimuth: -236.86566
07-08 15:12:30.265 14031 14031 E RRR     : onNewAzimuth: -236.91629
07-08 15:12:30.268 14031 14031 E RRR     : onNewAzimuth: -236.89185
07-08 15:12:30.283 14031 14031 E RRR     : onNewAzimuth: -236.8775
07-08 15:12:30.283 14031 14031 E RRR     : onNewAzimuth: -236.9266
07-08 15:12:30.284 14031 14031 E RRR     : onNewAzimuth: -236.8775
07-08 15:12:30.284 14031 14031 E RRR     : onNewAzimuth: -236.9266
07-08 15:12:30.289 14031 14031 E RRR     : onNewAzimuth: -236.92557
07-08 15:12:30.304 14031 14031 E RRR     : onNewAzimuth: -236.93799
07-08 15:12:30.304 14031 14031 E RRR     : onNewAzimuth: -236.91754
07-08 15:12:30.304 14031 14031 E RRR     : onNewAzimuth: -236.93799
07-08 15:12:30.304 14031 14031 E RRR     : onNewAzimuth: -236.91754
07-08 15:12:30.311 14031 14031 E RRR     : onNewAzimuth: -236.93994
07-08 15:12:30.331 14031 14031 E RRR     : onNewAzimuth: -236.9674
07-08 15:12:30.331 14031 14031 E RRR     : onNewAzimuth: -236.99997
07-08 15:12:30.331 14031 14031 E RRR     : onNewAzimuth: -236.98007
07-08 15:12:30.332 14031 14031 E RRR     : onNewAzimuth: -236.9674
07-08 15:12:30.332 14031 14031 E RRR     : onNewAzimuth: -236.99997
07-08 15:12:30.332 14031 14031 E RRR     : onNewAzimuth: -236.98007
07-08 15:12:30.341 14031 14031 E RRR     : onNewAzimuth: -237.01666
07-08 15:12:30.347 14031 14031 E RRR     : onNewAzimuth: -237.06577
07-08 15:12:30.353 14031 14031 E RRR     : onNewAzimuth: -237.10727
07-08 15:12:30.363 14031 14031 E RRR     : onNewAzimuth: -237.15524
07-08 15:12:30.363 14031 14031 E RRR     : onNewAzimuth: -237.13773
07-08 15:12:30.364 14031 14031 E RRR     : onNewAzimuth: -237.15524
07-08 15:12:30.364 14031 14031 E RRR     : onNewAzimuth: -237.13773
07-08 15:12:30.368 14031 14031 E RRR     : onNewAzimuth: -237.19269
07-08 15:12:30.383 14031 14031 E RRR     : onNewAzimuth: -237.25186
07-08 15:12:30.383 14031 14031 E RRR     : onNewAzimuth: -237.2316
07-08 15:12:30.383 14031 14031 E RRR     : onNewAzimuth: -237.25186
07-08 15:12:30.384 14031 14031 E RRR     : onNewAzimuth: -237.2316
07-08 15:12:30.388 14031 14031 E RRR     : onNewAzimuth: -237.29007
07-08 15:12:30.403 14031 14031 E RRR     : onNewAzimuth: -237.34042
07-08 15:12:30.403 14031 14031 E RRR     : onNewAzimuth: -237.38925
07-08 15:12:30.404 14031 14031 E RRR     : onNewAzimuth: -237.34042
07-08 15:12:30.404 14031 14031 E RRR     : onNewAzimuth: -237.38925
07-08 15:12:30.410 14031 14031 E RRR     : onNewAzimuth: -237.42584
07-08 15:12:30.424 14031 14031 E RRR     : onNewAzimuth: -237.4494
07-08 15:12:30.424 14031 14031 E RRR     : onNewAzimuth: -237.49677
07-08 15:12:30.424 14031 14031 E RRR     : onNewAzimuth: -237.4494
07-08 15:12:30.424 14031 14031 E RRR     : onNewAzimuth: -237.49677
07-08 15:12:30.428 14031 14031 E RRR     : onNewAzimuth: -237.51328
07-08 15:12:30.443 14031 14031 E RRR     : onNewAzimuth: -237.52826
07-08 15:12:30.444 14031 14031 E RRR     : onNewAzimuth: -237.50574
07-08 15:12:30.445 14031 14031 E RRR     : onNewAzimuth: -237.52826
07-08 15:12:30.445 14031 14031 E RRR     : onNewAzimuth: -237.50574
07-08 15:12:30.448 14031 14031 E RRR     : onNewAzimuth: -237.5221
07-08 15:12:30.463 14031 14031 E RRR     : onNewAzimuth: -237.53793
07-08 15:12:30.463 14031 14031 E RRR     : onNewAzimuth: -237.51608
07-08 15:12:30.463 14031 14031 E RRR     : onNewAzimuth: -237.53793
07-08 15:12:30.463 14031 14031 E RRR     : onNewAzimuth: -237.51608
07-08 15:12:30.469 14031 14031 E RRR     : onNewAzimuth: -237.52365
07-08 15:12:30.484 14031 14031 E RRR     : onNewAzimuth: -237.51794
07-08 15:12:30.484 14031 14031 E RRR     : onNewAzimuth: -237.4968
07-08 15:12:30.485 14031 14031 E RRR     : onNewAzimuth: -237.51794
07-08 15:12:30.485 14031 14031 E RRR     : onNewAzimuth: -237.4968
07-08 15:12:30.488 14031 14031 E RRR     : onNewAzimuth: -237.47852
07-08 15:12:30.501 14031 14031 E RRR     : onNewAzimuth: -237.44736
07-08 15:12:30.504 14031 14031 E RRR     : onNewAzimuth: -237.42688
07-08 15:12:30.513 14031 14031 E RRR     : onNewAzimuth: -237.3866
07-08 15:12:30.517 14031 14031 E RRR     : onNewAzimuth: -237.344
07-08 15:12:30.523 14031 14031 E RRR     : onNewAzimuth: -237.32413
07-08 15:12:30.530 14031 14031 E RRR     : onNewAzimuth: -237.28546
07-08 15:12:30.538 14031 14031 E RRR     : onNewAzimuth: -237.25171
07-08 15:12:30.549 14031 14031 E RRR     : onNewAzimuth: -237.22314
07-08 15:12:30.549 14031 14031 E RRR     : onNewAzimuth: -237.20386
07-08 15:12:30.549 14031 14031 E RRR     : onNewAzimuth: -237.22314
07-08 15:12:30.550 14031 14031 E RRR     : onNewAzimuth: -237.20386
07-08 15:12:30.564 14031 14031 E RRR     : onNewAzimuth: -237.17871
07-08 15:12:30.564 14031 14031 E RRR     : onNewAzimuth: -237.16
07-08 15:12:30.564 14031 14031 E RRR     : onNewAzimuth: -237.17871
07-08 15:12:30.565 14031 14031 E RRR     : onNewAzimuth: -237.16
07-08 15:12:30.568 14031 14031 E RRR     : onNewAzimuth: -237.13806
07-08 15:12:30.578 14031 14031 E RRR     : onNewAzimuth: -237.11847
07-08 15:12:30.584 14031 14031 E RRR     : onNewAzimuth: -237.10034
07-08 15:12:30.588 14031 14031 E RRR     : onNewAzimuth: -237.07962
07-08 15:12:30.598 14031 14031 E RRR     : onNewAzimuth: -237.05832
07-08 15:12:30.605 14031 14031 E RRR     : onNewAzimuth: -237.10895
07-08 15:12:30.610 14031 14031 E RRR     : onNewAzimuth: -237.08557
07-08 15:12:30.619 14031 14031 E RRR     : onNewAzimuth: -237.06451
07-08 15:12:30.624 14031 14031 E RRR     : onNewAzimuth: -237.04538
07-08 15:12:30.628 14031 14031 E RRR     : onNewAzimuth: -237.03598
07-08 15:12:30.640 14031 14031 E RRR     : onNewAzimuth: -237.0405
07-08 15:12:30.645 14031 14031 E RRR     : onNewAzimuth: -237.02194
07-08 15:12:30.648 14031 14031 E RRR     : onNewAzimuth: -237.0336
07-08 15:12:30.661 14031 14031 E RRR     : onNewAzimuth: -237.04385
07-08 15:12:30.663 14031 14031 E RRR     : onNewAzimuth: -237.094
07-08 15:12:30.668 14031 14031 E RRR     : onNewAzimuth: -237.09897
07-08 15:12:30.681 14031 14031 E RRR     : onNewAzimuth: -237.09674
07-08 15:12:30.683 14031 14031 E RRR     : onNewAzimuth: -237.14532
07-08 15:12:30.688 14031 14031 E RRR     : onNewAzimuth: -237.13892
07-08 15:12:30.701 14031 14031 E RRR     : onNewAzimuth: -237.13812
07-08 15:12:30.703 14031 14031 E RRR     : onNewAzimuth: -237.11722
07-08 15:12:30.708 14031 14031 E RRR     : onNewAzimuth: -237.12698
07-08 15:12:30.722 14031 14031 E RRR     : onNewAzimuth: -237.14471
07-08 15:12:30.723 14031 14031 E RRR     : onNewAzimuth: -237.1925
07-08 15:12:30.728 14031 14031 E RRR     : onNewAzimuth: -237.21558
07-08 15:12:30.746 14031 14031 E RRR     : onNewAzimuth: -237.24042
07-08 15:12:30.746 14031 14031 E RRR     : onNewAzimuth: -237.2868
07-08 15:12:30.746 14031 14031 E RRR     : onNewAzimuth: -237.24042
07-08 15:12:30.746 14031 14031 E RRR     : onNewAzimuth: -237.2868
07-08 15:12:30.748 14031 14031 E RRR     : onNewAzimuth: -237.3085
07-08 15:12:30.763 14031 14031 E RRR     : onNewAzimuth: -237.32324
07-08 15:12:30.763 14031 14031 E RRR     : onNewAzimuth: -237.36826
07-08 15:12:30.763 14031 14031 E RRR     : onNewAzimuth: -237.32324
07-08 15:12:30.764 14031 14031 E RRR     : onNewAzimuth: -237.36826
07-08 15:12:30.768 14031 14031 E RRR     : onNewAzimuth: -237.3739
07-08 15:12:30.783 14031 14031 E RRR     : onNewAzimuth: -237.37296
07-08 15:12:30.783 14031 14031 E RRR     : onNewAzimuth: -237.34848
07-08 15:12:30.784 14031 14031 E RRR     : onNewAzimuth: -237.37296
07-08 15:12:30.784 14031 14031 E RRR     : onNewAzimuth: -237.34848
07-08 15:12:30.788 14031 14031 E RRR     : onNewAzimuth: -237.33878
07-08 15:12:30.803 14031 14031 E RRR     : onNewAzimuth: -237.31464
07-08 15:12:30.803 14031 14031 E RRR     : onNewAzimuth: -237.29086
07-08 15:12:30.804 14031 14031 E RRR     : onNewAzimuth: -237.31464
07-08 15:12:30.804 14031 14031 E RRR     : onNewAzimuth: -237.29086
07-08 15:12:30.810 14031 14031 E RRR     : onNewAzimuth: -237.29929
07-08 15:12:30.820 14031 14031 E RRR     : onNewAzimuth: -237.33813
07-08 15:12:30.829 14031 14031 E RRR     : onNewAzimuth: -237.3151
07-08 15:12:30.829 14031 14031 E RRR     : onNewAzimuth: -237.32132
07-08 15:12:30.829 14031 14031 E RRR     : onNewAzimuth: -237.3151
07-08 15:12:30.829 14031 14031 E RRR     : onNewAzimuth: -237.32132
07-08 15:12:30.843 14031 14031 E RRR     : onNewAzimuth: -237.30649
07-08 15:12:30.843 14031 14031 E RRR     : onNewAzimuth: -237.28415
07-08 15:12:30.844 14031 14031 E RRR     : onNewAzimuth: -237.30649
07-08 15:12:30.844 14031 14031 E RRR     : onNewAzimuth: -237.28415
07-08 15:12:30.847 14031 14031 E RRR     : onNewAzimuth: -237.30408
07-08 15:12:30.863 14031 14031 E RRR     : onNewAzimuth: -237.34589
07-08 15:12:30.863 14031 14031 E RRR     : onNewAzimuth: -237.32419
07-08 15:12:30.864 14031 14031 E RRR     : onNewAzimuth: -237.34589
07-08 15:12:30.864 14031 14031 E RRR     : onNewAzimuth: -237.32419
07-08 15:12:30.868 14031 14031 E RRR     : onNewAzimuth: -237.33942
07-08 15:12:30.883 14031 14031 E RRR     : onNewAzimuth: -237.31686
07-08 15:12:30.884 14031 14031 E RRR     : onNewAzimuth: -237.29587
07-08 15:12:30.884 14031 14031 E RRR     : onNewAzimuth: -237.31686
07-08 15:12:30.884 14031 14031 E RRR     : onNewAzimuth: -237.29587
07-08 15:12:30.888 14031 14031 E RRR     : onNewAzimuth: -237.25922
07-08 15:12:30.904 14031 14031 E RRR     : onNewAzimuth: -237.2344
07-08 15:12:30.904 14031 14031 E RRR     : onNewAzimuth: -237.21405
07-08 15:12:30.904 14031 14031 E RRR     : onNewAzimuth: -237.2344
07-08 15:12:30.904 14031 14031 E RRR     : onNewAzimuth: -237.21405
07-08 15:12:30.911 14031 14031 E RRR     : onNewAzimuth: -237.23227
07-08 15:12:30.928 14031 14031 E RRR     : onNewAzimuth: -237.3518
07-08 15:12:30.928 14031 14031 E RRR     : onNewAzimuth: -237.40002
07-08 15:12:30.928 14031 14031 E RRR     : onNewAzimuth: -237.45807
07-08 15:12:30.928 14031 14031 E RRR     : onNewAzimuth: -237.3518
07-08 15:12:30.928 14031 14031 E RRR     : onNewAzimuth: -237.40002
07-08 15:12:30.928 14031 14031 E RRR     : onNewAzimuth: -237.45807
07-08 15:12:30.945 14031 14031 E RRR     : onNewAzimuth: -237.31052
07-08 15:12:30.945 14031 14031 E RRR     : onNewAzimuth: -237.35303
07-08 15:12:30.945 14031 14031 E RRR     : onNewAzimuth: -237.31052
07-08 15:12:30.945 14031 14031 E RRR     : onNewAzimuth: -237.35303
07-08 15:12:30.947 14031 14031 E RRR     : onNewAzimuth: -237.12137
07-08 15:12:30.963 14031 14031 E RRR     : onNewAzimuth: -237.02695
07-08 15:12:30.964 14031 14031 E RRR     : onNewAzimuth: -237.00787
07-08 15:12:30.964 14031 14031 E RRR     : onNewAzimuth: -237.02695
07-08 15:12:30.964 14031 14031 E RRR     : onNewAzimuth: -237.00787
07-08 15:12:30.986 13621 13621 D ViewRootImpl: Skipping stats log for color mode
07-08 15:12:30.987 13621 13621 W WindowOnBackDispatcher: OnBackInvokedCallback is not enabled for the application.
07-08 15:12:30.987 13621 13621 W WindowOnBackDispatcher: Set 'android:enableOnBackInvokedCallback="true"' in the application manifest.
07-08 15:12:30.988 13621 13621 W unknown:BridgelessReact: ReactHost{0}.onHostResume(activity)
07-08 15:12:30.988 13621 13621 W unknown:BridgelessReact: ReactContext.onHostResume()
07-08 15:12:30.990 13621 13673 W ReactNativeJS: `setPositionAsync` is not supported with edge-to-edge enabled.
07-08 15:12:30.991 13621 13673 W ReactNativeJS: `setBehaviorAsync` is not supported with edge-to-edge enabled.
07-08 15:12:30.991 13621 13673 W ReactNativeJS: `setBackgroundColorAsync` is not supported with edge-to-edge enabled.
07-08 15:12:30.997 13621 13621 D ViewRootImpl: AppSizeAfterRelayout, size: Point(1260, 2800), rotation: ROTATION_0
07-08 15:12:30.998 13621 13621 D BufferQueueConsumer: [](id:35350000000a,api:0,p:-1,c:13621) connect: controlledByApp=false
07-08 15:12:30.998 13621 13621 D BLASTBufferQueue: [VRI[MainActivity,type=1]#10](f:0,a:0) constructor()
07-08 15:12:30.998 13621 13621 D BLASTBufferQueue: [VRI[MainActivity,type=1]#10](f:0,a:0) update width=1260 height=2800 format=-1 mTransformHint=0
07-08 15:12:30.998 14031 14031 E RRR     : onNewAzimuth: -237.07959
07-08 15:12:30.998 14031 14031 E RRR     : onNewAzimuth: -237.25522
07-08 15:12:30.998 14031 14031 E RRR     : onNewAzimuth: -237.4411
07-08 15:12:30.998 14031 14031 E RRR     : onNewAzimuth: -237.49036
07-08 15:12:30.998 14031 14031 E RRR     : onNewAzimuth: -237.07959
07-08 15:12:30.999 14031 14031 E RRR     : onNewAzimuth: -237.25522
07-08 15:12:30.999 14031 14031 E RRR     : onNewAzimuth: -237.4411
07-08 15:12:30.999 14031 14031 E RRR     : onNewAzimuth: -237.49036
07-08 15:12:30.999 13621 13648 I BLASTBufferQueue: QoSAllocBuff Successful. Ret 0 
07-08 15:12:30.995 13621 13621 W RenderThread: type=1400 audit(0.0:3632891): avc:  denied  { read } for  name="frame_set_priority" dev="proc" ino=4026533329 scontext=u:r:untrusted_app:s0:c172,c258,c512,c768 tcontext=u:object_r:proc:s0 tclass=file permissive=0 app=com.emergent.salahalarm.lxw9zs
07-08 15:12:31.005 14031 14031 E RRR     : onNewAzimuth: -237.5701
07-08 15:12:31.005 14031 14031 E RRR     : onNewAzimuth: -237.62198
07-08 15:12:31.005 14031 14031 E RRR     : onNewAzimuth: -237.5701
07-08 15:12:31.005 14031 14031 E RRR     : onNewAzimuth: -237.62198
07-08 15:12:31.008 14031 14031 E RRR     : onNewAzimuth: -237.56244
07-08 15:12:31.010 13621 13673 I ReactNativeJS: 'GET LAUNCH ALARM RESULT (resume):', 'null'
07-08 15:12:31.017 13621 13648 D BLASTBufferQueue: [VRI[MainActivity,type=1]#10](f:0,a:1) acquireNextBufferLocked size=1260x2800 mFrameNumber=1 applyTransaction=true mTimestamp=115083600582628(auto) mPendingTransactions.size=0 graphicBufferId=58501749538868 transform=0
--------- beginning of system
07-08 15:12:31.019 13621 13621 D InsetsController: Setting requestedVisibleTypes to -5131 (was -5129)
07-08 15:12:31.055 14031 14031 E RRR     : onNewAzimuth: -237.43198
07-08 15:12:31.055 14031 14031 E RRR     : onNewAzimuth: -237.48264
07-08 15:12:31.055 14031 14031 E RRR     : onNewAzimuth: -237.38794
07-08 15:12:31.055 14031 14031 E RRR     : onNewAzimuth: -237.38702
07-08 15:12:31.055 14031 14031 E RRR     : onNewAzimuth: -237.4364
07-08 15:12:31.055 14031 14031 E RRR     : onNewAzimuth: -237.51187
07-08 15:12:31.055 14031 14031 E RRR     : onNewAzimuth: -237.43198
07-08 15:12:31.055 14031 14031 E RRR     : onNewAzimuth: -237.48264
07-08 15:12:31.056 14031 14031 E RRR     : onNewAzimuth: -237.38794
07-08 15:12:31.056 14031 14031 E RRR     : onNewAzimuth: -237.38702
07-08 15:12:31.056 14031 14031 E RRR     : onNewAzimuth: -237.4364
07-08 15:12:31.056 14031 14031 E RRR     : onNewAzimuth: -237.51187
07-08 15:12:31.066 19536 19536 I cayp    : (REDACTED) onApplyWindowInsets: systemWindowInsets=%s
07-08 15:12:31.066 19536 19536 I cayp    : (REDACTED) onApplyWindowInsets: systemWindowInsets=%s
07-08 15:12:31.073 13621 13621 V ImeFocusController: onWindowFocus: com.android.internal.policy.DecorView{5b49146 V.E...... R....... 0,0-1260,2800 aid=2}[MainActivity] softInputMode=STATE_UNSPECIFIED|ADJUST_RESIZE|IS_FORWARD_NAVIGATION
07-08 15:12:31.075 13621 13621 I ImeTracker: com.emergent.salahalarm.lxw9zs:2113c602: onCancelled at PHASE_CLIENT_ALREADY_HIDDEN
07-08 15:12:31.076 28667 28667 V InputMethod: unbindInput(): binding=InputBinding{android.os.BinderProxy@2a64a84 / uid 10103 / pid 5063} ic=RemoteInputConnection{idHash=#262639f}
07-08 15:12:31.076 28667 28667 V InputMethod: bindInput(): binding=InputBinding{android.os.BinderProxy@965b735 / uid 10684 / pid 13621} ic=RemoteInputConnection{idHash=#5d0e216}
07-08 15:12:31.076 28667 28667 V InputMethod: startInput(): editor=android.view.inputmethod.EditorInfo@1d72797
07-08 15:12:31.076 28667 28667 V InputMethodService: CALL: doFinishInput
07-08 15:12:31.076 28667 28667 D InlineSuggestionSessionController: notifyOnFinishInput
07-08 15:12:31.077 28667 28667 V InputMethodService: CALL: onFinishInput
07-08 15:12:31.077 28667 28667 I GoogleInputMethodService: GoogleInputMethodService.onFinishInput():2276 
07-08 15:12:31.077 28667 28667 I Module  : DeviceLockedStatusModuleProvider$Module.updateDeviceLockedStatusInternal():129 repeatCheckTimes = 0, locked = false
07-08 15:12:31.077 28667 28667 V InputMethodService: finishStylusHandwriting()
07-08 15:12:31.077 28667 28667 D InlineSuggestionSessionController: notifyOnStartInput: com.emergent.salahalarm.lxw9zs, 0
07-08 15:12:31.077 28667 28667 V InputMethodService: CALL: onStartInput
07-08 15:12:31.077 28667 28667 I GoogleInputMethodService: GoogleInputMethodService.onStartInput():1460 onStartInput(EditorInfo{EditorInfo{packageName=com.emergent.salahalarm.lxw9zs, inputType=0, inputTypeString=NULL, enableLearning=false, autoCorrection=false, autoComplete=false, imeOptions=0, privateImeOptions=null, actionName=UNSPECIFIED, actionLabel=null, initialSelStart=-1, initialSelEnd=-1, initialCapsMode=0, label=null, fieldId=0, fieldName=null, extras=null, hintText=null, hintLocales=[]}}, false)
07-08 15:12:31.077 28667 28667 I LatinIMEBase: LatinIMEBase.updateInputViewCoverNavigation():317 Update input view padding, isNavbarOverInputWindow=true, bottom inset=126
07-08 15:12:31.078 28667 28667 I Module  : DeviceLockedStatusModuleProvider$Module.updateDeviceLockedStatusInternal():129 repeatCheckTimes = 1, locked = false
07-08 15:12:31.083 14031 14031 E RRR     : onNewAzimuth: -237.60242
07-08 15:12:31.083 14031 14031 E RRR     : onNewAzimuth: -237.65
07-08 15:12:31.083 14031 14031 E RRR     : onNewAzimuth: -237.69873
07-08 15:12:31.083 14031 14031 E RRR     : onNewAzimuth: -237.60242
07-08 15:12:31.084 14031 14031 E RRR     : onNewAzimuth: -237.65
07-08 15:12:31.084 14031 14031 E RRR     : onNewAzimuth: -237.69873
07-08 15:12:31.084 14031 14031 E RRR     : onNewAzimuth: -237.69147
07-08 15:12:31.085 14031 14031 E RRR     : onNewAzimuth: -237.73752
07-08 15:12:31.085 14031 14031 E RRR     : onNewAzimuth: -237.69147
07-08 15:12:31.085 14031 14031 E RRR     : onNewAzimuth: -237.73752
07-08 15:12:31.087 14031 14031 E RRR     : onNewAzimuth: -237.69601
07-08 15:12:31.087 19536 19536 I cbfe    : onPause
07-08 15:12:31.087 19536 19536 W drep    : measuring already stopped.
07-08 15:12:31.103 14031 14031 E RRR     : onNewAzimuth: -237.65411
07-08 15:12:31.103 14031 14031 E RRR     : onNewAzimuth: -237.69894
07-08 15:12:31.103 14031 14031 E RRR     : onNewAzimuth: -237.65411
07-08 15:12:31.103 14031 14031 E RRR     : onNewAzimuth: -237.69894
07-08 15:12:31.108 14031 14031 E RRR     : onNewAzimuth: -237.68057
07-08 15:12:31.137 14031 14031 E RRR     : onNewAzimuth: -237.69193
07-08 15:12:31.137 14031 14031 E RRR     : onNewAzimuth: -237.66287
07-08 15:12:31.137 14031 14031 E RRR     : onNewAzimuth: -237.69406
07-08 15:12:31.137 14031 14031 E RRR     : onNewAzimuth: -237.69193
07-08 15:12:31.137 14031 14031 E RRR     : onNewAzimuth: -237.66287
07-08 15:12:31.137 14031 14031 E RRR     : onNewAzimuth: -237.69406
07-08 15:12:31.142 14031 14031 E RRR     : onNewAzimuth: -237.73053
07-08 15:12:31.143 14031 14031 E RRR     : onNewAzimuth: -237.77048
07-08 15:12:31.147 14031 14031 E RRR     : onNewAzimuth: -237.7977
07-08 15:12:31.179 14031 14031 E RRR     : onNewAzimuth: -237.80408
07-08 15:12:31.179 14031 14031 E RRR     : onNewAzimuth: -237.8471
07-08 15:12:31.179 14031 14031 E RRR     : onNewAzimuth: -237.83139
07-08 15:12:31.179 14031 14031 E RRR     : onNewAzimuth: -237.80408
