07-08 15:12:32.247 13621 13674 E AndroidRuntime:     at NavigationStateListenerProvider (address at index.android.bundle:1:954381)
07-08 15:12:32.247 13621 13674 E AndroidRuntime:     at NavigationContent (address at index.android.bundle:1:943429)
07-08 15:12:32.247 13621 13674 E AndroidRuntime:     at anonymous (address at index.android.bundle:1:943332)
07-08 15:12:32.247 13621 13674 E AndroidRuntime:     at Content (address at index.android.bundle:1:1191995)
07-08 15:12:32.247 13621 13674 E AndroidRuntime:     at RNCSafeAreaProvider (<anonymous>)
07-08 15:12:32.247 13621 13674 E AndroidRuntime:     at SafeAreaProvider (address at index.android.bundle:1:1028012)
07-08 15:12:32.247 13621 13674 E AndroidRuntime:     at LinkPreviewContextProvider (address at index.android.bundle:1:1103109)
07-08 15:12:32.247 13621 13674 E AndroidRuntime:     at anonymous (address at index.android.bundle:1:1190892)
07-08 15:12:32.247 13621 13674 E AndroidRuntime:     at ThemeProvider (address at index.android.bundle:1:893533)
07-08 15:12:32.247 13621 13674 E AndroidRuntime:     at EnsureSingleNavigator (address at index.android.bundle:1:891363)
07-08 15:12:32.247 13621 13674 E AndroidRuntime:     at BaseNavigationContainer (address at index.android.bundle:1:869822)
07-08 15:12:32.247 13621 13674 E AndroidRuntime:     at NavigationContainerInner (address at index.android.bundle:1:1193855)
07-08 15:12:32.247 13621 13674 E AndroidRuntime:     at ContextNavigator (address at index.android.bundle:1:1191121)
07-08 15:12:32.247 13621 13674 E AndroidRuntime:     at ExpoRoot (address at index.android.bundle:1:1190764)
07-08 15:12:32.247 13621 13674 E AndroidRuntime:     at App (<anonymous>)
07-08 15:12:32.247 13621 13674 E AndroidRuntime:     at RCTView (<anonymous>)
07-08 15:12:32.247 13621 13674 E AndroidRuntime:     at View (address at index.android.bundle:1:165620)
07-08 15:12:32.247 13621 13674 E AndroidRuntime:     at AppContainer (address at index.android.bundle:1:408703), stack:
07-08 15:12:32.247 13621 13674 E AndroidRuntime: SettingsScreen@1:1849340
07-08 15:12:32.247 13621 13674 E AndroidRuntime: renderWithHooks@1:257060
07-08 15:12:32.247 13621 13674 E AndroidRuntime: updateFunctionComponent@1:275840
07-08 15:12:32.247 13621 13674 E AndroidRuntime: beginWork@1:283675
07-08 15:12:32.247 13621 13674 E AndroidRuntime: performUnitOfWork@1:302324
07-08 15:12:32.247 13621 13674 E AndroidRuntime: workLoopSync@1:301332
07-08 15:12:32.247 13621 13674 E AndroidRuntime: renderRootSync@1:301164
07-08 15:12:32.247 13621 13674 E AndroidRuntime: performWorkOnRoot@1:298810
07-08 15:12:32.247 13621 13674 E AndroidRuntime: performSyncWorkOnRoot@1:252647
07-08 15:12:32.247 13621 13674 E AndroidRuntime: flushSyncWorkAcrossRoots_impl@1:251538
07-08 15:12:32.247 13621 13674 E AndroidRuntime: processRootScheduleInMicrotask@1:251898
07-08 15:12:32.247 13621 13674 E AndroidRuntime: anonymous@1:252742
07-08 15:12:32.247 13621 13674 E AndroidRuntime: 
07-08 15:12:32.247 13621 13674 E AndroidRuntime: 	at com.facebook.react.modules.core.ExceptionsManagerModule.reportException(ExceptionsManagerModule.kt:52)
07-08 15:12:32.247 13621 13674 E AndroidRuntime: 	at com.facebook.jni.NativeRunnable.run(Native Method)
07-08 15:12:32.247 13621 13674 E AndroidRuntime: 	at android.os.Handler.handleCallback(Handler.java:1051)
07-08 15:12:32.247 13621 13674 E AndroidRuntime: 	at android.os.Handler.dispatchMessage(Handler.java:107)
07-08 15:12:32.247 13621 13674 E AndroidRuntime: 	at com.facebook.react.bridge.queue.MessageQueueThreadHandler.dispatchMessage(MessageQueueThreadHandler.kt:21)
07-08 15:12:32.247 13621 13674 E AndroidRuntime: 	at android.os.Looper.loopOnce(Looper.java:266)
07-08 15:12:32.247 13621 13674 E AndroidRuntime: 	at android.os.Looper.loop(Looper.java:361)
07-08 15:12:32.247 13621 13674 E AndroidRuntime: 	at com.facebook.react.bridge.queue.MessageQueueThreadImpl$Companion.startNewBackgroundThread$lambda$1(MessageQueueThreadImpl.kt:175)
07-08 15:12:32.247 13621 13674 E AndroidRuntime: 	at com.facebook.react.bridge.queue.MessageQueueThreadImpl$Companion.$r8$lambda$ldnZnqelhYFctGaUKkOKYj5rxo4(MessageQueueThreadImpl.kt:0)
07-08 15:12:32.247 13621 13674 E AndroidRuntime: 	at com.facebook.react.bridge.queue.MessageQueueThreadImpl$Companion$$ExternalSyntheticLambda0.run(D8$$SyntheticClass:0)
07-08 15:12:32.247 13621 13674 E AndroidRuntime: 	at java.lang.Thread.run(Thread.java:1572)
07-08 15:12:32.247 13621 15994 D MediaCodec: [0xb4000077b0371a00] [c2.android.mp3.decoder] kWhatReleaseCompleted
07-08 15:12:32.247 13621 15994 D MediaCodec: [0xb4000077b0371a00] setState: 0
07-08 15:12:32.248 13621 15992 D VivoSpatializer: unregisterAudioFeatureCallback succeeded for tag: NOTIFY_V_SPAT_STATE_CHANGED
07-08 15:12:32.250 14031 14031 E RRR     : onNewAzimuth: -238.57504
07-08 15:12:32.252 13621 15994 I CCodecBufferChannel: Destructor 0xb40000784044c370
07-08 15:12:32.257 13621 17048 I AudioTrack: flush(2833): 0xb40000784033bd40 , prior state:STATE_STOPPED, sessionId:20897, calling package is:com.emergent.salahalarm.lxw9zs
07-08 15:12:32.258 13621 17048 I AudioTrack: stop(2833): 0xb40000784033bd40, prior state:STATE_FLUSHED, packageName: com.emergent.salahalarm.lxw9zs
07-08 15:12:32.258 13621 17048 I PlayerBase: baseStop() piid=20495
07-08 15:12:32.258 13621 17048 V PlayerBase: baseRelease() piid=20495 state=4
07-08 15:12:32.259 13621 17048 D AudioTrack: ~AudioTrack(2833): 0xb40000784033bd40
07-08 15:12:32.259 13621 17048 I AudioTrack: stop(2833): 0xb40000784033bd40, prior state:STATE_FLUSHED, packageName: com.emergent.salahalarm.lxw9zs
07-08 15:12:32.259 13621 17048 D AudioTrackShared: this(0xb4000077203ea4f0), mCblk(0x7986914000), front(6000), mIsOut 1, interrupt() FUTEX_WAKE
07-08 15:12:32.259 13621 17048 D AudioTrack: requestExitAndWait start
07-08 15:12:32.259 13621 17048 D AudioTrack: requestExitAndWait end
07-08 15:12:32.263 25105 25105 D AudioManager: dispatching onPlaybackConfigChanged()
07-08 15:12:32.264 25105 25105 D AudioManager: dispatching onPlaybackConfigChanged()
07-08 15:12:32.264 14031 14031 E RRR     : onNewAzimuth: -238.61334
07-08 15:12:32.264 14031 14031 E RRR     : onNewAzimuth: -238.64471
07-08 15:12:32.265 14031 14031 E RRR     : onNewAzimuth: -238.61334
07-08 15:12:32.265 14031 14031 E RRR     : onNewAzimuth: -238.64471
07-08 15:12:32.265 14031 14031 E RRR     : onNewAzimuth: -238.69037
07-08 15:12:32.267 13621 13621 I ReactNative: [GESTURE HANDLER] Tearing down gesture handler registered for root view com.facebook.react.runtime.ReactSurfaceView{7187bd2 V.E...... ......ID 0,0-1260,2800 #15}
07-08 15:12:32.271 19536 19536 D VRI[GoogleDiscoverWindow,type=4]: visibilityChanged oldVisibility=false newVisibility=true
07-08 15:12:32.272 13621 13621 W unknown:BridgelessReact: ReactHost{0}.onHostPause(activity)
07-08 15:12:32.272 13621 13621 W unknown:BridgelessReact: ReactContext.onHostPause()
07-08 15:12:32.272 13621 13674 I Process : Sending signal. PID: 13621 SIG: 9
07-08 15:12:32.271 13621 13621 W binder:13621_1: type=1400 audit(0.0:3632973): avc:  denied  { ioctl } for  path="/proc/fas/render" dev="proc" ino=4026533325 ioctlcmd=0x6609 scontext=u:r:untrusted_app:s0:c172,c258,c512,c768 tcontext=u:object_r:proc_fas:s0 tclass=file permissive=0 app=com.emergent.salahalarm.lxw9zs
07-08 15:12:32.283 14031 14031 E RRR     : onNewAzimuth: -238.72299
07-08 15:12:32.283 14031 14031 E RRR     : onNewAzimuth: -238.75705
07-08 15:12:32.283 14031 14031 E RRR     : onNewAzimuth: -238.72299
07-08 15:12:32.283 14031 14031 E RRR     : onNewAzimuth: -238.75705
07-08 15:12:32.285 14031 14031 E RRR     : onNewAzimuth: -238.76434
07-08 15:12:32.285 19536 19536 D ViewRootImpl: AppSizeAfterRelayout, size: Point(1260, 2800), rotation: ROTATION_0
07-08 15:12:32.286 19536 19536 D BufferQueueConsumer: [](id:4c500000034e,api:0,p:-1,c:19536) connect: controlledByApp=false
07-08 15:12:32.287 19536 19536 D BLASTBufferQueue: [VRI[GoogleDiscoverWindow,type=4]#846](f:0,a:0) constructor()
07-08 15:12:32.287 19536 19536 D BLASTBufferQueue: [VRI[GoogleDiscoverWindow,type=4]#846](f:0,a:0) update width=1260 height=2800 format=-2 mTransformHint=0
07-08 15:12:32.292 19536 19815 W BLASTBufferQueue: Unable to open /proc/vivo_rsc/frame_set_priority: Permission denied
07-08 15:12:32.292 19536 19815 I BLASTBufferQueue: QoSAllocBuff Successful. Ret 0 
07-08 15:12:32.297 19536 19815 D BLASTBufferQueue: [VRI[GoogleDiscoverWindow,type=4]#846](f:0,a:1) acquireNextBufferLocked size=1260x2800 mFrameNumber=1 applyTransaction=true mTimestamp=115084880309474(auto) mPendingTransactions.size=0 graphicBufferId=83906481098936 transform=0
07-08 15:12:32.304 14031 14031 E RRR     : onNewAzimuth: -238.74747
07-08 15:12:32.304 14031 14031 E RRR     : onNewAzimuth: -238.70901
07-08 15:12:32.304 14031 14031 E RRR     : onNewAzimuth: -238.74747
07-08 15:12:32.304 14031 14031 E RRR     : onNewAzimuth: -238.70901
07-08 15:12:32.305 14031 14031 E RRR     : onNewAzimuth: -238.6835
07-08 15:12:32.318 28667 28667 V InputMethod: unbindInput(): binding=InputBinding{android.os.BinderProxy@965b735 / uid 10684 / pid 13621} ic=RemoteInputConnection{idHash=#5d0e216}
07-08 15:12:32.330 14031 14031 E RRR     : onNewAzimuth: -238.6716
07-08 15:12:32.330 14031 14031 E RRR     : onNewAzimuth: -238.70581
07-08 15:12:32.330 14031 14031 E RRR     : onNewAzimuth: -238.70813
07-08 15:12:32.330 14031 14031 E RRR     : onNewAzimuth: -238.6716
07-08 15:12:32.330 14031 14031 E RRR     : onNewAzimuth: -238.70581
07-08 15:12:32.330 14031 14031 E RRR     : onNewAzimuth: -238.70813
07-08 15:12:32.336 19536 19536 I cbfe    : onStart
07-08 15:12:32.337 19536 19536 I byxd    : (REDACTED) [%s] onStart()
07-08 15:12:32.338 19536 19536 I byzo    : Reloading theme data
07-08 15:12:32.338 19536 19536 E NetworkErrorMessage: (REDACTED) Invalid connectivity state: %s
07-08 15:12:32.338 19536 19536 I cbfe    : onResume
07-08 15:12:32.339 19536 19536 W drep    : missing event name
07-08 15:12:32.390 14031 14031 E RRR     : onNewAzimuth: -238.71313
07-08 15:12:32.390 14031 14031 E RRR     : onNewAzimuth: -238.67844
07-08 15:12:32.390 14031 14031 E RRR     : onNewAzimuth: -238.68323
07-08 15:12:32.390 14031 14031 E RRR     : onNewAzimuth: -238.68576
07-08 15:12:32.390 14031 14031 E RRR     : onNewAzimuth: -238.68268
07-08 15:12:32.390 14031 14031 E RRR     : onNewAzimuth: -238.7193
07-08 15:12:32.390 14031 14031 E RRR     : onNewAzimuth: -238.7106
07-08 15:12:32.390 14031 14031 E RRR     : onNewAzimuth: -238.74374
07-08 15:12:32.390 14031 14031 E RRR     : onNewAzimuth: -238.73187
07-08 15:12:32.390 14031 14031 E RRR     : onNewAzimuth: -238.71313
07-08 15:12:32.390 14031 14031 E RRR     : onNewAzimuth: -238.67844
07-08 15:12:32.390 14031 14031 E RRR     : onNewAzimuth: -238.68323
07-08 15:12:32.390 14031 14031 E RRR     : onNewAzimuth: -238.68576
07-08 15:12:32.390 14031 14031 E RRR     : onNewAzimuth: -238.68268
07-08 15:12:32.390 14031 14031 E RRR     : onNewAzimuth: -238.7193
07-08 15:12:32.390 14031 14031 E RRR     : onNewAzimuth: -238.7106
07-08 15:12:32.390 14031 14031 E RRR     : onNewAzimuth: -238.74374
07-08 15:12:32.390 14031 14031 E RRR     : onNewAzimuth: -238.73187
07-08 15:12:32.401 19536 19536 I cayp    : (REDACTED) onApplyWindowInsets: systemWindowInsets=%s
07-08 15:12:32.401 19536 19536 I cayp    : (REDACTED) onApplyWindowInsets: systemWindowInsets=%s
07-08 15:12:32.401 28667 28667 V InputMethod: bindInput(): binding=InputBinding{android.os.BinderProxy@2a64a84 / uid 10103 / pid 5063} ic=RemoteInputConnection{idHash=#59cef69}
07-08 15:12:32.402 28667 28667 V InputMethod: startInput(): editor=android.view.inputmethod.EditorInfo@8fa1dee
07-08 15:12:32.402 28667 28667 V InputMethodService: CALL: doFinishInput
07-08 15:12:32.402 28667 28667 D InlineSuggestionSessionController: notifyOnFinishInput
07-08 15:12:32.402 28667 28667 V InputMethodService: CALL: onFinishInput
07-08 15:12:32.402 28667 28667 I GoogleInputMethodService: GoogleInputMethodService.onFinishInput():2276 
07-08 15:12:32.405 28667 28667 I Module  : DeviceLockedStatusModuleProvider$Module.updateDeviceLockedStatusInternal():129 repeatCheckTimes = 0, locked = false
07-08 15:12:32.405 28667 28667 V InputMethodService: finishStylusHandwriting()
07-08 15:12:32.405 28667 28667 D InlineSuggestionSessionController: notifyOnStartInput: com.android.launcher3, 0
07-08 15:12:32.405 28667 28667 V InputMethodService: CALL: onStartInput
07-08 15:12:32.405 28667 28667 I GoogleInputMethodService: GoogleInputMethodService.onStartInput():1460 onStartInput(EditorInfo{EditorInfo{packageName=com.android.launcher3, inputType=0, inputTypeString=NULL, enableLearning=false, autoCorrection=false, autoComplete=false, imeOptions=0, privateImeOptions=null, actionName=UNSPECIFIED, actionLabel=null, initialSelStart=-1, initialSelEnd=-1, initialCapsMode=0, label=null, fieldId=0, fieldName=null, extras=null, hintText=null, hintLocales=[]}}, false)
07-08 15:12:32.405 28667 28667 I LatinIMEBase: LatinIMEBase.updateInputViewCoverNavigation():317 Update input view padding, isNavbarOverInputWindow=true, bottom inset=126
07-08 15:12:32.406 28667 28667 I Module  : DeviceLockedStatusModuleProvider$Module.updateDeviceLockedStatusInternal():129 repeatCheckTimes = 1, locked = false
07-08 15:12:32.410 14031 14031 E RRR     : onNewAzimuth: -238.72562
07-08 15:12:32.410 14031 14031 E RRR     : onNewAzimuth: -238.75775
07-08 15:12:32.410 14031 14031 E RRR     : onNewAzimuth: -238.76544
07-08 15:12:32.410 14031 14031 E RRR     : onNewAzimuth: -238.72562
07-08 15:12:32.410 14031 14031 E RRR     : onNewAzimuth: -238.75775
07-08 15:12:32.410 14031 14031 E RRR     : onNewAzimuth: -238.76544
07-08 15:12:32.447 14031 14031 E RRR     : onNewAzimuth: -238.78458
07-08 15:12:32.447 14031 14031 E RRR     : onNewAzimuth: -238.81808
07-08 15:12:32.447 14031 14031 E RRR     : onNewAzimuth: -238.8349
07-08 15:12:32.447 14031 14031 E RRR     : onNewAzimuth: -238.83984
07-08 15:12:32.447 14031 14031 E RRR     : onNewAzimuth: -238.87
07-08 15:12:32.447 14031 14031 E RRR     : onNewAzimuth: -238.86469
07-08 15:12:32.447 14031 14031 E RRR     : onNewAzimuth: -238.78458
07-08 15:12:32.447 14031 14031 E RRR     : onNewAzimuth: -238.81808
07-08 15:12:32.447 14031 14031 E RRR     : onNewAzimuth: -238.8349
07-08 15:12:32.447 14031 14031 E RRR     : onNewAzimuth: -238.83984
07-08 15:12:32.447 14031 14031 E RRR     : onNewAzimuth: -238.87
07-08 15:12:32.447 14031 14031 E RRR     : onNewAzimuth: -238.86469
07-08 15:12:32.464 14031 14031 E RRR     : onNewAzimuth: -238.85733
07-08 15:12:32.464 14031 14031 E RRR     : onNewAzimuth: -238.8187
07-08 15:12:32.464 14031 14031 E RRR     : onNewAzimuth: -238.85733
07-08 15:12:32.464 14031 14031 E RRR     : onNewAzimuth: -238.8187
07-08 15:12:32.465 14031 14031 E RRR     : onNewAzimuth: -238.81049
07-08 15:12:32.483 14031 14031 E RRR     : onNewAzimuth: -238.80066
07-08 15:12:32.484 14031 14031 E RRR     : onNewAzimuth: -238.83109
07-08 15:12:32.484 14031 14031 E RRR     : onNewAzimuth: -238.82724
07-08 15:12:32.484 14031 14031 E RRR     : onNewAzimuth: -238.83109
07-08 15:12:32.484 14031 14031 E RRR     : onNewAzimuth: -238.82724
07-08 15:12:32.503 14031 14031 E RRR     : onNewAzimuth: -238.82999
07-08 15:12:32.503 14031 14031 E RRR     : onNewAzimuth: -238.85583
07-08 15:12:32.503 14031 14031 E RRR     : onNewAzimuth: -238.82999
07-08 15:12:32.503 14031 14031 E RRR     : onNewAzimuth: -238.85583
07-08 15:12:32.504 14031 14031 E RRR     : onNewAzimuth: -238.86307
07-08 15:12:32.507  6310  6444 I Auth    : [BroadcastManager] [BroadcastManager] Broadcasting account capabilities changed. [CONTEXT service_id=343 ]
07-08 15:12:32.509  6310  6444 I Auth    : [BroadcastManager] [BroadcastManager] Broadcasting account services changed. [CONTEXT service_id=343 ]
07-08 15:12:32.520  6831 16995 I Auth    : (REDACTED) [SupervisedAccountIntentOperation] onHandleIntent: %s
07-08 15:12:32.529 14031 14031 E RRR     : onNewAzimuth: -238.87091
07-08 15:12:32.529 14031 14031 E RRR     : onNewAzimuth: -238.87149
07-08 15:12:32.529 14031 14031 E RRR     : onNewAzimuth: -238.83237
07-08 15:12:32.529 14031 14031 E RRR     : onNewAzimuth: -238.87091
07-08 15:12:32.529 14031 14031 E RRR     : onNewAzimuth: -238.87149
07-08 15:12:32.529 14031 14031 E RRR     : onNewAzimuth: -238.83237
07-08 15:12:32.534  6831 16874 W ChimeraUtils: Module com.google.android.gms.advancedprotection missing resource null(0)
07-08 15:12:32.544 14031 14031 E RRR     : onNewAzimuth: -238.8244
07-08 15:12:32.544 14031 14031 E RRR     : onNewAzimuth: -238.85428
07-08 15:12:32.544 14031 14031 E RRR     : onNewAzimuth: -238.84665
07-08 15:12:32.544 14031 14031 E RRR     : onNewAzimuth: -238.8244
07-08 15:12:32.544 14031 14031 E RRR     : onNewAzimuth: -238.85428
07-08 15:12:32.544 14031 14031 E RRR     : onNewAzimuth: -238.84665
07-08 15:12:32.559  6310 17009 I NetworkScheduler.Stats: (REDACTED) Task %s/%s started execution. cause:%s exec_start_elapsed_seconds: %s
07-08 15:12:32.563  6310 16386 I NetworkScheduler.Stats: (REDACTED) Task %s/%s finished executing. cause:%s result: %s elapsed_millis: %s uptime_millis: %s exec_start_elapsed_seconds: %s
07-08 15:12:32.563 14031 14031 E RRR     : onNewAzimuth: -238.84744
07-08 15:12:32.563 14031 14031 E RRR     : onNewAzimuth: -238.80496
07-08 15:12:32.563 14031 14031 E RRR     : onNewAzimuth: -238.81354
07-08 15:12:32.563 14031 14031 E RRR     : onNewAzimuth: -238.84744
07-08 15:12:32.563 14031 14031 E RRR     : onNewAzimuth: -238.80496
07-08 15:12:32.564 14031 14031 E RRR     : onNewAzimuth: -238.81354
07-08 15:12:32.580 14031 14031 E RRR     : onNewAzimuth: -238.82587
07-08 15:12:32.584 14031 14031 E RRR     : onNewAzimuth: -238.78467
07-08 15:12:32.584 14031 14031 E RRR     : onNewAzimuth: -238.79208
07-08 15:12:32.584 14031 14031 E RRR     : onNewAzimuth: -238.78467
07-08 15:12:32.584 14031 14031 E RRR     : onNewAzimuth: -238.79208
07-08 15:12:32.604 14031 14031 E RRR     : onNewAzimuth: -238.7923
07-08 15:12:32.604 14031 14031 E RRR     : onNewAzimuth: -238.75595
07-08 15:12:32.605 14031 14031 E RRR     : onNewAzimuth: -238.75421
07-08 15:12:32.605 14031 14031 E RRR     : onNewAzimuth: -238.7923
07-08 15:12:32.605 14031 14031 E RRR     : onNewAzimuth: -238.75595
07-08 15:12:32.605 14031 14031 E RRR     : onNewAzimuth: -238.75421
07-08 15:12:32.623 14031 14031 E RRR     : onNewAzimuth: -238.75204
07-08 15:12:32.623 14031 14031 E RRR     : onNewAzimuth: -238.7846
07-08 15:12:32.623 14031 14031 E RRR     : onNewAzimuth: -238.77829
07-08 15:12:32.623 14031 14031 E RRR     : onNewAzimuth: -238.75204
07-08 15:12:32.623 14031 14031 E RRR     : onNewAzimuth: -238.7846
07-08 15:12:32.623 14031 14031 E RRR     : onNewAzimuth: -238.77829
07-08 15:12:32.629  6310  9719 I WifiScanner: onFullResults
07-08 15:12:32.629  6310  8156 I WifiScanner: onFullResults
07-08 15:12:32.629  6310  8156 I WifiScanner: onFullResults
07-08 15:12:32.631  7481  8117 I WifiScanner: onFullResults
07-08 15:12:32.638  6310 16188 I FrewleTileCacheManagerV: (REDACTED) Fetched %d AP models from cache
07-08 15:12:32.640  6310 16188 I FrewleTileCacheManagerV: (REDACTED) Fetched %d AP models from cache
07-08 15:12:32.646 14031 14031 E RRR     : onNewAzimuth: -238.76758
07-08 15:12:32.646 14031 14031 E RRR     : onNewAzimuth: -238.7992
07-08 15:12:32.646 14031 14031 E RRR     : onNewAzimuth: -238.7927
07-08 15:12:32.646 14031 14031 E RRR     : onNewAzimuth: -238.76758
07-08 15:12:32.647 14031 14031 E RRR     : onNewAzimuth: -238.7992
07-08 15:12:32.647 14031 14031 E RRR     : onNewAzimuth: -238.7927
07-08 15:12:32.650  6310  8389 I FusedLocation: (REDACTED) location delivery to %s blocked - too fast
07-08 15:12:32.650  6310  8389 I FusedLocation: (REDACTED) location delivery to %s blocked - too fast
07-08 15:12:32.651  6310  8389 I FusedLocation: (REDACTED) location delivery to %s blocked - too close
07-08 15:12:32.651  6310  8389 I FusedLocation: (REDACTED) location delivery to %s blocked - too close
07-08 15:12:32.651  6310  8389 I FusedLocation: (REDACTED) location delivery to %s blocked - too close
07-08 15:12:32.651  6310  8389 I FusedLocation: (REDACTED) location delivery to %s blocked - too fast
07-08 15:12:32.651  6310  8389 I FusedLocation: (REDACTED) location delivery to %s blocked - too close
07-08 15:12:32.651  6310  8389 I FusedLocation: (REDACTED) location delivery to %s blocked - too close
07-08 15:12:32.651  6310  8389 I FusedLocation: (REDACTED) location delivery to %s blocked - too close
07-08 15:12:32.652  6310  8389 I FusedLocation: (REDACTED) location delivery to %s blocked - too fast
07-08 15:12:32.652  6310  8389 I FusedLocation: (REDACTED) location delivery to %s blocked - too fast
07-08 15:12:32.656  6310  8389 I FusedLocation: (REDACTED) location delivery to %s blocked - too close
07-08 15:12:32.656  6310  8389 I FusedLocation: (REDACTED) location delivery to %s blocked - too close
07-08 15:12:32.656  6310  8389 I FusedLocation: (REDACTED) location delivery to %s blocked - too close
07-08 15:12:32.657  6310  8389 I FusedLocation: (REDACTED) location delivery to %s blocked - too fast
07-08 15:12:32.657  6310  8389 I FusedLocation: (REDACTED) location delivery to %s blocked - too fast
07-08 15:12:32.658  6310  8389 I FusedLocation: (REDACTED) location delivery to %s blocked - too close
07-08 15:12:32.664 14031 14031 E RRR     : onNewAzimuth: -238.79614
07-08 15:12:32.664 14031 14031 E RRR     : onNewAzimuth: -238.82681
07-08 15:12:32.664 14031 14031 E RRR     : onNewAzimuth: -238.79614
07-08 15:12:32.664 14031 14031 E RRR     : onNewAzimuth: -238.82681
07-08 15:12:32.665  6310  8389 I gxww    : Received empty WiFi-RTT scan. [CONTEXT service_id=6 ]
07-08 15:12:32.665  6310  8389 I gxww    : Received empty WiFi-RTT scan. [CONTEXT service_id=6 ]
07-08 15:12:32.665 14031 14031 E RRR     : onNewAzimuth: -238.83237
07-08 15:12:32.673 14031 14031 E RRR     : onNewAzimuth: -238.83386
07-08 15:12:32.683 14031 14031 E RRR     : onNewAzimuth: -238.86359
07-08 15:12:32.683 14031 14031 E RRR     : onNewAzimuth: -238.86609
07-08 15:12:32.684 14031 14031 E RRR     : onNewAzimuth: -238.86359
07-08 15:12:32.684 14031 14031 E RRR     : onNewAzimuth: -238.86609
07-08 15:12:32.697 14031 14031 E RRR     : onNewAzimuth: -238.87146
07-08 15:12:32.711 14031 14031 E RRR     : onNewAzimuth: -238.8967
07-08 15:12:32.711 14031 14031 E RRR     : onNewAzimuth: -238.90637
07-08 15:12:32.711 14031 14031 E RRR     : onNewAzimuth: -238.8967
07-08 15:12:32.711 14031 14031 E RRR     : onNewAzimuth: -238.90637
07-08 15:12:32.714 14031 14031 E RRR     : onNewAzimuth: -238.918
07-08 15:12:32.723 14031 14031 E RRR     : onNewAzimuth: -238.94608
07-08 15:12:32.723 14031 14031 E RRR     : onNewAzimuth: -238.95166
07-08 15:12:32.723 14031 14031 E RRR     : onNewAzimuth: -238.94608
07-08 15:12:32.723 14031 14031 E RRR     : onNewAzimuth: -238.95166
07-08 15:12:32.736 14031 14031 E RRR     : onNewAzimuth: -238.9465
07-08 15:12:32.743 14031 14031 E RRR     : onNewAzimuth: -238.97012
07-08 15:12:32.744 14031 14031 E RRR     : onNewAzimuth: -238.95581
07-08 15:12:32.749  6310 16386 I TFLite-in-PlayServices: Created interpreter.
07-08 15:12:32.754 14031 14031 E RRR     : onNewAzimuth: -238.93741
07-08 15:12:32.763 14031 14031 E RRR     : onNewAzimuth: -238.9603
07-08 15:12:32.763 14031 14031 E RRR     : onNewAzimuth: -238.94608
07-08 15:12:32.763 14031 14031 E RRR     : onNewAzimuth: -238.9603
07-08 15:12:32.764 14031 14031 E RRR     : onNewAzimuth: -238.94608
07-08 15:12:32.775 14031 14031 E RRR     : onNewAzimuth: -238.94125
07-08 15:12:32.780  6310 16386 I TFLite-in-PlayServices: Created interpreter.
07-08 15:12:32.783 14031 14031 E RRR     : onNewAzimuth: -238.96344
07-08 15:12:32.783 14031 14031 E RRR     : onNewAzimuth: -238.96756
07-08 15:12:32.783 14031 14031 E RRR     : onNewAzimuth: -238.96344
07-08 15:12:32.783 14031 14031 E RRR     : onNewAzimuth: -238.96756
07-08 15:12:32.795 14031 14031 E RRR     : onNewAzimuth: -238.98053
07-08 15:12:32.796  6310 16386 I SemanticLocation: (REDACTED) [Inferrer] %s%s
07-08 15:12:32.805 14031 14031 E RRR     : onNewAzimuth: -238.99332
07-08 15:12:32.805 14031 14031 E RRR     : onNewAzimuth: -238.94711
07-08 15:12:32.805 14031 14031 E RRR     : onNewAzimuth: -238.99332
07-08 15:12:32.805 14031 14031 E RRR     : onNewAzimuth: -238.94711
07-08 15:12:32.816 14031 14031 E RRR     : onNewAzimuth: -238.94363
07-08 15:12:32.823 14031 14031 E RRR     : onNewAzimuth: -238.89886
07-08 15:12:32.823 14031 14031 E RRR     : onNewAzimuth: -238.89423
07-08 15:12:32.824 14031 14031 E RRR     : onNewAzimuth: -238.89886
07-08 15:12:32.824 14031 14031 E RRR     : onNewAzimuth: -238.89423
07-08 15:12:32.838 14031 14031 E RRR     : onNewAzimuth: -238.8631
07-08 15:12:32.844 14031 14031 E RRR     : onNewAzimuth: -238.82379
07-08 15:12:32.844 14031 14031 E RRR     : onNewAzimuth: -238.84796
07-08 15:12:32.844 14031 14031 E RRR     : onNewAzimuth: -238.82379
07-08 15:12:32.844 14031 14031 E RRR     : onNewAzimuth: -238.84796
07-08 15:12:32.857 14031 14031 E RRR     : onNewAzimuth: -238.82205
07-08 15:12:32.863 14031 14031 E RRR     : onNewAzimuth: -238.8092
07-08 15:12:32.863 14031 14031 E RRR     : onNewAzimuth: -238.83264
07-08 15:12:32.863 14031 14031 E RRR     : onNewAzimuth: -238.8092
07-08 15:12:32.864 14031 14031 E RRR     : onNewAzimuth: -238.83264
07-08 15:12:32.879 14031 14031 E RRR     : onNewAzimuth: -238.83069
07-08 15:12:32.887 14031 14031 E RRR     : onNewAzimuth: -238.83371
07-08 15:12:32.887 14031 14031 E RRR     : onNewAzimuth: -238.85648
07-08 15:12:32.888 14031 14031 E RRR     : onNewAzimuth: -238.83371
07-08 15:12:32.888 14031 14031 E RRR     : onNewAzimuth: -238.85648
07-08 15:12:32.899 14031 14031 E RRR     : onNewAzimuth: -238.85284
07-08 15:12:32.904 14031 14031 E RRR     : onNewAzimuth: -238.83994
07-08 15:12:32.904 14031 14031 E RRR     : onNewAzimuth: -238.86203
07-08 15:12:32.905 14031 14031 E RRR     : onNewAzimuth: -238.83994
07-08 15:12:32.905 14031 14031 E RRR     : onNewAzimuth: -238.86203
07-08 15:12:32.918 14031 14031 E RRR     : onNewAzimuth: -238.8428
07-08 15:12:32.923 14031 14031 E RRR     : onNewAzimuth: -238.83023
07-08 15:12:32.924 14031 14031 E RRR     : onNewAzimuth: -238.85165
07-08 15:12:32.924 14031 14031 E RRR     : onNewAzimuth: -238.83023
07-08 15:12:32.924 14031 14031 E RRR     : onNewAzimuth: -238.85165
07-08 15:12:32.939 14031 14031 E RRR     : onNewAzimuth: -238.83984
07-08 15:12:32.942  6310 17017 I Auth    : [GaiaIdSync] successfully updated accountId and email [CONTEXT service_id=153 ]
07-08 15:12:32.944 14031 14031 E RRR     : onNewAzimuth: -238.8248
07-08 15:12:32.944 14031 14031 E RRR     : onNewAzimuth: -238.84561
07-08 15:12:32.944 14031 14031 E RRR     : onNewAzimuth: -238.8248
07-08 15:12:32.944 14031 14031 E RRR     : onNewAzimuth: -238.84561
07-08 15:12:32.960 14031 14031 E RRR     : onNewAzimuth: -238.84326
07-08 15:12:32.969 14031 14031 E RRR     : onNewAzimuth: -238.85641
07-08 15:12:32.969 14031 14031 E RRR     : onNewAzimuth: -238.80878
07-08 15:12:32.970 14031 14031 E RRR     : onNewAzimuth: -238.85641
07-08 15:12:32.970 14031 14031 E RRR     : onNewAzimuth: -238.80878
07-08 15:12:32.979 14031 14031 E RRR     : onNewAzimuth: -238.82867
07-08 15:12:32.985 14031 14031 E RRR     : onNewAzimuth: -238.844
07-08 15:12:32.985 14031 14031 E RRR     : onNewAzimuth: -238.8656
07-08 15:12:32.986 14031 14031 E RRR     : onNewAzimuth: -238.844
07-08 15:12:32.986 14031 14031 E RRR     : onNewAzimuth: -238.8656
07-08 15:12:32.999 14031 14031 E RRR     : onNewAzimuth: -238.87546
07-08 15:12:33.005 14031 14031 E RRR     : onNewAzimuth: -238.88611
07-08 15:12:33.005 14031 14031 E RRR     : onNewAzimuth: -238.90707
07-08 15:12:33.005 14031 14031 E RRR     : onNewAzimuth: -238.88611
07-08 15:12:33.005 14031 14031 E RRR     : onNewAzimuth: -238.90707
07-08 15:12:33.020 14031 14031 E RRR     : onNewAzimuth: -238.92575
07-08 15:12:33.024 14031 14031 E RRR     : onNewAzimuth: -238.94913
07-08 15:12:33.024 14031 14031 E RRR     : onNewAzimuth: -238.96948
07-08 15:12:33.024 14031 14031 E RRR     : onNewAzimuth: -238.94913
07-08 15:12:33.024 14031 14031 E RRR     : onNewAzimuth: -238.96948
07-08 15:12:33.040 14031 14031 E RRR     : onNewAzimuth: -238.99289
07-08 15:12:33.046 14031 14031 E RRR     : onNewAzimuth: -239.01605
07-08 15:12:33.046 14031 14031 E RRR     : onNewAzimuth: -238.96799
07-08 15:12:33.046 14031 14031 E RRR     : onNewAzimuth: -239.01605
07-08 15:12:33.046 14031 14031 E RRR     : onNewAzimuth: -238.96799
07-08 15:12:33.060 14031 14031 E RRR     : onNewAzimuth: -238.98758
07-08 15:12:33.064 14031 14031 E RRR     : onNewAzimuth: -239.00137
07-08 15:12:33.064 14031 14031 E RRR     : onNewAzimuth: -239.02023
07-08 15:12:33.065 14031 14031 E RRR     : onNewAzimuth: -239.00137
07-08 15:12:33.065 14031 14031 E RRR     : onNewAzimuth: -239.02023
07-08 15:12:33.080 14031 14031 E RRR     : onNewAzimuth: -239.02756
07-08 15:12:33.085 14031 14031 E RRR     : onNewAzimuth: -239.03055
07-08 15:12:33.085 14031 14031 E RRR     : onNewAzimuth: -238.98337
07-08 15:12:33.085 14031 14031 E RRR     : onNewAzimuth: -239.03055
07-08 15:12:33.085 14031 14031 E RRR     : onNewAzimuth: -238.98337
07-08 15:12:33.102 14031 14031 E RRR     : onNewAzimuth: -238.98505
07-08 15:12:33.104 14031 14031 E RRR     : onNewAzimuth: -238.98422
07-08 15:12:33.104 14031 14031 E RRR     : onNewAzimuth: -239.00394
07-08 15:12:33.104 14031 14031 E RRR     : onNewAzimuth: -238.98422
07-08 15:12:33.105 14031 14031 E RRR     : onNewAzimuth: -239.00394
07-08 15:12:33.121  6310 17017 I Auth    : [GaiaIdSync] successfully updated accountId and email [CONTEXT service_id=153 ]
07-08 15:12:33.123 14031 14031 E RRR     : onNewAzimuth: -238.99966
07-08 15:12:33.123 14031 14031 E RRR     : onNewAzimuth: -238.99408
07-08 15:12:33.123 14031 14031 E RRR     : onNewAzimuth: -238.94766
07-08 15:12:33.123 14031 14031 E RRR     : onNewAzimuth: -238.99966
07-08 15:12:33.123 14031 14031 E RRR     : onNewAzimuth: -238.99408
07-08 15:12:33.123 14031 14031 E RRR     : onNewAzimuth: -238.94766
07-08 15:12:33.143 14031 14031 E RRR     : onNewAzimuth: -238.94116
07-08 15:12:33.143 14031 14031 E RRR     : onNewAzimuth: -238.93387
07-08 15:12:33.143 14031 14031 E RRR     : onNewAzimuth: -238.9544
07-08 15:12:33.143 14031 14031 E RRR     : onNewAzimuth: -238.94116
07-08 15:12:33.143 14031 14031 E RRR     : onNewAzimuth: -238.93387
07-08 15:12:33.143 14031 14031 E RRR     : onNewAzimuth: -238.9544
07-08 15:12:33.163 14031 14031 E RRR     : onNewAzimuth: -238.94229
07-08 15:12:33.163 14031 14031 E RRR     : onNewAzimuth: -238.92892
07-08 15:12:33.163 14031 14031 E RRR     : onNewAzimuth: -238.94229
07-08 15:12:33.163 14031 14031 E RRR     : onNewAzimuth: -238.92892
07-08 15:12:33.164 14031 14031 E RRR     : onNewAzimuth: -238.9512
07-08 15:12:33.184 14031 14031 E RRR     : onNewAzimuth: -238.93878
07-08 15:12:33.184 14031 14031 E RRR     : onNewAzimuth: -238.92822
07-08 15:12:33.184 14031 14031 E RRR     : onNewAzimuth: -238.93878
07-08 15:12:33.184 14031 14031 E RRR     : onNewAzimuth: -238.92822
07-08 15:12:33.189 14031 14031 E RRR     : onNewAzimuth: -238.94742
07-08 15:12:33.203 14031 14031 E RRR     : onNewAzimuth: -238.93497
07-08 15:12:33.203 14031 14031 E RRR     : onNewAzimuth: -238.91547
07-08 15:12:33.203 14031 14031 E RRR     : onNewAzimuth: -238.9365
07-08 15:12:33.204 14031 14031 E RRR     : onNewAzimuth: -238.93497
07-08 15:12:33.204 14031 14031 E RRR     : onNewAzimuth: -238.91547
07-08 15:12:33.204 14031 14031 E RRR     : onNewAzimuth: -238.9365
07-08 15:12:33.221 14031 14031 E RRR     : onNewAzimuth: -238.92249
07-08 15:12:33.223 14031 14031 E RRR     : onNewAzimuth: -238.91922
07-08 15:12:33.223 14031 14031 E RRR     : onNewAzimuth: -238.9396
07-08 15:12:33.223 14031 14031 E RRR     : onNewAzimuth: -238.91922
07-08 15:12:33.223 14031 14031 E RRR     : onNewAzimuth: -238.9396
07-08 15:12:33.247 14031 14031 E RRR     : onNewAzimuth: -238.94016
07-08 15:12:33.247 14031 14031 E RRR     : onNewAzimuth: -238.93655
07-08 15:12:33.248 14031 14031 E RRR     : onNewAzimuth: -238.8884
07-08 15:12:33.248 14031 14031 E RRR     : onNewAzimuth: -238.94016
07-08 15:12:33.248 14031 14031 E RRR     : onNewAzimuth: -238.93655
07-08 15:12:33.248 14031 14031 E RRR     : onNewAzimuth: -238.8884
07-08 15:12:33.264 14031 14031 E RRR     : onNewAzimuth: -238.87738
07-08 15:12:33.264 14031 14031 E RRR     : onNewAzimuth: -238.86224
07-08 15:12:33.264 14031 14031 E RRR     : onNewAzimuth: -238.81305
07-08 15:12:33.264 14031 14031 E RRR     : onNewAzimuth: -238.87738
07-08 15:12:33.264 14031 14031 E RRR     : onNewAzimuth: -238.86224
07-08 15:12:33.264 14031 14031 E RRR     : onNewAzimuth: -238.81305
07-08 15:12:33.285 14031 14031 E RRR     : onNewAzimuth: -238.8009
07-08 15:12:33.285 14031 14031 E RRR     : onNewAzimuth: -238.79706
07-08 15:12:33.285 14031 14031 E RRR     : onNewAzimuth: -238.81726
07-08 15:12:33.285 14031 14031 E RRR     : onNewAzimuth: -238.8009
07-08 15:12:33.285 14031 14031 E RRR     : onNewAzimuth: -238.79706
07-08 15:12:33.285 14031 14031 E RRR     : onNewAzimuth: -238.81726
07-08 15:12:33.304 14031 14031 E RRR     : onNewAzimuth: -238.82138
07-08 15:12:33.304 14031 14031 E RRR     : onNewAzimuth: -238.84097
07-08 15:12:33.304 14031 14031 E RRR     : onNewAzimuth: -238.82138
07-08 15:12:33.304 14031 14031 E RRR     : onNewAzimuth: -238.84097
07-08 15:12:33.320  6310 17075 I Auth    : [GaiaIdSync] successfully updated accountId and email [CONTEXT service_id=153 ]
07-08 15:12:33.323 14031 14031 E RRR     : onNewAzimuth: -238.82895
07-08 15:12:33.324 14031 14031 E RRR     : onNewAzimuth: -238.81027
07-08 15:12:33.324 14031 14031 E RRR     : onNewAzimuth: -238.83176
07-08 15:12:33.326 14031 14031 E RRR     : onNewAzimuth: -238.82895
07-08 15:12:33.326 14031 14031 E RRR     : onNewAzimuth: -238.81027
07-08 15:12:33.326 14031 14031 E RRR     : onNewAzimuth: -238.83176
07-08 15:12:33.343 14031 14031 E RRR     : onNewAzimuth: -238.81863
07-08 15:12:33.343 14031 14031 E RRR     : onNewAzimuth: -238.81915
07-08 15:12:33.343 14031 14031 E RRR     : onNewAzimuth: -238.77213
07-08 15:12:33.343 14031 14031 E RRR     : onNewAzimuth: -238.81863
07-08 15:12:33.343 14031 14031 E RRR     : onNewAzimuth: -238.81915
07-08 15:12:33.343 14031 14031 E RRR     : onNewAzimuth: -238.77213
07-08 15:12:33.364 14031 14031 E RRR     : onNewAzimuth: -238.78198
07-08 15:12:33.364 14031 14031 E RRR     : onNewAzimuth: -238.78943
07-08 15:12:33.364 14031 14031 E RRR     : onNewAzimuth: -238.74127
07-08 15:12:33.364 14031 14031 E RRR     : onNewAzimuth: -238.78198
07-08 15:12:33.364 14031 14031 E RRR     : onNewAzimuth: -238.78943
07-08 15:12:33.364 14031 14031 E RRR     : onNewAzimuth: -238.74127
07-08 15:12:33.381 14031 14031 E RRR     : onNewAzimuth: -238.73978
07-08 15:12:33.386 14031 14031 E RRR     : onNewAzimuth: -238.73615
07-08 15:12:33.386 14031 14031 E RRR     : onNewAzimuth: -238.68942
07-08 15:12:33.386 14031 14031 E RRR     : onNewAzimuth: -238.73615
07-08 15:12:33.386 14031 14031 E RRR     : onNewAzimuth: -238.68942
07-08 15:12:33.403 14031 14031 E RRR     : onNewAzimuth: -238.6908
07-08 15:12:33.403 14031 14031 E RRR     : onNewAzimuth: -238.69278
07-08 15:12:33.404 14031 14031 E RRR     : onNewAzimuth: -238.64743
07-08 15:12:33.404 14031 14031 E RRR     : onNewAzimuth: -238.6908
07-08 15:12:33.404 14031 14031 E RRR     : onNewAzimuth: -238.69278
07-08 15:12:33.405 14031 14031 E RRR     : onNewAzimuth: -238.64743
07-08 15:12:33.423 14031 14031 E RRR     : onNewAzimuth: -238.64838
07-08 15:12:33.423 14031 14031 E RRR     : onNewAzimuth: -238.6478
07-08 15:12:33.423 14031 14031 E RRR     : onNewAzimuth: -238.60635
07-08 15:12:33.425 14031 14031 E RRR     : onNewAzimuth: -238.64838
07-08 15:12:33.425 14031 14031 E RRR     : onNewAzimuth: -238.6478
07-08 15:12:33.425 14031 14031 E RRR     : onNewAzimuth: -238.60635
07-08 15:12:33.443 14031 14031 E RRR     : onNewAzimuth: -238.61487
07-08 15:12:33.443 14031 14031 E RRR     : onNewAzimuth: -238.62021
07-08 15:12:33.443 14031 14031 E RRR     : onNewAzimuth: -238.64795
07-08 15:12:33.443 14031 14031 E RRR     : onNewAzimuth: -238.61487
07-08 15:12:33.443 14031 14031 E RRR     : onNewAzimuth: -238.62021
07-08 15:12:33.443 14031 14031 E RRR     : onNewAzimuth: -238.64795
07-08 15:12:33.463 14031 14031 E RRR     : onNewAzimuth: -238.6376
07-08 15:12:33.463 14031 14031 E RRR     : onNewAzimuth: -238.63144
07-08 15:12:33.463 14031 14031 E RRR     : onNewAzimuth: -238.6376
07-08 15:12:33.463 14031 14031 E RRR     : onNewAzimuth: -238.63144
07-08 15:12:33.467 14031 14031 E RRR     : onNewAzimuth: -238.59042
07-08 15:12:33.484 14031 14031 E RRR     : onNewAzimuth: -238.60056
07-08 15:12:33.484 14031 14031 E RRR     : onNewAzimuth: -238.62195
07-08 15:12:33.484 14031 14031 E RRR     : onNewAzimuth: -238.58212
07-08 15:12:33.484 14031 14031 E RRR     : onNewAzimuth: -238.60056
07-08 15:12:33.484 14031 14031 E RRR     : onNewAzimuth: -238.62195
07-08 15:12:33.484 14031 14031 E RRR     : onNewAzimuth: -238.58212
07-08 15:12:33.504 14031 14031 E RRR     : onNewAzimuth: -238.60168
07-08 15:12:33.504 14031 14031 E RRR     : onNewAzimuth: -238.6105
07-08 15:12:33.505 14031 14031 E RRR     : onNewAzimuth: -238.57187
07-08 15:12:33.505 14031 14031 E RRR     : onNewAzimuth: -238.60168
07-08 15:12:33.505 14031 14031 E RRR     : onNewAzimuth: -238.6105
07-08 15:12:33.505 14031 14031 E RRR     : onNewAzimuth: -238.57187
07-08 15:12:33.525 14031 14031 E RRR     : onNewAzimuth: -238.57553
07-08 15:12:33.525 14031 14031 E RRR     : onNewAzimuth: -238.582
07-08 15:12:33.525 14031 14031 E RRR     : onNewAzimuth: -238.61249
07-08 15:12:33.526 14031 14031 E RRR     : onNewAzimuth: -238.57553
07-08 15:12:33.526 14031 14031 E RRR     : onNewAzimuth: -238.582
07-08 15:12:33.526 14031 14031 E RRR     : onNewAzimuth: -238.61249
07-08 15:12:33.541 14031 14031 E RRR     : onNewAzimuth: -238.61533
07-08 15:12:33.543 14031 14031 E RRR     : onNewAzimuth: -238.6051
07-08 15:12:33.543 14031 14031 E RRR     : onNewAzimuth: -238.56424
07-08 15:12:33.543 14031 14031 E RRR     : onNewAzimuth: -238.6051
07-08 15:12:33.543 14031 14031 E RRR     : onNewAzimuth: -238.56424
07-08 15:12:33.563 14031 14031 E RRR     : onNewAzimuth: -238.54236
07-08 15:12:33.563 14031 14031 E RRR     : onNewAzimuth: -238.52142
07-08 15:12:33.563 14031 14031 E RRR     : onNewAzimuth: -238.54965
07-08 15:12:33.564 14031 14031 E RRR     : onNewAzimuth: -238.54236
07-08 15:12:33.564 14031 14031 E RRR     : onNewAzimuth: -238.52142
07-08 15:12:33.564 14031 14031 E RRR     : onNewAzimuth: -238.54965
07-08 15:12:33.583 14031 14031 E RRR     : onNewAzimuth: -238.53427
07-08 15:12:33.583 14031 14031 E RRR     : onNewAzimuth: -238.5249
07-08 15:12:33.583 14031 14031 E RRR     : onNewAzimuth: -238.48438
07-08 15:12:33.583 14031 14031 E RRR     : onNewAzimuth: -238.53427
07-08 15:12:33.583 14031 14031 E RRR     : onNewAzimuth: -238.5249
07-08 15:12:33.583 14031 14031 E RRR     : onNewAzimuth: -238.48438
07-08 15:12:33.603 14031 14031 E RRR     : onNewAzimuth: -238.48416
07-08 15:12:33.603 14031 14031 E RRR     : onNewAzimuth: -238.488
07-08 15:12:33.603 14031 14031 E RRR     : onNewAzimuth: -238.4487
07-08 15:12:33.603 14031 14031 E RRR     : onNewAzimuth: -238.48416
07-08 15:12:33.603 14031 14031 E RRR     : onNewAzimuth: -238.488
07-08 15:12:33.603 14031 14031 E RRR     : onNewAzimuth: -238.4487
07-08 15:12:33.622 14031 14031 E RRR     : onNewAzimuth: -238.44601
07-08 15:12:33.623 14031 14031 E RRR     : onNewAzimuth: -238.43896
07-08 15:12:33.626 14031 14031 E RRR     : onNewAzimuth: -238.44601
07-08 15:12:33.626 14031 14031 E RRR     : onNewAzimuth: -238.43896
07-08 15:12:33.633 14031 14031 E RRR     : onNewAzimuth: -238.47128
07-08 15:12:33.644 14031 14031 E RRR     : onNewAzimuth: -238.46432
07-08 15:12:33.644 14031 14031 E RRR     : onNewAzimuth: -238.46014
07-08 15:12:33.644 14031 14031 E RRR     : onNewAzimuth: -238.42099
07-08 15:12:33.644 14031 14031 E RRR     : onNewAzimuth: -238.46432
07-08 15:12:33.644 14031 14031 E RRR     : onNewAzimuth: -238.46014
07-08 15:12:33.644 14031 14031 E RRR     : onNewAzimuth: -238.42099
07-08 15:12:33.651  6310 15763 I Auth    : [GaiaIdSync] successfully updated accountId and email [CONTEXT service_id=153 ]
07-08 15:12:33.663 14031 14031 E RRR     : onNewAzimuth: -238.41867
07-08 15:12:33.663 14031 14031 E RRR     : onNewAzimuth: -238.41776
07-08 15:12:33.663 14031 14031 E RRR     : onNewAzimuth: -238.38235
07-08 15:12:33.663 14031 14031 E RRR     : onNewAzimuth: -238.41867
07-08 15:12:33.663 14031 14031 E RRR     : onNewAzimuth: -238.41776
07-08 15:12:33.664 14031 14031 E RRR     : onNewAzimuth: -238.38235
07-08 15:12:33.683 14031 14031 E RRR     : onNewAzimuth: -238.38412
07-08 15:12:33.683 14031 14031 E RRR     : onNewAzimuth: -238.39291
07-08 15:12:33.683 14031 14031 E RRR     : onNewAzimuth: -238.38412
07-08 15:12:33.683 14031 14031 E RRR     : onNewAzimuth: -238.39291
07-08 15:12:33.685 14031 14031 E RRR     : onNewAzimuth: -238.35602
07-08 15:12:33.700 14031 14031 E RRR     : onNewAzimuth: -238.36206
07-08 15:12:33.703 14031 14031 E RRR     : onNewAzimuth: -238.3638
07-08 15:12:33.703 14031 14031 E RRR     : onNewAzimuth: -238.33057
07-08 15:12:33.703 14031 14031 E RRR     : onNewAzimuth: -238.3638
07-08 15:12:33.704 14031 14031 E RRR     : onNewAzimuth: -238.33057
07-08 15:12:33.725 14031 14031 E RRR     : onNewAzimuth: -238.33078
07-08 15:12:33.725 14031 14031 E RRR     : onNewAzimuth: -238.32697
07-08 15:12:33.725 14031 14031 E RRR     : onNewAzimuth: -238.29474
07-08 15:12:33.725 14031 14031 E RRR     : onNewAzimuth: -238.33078
07-08 15:12:33.725 14031 14031 E RRR     : onNewAzimuth: -238.32697
07-08 15:12:33.725 14031 14031 E RRR     : onNewAzimuth: -238.29474
07-08 15:12:33.732 14031 14031 E RRR     : onNewAzimuth: -238.29056
07-08 15:12:33.743 14031 14031 E RRR     : onNewAzimuth: -238.2868
07-08 15:12:33.744 14031 14031 E RRR     : onNewAzimuth: -238.25296
07-08 15:12:33.744 14031 14031 E RRR     : onNewAzimuth: -238.2868
07-08 15:12:33.744 14031 14031 E RRR     : onNewAzimuth: -238.25296
07-08 15:12:33.752 14031 14031 E RRR     : onNewAzimuth: -238.25403
07-08 15:12:33.762 14031 14031 E RRR     : onNewAzimuth: -238.26108
07-08 15:12:33.763 14031 14031 E RRR     : onNewAzimuth: -238.23083
07-08 15:12:33.776 14031 14031 E RRR     : onNewAzimuth: -238.23792
07-08 15:12:33.783 14031 14031 E RRR     : onNewAzimuth: -238.24414
07-08 15:12:33.783 14031 14031 E RRR     : onNewAzimuth: -238.21222
07-08 15:12:33.793 14031 14031 E RRR     : onNewAzimuth: -238.21579
07-08 15:12:33.802 14031 14031 E RRR     : onNewAzimuth: -238.21512
07-08 15:12:33.803 14031 14031 E RRR     : onNewAzimuth: -238.25214
07-08 15:12:33.813 14031 14031 E RRR     : onNewAzimuth: -238.24747
07-08 15:12:33.825 14031 14031 E RRR     : onNewAzimuth: -238.24011
07-08 15:12:33.825 14031 14031 E RRR     : onNewAzimuth: -238.20807
07-08 15:12:33.826 14031 14031 E RRR     : onNewAzimuth: -238.24011
07-08 15:12:33.826 14031 14031 E RRR     : onNewAzimuth: -238.20807
07-08 15:12:33.832 14031 14031 E RRR     : onNewAzimuth: -238.20447
07-08 15:12:33.847 14031 14031 E RRR     : onNewAzimuth: -238.20724
07-08 15:12:33.847 14031 14031 E RRR     : onNewAzimuth: -238.17871
07-08 15:12:33.847 14031 14031 E RRR     : onNewAzimuth: -238.20724
07-08 15:12:33.847 14031 14031 E RRR     : onNewAzimuth: -238.17871
07-08 15:12:33.853 14031 14031 E RRR     : onNewAzimuth: -238.18417
07-08 15:12:33.860  6310 15763 I Auth    : [GaiaIdSync] successfully updated accountId and email [CONTEXT service_id=153 ]
07-08 15:12:33.862 14031 14031 E RRR     : onNewAzimuth: -238.18991
07-08 15:12:33.863 14031 14031 E RRR     : onNewAzimuth: -238.2302
07-08 15:12:33.873 14031 14031 E RRR     : onNewAzimuth: -238.23322
07-08 15:12:33.882 14031 14031 E RRR     : onNewAzimuth: -238.23367
07-08 15:12:33.883 14031 14031 E RRR     : onNewAzimuth: -238.27274
07-08 15:12:33.893 14031 14031 E RRR     : onNewAzimuth: -238.27026
07-08 15:12:33.902 14031 14031 E RRR     : onNewAzimuth: -238.26208
07-08 15:12:33.904 14031 14031 E RRR     : onNewAzimuth: -238.23203
07-08 15:12:33.913 14031 14031 E RRR     : onNewAzimuth: -238.21863
07-08 15:12:33.923 14031 14031 E RRR     : onNewAzimuth: -238.20438
07-08 15:12:33.923 14031 14031 E RRR     : onNewAzimuth: -238.24316
07-08 15:12:33.923 14031 14031 E RRR     : onNewAzimuth: -238.20438
07-08 15:12:33.923 14031 14031 E RRR     : onNewAzimuth: -238.24316
07-08 15:12:33.934 14031 14031 E RRR     : onNewAzimuth: -238.22733
07-08 15:12:33.942 14031 14031 E RRR     : onNewAzimuth: -238.21176
07-08 15:12:33.944 14031 14031 E RRR     : onNewAzimuth: -238.2468
07-08 15:12:33.954 14031 14031 E RRR     : onNewAzimuth: -238.23471
07-08 15:12:33.962 14031 14031 E RRR     : onNewAzimuth: -238.22931
07-08 15:12:33.963 14031 14031 E RRR     : onNewAzimuth: -238.19797
07-08 15:12:33.975 14031 14031 E RRR     : onNewAzimuth: -238.19907
07-08 15:12:33.983 14031 14031 E RRR     : onNewAzimuth: -238.20364
07-08 15:12:33.983 14031 14031 E RRR     : onNewAzimuth: -238.17325
07-08 15:12:33.983 14031 14031 E RRR     : onNewAzimuth: -238.20364
07-08 15:12:33.983 14031 14031 E RRR     : onNewAzimuth: -238.17325
07-08 15:12:33.996 14031 14031 E RRR     : onNewAzimuth: -238.1788
07-08 15:12:34.003 14031 14031 E RRR     : onNewAzimuth: -238.18344
07-08 15:12:34.003 14031 14031 E RRR     : onNewAzimuth: -238.21924
07-08 15:12:34.003 14031 14031 E RRR     : onNewAzimuth: -238.18344
07-08 15:12:34.003 14031 14031 E RRR     : onNewAzimuth: -238.21924
07-08 15:12:34.017 14031 14031 E RRR     : onNewAzimuth: -238.2215
07-08 15:12:34.022 14031 14031 E RRR     : onNewAzimuth: -238.2172
07-08 15:12:34.024 14031 14031 E RRR     : onNewAzimuth: -238.25455
07-08 15:12:34.038 14031 14031 E RRR     : onNewAzimuth: -238.24579
07-08 15:12:34.044 14031 14031 E RRR     : onNewAzimuth: -238.2384
07-08 15:12:34.044 14031 14031 E RRR     : onNewAzimuth: -238.27203
07-08 15:12:34.045 14031 14031 E RRR     : onNewAzimuth: -238.24579
07-08 15:12:34.045 14031 14031 E RRR     : onNewAzimuth: -238.2384
07-08 15:12:34.045 14031 14031 E RRR     : onNewAzimuth: -238.27203
07-08 15:12:34.050  6310 17017 I Auth    : [GaiaIdSync] successfully updated accountId and email [CONTEXT service_id=153 ]
07-08 15:12:34.057 14031 14031 E RRR     : onNewAzimuth: -238.26791
07-08 15:12:34.062 14031 14031 E RRR     : onNewAzimuth: -238.26834
07-08 15:12:34.070 14031 14031 E RRR     : onNewAzimuth: -238.23563
07-08 15:12:34.078 14031 14031 E RRR     : onNewAzimuth: -238.23593
07-08 15:12:34.082 14031 14031 E RRR     : onNewAzimuth: -238.23419
07-08 15:12:34.083 14031 14031 E RRR     : onNewAzimuth: -238.19986
07-08 15:12:34.098 14031 14031 E RRR     : onNewAzimuth: -238.20169
07-08 15:12:34.102 14031 14031 E RRR     : onNewAzimuth: -238.20901
07-08 15:12:34.103 14031 14031 E RRR     : onNewAzimuth: -238.24362
07-08 15:12:34.119 14031 14031 E RRR     : onNewAzimuth: -238.25769
07-08 15:12:34.124 14031 14031 E RRR     : onNewAzimuth: -238.26733
07-08 15:12:34.124 14031 14031 E RRR     : onNewAzimuth: -238.2356
07-08 15:12:34.124 14031 14031 E RRR     : onNewAzimuth: -238.26733
07-08 15:12:34.124 14031 14031 E RRR     : onNewAzimuth: -238.2356
07-08 15:12:34.142 14031 14031 E RRR     : onNewAzimuth: -238.23755
07-08 15:12:34.142 14031 14031 E RRR     : onNewAzimuth: -238.23611
07-08 15:12:34.142 14031 14031 E RRR     : onNewAzimuth: -238.23755
07-08 15:12:34.142 14031 14031 E RRR     : onNewAzimuth: -238.23611
07-08 15:12:34.143 14031 14031 E RRR     : onNewAzimuth: -238.27328
07-08 15:12:34.160 14031 14031 E RRR     : onNewAzimuth: -238.26868
07-08 15:12:34.162 14031 14031 E RRR     : onNewAzimuth: -238.26093
07-08 15:12:34.163 14031 14031 E RRR     : onNewAzimuth: -238.29434
07-08 15:12:34.179 14031 14031 E RRR     : onNewAzimuth: -238.28275
07-08 15:12:34.181 14031 14031 E RRR     : onNewAzimuth: -238.26913
07-08 15:12:34.183 14031 14031 E RRR     : onNewAzimuth: -238.30154
07-08 15:12:34.200 14031 14031 E RRR     : onNewAzimuth: -238.29355
07-08 15:12:34.202 14031 14031 E RRR     : onNewAzimuth: -238.29327
07-08 15:12:34.203 14031 14031 E RRR     : onNewAzimuth: -238.25943
07-08 15:12:34.220 14031 14031 E RRR     : onNewAzimuth: -238.25961
07-08 15:12:34.225 14031 14031 E RRR     : onNewAzimuth: -238.25714
07-08 15:12:34.225 14031 14031 E RRR     : onNewAzimuth: -238.2243
07-08 15:12:34.226 14031 14031 E RRR     : onNewAzimuth: -238.25714
07-08 15:12:34.226 14031 14031 E RRR     : onNewAzimuth: -238.2243
07-08 15:12:34.242 14031 14031 E RRR     : onNewAzimuth: -238.22006
07-08 15:12:34.242 14031 14031 E RRR     : onNewAzimuth: -238.21683
07-08 15:12:34.242 14031 14031 E RRR     : onNewAzimuth: -238.22006
07-08 15:12:34.243 14031 14031 E RRR     : onNewAzimuth: -238.21683
07-08 15:12:34.243 14031 14031 E RRR     : onNewAzimuth: -238.18231
07-08 15:12:34.261 14031 14031 E RRR     : onNewAzimuth: -238.18088
07-08 15:12:34.261 14031 14031 E RRR     : onNewAzimuth: -238.17969
07-08 15:12:34.262 14031 14031 E RRR     : onNewAzimuth: -238.18088
07-08 15:12:34.262 14031 14031 E RRR     : onNewAzimuth: -238.17969
07-08 15:12:34.263 14031 14031 E RRR     : onNewAzimuth: -238.21414
07-08 15:12:34.273  6310 17017 I Auth    : [GaiaIdSync] successfully updated accountId and email [CONTEXT service_id=153 ]
07-08 15:12:34.281 14031 14031 E RRR     : onNewAzimuth: -238.2136
07-08 15:12:34.281 14031 14031 E RRR     : onNewAzimuth: -238.21536
07-08 15:12:34.281 14031 14031 E RRR     : onNewAzimuth: -238.2136
07-08 15:12:34.281 14031 14031 E RRR     : onNewAzimuth: -238.21536
07-08 15:12:34.283 14031 14031 E RRR     : onNewAzimuth: -238.25143
07-08 15:12:34.302 14031 14031 E RRR     : onNewAzimuth: -238.25397
07-08 15:12:34.302 14031 14031 E RRR     : onNewAzimuth: -238.25479
07-08 15:12:34.303 14031 14031 E RRR     : onNewAzimuth: -238.25397
07-08 15:12:34.303 14031 14031 E RRR     : onNewAzimuth: -238.25479
07-08 15:12:34.303 14031 14031 E RRR     : onNewAzimuth: -238.28976
