07-08 14:46:06.676 28667 28667 I Module  : DeviceLockedStatusModuleProvider$Module.updateDeviceLockedStatusInternal():129 repeatCheckTimes = 0, locked = false
07-08 14:46:06.676 28667 28667 V InputMethodService: finishStylusHandwriting()
07-08 14:46:06.676 28667 28667 D InlineSuggestionSessionController: notifyOnStartInput: com.android.launcher3, 0
07-08 14:46:06.676 28667 28667 V InputMethodService: CALL: onStartInput
07-08 14:46:06.676 28667 28667 I GoogleInputMethodService: GoogleInputMethodService.onStartInput():1460 onStartInput(EditorInfo{EditorInfo{packageName=com.android.launcher3, inputType=0, inputTypeString=NULL, enableLearning=false, autoCorrection=false, autoComplete=false, imeOptions=0, privateImeOptions=null, actionName=UNSPECIFIED, actionLabel=null, initialSelStart=-1, initialSelEnd=-1, initialCapsMode=0, label=null, fieldId=0, fieldName=null, extras=null, hintText=null, hintLocales=[]}}, false)
07-08 14:46:06.677 28667 28667 I LatinIMEBase: LatinIMEBase.updateInputViewCoverNavigation():317 Update input view padding, isNavbarOverInputWindow=true, bottom inset=126
07-08 14:46:06.677 28667 28667 I Module  : DeviceLockedStatusModuleProvider$Module.updateDeviceLockedStatusInternal():129 repeatCheckTimes = 1, locked = false
07-08 14:46:06.684 27106 27106 I lahalarm.lxw9zs: Using generational CollectorTypeCC GC.
07-08 14:46:06.688 27106 27106 D nativeloader: Load libframework-connectivity-tiramisu-jni.so using APEX ns com_android_tethering for caller /apex/com.android.tethering/javalib/framework-connectivity-t.jar: ok
07-08 14:46:06.689 27106 27106 E lahalarm.lxw9zs: BBinder_init Processname  com.emergent.salahalarm.lxw9zs  
07-08 14:46:06.689 27106 27106 E lahalarm.lxw9zs: BBinder_init hasGetProcessName  com.emergent.salahalarm.lxw9zs
07-08 14:46:06.704 14031 14031 E RRR     : onNewAzimuth: 465.02988
07-08 14:46:06.704 14031 14031 E RRR     : onNewAzimuth: 465.2416
07-08 14:46:06.704 14031 14031 E RRR     : onNewAzimuth: 465.313
07-08 14:46:06.704 14031 14031 E RRR     : onNewAzimuth: 465.2387
07-08 14:46:06.704 14031 14031 E RRR     : onNewAzimuth: 465.2145
07-08 14:46:06.704 14031 14031 E RRR     : onNewAzimuth: 465.02988
07-08 14:46:06.704 14031 14031 E RRR     : onNewAzimuth: 465.2416
07-08 14:46:06.704 14031 14031 E RRR     : onNewAzimuth: 465.313
07-08 14:46:06.704 14031 14031 E RRR     : onNewAzimuth: 465.2387
07-08 14:46:06.704 14031 14031 E RRR     : onNewAzimuth: 465.2145
07-08 14:46:06.717 14031 14031 E RRR     : onNewAzimuth: 465.1612
07-08 14:46:06.717 14031 14031 E RRR     : onNewAzimuth: 465.17355
07-08 14:46:06.717 14031 14031 E RRR     : onNewAzimuth: 465.1612
07-08 14:46:06.717 14031 14031 E RRR     : onNewAzimuth: 465.17355
07-08 14:46:06.723 14031 14031 E RRR     : onNewAzimuth: 465.12155
07-08 14:46:06.733 27106 27106 D nativeloader: Configuring clns-9 for other apk /data/app/~~WJmdasZnHvjgwxt9PrsHyg==/com.emergent.salahalarm.lxw9zs-9ss_N4V-MyZcf2i3bBuFCg==/base.apk. target_sdk_version=36, uses_libraries=, library_path=/data/app/~~WJmdasZnHvjgwxt9PrsHyg==/com.emergent.salahalarm.lxw9zs-9ss_N4V-MyZcf2i3bBuFCg==/lib/arm64:/data/app/~~WJmdasZnHvjgwxt9PrsHyg==/com.emergent.salahalarm.lxw9zs-9ss_N4V-MyZcf2i3bBuFCg==/base.apk!/lib/arm64-v8a, permitted_path=/data:/mnt/expand:/data/user/0/com.emergent.salahalarm.lxw9zs
07-08 14:46:06.735 27106 27106 I lahalarm.lxw9zs: AssetManager2(0xb4000077a02861d8) locale list changing from [] to [en-GB]
07-08 14:46:06.737 27106 27106 W VSPA    : Unable to open /proc/vivo_rsc/frame_set_priority: Permission denied
07-08 14:46:06.738 27106 27106 W VSPA    : Unable to open /proc/vivo_rsc/frame_set_priority: Permission denied
07-08 14:46:06.740 27106 27106 V GraphicsEnvironment: Currently set values for:
07-08 14:46:06.740 27106 27106 V GraphicsEnvironment:   angle_gl_driver_selection_pkgs=[com.android.angle, com.linecorp.b612.android, com.campmobile.snow, com.google.android.apps.tachyon]
07-08 14:46:06.740 27106 27106 V GraphicsEnvironment:   angle_gl_driver_selection_values=[angle, native, native, native]
07-08 14:46:06.740 27106 27106 V GraphicsEnvironment: com.emergent.salahalarm.lxw9zs is not listed in per-application setting
07-08 14:46:06.740 27106 27106 V GraphicsEnvironment: ANGLE allowlist from config: 
07-08 14:46:06.740 27106 27106 V GraphicsEnvironment: com.emergent.salahalarm.lxw9zs is not listed in ANGLE allowlist or settings, returning default
07-08 14:46:06.740 27106 27106 V GraphicsEnvironment: Neither updatable production driver nor prerelease driver is supported.
07-08 14:46:06.746 19536 19536 I cbfe    : onPause
07-08 14:46:06.746 19536 19536 W drep    : measuring already stopped.
07-08 14:46:06.748 27106 27106 W FirebaseApp: Default FirebaseApp failed to initialize because no default options were found. This usually means that com.google.gms:google-services was not applied to your gradle project.
07-08 14:46:06.748 27106 27106 I FirebaseInitProvider: FirebaseApp initialization unsuccessful
07-08 14:46:06.751 27106 27106 D WM-WrkMgrInitializer: Initializing WorkManager with default configuration.
07-08 14:46:06.753 27106 27106 D NOTIFEE : (context): received application context
07-08 14:46:06.754 14031 14031 E RRR     : onNewAzimuth: 465.08447
07-08 14:46:06.754 14031 14031 E RRR     : onNewAzimuth: 465.09662
07-08 14:46:06.754 14031 14031 E RRR     : onNewAzimuth: 465.07614
07-08 14:46:06.754 14031 14031 E RRR     : onNewAzimuth: 465.05695
07-08 14:46:06.754 27106 27106 W SoLoader: Initializing SoLoader: 0
07-08 14:46:06.754 14031 14031 E RRR     : onNewAzimuth: 465.08447
07-08 14:46:06.754 14031 14031 E RRR     : onNewAzimuth: 465.09662
07-08 14:46:06.754 27106 27106 W SoLoader: Recording new base apk path: /data/app/~~WJmdasZnHvjgwxt9PrsHyg==/com.emergent.salahalarm.lxw9zs-9ss_N4V-MyZcf2i3bBuFCg==/base.apk
07-08 14:46:06.754 27106 27106 W SoLoader: Previously recorded 0 base apk paths.
07-08 14:46:06.754 14031 14031 E RRR     : onNewAzimuth: 465.07614
07-08 14:46:06.754 14031 14031 E RRR     : onNewAzimuth: 465.05695
07-08 14:46:06.755 27106 27106 I SoLoader: Preparing SO source: DirectorySoSource[root = /vendor/lib64 flags = 2]
07-08 14:46:06.755 27106 27106 I SoLoader: Preparing SO source: DirectorySoSource[root = /system/lib64 flags = 2]
07-08 14:46:06.755 27106 27106 I SoLoader: Preparing SO source: DirectApkSoSource[root = [/data/app/~~WJmdasZnHvjgwxt9PrsHyg==/com.emergent.salahalarm.lxw9zs-9ss_N4V-MyZcf2i3bBuFCg==/base.apk!/lib/arm64-v8a]]
07-08 14:46:06.756 27106 27106 I SoLoader: Preparing SO source: ApplicationSoSource[DirectorySoSource[root = /data/app/~~WJmdasZnHvjgwxt9PrsHyg==/com.emergent.salahalarm.lxw9zs-9ss_N4V-MyZcf2i3bBuFCg==/lib/arm64 flags = 0]]
07-08 14:46:06.756 27106 27106 I SoLoader: init finish: 4 SO sources prepared
07-08 14:46:06.756 27106 27106 W SoLoader: SoLoader initialized: 8
07-08 14:46:06.759 14031 14031 E RRR     : onNewAzimuth: 465.06885
07-08 14:46:06.761 27106 27106 D nativeloader: Load /data/app/~~WJmdasZnHvjgwxt9PrsHyg==/com.emergent.salahalarm.lxw9zs-9ss_N4V-MyZcf2i3bBuFCg==/base.apk!/lib/arm64-v8a/libc++_shared.so using class loader ns clns-9 (caller=/data/app/~~WJmdasZnHvjgwxt9PrsHyg==/com.emergent.salahalarm.lxw9zs-9ss_N4V-MyZcf2i3bBuFCg==/base.apk!classes2.dex): ok
07-08 14:46:06.763 27106 27106 D nativeloader: Load /data/app/~~WJmdasZnHvjgwxt9PrsHyg==/com.emergent.salahalarm.lxw9zs-9ss_N4V-MyZcf2i3bBuFCg==/base.apk!/lib/arm64-v8a/libjsi.so using class loader ns clns-9 (caller=/data/app/~~WJmdasZnHvjgwxt9PrsHyg==/com.emergent.salahalarm.lxw9zs-9ss_N4V-MyZcf2i3bBuFCg==/base.apk!classes2.dex): ok
07-08 14:46:06.763 14031 14031 E RRR     : onNewAzimuth: 465.03516
07-08 14:46:06.765 27106 27106 D nativeloader: Load /data/app/~~WJmdasZnHvjgwxt9PrsHyg==/com.emergent.salahalarm.lxw9zs-9ss_N4V-MyZcf2i3bBuFCg==/base.apk!/lib/arm64-v8a/libfbjni.so using class loader ns clns-9 (caller=/data/app/~~WJmdasZnHvjgwxt9PrsHyg==/com.emergent.salahalarm.lxw9zs-9ss_N4V-MyZcf2i3bBuFCg==/base.apk!classes2.dex): ok
07-08 14:46:06.767 27106 27106 D nativeloader: Load /data/app/~~WJmdasZnHvjgwxt9PrsHyg==/com.emergent.salahalarm.lxw9zs-9ss_N4V-MyZcf2i3bBuFCg==/base.apk!/lib/arm64-v8a/libreactnative.so using class loader ns clns-9 (caller=/data/app/~~WJmdasZnHvjgwxt9PrsHyg==/com.emergent.salahalarm.lxw9zs-9ss_N4V-MyZcf2i3bBuFCg==/base.apk!classes2.dex): ok
07-08 14:46:06.767 27106 27106 D jni_lib_merge: Entering merged library JNI_OnLoad.
07-08 14:46:06.767 27106 27106 D jni_lib_merge: Preparing 12 pre-merged libs (including stub)
07-08 14:46:06.767 27106 27106 D jni_lib_merge: Preparing to register libfabricjni_so.  onload_func: 0x76460e5edc
07-08 14:46:06.767 27106 27106 D jni_lib_merge: Preparing to register libreact_devsupportjni_so.  onload_func: 0x76461b6f40
07-08 14:46:06.767 27106 27106 D jni_lib_merge: Preparing to register libreact_featureflagsjni_so.  onload_func: 0x76461c99f8
07-08 14:46:06.767 27106 27106 D jni_lib_merge: Preparing to register libreact_newarchdefaults_so.  onload_func: 0x76461eee30
07-08 14:46:06.767 27106 27106 D jni_lib_merge: Preparing to register libreactnativeblob_so.  onload_func: 0x76462815b0
07-08 14:46:06.767 27106 27106 D jni_lib_merge: Preparing to register libreactnativejni_so.  onload_func: 0x764629bb24
07-08 14:46:06.767 27106 27106 D jni_lib_merge: Preparing to register libreactnativejni_common_so.  onload_func: 0x76462a2458
07-08 14:46:06.767 27106 27106 D jni_lib_merge: Preparing to register librninstance_so.  onload_func: 0x76462be070
07-08 14:46:06.767 27106 27106 D jni_lib_merge: Preparing to register libturbomodulejsijni_so.  onload_func: 0x76463561a4
07-08 14:46:06.767 27106 27106 D jni_lib_merge: Preparing to register libuimanagerjni_so.  onload_func: 0x764635d7e0
07-08 14:46:06.767 27106 27106 D jni_lib_merge: Preparing to register libyoga_so.  onload_func: 0x7646364da4
07-08 14:46:06.767 27106 27106 D jni_lib_merge: About to register 11 actual methods.
07-08 14:46:06.770 27106 27106 D nativeloader: Load /data/app/~~WJmdasZnHvjgwxt9PrsHyg==/com.emergent.salahalarm.lxw9zs-9ss_N4V-MyZcf2i3bBuFCg==/base.apk!/lib/arm64-v8a/libreact_codegen_rnscreens.so using class loader ns clns-9 (caller=/data/app/~~WJmdasZnHvjgwxt9PrsHyg==/com.emergent.salahalarm.lxw9zs-9ss_N4V-MyZcf2i3bBuFCg==/base.apk!classes2.dex): ok
07-08 14:46:06.770 27106 27106 D jni_lib_merge: Entering merged library JNI_OnLoad.
07-08 14:46:06.770 27106 27106 D jni_lib_merge: Preparing 12 pre-merged libs (including stub)
07-08 14:46:06.771 27106 27106 D jni_lib_merge: Preparing to register libfabricjni_so.  onload_func: 0x76460e5edc
07-08 14:46:06.771 27106 27106 D jni_lib_merge: Preparing to register libreact_devsupportjni_so.  onload_func: 0x76461b6f40
07-08 14:46:06.771 27106 27106 D jni_lib_merge: Preparing to register libreact_featureflagsjni_so.  onload_func: 0x76461c99f8
07-08 14:46:06.771 27106 27106 D jni_lib_merge: Preparing to register libreact_newarchdefaults_so.  onload_func: 0x76461eee30
07-08 14:46:06.771 27106 27106 D jni_lib_merge: Preparing to register libreactnativeblob_so.  onload_func: 0x76462815b0
07-08 14:46:06.771 27106 27106 D jni_lib_merge: Preparing to register libreactnativejni_so.  onload_func: 0x764629bb24
07-08 14:46:06.771 27106 27106 D jni_lib_merge: Preparing to register libreactnativejni_common_so.  onload_func: 0x76462a2458
07-08 14:46:06.771 27106 27106 D jni_lib_merge: Preparing to register librninstance_so.  onload_func: 0x76462be070
07-08 14:46:06.771 27106 27106 D jni_lib_merge: Preparing to register libturbomodulejsijni_so.  onload_func: 0x76463561a4
07-08 14:46:06.771 27106 27106 D jni_lib_merge: Preparing to register libuimanagerjni_so.  onload_func: 0x764635d7e0
07-08 14:46:06.771 27106 27106 D jni_lib_merge: Preparing to register libyoga_so.  onload_func: 0x7646364da4
07-08 14:46:06.771 27106 27106 D jni_lib_merge: About to register 11 actual methods.
07-08 14:46:06.772 27106 27106 D nativeloader: Load /data/app/~~WJmdasZnHvjgwxt9PrsHyg==/com.emergent.salahalarm.lxw9zs-9ss_N4V-MyZcf2i3bBuFCg==/base.apk!/lib/arm64-v8a/libreact_codegen_RNCSlider.so using class loader ns clns-9 (caller=/data/app/~~WJmdasZnHvjgwxt9PrsHyg==/com.emergent.salahalarm.lxw9zs-9ss_N4V-MyZcf2i3bBuFCg==/base.apk!classes2.dex): ok
07-08 14:46:06.773 14031 14031 E RRR     : onNewAzimuth: 464.99652
07-08 14:46:06.773 14031 14031 E RRR     : onNewAzimuth: 464.9936
07-08 14:46:06.773 14031 14031 E RRR     : onNewAzimuth: 464.99652
07-08 14:46:06.773 14031 14031 E RRR     : onNewAzimuth: 464.9936
07-08 14:46:06.774 27106 27106 D nativeloader: Load /data/app/~~WJmdasZnHvjgwxt9PrsHyg==/com.emergent.salahalarm.lxw9zs-9ss_N4V-MyZcf2i3bBuFCg==/base.apk!/lib/arm64-v8a/libreact_codegen_safeareacontext.so using class loader ns clns-9 (caller=/data/app/~~WJmdasZnHvjgwxt9PrsHyg==/com.emergent.salahalarm.lxw9zs-9ss_N4V-MyZcf2i3bBuFCg==/base.apk!classes2.dex): ok
07-08 14:46:06.775 27106 27106 D nativeloader: Load /data/app/~~WJmdasZnHvjgwxt9PrsHyg==/com.emergent.salahalarm.lxw9zs-9ss_N4V-MyZcf2i3bBuFCg==/base.apk!/lib/arm64-v8a/libappmodules.so using class loader ns clns-9 (caller=/data/app/~~WJmdasZnHvjgwxt9PrsHyg==/com.emergent.salahalarm.lxw9zs-9ss_N4V-MyZcf2i3bBuFCg==/base.apk!classes2.dex): ok
--------- beginning of system
07-08 14:46:06.788 27106 27129 I DisplayManager: Choreographer implicitly registered for the refresh rate.
07-08 14:46:06.788 27106 27106 I lahalarm.lxw9zs: AssetManager2(0xb4000077a028acd8) locale list changing from [] to [en-GB]
07-08 14:46:06.788 27106 27129 I GameManager: __progname=com.emergent.salahalarm.lxw9zs
07-08 14:46:06.790 27106 27106 D AppCompatDelegate: Checking for metadata for AppLocalesMetadataHolderService : Service not found
07-08 14:46:06.790 27106 27106 I lahalarm.lxw9zs: AssetManager2(0xb4000077a028d578) locale list changing from [] to [en-GB]
07-08 14:46:06.798 14031 14031 E RRR     : onNewAzimuth: 464.96823
07-08 14:46:06.798 14031 14031 E RRR     : onNewAzimuth: 464.96814
07-08 14:46:06.798 14031 14031 E RRR     : onNewAzimuth: 464.8957
07-08 14:46:06.798 14031 14031 E RRR     : onNewAzimuth: 464.96823
07-08 14:46:06.798 14031 14031 E RRR     : onNewAzimuth: 464.96814
07-08 14:46:06.798 14031 14031 E RRR     : onNewAzimuth: 464.8957
07-08 14:46:06.801 27106 27106 W VSPA    : Unable to open /proc/vivo_rsc/frame_set_priority: Permission denied
07-08 14:46:06.801 27106 27106 W VSPA    : Unable to open /proc/vivo_rsc/frame_set_priority: Permission denied
07-08 14:46:06.804 14031 14031 E RRR     : onNewAzimuth: 464.92322
07-08 14:46:06.804 27106 27106 D CompatChangeReporter: Compat change id reported: 377864165; UID 10683; state: ENABLED
07-08 14:46:06.805 27106 27106 D DesktopModeFlags: Toggle override initialized to: OVERRIDE_UNSET
07-08 14:46:06.812 27106 27106 W VSPA    : Unable to open /proc/vivo_rsc/frame_set_priority: Permission denied
07-08 14:46:06.812 27106 27106 W VSPA    : Unable to open /proc/vivo_rsc/frame_set_priority: Permission denied
07-08 14:46:06.813 27106 27106 W unknown:BridgelessReact: ReactHost{0}.startSurface(surfaceId = 0): Schedule
07-08 14:46:06.813 27106 27106 W unknown:BridgelessReact: ReactHost{0}.attachSurface(surfaceId = 0)
07-08 14:46:06.813 14031 14031 E RRR     : onNewAzimuth: 464.97577
07-08 14:46:06.814 27106 27148 W unknown:BridgelessReact: ReactHost{0}.getOrCreateReactInstanceTask()
07-08 14:46:06.814 27106 27148 W unknown:BridgelessReact: ReactHost{0}.getOrCreateReactInstanceTask(): Start
07-08 14:46:06.814 27106 27148 W unknown:BridgelessReact: ReactHost{0}.getJSBundleLoader()
07-08 14:46:06.814 14031 14031 E RRR     : onNewAzimuth: 464.98962
07-08 14:46:06.815 27106 27148 W unknown:BridgelessReact: ReactHost{0}.getOrCreateReactContext(): Creating BridgelessReactContext
07-08 14:46:06.815 27106 27148 W unknown:BridgelessReact: ReactHost{0}.getOrCreateReactInstanceTask(): Creating ReactInstance
07-08 14:46:06.815 27106 27106 W WindowOnBackDispatcher: OnBackInvokedCallback is not enabled for the application.
07-08 14:46:06.815 27106 27106 W WindowOnBackDispatcher: Set 'android:enableOnBackInvokedCallback="true"' in the application manifest.
07-08 14:46:06.817 27106 27106 W unknown:BridgelessReact: ReactHost{0}.onHostResume(activity)
07-08 14:46:06.817 27106 27106 W unknown:BridgelessReact: ReactContext.onHostResume()
07-08 14:46:06.821 27106 27148 D nativeloader: Load /data/app/~~WJmdasZnHvjgwxt9PrsHyg==/com.emergent.salahalarm.lxw9zs-9ss_N4V-MyZcf2i3bBuFCg==/base.apk!/lib/arm64-v8a/libhermes.so using class loader ns clns-9 (caller=/data/app/~~WJmdasZnHvjgwxt9PrsHyg==/com.emergent.salahalarm.lxw9zs-9ss_N4V-MyZcf2i3bBuFCg==/base.apk!classes2.dex): ok
07-08 14:46:06.823 14031 14031 E RRR     : onNewAzimuth: 465.06003
07-08 14:46:06.824 27106 27106 W libc    : Access denied finding property "persist.vivo.ltw.enabled"
07-08 14:46:06.825 27106 27148 D nativeloader: Load /data/app/~~WJmdasZnHvjgwxt9PrsHyg==/com.emergent.salahalarm.lxw9zs-9ss_N4V-MyZcf2i3bBuFCg==/base.apk!/lib/arm64-v8a/libhermestooling.so using class loader ns clns-9 (caller=/data/app/~~WJmdasZnHvjgwxt9PrsHyg==/com.emergent.salahalarm.lxw9zs-9ss_N4V-MyZcf2i3bBuFCg==/base.apk!classes2.dex): ok
07-08 14:46:06.825 27106 27148 D jni_lib_merge: Entering merged library JNI_OnLoad.
07-08 14:46:06.825 27106 27148 D jni_lib_merge: Preparing 4 pre-merged libs (including stub)
07-08 14:46:06.825 27106 27148 D jni_lib_merge: Preparing to register libhermes_executor_so.  onload_func: 0x76c695f4b0
07-08 14:46:06.825 27106 27148 D jni_lib_merge: Preparing to register libhermesinstancejni_so.  onload_func: 0x76c6966900
07-08 14:46:06.825 27106 27148 D jni_lib_merge: Preparing to register libjsijniprofiler_so.  onload_func: 0x76c69670ec
07-08 14:46:06.825 27106 27148 D jni_lib_merge: About to register 3 actual methods.
07-08 14:46:06.826 27106 27153 W ServiceManagerCppClient: Failed to get isDeclared for mapper/mediatek: Status(-1, EX_SECURITY): 'SELinux denied for service.'
07-08 14:46:06.826 27106 27153 E Gralloc5: Failed to load mapper.mediatek.so
07-08 14:46:06.839 27106 27106 D ViewRootImpl: AppSizeAfterRelayout, size: Point(1260, 2800), rotation: ROTATION_0
07-08 14:46:06.841 27106 27106 E lahalarm.lxw9zs: [perfctl] 27106 27106 FPSGO ver:7
07-08 14:46:06.841 27106 27106 E lahalarm.lxw9zs: [perfctl] 1 1 1 0
07-08 14:46:06.842 27106 27106 D BufferQueueConsumer: [](id:69e200000000,api:0,p:-1,c:27106) connect: controlledByApp=false
07-08 14:46:06.843 27106 27106 D BLASTBufferQueue: [VRI[MainActivity,type=1]#0](f:0,a:0) constructor()
07-08 14:46:06.843 27106 27106 D BLASTBufferQueue: [VRI[MainActivity,type=1]#0](f:0,a:0) update width=1260 height=2800 format=-1 mTransformHint=0
07-08 14:46:06.845 27106 27129 W BLASTBufferQueue: Unable to open /proc/vivo_rsc/frame_set_priority: Permission denied
07-08 14:46:06.845 27106 27129 I BLASTBufferQueue: QoSAllocBuff Successful. Ret 0 
07-08 14:46:06.845 27106 27106 W VSPA    : Unable to open /proc/vivo_rsc/frame_set_priority: Permission denied
07-08 14:46:06.846 27106 27106 W VSPA    : Unable to open /proc/vivo_rsc/frame_set_priority: Permission denied
07-08 14:46:06.846 27106 27106 W VSPA    : Unable to open /proc/vivo_rsc/frame_set_priority: Permission denied
07-08 14:46:06.846 27106 27106 W VSPA    : Unable to open /proc/vivo_rsc/frame_set_priority: Permission denied
07-08 14:46:06.851 27106 27148 I ExpoModulesCore: ✅ AppContext was initialized
07-08 14:46:06.854 14031 14031 E RRR     : onNewAzimuth: 465.1321
07-08 14:46:06.854 14031 14031 E RRR     : onNewAzimuth: 465.07666
07-08 14:46:06.854 14031 14031 E RRR     : onNewAzimuth: 465.13174
07-08 14:46:06.854 14031 14031 E RRR     : onNewAzimuth: 465.1572
07-08 14:46:06.854 14031 14031 E RRR     : onNewAzimuth: 465.15765
07-08 14:46:06.854 14031 14031 E RRR     : onNewAzimuth: 465.1321
07-08 14:46:06.854 14031 14031 E RRR     : onNewAzimuth: 465.07666
07-08 14:46:06.854 14031 14031 E RRR     : onNewAzimuth: 465.13174
07-08 14:46:06.854 14031 14031 E RRR     : onNewAzimuth: 465.1572
07-08 14:46:06.854 14031 14031 E RRR     : onNewAzimuth: 465.15765
07-08 14:46:06.860 27106 27148 W unknown:BridgelessReact: ReactHost{0}.getOrCreateReactInstanceTask(): Loading JS Bundle
07-08 14:46:06.861 27106 27148 W unknown:BridgelessReact: ReactHost{0}.getOrCreateReactInstanceTask(): Calling DevSupportManagerBase.onNewReactContextCreated(reactContext)
07-08 14:46:06.861 27106 27148 W unknown:BridgelessReact: ReactHost{0}.startSurface(surfaceId = 0): Execute
07-08 14:46:06.865 14031 14031 E RRR     : onNewAzimuth: 465.15326
07-08 14:46:06.869 27106 27106 W unknown:BridgelessReact: ReactContext.onHostResume()
07-08 14:46:06.869 27106 27106 W unknown:BridgelessReact: ReactHost{0}.getOrCreateReactInstanceTask(): Executing ReactInstanceEventListeners
07-08 14:46:06.871 27106 27149 D nativeloader: Load /data/app/~~WJmdasZnHvjgwxt9PrsHyg==/com.emergent.salahalarm.lxw9zs-9ss_N4V-MyZcf2i3bBuFCg==/base.apk!/lib/arm64-v8a/libexpo-modules-core.so using class loader ns clns-9 (caller=/data/app/~~WJmdasZnHvjgwxt9PrsHyg==/com.emergent.salahalarm.lxw9zs-9ss_N4V-MyZcf2i3bBuFCg==/base.apk!classes2.dex): ok
07-08 14:46:06.873 14031 14031 E RRR     : onNewAzimuth: 465.13382
07-08 14:46:06.873 14031 14031 E RRR     : onNewAzimuth: 465.14856
07-08 14:46:06.873 14031 14031 E RRR     : onNewAzimuth: 465.13382
07-08 14:46:06.873 14031 14031 E RRR     : onNewAzimuth: 465.14856
07-08 14:46:06.881 27106 27149 W unknown:ViewManagerPropertyUpdater: Could not find generated setter for class com.th3rdwave.safeareacontext.SafeAreaProviderManager
07-08 14:46:06.882 27106 27149 W unknown:ViewManagerPropertyUpdater: Could not find generated setter for class com.facebook.react.uimanager.LayoutShadowNode
07-08 14:46:06.882 27106 27149 W unknown:ViewManagerPropertyUpdater: Could not find generated setter for class com.swmansion.rnscreens.SearchBarManager
07-08 14:46:06.883 27106 27149 W unknown:ViewManagerPropertyUpdater: Could not find generated setter for class com.swmansion.rnscreens.ScreenFooterManager
07-08 14:46:06.883 27106 27149 W unknown:ViewManagerPropertyUpdater: Could not find generated setter for class com.swmansion.rnscreens.gamma.tabs.TabScreenViewManager
07-08 14:46:06.883 27106 27149 W unknown:ViewManagerPropertyUpdater: Could not find generated setter for class expo.modules.kotlin.views.GroupViewManagerWrapper
07-08 14:46:06.884 27106 27149 W unknown:ViewManagerPropertyUpdater: Could not find generated setter for class com.swmansion.rnscreens.ScreenContainerViewManager
07-08 14:46:06.884 27106 27149 W unknown:ViewManagerPropertyUpdater: Could not find generated setter for class com.reactnativecommunity.slider.ReactSliderManager
07-08 14:46:06.884 27106 27149 W unknown:ViewManagerPropertyUpdater: Could not find generated setter for class com.swmansion.rnscreens.gamma.tabs.TabsHostViewManager
07-08 14:46:06.885 27106 27149 W unknown:ViewManagerPropertyUpdater: Could not find generated setter for class com.reactnativecommunity.webview.RNCWebViewManager
07-08 14:46:06.885 27106 27149 W unknown:ViewManagerPropertyUpdater: Could not find generated setter for class com.swmansion.rnscreens.ModalScreenViewManager
07-08 14:46:06.886 27106 27149 W unknown:ViewManagerPropertyUpdater: Could not find generated setter for class com.swmansion.rnscreens.ScreenStackHeaderConfigViewManager
07-08 14:46:06.886 27106 27149 W unknown:ViewManagerPropertyUpdater: Could not find generated setter for class com.swmansion.rnscreens.ScreenContentWrapperManager
07-08 14:46:06.886 27106 27149 W unknown:ViewManagerPropertyUpdater: Could not find generated setter for class com.th3rdwave.safeareacontext.SafeAreaViewManager
07-08 14:46:06.886 27106 27149 W unknown:ViewManagerPropertyUpdater: Could not find generated setter for class com.th3rdwave.safeareacontext.SafeAreaViewShadowNode
07-08 14:46:06.887 27106 27149 W unknown:ViewManagerPropertyUpdater: Could not find generated setter for class com.swmansion.rnscreens.ScreenViewManager
07-08 14:46:06.887 27106 27149 W unknown:ViewManagerPropertyUpdater: Could not find generated setter for class expo.modules.kotlin.views.SimpleViewManagerWrapper
07-08 14:46:06.887 27106 27149 W unknown:ViewManagerPropertyUpdater: Could not find generated setter for class com.swmansion.rnscreens.ScreenStackHeaderSubviewManager
07-08 14:46:06.887 27106 27149 W unknown:ViewManagerPropertyUpdater: Could not find generated setter for class com.swmansion.rnscreens.ScreenStackViewManager
07-08 14:46:06.899 27106 27149 W unknown:ViewManagerPropertyUpdater: Could not find generated setter for class com.swmansion.gesturehandler.react.RNGestureHandlerButtonViewManager
07-08 14:46:06.900 27106 27149 W unknown:ViewManagerPropertyUpdater: Could not find generated setter for class com.facebook.react.views.safeareaview.ReactSafeAreaViewManager
07-08 14:46:06.900 27106 27149 W unknown:ViewManagerPropertyUpdater: Could not find generated setter for class com.facebook.react.views.safeareaview.ReactSafeAreaViewShadowNode
07-08 14:46:06.901 14031 14031 E RRR     : onNewAzimuth: 465.13443
07-08 14:46:06.901 14031 14031 E RRR     : onNewAzimuth: 465.13943
07-08 14:46:06.901 14031 14031 E RRR     : onNewAzimuth: 465.13956
07-08 14:46:06.901 27106 27149 W unknown:ViewManagerPropertyUpdater: Could not find generated setter for class com.facebook.react.views.modal.ReactModalHostManager
07-08 14:46:06.901 14031 14031 E RRR     : onNewAzimuth: 465.13443
07-08 14:46:06.901 14031 14031 E RRR     : onNewAzimuth: 465.13943
07-08 14:46:06.901 14031 14031 E RRR     : onNewAzimuth: 465.13956
07-08 14:46:06.902 27106 27149 W unknown:ViewManagerPropertyUpdater: Could not find generated setter for class com.facebook.react.views.text.frescosupport.FrescoBasedReactTextInlineImageViewManager
07-08 14:46:06.902 27106 27149 W unknown:ViewManagerPropertyUpdater: Could not find generated setter for class com.facebook.react.views.text.frescosupport.FrescoBasedReactTextInlineImageShadowNode
07-08 14:46:06.903 27106 27149 W unknown:ViewManagerPropertyUpdater: Could not find generated setter for class com.facebook.react.views.progressbar.ReactProgressBarViewManager
07-08 14:46:06.903 27106 27149 W unknown:ViewManagerPropertyUpdater: Could not find generated setter for class com.facebook.react.views.progressbar.ProgressBarShadowNode
07-08 14:46:06.903 27106 27149 W unknown:ViewManagerPropertyUpdater: Could not find generated setter for class com.facebook.react.views.scroll.ReactHorizontalScrollViewManager
07-08 14:46:06.904 14031 14031 E RRR     : onNewAzimuth: 465.16245
07-08 14:46:06.904 27106 27149 W unknown:ViewManagerPropertyUpdater: Could not find generated setter for class com.facebook.react.views.image.ReactImageManager
07-08 14:46:06.906 27106 27149 W unknown:ViewManagerPropertyUpdater: Could not find generated setter for class com.facebook.react.views.text.ReactTextViewManager
07-08 14:46:06.906 27106 27149 W unknown:ViewManagerPropertyUpdater: Could not find generated setter for class com.facebook.react.views.text.ReactTextShadowNode
07-08 14:46:06.907 27106 27149 W unknown:ViewManagerPropertyUpdater: Could not find generated setter for class com.facebook.react.views.scroll.ReactHorizontalScrollContainerViewManager
07-08 14:46:06.908 27106 27149 W unknown:ViewManagerPropertyUpdater: Could not find generated setter for class com.facebook.react.views.unimplementedview.ReactUnimplementedViewManager
07-08 14:46:06.908 27106 27149 W unknown:ViewManagerPropertyUpdater: Could not find generated setter for class com.facebook.react.views.scroll.ReactScrollViewManager
07-08 14:46:06.909 27106 27149 W unknown:ViewManagerPropertyUpdater: Could not find generated setter for class com.facebook.react.views.view.ReactViewManager
07-08 14:46:06.910 27106 27149 W unknown:ViewManagerPropertyUpdater: Could not find generated setter for class com.facebook.react.views.drawer.ReactDrawerLayoutManager
07-08 14:46:06.911 27106 27149 W unknown:ViewManagerPropertyUpdater: Could not find generated setter for class com.facebook.react.views.switchview.ReactSwitchManager
07-08 14:46:06.911 27106 27149 W unknown:ViewManagerPropertyUpdater: Could not find generated setter for class com.facebook.react.views.switchview.ReactSwitchShadowNode
07-08 14:46:06.911 27106 27149 W unknown:ViewManagerPropertyUpdater: Could not find generated setter for class com.facebook.react.views.text.ReactVirtualTextViewManager
07-08 14:46:06.911 27106 27149 W unknown:ViewManagerPropertyUpdater: Could not find generated setter for class com.facebook.react.views.text.ReactVirtualTextShadowNode
07-08 14:46:06.912 27106 27149 W unknown:ViewManagerPropertyUpdater: Could not find generated setter for class com.facebook.react.views.swiperefresh.SwipeRefreshLayoutManager
07-08 14:46:06.913 27106 27149 W unknown:ViewManagerPropertyUpdater: Could not find generated setter for class com.facebook.react.views.text.ReactRawTextManager
07-08 14:46:06.913 27106 27149 W unknown:ViewManagerPropertyUpdater: Could not find generated setter for class com.facebook.react.views.text.ReactRawTextShadowNode
07-08 14:46:06.913 14031 14031 E RRR     : onNewAzimuth: 465.1915
07-08 14:46:06.913 14031 14031 E RRR     : onNewAzimuth: 465.13724
07-08 14:46:06.913 27106 27149 W unknown:ViewManagerPropertyUpdater: Could not find generated setter for class com.facebook.react.views.textinput.ReactTextInputManager
07-08 14:46:06.913 14031 14031 E RRR     : onNewAzimuth: 465.1915
07-08 14:46:06.913 14031 14031 E RRR     : onNewAzimuth: 465.13724
07-08 14:46:06.914 27106 27149 W unknown:ViewManagerPropertyUpdater: Could not find generated setter for class com.facebook.react.views.textinput.ReactTextInputShadowNode
07-08 14:46:06.915 27106 27149 W unknown:ViewManagerPropertyUpdater: Could not find generated setter for class com.swmansion.gesturehandler.react.RNGestureHandlerRootViewManager
07-08 14:46:06.918 27106 27149 W BridgelessReactContext: [WARNING] Bridgeless doesn't support CatalystInstance. Accessing an API that's not part of the new architecture is not encouraged usage.
07-08 14:46:06.920 27106 27149 I ExpoModulesCore: ✅ JSI interop was installed
07-08 14:46:06.922 14031 14031 E RRR     : onNewAzimuth: 465.1605
07-08 14:46:06.924 27106 27149 I ExpoModulesCore: ✅ Constants were exported
07-08 14:46:06.935 27106 27106 W Choreographer: Frame time is 0.118377 ms in the future!  Check that graphics HAL is generating vsync timestamps using the correct timebase.
07-08 14:46:06.948 27106 27149 D nativeloader: Load /data/app/~~WJmdasZnHvjgwxt9PrsHyg==/com.emergent.salahalarm.lxw9zs-9ss_N4V-MyZcf2i3bBuFCg==/base.apk!/lib/arm64-v8a/librnscreens.so using class loader ns clns-9 (caller=/data/app/~~WJmdasZnHvjgwxt9PrsHyg==/com.emergent.salahalarm.lxw9zs-9ss_N4V-MyZcf2i3bBuFCg==/base.apk!classes3.dex): ok
07-08 14:46:06.952 27106 27149 I ReactNativeJS: Running "main"
07-08 14:46:06.955 14031 14031 E RRR     : onNewAzimuth: 465.1718
07-08 14:46:06.955 14031 14031 E RRR     : onNewAzimuth: 465.1038
07-08 14:46:06.955 14031 14031 E RRR     : onNewAzimuth: 465.10532
07-08 14:46:06.955 14031 14031 E RRR     : onNewAzimuth: 465.1034
07-08 14:46:06.955 14031 14031 E RRR     : onNewAzimuth: 465.10715
07-08 14:46:06.955 14031 14031 E RRR     : onNewAzimuth: 465.1718
07-08 14:46:06.955 14031 14031 E RRR     : onNewAzimuth: 465.1038
07-08 14:46:06.955 14031 14031 E RRR     : onNewAzimuth: 465.10532
07-08 14:46:06.955 14031 14031 E RRR     : onNewAzimuth: 465.1034
07-08 14:46:06.955 14031 14031 E RRR     : onNewAzimuth: 465.10715
07-08 14:46:06.962 14031 14031 E RRR     : onNewAzimuth: 465.09393
07-08 14:46:06.966 27106 27149 D nativeloader: Load /data/app/~~WJmdasZnHvjgwxt9PrsHyg==/com.emergent.salahalarm.lxw9zs-9ss_N4V-MyZcf2i3bBuFCg==/base.apk!/lib/arm64-v8a/libworklets.so using class loader ns clns-9 (caller=/data/app/~~WJmdasZnHvjgwxt9PrsHyg==/com.emergent.salahalarm.lxw9zs-9ss_N4V-MyZcf2i3bBuFCg==/base.apk!classes2.dex): ok
07-08 14:46:06.973 14031 14031 E RRR     : onNewAzimuth: 465.06262
07-08 14:46:06.973 14031 14031 E RRR     : onNewAzimuth: 465.08032
07-08 14:46:06.973 14031 14031 E RRR     : onNewAzimuth: 465.06262
07-08 14:46:06.973 14031 14031 E RRR     : onNewAzimuth: 465.08032
07-08 14:46:06.981 27106 27149 D nativeloader: Load /data/app/~~WJmdasZnHvjgwxt9PrsHyg==/com.emergent.salahalarm.lxw9zs-9ss_N4V-MyZcf2i3bBuFCg==/base.apk!/lib/arm64-v8a/libreanimated.so using class loader ns clns-9 (caller=/data/app/~~WJmdasZnHvjgwxt9PrsHyg==/com.emergent.salahalarm.lxw9zs-9ss_N4V-MyZcf2i3bBuFCg==/base.apk!classes2.dex): ok
07-08 14:46:07.001 14031 14031 E RRR     : onNewAzimuth: 465.05115
07-08 14:46:07.001 14031 14031 E RRR     : onNewAzimuth: 465.03333
07-08 14:46:07.001 14031 14031 E RRR     : onNewAzimuth: 465.03638
07-08 14:46:07.001 14031 14031 E RRR     : onNewAzimuth: 465.05115
07-08 14:46:07.001 14031 14031 E RRR     : onNewAzimuth: 465.03333
07-08 14:46:07.001 14031 14031 E RRR     : onNewAzimuth: 465.03638
07-08 14:46:07.003 14031 14031 E RRR     : onNewAzimuth: 465.01242
07-08 14:46:07.013 14031 14031 E RRR     : onNewAzimuth: 464.9846
07-08 14:46:07.013 14031 14031 E RRR     : onNewAzimuth: 465.05576
07-08 14:46:07.013 14031 14031 E RRR     : onNewAzimuth: 464.9846
07-08 14:46:07.013 14031 14031 E RRR     : onNewAzimuth: 465.05576
07-08 14:46:07.041 14031 14031 E RRR     : onNewAzimuth: 465.03903
07-08 14:46:07.041 14031 14031 E RRR     : onNewAzimuth: 465.03635
07-08 14:46:07.041 14031 14031 E RRR     : onNewAzimuth: 464.969
07-08 14:46:07.041 14031 14031 E RRR     : onNewAzimuth: 465.03903
07-08 14:46:07.041 14031 14031 E RRR     : onNewAzimuth: 465.03635
07-08 14:46:07.041 14031 14031 E RRR     : onNewAzimuth: 464.969
07-08 14:46:07.042 14031 14031 E RRR     : onNewAzimuth: 464.97406
07-08 14:46:07.053 14031 14031 E RRR     : onNewAzimuth: 464.9833
07-08 14:46:07.053 14031 14031 E RRR     : onNewAzimuth: 464.9165
07-08 14:46:07.053 14031 14031 E RRR     : onNewAzimuth: 464.9833
07-08 14:46:07.053 14031 14031 E RRR     : onNewAzimuth: 464.9165
07-08 14:46:07.060 27106 27149 D nativeloader: Load /data/app/~~WJmdasZnHvjgwxt9PrsHyg==/com.emergent.salahalarm.lxw9zs-9ss_N4V-MyZcf2i3bBuFCg==/base.apk!/lib/arm64-v8a/libgesturehandler.so using class loader ns clns-9 (caller=/data/app/~~WJmdasZnHvjgwxt9PrsHyg==/com.emergent.salahalarm.lxw9zs-9ss_N4V-MyZcf2i3bBuFCg==/base.apk!classes2.dex): ok
07-08 14:46:07.060 27106 27149 D jni_lib_merge: Entering merged library JNI_OnLoad.
07-08 14:46:07.060 27106 27149 D jni_lib_merge: Preparing 12 pre-merged libs (including stub)
07-08 14:46:07.060 27106 27149 D jni_lib_merge: Preparing to register libfabricjni_so.  onload_func: 0x76460e5edc
07-08 14:46:07.060 27106 27149 D jni_lib_merge: Preparing to register libreact_devsupportjni_so.  onload_func: 0x76461b6f40
07-08 14:46:07.060 27106 27149 D jni_lib_merge: Preparing to register libreact_featureflagsjni_so.  onload_func: 0x76461c99f8
07-08 14:46:07.060 27106 27149 D jni_lib_merge: Preparing to register libreact_newarchdefaults_so.  onload_func: 0x76461eee30
07-08 14:46:07.060 27106 27149 D jni_lib_merge: Preparing to register libreactnativeblob_so.  onload_func: 0x76462815b0
07-08 14:46:07.060 27106 27149 D jni_lib_merge: Preparing to register libreactnativejni_so.  onload_func: 0x764629bb24
07-08 14:46:07.060 27106 27149 D jni_lib_merge: Preparing to register libreactnativejni_common_so.  onload_func: 0x76462a2458
07-08 14:46:07.060 27106 27149 D jni_lib_merge: Preparing to register librninstance_so.  onload_func: 0x76462be070
07-08 14:46:07.060 27106 27149 D jni_lib_merge: Preparing to register libturbomodulejsijni_so.  onload_func: 0x76463561a4
07-08 14:46:07.060 27106 27149 D jni_lib_merge: Preparing to register libuimanagerjni_so.  onload_func: 0x764635d7e0
07-08 14:46:07.060 27106 27149 D jni_lib_merge: Preparing to register libyoga_so.  onload_func: 0x7646364da4
07-08 14:46:07.060 27106 27149 D jni_lib_merge: About to register 11 actual methods.
07-08 14:46:07.062 27106 27106 I ReactNative: [GESTURE HANDLER] Initialize gesture handler for root view com.facebook.react.runtime.ReactSurfaceView{f57b992 V.E...... ......ID 0,0-1260,2800 #1}
07-08 14:46:07.062 14031 14031 E RRR     : onNewAzimuth: 464.9236
07-08 14:46:07.066 27106 27172 D nativeloader: Load /data/app/~~WJmdasZnHvjgwxt9PrsHyg==/com.emergent.salahalarm.lxw9zs-9ss_N4V-MyZcf2i3bBuFCg==/base.apk!/lib/arm64-v8a/libimagepipeline.so using class loader ns clns-9 (caller=/data/app/~~WJmdasZnHvjgwxt9PrsHyg==/com.emergent.salahalarm.lxw9zs-9ss_N4V-MyZcf2i3bBuFCg==/base.apk!classes2.dex): ok
07-08 14:46:07.090 14031 14031 E RRR     : onNewAzimuth: 464.92798
07-08 14:46:07.090 14031 14031 E RRR     : onNewAzimuth: 464.9473
07-08 14:46:07.090 14031 14031 E RRR     : onNewAzimuth: 464.95013
07-08 14:46:07.090 14031 14031 E RRR     : onNewAzimuth: 464.92798
07-08 14:46:07.090 14031 14031 E RRR     : onNewAzimuth: 464.9473
07-08 14:46:07.091 14031 14031 E RRR     : onNewAzimuth: 464.95013
07-08 14:46:07.092 14031 14031 E RRR     : onNewAzimuth: 464.95633
07-08 14:46:07.093 14031 14031 E RRR     : onNewAzimuth: 464.9606
07-08 14:46:07.093 14031 14031 E RRR     : onNewAzimuth: 464.95633
07-08 14:46:07.093 14031 14031 E RRR     : onNewAzimuth: 464.9606
07-08 14:46:07.100 27106 27173 W HWUI    : Image decoding logging dropped!
07-08 14:46:07.127 14031 14031 E RRR     : onNewAzimuth: 464.97214
07-08 14:46:07.127 14031 14031 E RRR     : onNewAzimuth: 464.98566
07-08 14:46:07.127 14031 14031 E RRR     : onNewAzimuth: 464.98984
07-08 14:46:07.127 14031 14031 E RRR     : onNewAzimuth: 464.99936
07-08 14:46:07.127 14031 14031 E RRR     : onNewAzimuth: 464.97214
07-08 14:46:07.127 14031 14031 E RRR     : onNewAzimuth: 464.98566
07-08 14:46:07.127 14031 14031 E RRR     : onNewAzimuth: 464.98984
07-08 14:46:07.127 14031 14031 E RRR     : onNewAzimuth: 464.99936
07-08 14:46:07.133 14031 14031 E RRR     : onNewAzimuth: 465.00516
07-08 14:46:07.133 14031 14031 E RRR     : onNewAzimuth: 465.0234
07-08 14:46:07.133 14031 14031 E RRR     : onNewAzimuth: 465.00516
07-08 14:46:07.133 14031 14031 E RRR     : onNewAzimuth: 465.0234
07-08 14:46:07.137 27106 27106 I ExoPlayerImpl: Init 5c61eb0 [AndroidXMedia3/1.8.0] [V2309, V2309, vivo, 36]
07-08 14:46:07.137 27106 27106 W VSPA    : Unable to open /proc/vivo_rsc/frame_set_priority: Permission denied
07-08 14:46:07.137 27106 27106 W VSPA    : Unable to open /proc/vivo_rsc/frame_set_priority: Permission denied
07-08 14:46:07.138 27106 27106 W VSPA    : Unable to open /proc/vivo_rsc/frame_set_priority: Permission denied
07-08 14:46:07.138 27106 27106 W VSPA    : Unable to open /proc/vivo_rsc/frame_set_priority: Permission denied
07-08 14:46:07.141 27106 27176 D AudioSystem: onNewServiceWithAdapter: media.audio_flinger service obtained 0xb4000078c02de030
07-08 14:46:07.142 27106 27176 D AudioSystem: getService: checking for service media.audio_flinger: 0xb400007800307e50
07-08 14:46:07.143 14031 14031 E RRR     : onNewAzimuth: 465.02972
07-08 14:46:07.149 19536 19536 D VRI[GoogleDiscoverWindow,type=4]: visibilityChanged oldVisibility=true newVisibility=false
07-08 14:46:07.154 14031 14031 E RRR     : onNewAzimuth: 465.04282
07-08 14:46:07.154 14031 14031 E RRR     : onNewAzimuth: 465.0462
07-08 14:46:07.154 14031 14031 E RRR     : onNewAzimuth: 465.04282
07-08 14:46:07.154 14031 14031 E RRR     : onNewAzimuth: 465.0462
07-08 14:46:07.164 19536 19815 I HWUI    : [destroy] CanvasContext will be destroyed.
07-08 14:46:07.165 14031 14031 E RRR     : onNewAzimuth: 465.06555
07-08 14:46:07.171 19536 19536 D ViewRootImpl: AppSizeAfterRelayout, size: Point(1260, 2800), rotation: ROTATION_0
07-08 14:46:07.171 19536 19536 D BLASTBufferQueue: [VRI[GoogleDiscoverWindow,type=4]#829](f:0,a:2) destructor()
07-08 14:46:07.171 19536 19536 D BufferQueueConsumer: [VRI[GoogleDiscoverWindow,type=4]#829(BLAST Consumer)829](id:4c500000033d,api:0,p:-1,c:19536) disconnect
07-08 14:46:07.174 14031 14031 E RRR     : onNewAzimuth: 465.07446
07-08 14:46:07.174 19536 19536 I cbfe    : onStop
07-08 14:46:07.174 14031 14031 E RRR     : onNewAzimuth: 465.07788
07-08 14:46:07.174 14031 14031 E RRR     : onNewAzimuth: 465.07446
07-08 14:46:07.174 14031 14031 E RRR     : onNewAzimuth: 465.07788
07-08 14:46:07.182 14031 14031 E RRR     : onNewAzimuth: 465.0707
07-08 14:46:07.184 27106 27176 D AudioSystem: onNewService: media.audio_policy service obtained 0xb4000078003563c0
07-08 14:46:07.186 27106 27106 W [RNScreens]: backTitleVisible prop is not available on Android
07-08 14:46:07.186 27106 27106 W [RNScreens]: backTitleFontFamily prop is not available on Android
07-08 14:46:07.186 27106 27106 W [RNScreens]: disableBackButtonMenu prop is not available on Android
07-08 14:46:07.186 27106 27106 W [RNScreens]: largeTitleFontFamily prop is not available on Android
07-08 14:46:07.186 27106 27106 W [RNScreens]: largeTitleFontWeight prop is not available on Android
07-08 14:46:07.186 27106 27106 W [RNScreens]: largeTitleHideShadow prop is not available on Android
07-08 14:46:07.187 27106 27176 D AudioSystem: getService: checking for service media.audio_policy: 0xb4000078003563c0
07-08 14:46:07.196 27106 27176 W MediaCodec-JNI: pid:27106,client name:com.emergent.salahalarm.lxw9zs
07-08 14:46:07.196 27106 27176 W AudioCapabilities: Unsupported mediaType audio/x-ms-wma
07-08 14:46:07.196 27106 27176 W AudioCapabilities: Unsupported mediaType audio/mpeg-L1
07-08 14:46:07.196 27106 27176 W AudioCapabilities: Unsupported mediaType audio/mpeg-L2
07-08 14:46:07.198 27106 27176 W AudioCapabilities: Unsupported mediaType audio/ra
07-08 14:46:07.198 27106 27176 W AudioCapabilities: Unsupported mediaType audio/alac
07-08 14:46:07.198 27106 27176 W AudioCapabilities: Unsupported mediaType audio/ape
07-08 14:46:07.198 27106 27176 W AudioCapabilities: Unsupported mediaType audio/x-ape
07-08 14:46:07.198 27106 27176 W AudioCapabilities: Unsupported mediaType audio/adpcm
07-08 14:46:07.198 27106 27176 W AudioCapabilities: Unsupported mediaType audio/x-ms-adpcm
07-08 14:46:07.198 27106 27176 W AudioCapabilities: Unsupported mediaType audio/pcm
07-08 14:46:07.198 27106 27176 W AudioCapabilities: Unsupported mediaType audio/dsd
07-08 14:46:07.199 27106 27176 W VideoCapabilities: Unsupported mime video/rv
07-08 14:46:07.199 27106 27176 W VideoCapabilities: Unsupported mime video/x-ms-wmv
07-08 14:46:07.199 27106 27176 W VideoCapabilities: Unsupported mime video/x-ms-wmv2
07-08 14:46:07.199 27106 27176 W VideoCapabilities: Unsupported mime video/divx3
07-08 14:46:07.200 27106 27176 W VideoCapabilities: Unsupported mime video/flv1
07-08 14:46:07.200 27106 27176 W VideoCapabilities: Unsupported mime video/x-flv
07-08 14:46:07.200 27106 27176 W VideoCapabilities: Unsupported mime video/mjpeg
07-08 14:46:07.201 27106 27176 W VideoCapabilities: Unsupported mime video/x-motion-jpeg
07-08 14:46:07.201 27106 27176 W AudioCapabilities: Unsupported mediaType audio/x-adpcm-dvi-ima
07-08 14:46:07.201 27106 27176 W AudioCapabilities: Unsupported mediaType audio/x-adpcm-ms
07-08 14:46:07.201 27106 27176 W AudioCapabilities: Unsupported mediaType audio/alac
07-08 14:46:07.205 27106 27151 W unknown:ReactNative: StatusBarModule: Ignored status bar change, current activity is edge-to-edge.
07-08 14:46:07.205 27106 27151 W unknown:ReactNative: StatusBarModule: Ignored status bar change, current activity is edge-to-edge.
07-08 14:46:07.206 27106 27176 W VideoCapabilities: Unsupported mime image/vnd.android.heic
07-08 14:46:07.206 27106 27176 W VideoCapabilities: Unsupported mime image/vnd.android.heic
07-08 14:46:07.206 27106 27149 W ReactNativeJS: `setPositionAsync` is not supported with edge-to-edge enabled.
07-08 14:46:07.207 27106 27149 W ReactNativeJS: `setBehaviorAsync` is not supported with edge-to-edge enabled.
07-08 14:46:07.207 27106 27106 D InsetsController: Setting requestedVisibleTypes to -5131 (was -5129)
07-08 14:46:07.208 27106 27106 W VSPA    : Unable to open /proc/vivo_rsc/frame_set_priority: Permission denied
07-08 14:46:07.208 27106 27106 W VSPA    : Unable to open /proc/vivo_rsc/frame_set_priority: Permission denied
07-08 14:46:07.208 14031 14031 E RRR     : onNewAzimuth: 465.0459
07-08 14:46:07.208 14031 14031 E RRR     : onNewAzimuth: 465.0492
07-08 14:46:07.208 14031 14031 E RRR     : onNewAzimuth: 465.00797
07-08 14:46:07.208 14031 14031 E RRR     : onNewAzimuth: 465.0459
07-08 14:46:07.208 14031 14031 E RRR     : onNewAzimuth: 465.0492
07-08 14:46:07.208 14031 14031 E RRR     : onNewAzimuth: 465.00797
07-08 14:46:07.208 27106 27149 W ReactNativeJS: `setBackgroundColorAsync` is not supported with edge-to-edge enabled.
07-08 14:46:07.213 14031 14031 E RRR     : onNewAzimuth: 464.95724
07-08 14:46:07.213 14031 14031 E RRR     : onNewAzimuth: 464.96036
07-08 14:46:07.213 27106 27176 W AudioCapabilities: Unsupported mediaType audio/x-ms-wma
07-08 14:46:07.213 27106 27176 W AudioCapabilities: Unsupported mediaType audio/mpeg-L1
07-08 14:46:07.213 27106 27176 W AudioCapabilities: Unsupported mediaType audio/mpeg-L2
07-08 14:46:07.213 27106 27176 W AudioCapabilities: Unsupported mediaType audio/ra
07-08 14:46:07.213 27106 27176 W AudioCapabilities: Unsupported mediaType audio/alac
07-08 14:46:07.213 27106 27176 W AudioCapabilities: Unsupported mediaType audio/ape
07-08 14:46:07.214 27106 27176 W AudioCapabilities: Unsupported mediaType audio/x-ape
07-08 14:46:07.214 14031 14031 E RRR     : onNewAzimuth: 464.95724
07-08 14:46:07.214 27106 27176 W AudioCapabilities: Unsupported mediaType audio/adpcm
07-08 14:46:07.214 14031 14031 E RRR     : onNewAzimuth: 464.96036
07-08 14:46:07.214 27106 27176 W AudioCapabilities: Unsupported mediaType audio/x-ms-adpcm
07-08 14:46:07.214 27106 27176 W AudioCapabilities: Unsupported mediaType audio/pcm
07-08 14:46:07.214 27106 27176 W AudioCapabilities: Unsupported mediaType audio/dsd
07-08 14:46:07.214 27106 27176 W VideoCapabilities: Unsupported mime video/rv
07-08 14:46:07.214 27106 27176 W VideoCapabilities: Unsupported mime video/x-ms-wmv
07-08 14:46:07.214 27106 27176 W VideoCapabilities: Unsupported mime video/x-ms-wmv2
07-08 14:46:07.215 27106 27176 W VideoCapabilities: Unsupported mime video/divx3
07-08 14:46:07.215 27106 27176 W VideoCapabilities: Unsupported mime video/flv1
07-08 14:46:07.215 27106 27176 W VideoCapabilities: Unsupported mime video/x-flv
07-08 14:46:07.215 27106 27176 W VideoCapabilities: Unsupported mime video/mjpeg
07-08 14:46:07.215 27106 27176 W VideoCapabilities: Unsupported mime video/x-motion-jpeg
07-08 14:46:07.215 27106 27176 W AudioCapabilities: Unsupported mediaType audio/x-adpcm-dvi-ima
07-08 14:46:07.215 27106 27176 W AudioCapabilities: Unsupported mediaType audio/x-adpcm-ms
07-08 14:46:07.216 27106 27176 W AudioCapabilities: Unsupported mediaType audio/alac
07-08 14:46:07.219 27106 27176 W VideoCapabilities: Unsupported mime image/vnd.android.heic
07-08 14:46:07.220 27106 27176 W VideoCapabilities: Unsupported mime image/vnd.android.heic
07-08 14:46:07.223 14031 14031 E RRR     : onNewAzimuth: 464.90625
07-08 14:46:07.226 27106 27176 W AudioCapabilities: Unsupported mime audio/x-ms-wma
07-08 14:46:07.227 27106 27176 W AudioCapabilities: Unsupported mime audio/mpeg-L1
07-08 14:46:07.227 27106 27176 W AudioCapabilities: Unsupported mime audio/mpeg-L2
07-08 14:46:07.227 27106 27176 W AudioCapabilities: Unsupported mime audio/ra
07-08 14:46:07.227 27106 27176 W AudioCapabilities: Unsupported mime audio/alac
07-08 14:46:07.227 27106 27176 W AudioCapabilities: Unsupported mime audio/ape
07-08 14:46:07.227 27106 27176 W AudioCapabilities: Unsupported mime audio/x-ape
07-08 14:46:07.227 27106 27176 W AudioCapabilities: Unsupported mime audio/adpcm
07-08 14:46:07.227 27106 27176 W AudioCapabilities: Unsupported mime audio/x-ms-adpcm
07-08 14:46:07.227 27106 27176 W AudioCapabilities: Unsupported mime audio/pcm
07-08 14:46:07.227 27106 27176 W AudioCapabilities: Unsupported mime audio/dsd
07-08 14:46:07.227 27106 27176 W VideoCapabilities: Unsupported mime video/rv
07-08 14:46:07.227 27106 27176 W VideoCapabilities: Unsupported mime video/x-ms-wmv
07-08 14:46:07.227 27106 27176 W VideoCapabilities: Unsupported mime video/x-ms-wmv2
07-08 14:46:07.227 27106 27176 W VideoCapabilities: Unsupported mime video/divx3
07-08 14:46:07.227 27106 27176 W VideoCapabilities: Unsupported mime video/flv1
07-08 14:46:07.227 27106 27176 W VideoCapabilities: Unsupported mime video/x-flv
07-08 14:46:07.227 27106 27176 W VideoCapabilities: Unsupported mime video/mjpeg
07-08 14:46:07.227 27106 27176 W VideoCapabilities: Unsupported mime video/x-motion-jpeg
07-08 14:46:07.227 27106 27176 W AudioCapabilities: Unsupported mime audio/x-adpcm-dvi-ima
07-08 14:46:07.228 27106 27176 W AudioCapabilities: Unsupported mime audio/x-adpcm-ms
07-08 14:46:07.228 27106 27176 W AudioCapabilities: Unsupported mime audio/alac
07-08 14:46:07.228 27106 27106 W VSPA    : Unable to open /proc/vivo_rsc/frame_set_priority: Permission denied
07-08 14:46:07.228 27106 27176 W VideoCapabilities: Unsupported mime image/vnd.android.heic
07-08 14:46:07.228 27106 27176 W VideoCapabilities: Unsupported mime image/vnd.android.heic
07-08 14:46:07.229 27106 27106 W VSPA    : Unable to open /proc/vivo_rsc/frame_set_priority: Permission denied
07-08 14:46:07.231 27106 27176 W AudioCapabilities: Unsupported mime audio/x-ms-wma
07-08 14:46:07.231 27106 27176 W AudioCapabilities: Unsupported mime audio/mpeg-L1
07-08 14:46:07.232 27106 27176 W AudioCapabilities: Unsupported mime audio/mpeg-L1
07-08 14:46:07.232 27106 27176 W AudioCapabilities: Unsupported mime audio/ra
07-08 14:46:07.232 27106 27176 W AudioCapabilities: Unsupported mime audio/alac
07-08 14:46:07.232 27106 27176 W AudioCapabilities: Unsupported mime audio/ape
07-08 14:46:07.232 27106 27176 W AudioCapabilities: Unsupported mime audio/ape
07-08 14:46:07.232 27106 27176 W AudioCapabilities: Unsupported mime audio/pcm
07-08 14:46:07.232 27106 27176 W AudioCapabilities: Unsupported mime audio/dsd
07-08 14:46:07.232 27106 27176 W VideoCapabilities: Unsupported mime video/rv
07-08 14:46:07.232 27106 27176 W VideoCapabilities: Unsupported mime video/x-ms-wmv
