07-08 14:46:07.232 27106 27176 W VideoCapabilities: Unsupported mime video/x-ms-wmv
07-08 14:46:07.232 27106 27176 W VideoCapabilities: Unsupported mime video/divx3
07-08 14:46:07.232 27106 27176 W VideoCapabilities: Unsupported mime video/flv1
07-08 14:46:07.232 27106 27176 W VideoCapabilities: Unsupported mime video/flv1
07-08 14:46:07.232 27106 27176 W VideoCapabilities: Unsupported mime video/mjpeg
07-08 14:46:07.232 27106 27176 W VideoCapabilities: Unsupported mime video/mjpeg
07-08 14:46:07.232 27106 27176 W AudioCapabilities: Unsupported mime audio/x-adpcm-dvi-ima
07-08 14:46:07.232 27106 27176 W AudioCapabilities: Unsupported mime audio/x-adpcm-ms
07-08 14:46:07.232 27106 27176 W AudioCapabilities: Unsupported mime audio/alac
07-08 14:46:07.233 27106 27176 W VideoCapabilities: Unsupported mime image/vnd.android.heic
07-08 14:46:07.233 27106 27176 W VideoCapabilities: Unsupported mime image/vnd.android.heic
07-08 14:46:07.237 27106 27176 D VivoSpatializer: checkGoogleApiEnabled, mGoogleApiEnabled: false, originalArdVersion: 34, deniedPkg: false, clientPkg: com.emergent.salahalarm.lxw9zs
07-08 14:46:07.238 14031 14031 E RRR     : onNewAzimuth: 464.84872
07-08 14:46:07.238 14031 14031 E RRR     : onNewAzimuth: 464.8663
07-08 14:46:07.238 14031 14031 E RRR     : onNewAzimuth: 464.84872
07-08 14:46:07.238 14031 14031 E RRR     : onNewAzimuth: 464.8663
07-08 14:46:07.238 27106 27176 D VivoSpatializer: registerAudioFeatureCallback succeeded for tag: NOTIFY_V_SPAT_STATE_CHANGED
07-08 14:46:07.242 14031 14031 E RRR     : onNewAzimuth: 464.80463
07-08 14:46:07.242 27106 27176 I DMCodecAdapterFactory: Creating an asynchronous MediaCodec adapter for track type audio
07-08 14:46:07.244 27106 27176 D MediaCodec: CreateByComponentName: name c2.android.mp3.decoder
07-08 14:46:07.245 27106 27176 W libc    : Access denied finding property "vendor.debug.stagefright.mediacodec.trace"
07-08 14:46:07.245 27106 27176 W libc    : Access denied finding property "vendor.media.c2.frameworks.debug.log"
07-08 14:46:07.247 27106 27176 W libc    : Access denied finding property "vendor.debug.stagefright.BufferCount"
07-08 14:46:07.247 27106 27176 W libc    : Access denied finding property "vendor.media.c2.frameworks.debug.log"
07-08 14:46:07.247 27106 27176 W libc    : Access denied finding property "vendor.media.c2.frameworks.buffercount.trace"
07-08 14:46:07.247 27106 27176 D CCodecBufferChannel: mBufferCountTrace=0 mIsUserLoad=1
07-08 14:46:07.247 27106 27176 I CCodecBufferChannel: Constructor 0xb4000078402a01f0
07-08 14:46:07.247 27106 27176 I CCodecBufferChannel: mIsVivoLogEnable = 0
07-08 14:46:07.247 27106 27176 I CCodecBufferChannel: CCodecBufferChannel[0xb4000078402a01f0], mNumOutputsSlotAdd: 0
07-08 14:46:07.247 27106 27176 W libc    : Access denied finding property "vendor.media.c2.frameworks.debug.log"
07-08 14:46:07.248 27106 27176 D MediaCodec: [0xb4000077b0363b80] init: CCodec 0xb4000078b0303410, CCodecBufferChannel 0xb4000078402a01f0
07-08 14:46:07.249 27106 27197 D MediaCodec: [0xb4000077b0363b80] setState: 1
07-08 14:46:07.249 27106 27197 D CCodec  : allocate(c2.android.mp3.decoder)
07-08 14:46:07.249 27106 27149 I ReactNativeJS: 'NOTIFEE SETTINGS:', '{\n  "authorizationStatus": 1,\n  "android": {\n    "alarm": 1\n  },\n  "ios": {\n    "alert": 1,\n    "badge": 1,\n    "criticalAlert": 1,\n    "showPreviews": 1,\n    "sound": 1,\n    "carPlay": 1,\n    "lockScreen": 1,\n    "announcement": 1,\n    "notificationCenter": 1,\n    "inAppNotificationSettings": 1,\n    "authorizationStatus": 1\n  },\n  "web": {}\n}'
07-08 14:46:07.251 27106 27149 W ReactNativeJS: `setPositionAsync` is not supported with edge-to-edge enabled.
07-08 14:46:07.251 27106 27149 W ReactNativeJS: `setBehaviorAsync` is not supported with edge-to-edge enabled.
07-08 14:46:07.252 27106 27149 W ReactNativeJS: `setBackgroundColorAsync` is not supported with edge-to-edge enabled.
07-08 14:46:07.253 14031 14031 E RRR     : onNewAzimuth: 464.7443
07-08 14:46:07.253 14031 14031 E RRR     : onNewAzimuth: 464.76154
07-08 14:46:07.253 14031 14031 E RRR     : onNewAzimuth: 464.7443
07-08 14:46:07.253 14031 14031 E RRR     : onNewAzimuth: 464.76154
07-08 14:46:07.254 27106 27197 I ApexCodecsLazy: Failed to load libcom.android.media.swcodec.apexcodecs.so: dlopen failed: library "libcom.android.media.swcodec.apexcodecs.so" not found
07-08 14:46:07.254 27106 27197 I Codec2Client: Available Codec2 services: "default" "software" "vivocodec"
07-08 14:46:07.256 27106 27197 I CCodec  : setting up 'default' as default (vendor) store
07-08 14:46:07.258 27106 27129 I GrallocExtra: gralloc_extra_query:is_SW3D 0
07-08 14:46:07.258 27106 27129 E MEMCWrapper: MEMC_POST_PROCESSING_ENABLE_PROPERTY false.
07-08 14:46:07.258 27106 27129 D BLASTBufferQueue: [VRI[MainActivity,type=1]#0](f:0,a:1) acquireNextBufferLocked size=1260x2800 mFrameNumber=1 applyTransaction=true mTimestamp=113499841959226(auto) mPendingTransactions.size=0 graphicBufferId=116419383525380 transform=0
07-08 14:46:07.262 14031 14031 E RRR     : onNewAzimuth: 464.71674
07-08 14:46:07.272 27106 27197 I CCodec  : Created component [c2.android.mp3.decoder] for [c2.android.mp3.decoder]
07-08 14:46:07.272 27106 27197 D CCodecBufferChannel: [0xb4000078402a01f0] setComponent: mName c2.android.mp3.decoder#759, mPipelineWatcher 0xb4000078402a06e0
07-08 14:46:07.272 27106 27197 D CCodecBufferChannel: PipelineWatcher debug info [c2.android.mp3.decoder#759] enable=0
07-08 14:46:07.272 27106 27197 D CCodecConfig: read media type: audio/mpeg
07-08 14:46:07.273 14031 14031 E RRR     : onNewAzimuth: 464.69763
07-08 14:46:07.273 14031 14031 E RRR     : onNewAzimuth: 464.69974
07-08 14:46:07.273 14031 14031 E RRR     : onNewAzimuth: 464.69763
07-08 14:46:07.273 14031 14031 E RRR     : onNewAzimuth: 464.69974
07-08 14:46:07.273 27106 27197 D ReflectedParamUpdater: extent() != 1 for single value type: algo.buffers.max-count.values
07-08 14:46:07.273 27106 27197 D ReflectedParamUpdater: extent() != 1 for single value type: output.subscribed-indices.values
07-08 14:46:07.273 27106 27197 D ReflectedParamUpdater: extent() != 1 for single value type: input.buffers.allocator-ids.values
07-08 14:46:07.274 27106 27197 D ReflectedParamUpdater: extent() != 1 for single value type: output.buffers.allocator-ids.values
07-08 14:46:07.274 27106 27197 D ReflectedParamUpdater: extent() != 1 for single value type: algo.buffers.allocator-ids.values
07-08 14:46:07.274 27106 27197 D ReflectedParamUpdater: extent() != 1 for single value type: output.buffers.pool-ids.values
07-08 14:46:07.274 27106 27197 D ReflectedParamUpdater: extent() != 1 for single value type: algo.buffers.pool-ids.values
07-08 14:46:07.275 27106 27197 I CCodecConfig: query failed after returning 8 values (BAD_INDEX)
07-08 14:46:07.275 27106 27197 D CCodecConfig: c2 config diff is Dict {
07-08 14:46:07.275 27106 27197 D CCodecConfig:   c2::u32 coded.bitrate.value = 64000
07-08 14:46:07.275 27106 27197 D CCodecConfig:   c2::u32 input.buffers.max-size.value = 8192
07-08 14:46:07.275 27106 27197 D CCodecConfig:   c2::u32 input.delay.value = 0
07-08 14:46:07.275 27106 27197 D CCodecConfig:   string input.media-type.value = "audio/mpeg"
07-08 14:46:07.275 27106 27197 D CCodecConfig:   c2::u32 output.large-frame.max-size = 0
07-08 14:46:07.275 27106 27197 D CCodecConfig:   c2::u32 output.large-frame.threshold-size = 0
07-08 14:46:07.275 27106 27197 D CCodecConfig:   string output.media-type.value = "audio/raw"
07-08 14:46:07.275 27106 27197 D CCodecConfig:   c2::u32 raw.channel-count.value = 2
07-08 14:46:07.275 27106 27197 D CCodecConfig:   c2::u32 raw.sample-rate.value = 44100
07-08 14:46:07.275 27106 27197 D CCodecConfig: }
07-08 14:46:07.275 27106 27197 D MediaCodec: [0xb4000077b0363b80] setState: 2
07-08 14:46:07.276 27106 27176 D MediaCodec: mInitName[c2.android.mp3.decoder], mMediacodec[0xb4000077b0363b80], mCodec[0xb4000078b0303410], mBufferChannel[0xb4000078402a01f0]
07-08 14:46:07.276 27106 27176 D MediaCodec: createbyComponent:pid:-1 27106 tid=27176
07-08 14:46:07.277 27106 27197 I MediaCodec: MediaCodec will operate in async mode
07-08 14:46:07.277 27106 27176 D MediaCodec: [0xb4000077b0363b80] [c2.android.mp3.decoder] configure
07-08 14:46:07.277 27106 27176 D VivoCodecProcessSdk: get client pid:27106
07-08 14:46:07.278  2171  2244 I ActivityTaskManager: Displayed com.emergent.salahalarm.lxw9zs/.MainActivity for user 0: +643ms
07-08 14:46:07.278 27106 27176 E MediaCodec: Media Quality Service not found.
07-08 14:46:07.278 27106 27197 D MediaCodec: [0xb4000077b0363b80] setState: 3
07-08 14:46:07.278 27106 27197 D CCodec  : [c2.android.mp3.decoder] buffers are bound to CCodec for this session
07-08 14:46:07.279 27106 27197 D CCodecConfig: no c2 equivalents for log-session-id
07-08 14:46:07.279 27106 27197 D CCodecConfig: no c2 equivalents for importance
07-08 14:46:07.279 27106 27197 D CCodecConfig: no c2 equivalents for flags
07-08 14:46:07.279 27106 27197 D CCodecConfig: config failed => CORRUPTED
07-08 14:46:07.280 27106 27197 D CCodecConfig: c2 config diff is   c2::u32 raw.sample-rate.value = 24000
07-08 14:46:07.280 27106 27197 W Codec2Client: query -- param skipped: index = 1107298332.
07-08 14:46:07.280 27106 27197 D CCodec  : client requested max input size 4096, which is smaller than what component recommended (8192); overriding with component recommendation.
07-08 14:46:07.280 27106 27197 W CCodec  : This behavior is subject to change. It is recommended that app developers double check whether the requested max input size is in reasonable range.
07-08 14:46:07.280 27106 27197 D CCodec  : encoding statistics level = 0
07-08 14:46:07.280 27106 27197 D CCodec  : setup formats input: AMessage(what = 0x00000000) = {
07-08 14:46:07.280 27106 27197 D CCodec  :   int32_t bitrate = 64000
07-08 14:46:07.280 27106 27197 D CCodec  :   int32_t channel-count = 2
07-08 14:46:07.280 27106 27197 D CCodec  :   int32_t max-input-size = 8192
07-08 14:46:07.280 27106 27197 D CCodec  :   string mime = "audio/mpeg"
07-08 14:46:07.280 27106 27197 D CCodec  :   int32_t sample-rate = 24000
07-08 14:46:07.280 27106 27197 D CCodec  : }
07-08 14:46:07.280 27106 27197 D CCodec  : setup formats output: AMessage(what = 0x00000000) = {
07-08 14:46:07.280 27106 27197 D CCodec  :   int32_t bitrate = 64000
07-08 14:46:07.280 27106 27197 D CCodec  :   int32_t buffer-batch-max-output-size = 0
07-08 14:46:07.280 27106 27197 D CCodec  :   int32_t buffer-batch-threshold-output-size = 0
07-08 14:46:07.280 27106 27197 D CCodec  :   int32_t channel-count = 2
07-08 14:46:07.280 27106 27197 D CCodec  :   string mime = "audio/raw"
07-08 14:46:07.280 27106 27197 D CCodec  :   int32_t sample-rate = 24000
07-08 14:46:07.280 27106 27197 D CCodec  :   int32_t android._config-pcm-encoding = 2
07-08 14:46:07.280 27106 27197 D CCodec  : }
07-08 14:46:07.280 27106 27197 I CCodecConfig: query failed after returning 8 values (BAD_INDEX)
07-08 14:46:07.281 27106 27197 E lahalarm.lxw9zs: Failed to query component interface for required system resources: 6
07-08 14:46:07.281 27106 27197 D MediaCodec: [0xb4000077b0363b80] setState: 4
07-08 14:46:07.282 14031 14031 E RRR     : onNewAzimuth: 464.69733
07-08 14:46:07.282 27106 27176 D MediaCodec: keep callback message for reclaim
07-08 14:46:07.282 27106 27197 D MediaCodec: [0xb4000077b0363b80] setState: 5
07-08 14:46:07.283 27106 27149 I ReactNativeJS: 'GET LAUNCH ALARM RESULT (mount):', 'null'
07-08 14:46:07.283 27106 27197 W Codec2Client: query -- param skipped: index = 1342179345.
07-08 14:46:07.283 27106 27197 W Codec2Client: query -- param skipped: index = 2415921170.
07-08 14:46:07.283 27106 27197 I CCodecBufferChannel: mIsVivoLogEnable = 0
07-08 14:46:07.283 27106 27197 D C2Store : Using DMABUF Heaps
07-08 14:46:07.284 27106 27197 D CCodecBufferChannel: [c2.android.mp3.decoder#759] Created input block pool with allocatorID 16 => poolID 17 - OK (0)
07-08 14:46:07.285 27106 27106 W VSPA    : Unable to open /proc/vivo_rsc/frame_set_priority: Permission denied
07-08 14:46:07.285 27106 27106 W VSPA    : Unable to open /proc/vivo_rsc/frame_set_priority: Permission denied
07-08 14:46:07.286 27106 27197 I CCodecBufferChannel: [c2.android.mp3.decoder#759] Created output block pool with allocatorID 16 => poolID 3819 - OK
07-08 14:46:07.286 27106 27197 D CCodecBufferChannel: [c2.android.mp3.decoder#759] Configured output block pool ids 3819 => OK
07-08 14:46:07.286 27106 27197 D CCodecBufferChannel: [0xb4000078402a01f0] [c2.android.mp3.decoder#759] start: output->outputDelay 0, output->numSlots 4
07-08 14:46:07.286 27106 27197 I CCodecBufferChannel: [0xb4000078402a01f0][c2.android.mp3.decoder#759],using arrayMode ouputBuffers for linear outputstream.
07-08 14:46:07.286 27106 27197 D CCodecBuffers: [c2.android.mp3.decoder#759:1D-Output.Impl[N]] converted 0 buffers to array mode of 4
07-08 14:46:07.286 27106 27197 I DMABUFHEAPS: Using DMA-BUF heap named: mtk_mm
07-08 14:46:07.287 27106 27197 D MediaCodec: [0xb4000077b0363b80] setState: 6
07-08 14:46:07.288 27106 27176 W LoudnessCodecController: MediaCodec mime type not supported for loudness annotation
07-08 14:46:07.288 27106 27176 V LoudnessCodecController: Could not extract codec loudness information
07-08 14:46:07.292 27106 27197 D PipelineWatcher: [0xb4000078402a06e0] pipelineFull: too many frames in pipeline (4)
07-08 14:46:07.294 14031 14031 E RRR     : onNewAzimuth: 464.70242
07-08 14:46:07.294 14031 14031 E RRR     : onNewAzimuth: 464.70425
07-08 14:46:07.294 14031 14031 E RRR     : onNewAzimuth: 464.70242
07-08 14:46:07.294 14031 14031 E RRR     : onNewAzimuth: 464.70425
07-08 14:46:07.294 27106 27197 I MediaCodec: [c2.android.mp3.decoder] output format changed to: AMessage(what = 0x00000000) = {
07-08 14:46:07.294 27106 27197 I MediaCodec:       int32_t bitrate = 64000
07-08 14:46:07.294 27106 27197 I MediaCodec:       int32_t buffer-batch-max-output-size = 0
07-08 14:46:07.294 27106 27197 I MediaCodec:       int32_t buffer-batch-threshold-output-size = 0
07-08 14:46:07.294 27106 27197 I MediaCodec:       int32_t channel-count = 2
07-08 14:46:07.294 27106 27197 I MediaCodec:       string mime = "audio/raw"
07-08 14:46:07.294 27106 27197 I MediaCodec:       int32_t sample-rate = 24000
07-08 14:46:07.294 27106 27197 I MediaCodec:       int32_t android._config-pcm-encoding = 2
07-08 14:46:07.294 27106 27197 I MediaCodec:     }
07-08 14:46:07.295 27106 27197 D MediaCodec: get mPcmBytesMs = 96.000000
07-08 14:46:07.298 27106 27106 V ImeFocusController: onWindowFocus: com.android.internal.policy.DecorView{9270bcd V.E...... R....... 0,0-1260,2800}[MainActivity] softInputMode=STATE_UNSPECIFIED|ADJUST_RESIZE
07-08 14:46:07.300 28667 28667 V InputMethod: unbindInput(): binding=InputBinding{android.os.BinderProxy@e096935 / uid 10103 / pid 5063} ic=RemoteInputConnection{idHash=#99587b9}
07-08 14:46:07.302 14031 14031 E RRR     : onNewAzimuth: 464.71457
07-08 14:46:07.304 28667 28667 V InputMethod: bindInput(): binding=InputBinding{android.os.BinderProxy@9068d6 / uid 10683 / pid 27106} ic=RemoteInputConnection{idHash=#8f20757}
07-08 14:46:07.305 27106 27106 I ImeTracker: com.emergent.salahalarm.lxw9zs:856d32e7: onCancelled at PHASE_CLIENT_ALREADY_HIDDEN
07-08 14:46:07.305 28667 28667 V InputMethod: startInput(): editor=android.view.inputmethod.EditorInfo@193d244
07-08 14:46:07.305 28667 28667 V InputMethodService: CALL: doFinishInput
07-08 14:46:07.305 28667 28667 D InlineSuggestionSessionController: notifyOnFinishInput
07-08 14:46:07.306 28667 28667 V InputMethodService: CALL: onFinishInput
07-08 14:46:07.306 28667 28667 I GoogleInputMethodService: GoogleInputMethodService.onFinishInput():2276 
07-08 14:46:07.307 28667 28667 I Module  : DeviceLockedStatusModuleProvider$Module.updateDeviceLockedStatusInternal():129 repeatCheckTimes = 0, locked = false
07-08 14:46:07.307 28667 28667 V InputMethodService: finishStylusHandwriting()
07-08 14:46:07.307 28667 28667 D InlineSuggestionSessionController: notifyOnStartInput: com.emergent.salahalarm.lxw9zs, 0
07-08 14:46:07.307 28667 28667 V InputMethodService: CALL: onStartInput
07-08 14:46:07.307 28667 28667 I GoogleInputMethodService: GoogleInputMethodService.onStartInput():1460 onStartInput(EditorInfo{EditorInfo{packageName=com.emergent.salahalarm.lxw9zs, inputType=0, inputTypeString=NULL, enableLearning=false, autoCorrection=false, autoComplete=false, imeOptions=0, privateImeOptions=null, actionName=UNSPECIFIED, actionLabel=null, initialSelStart=-1, initialSelEnd=-1, initialCapsMode=0, label=null, fieldId=0, fieldName=null, extras=null, hintText=null, hintLocales=[]}}, false)
07-08 14:46:07.307 28667 28667 I LatinIMEBase: LatinIMEBase.updateInputViewCoverNavigation():317 Update input view padding, isNavbarOverInputWindow=true, bottom inset=126
07-08 14:46:07.309 28667 28667 I Module  : DeviceLockedStatusModuleProvider$Module.updateDeviceLockedStatusInternal():129 repeatCheckTimes = 1, locked = false
07-08 14:46:07.313 14031 14031 E RRR     : onNewAzimuth: 464.73007
07-08 14:46:07.313 14031 14031 E RRR     : onNewAzimuth: 464.73206
07-08 14:46:07.313 14031 14031 E RRR     : onNewAzimuth: 464.73007
07-08 14:46:07.313 14031 14031 E RRR     : onNewAzimuth: 464.73206
07-08 14:46:07.326  6310  8330 I FontLog : (REDACTED) Received query %s, URI %s
07-08 14:46:07.326  6310  8330 I FontLog : (REDACTED) Query [%s] resolved to %s
07-08 14:46:07.326 14031 14031 E RRR     : onNewAzimuth: 464.75082
07-08 14:46:07.327  6310  8330 I FontLog : (REDACTED) Fetch %s end status %s
07-08 14:46:07.327  6310  8330 I FontLog : (REDACTED) Pulling font file for id = %d, cache size = %d
07-08 14:46:07.334 14031 14031 E RRR     : onNewAzimuth: 464.7649
07-08 14:46:07.334 14031 14031 E RRR     : onNewAzimuth: 464.7132
07-08 14:46:07.334 14031 14031 E RRR     : onNewAzimuth: 464.7649
07-08 14:46:07.334 14031 14031 E RRR     : onNewAzimuth: 464.7132
07-08 14:46:07.338  6310  8330 I FontLog : (REDACTED) Pulling font file for id = %d, cache size = %d
07-08 14:46:07.342 14031 14031 E RRR     : onNewAzimuth: 464.7204
07-08 14:46:07.353 27106 27106 W unknown:BridgelessReact: ReactHost{0}.onUserLeaveHint(activity)
07-08 14:46:07.354 27106 27106 W unknown:BridgelessReact: ReactHost{0}.onHostPause(activity)
07-08 14:46:07.354 27106 27106 W unknown:BridgelessReact: ReactContext.onHostPause()
07-08 14:46:07.364 14031 14031 E RRR     : onNewAzimuth: 464.73093
07-08 14:46:07.364 14031 14031 E RRR     : onNewAzimuth: 464.66513
07-08 14:46:07.364 14031 14031 E RRR     : onNewAzimuth: 464.68222
07-08 14:46:07.364 14031 14031 E RRR     : onNewAzimuth: 464.73093
07-08 14:46:07.364 14031 14031 E RRR     : onNewAzimuth: 464.66513
07-08 14:46:07.364 14031 14031 E RRR     : onNewAzimuth: 464.68222
07-08 14:46:07.371 20888 20888 I ssioncontroller: AssetManager2(0xb4000077a02929d8) locale list changing from [] to [en-GB]
07-08 14:46:07.390 14031 14031 E RRR     : onNewAzimuth: 464.69754
07-08 14:46:07.390 14031 14031 E RRR     : onNewAzimuth: 464.7029
07-08 14:46:07.390 14031 14031 E RRR     : onNewAzimuth: 464.70737
07-08 14:46:07.390 14031 14031 E RRR     : onNewAzimuth: 464.69754
07-08 14:46:07.390 14031 14031 E RRR     : onNewAzimuth: 464.7029
07-08 14:46:07.390 14031 14031 E RRR     : onNewAzimuth: 464.70737
07-08 14:46:07.393 14031 14031 E RRR     : onNewAzimuth: 464.70554
07-08 14:46:07.393 14031 14031 E RRR     : onNewAzimuth: 464.71075
07-08 14:46:07.393 14031 14031 E RRR     : onNewAzimuth: 464.70554
07-08 14:46:07.393 14031 14031 E RRR     : onNewAzimuth: 464.71075
07-08 14:46:07.402 14031 14031 E RRR     : onNewAzimuth: 464.71024
07-08 14:46:07.413 14031 14031 E RRR     : onNewAzimuth: 464.7145
07-08 14:46:07.413 14031 14031 E RRR     : onNewAzimuth: 464.71954
07-08 14:46:07.413 14031 14031 E RRR     : onNewAzimuth: 464.7145
07-08 14:46:07.413 14031 14031 E RRR     : onNewAzimuth: 464.71954
07-08 14:46:07.422 14031 14031 E RRR     : onNewAzimuth: 464.72708
07-08 14:46:07.433 14031 14031 E RRR     : onNewAzimuth: 464.72992
07-08 14:46:07.433 14031 14031 E RRR     : onNewAzimuth: 464.7348
07-08 14:46:07.433 14031 14031 E RRR     : onNewAzimuth: 464.72992
07-08 14:46:07.433 14031 14031 E RRR     : onNewAzimuth: 464.7348
07-08 14:46:07.443 14031 14031 E RRR     : onNewAzimuth: 464.72903
07-08 14:46:07.454 14031 14031 E RRR     : onNewAzimuth: 464.72266
07-08 14:46:07.454 14031 14031 E RRR     : onNewAzimuth: 464.65814
07-08 14:46:07.454 14031 14031 E RRR     : onNewAzimuth: 464.72266
07-08 14:46:07.454 14031 14031 E RRR     : onNewAzimuth: 464.65814
07-08 14:46:07.461 14031 14031 E RRR     : onNewAzimuth: 464.6561
07-08 14:46:07.468 20888 20888 D ViewRootImpl: AppSizeAfterRelayout, size: Point(1389, 193), rotation: ROTATION_0
07-08 14:46:07.469 20888 20888 D BufferQueueConsumer: [](id:519800000002,api:0,p:-1,c:20888) connect: controlledByApp=false
07-08 14:46:07.469 20888 20888 D BLASTBufferQueue: [VRI[GrantPermissionsActivity,type=1]#2](f:0,a:0) constructor()
07-08 14:46:07.469 20888 20888 D BLASTBufferQueue: [VRI[GrantPermissionsActivity,type=1]#2](f:0,a:0) update width=1389 height=193 format=-2 mTransformHint=0
07-08 14:46:07.470 20888 25392 W BLASTBufferQueue: Unable to open /proc/vivo_rsc/frame_set_priority: Permission denied
07-08 14:46:07.470 20888 25392 I BLASTBufferQueue: QoSAllocBuff Successful. Ret 0 
07-08 14:46:07.477 14031 14031 E RRR     : onNewAzimuth: 464.6538
07-08 14:46:07.477 14031 14031 E RRR     : onNewAzimuth: 464.66046
07-08 14:46:07.477 14031 14031 E RRR     : onNewAzimuth: 464.6538
07-08 14:46:07.477 14031 14031 E RRR     : onNewAzimuth: 464.66046
07-08 14:46:07.480 27106 27190 D InsetsAnimationCtrlImpl: notify control request finished for types: 2
07-08 14:46:07.481 27106 27190 I ANDR-VIVO-PERF: vivo inside perf_lock_rel of client
07-08 14:46:07.486 27106 27190 W InteractionJankMonitor: Initializing without READ_DEVICE_CONFIG permission. enabled=false, interval=1, missedFrameThreshold=3, frameTimeThreshold=64, package=com.emergent.salahalarm.lxw9zs
07-08 14:46:07.488 27106 27106 W unknown:BridgelessReact: ReactHost{0}.onHostResume(activity)
07-08 14:46:07.488 27106 27106 W unknown:BridgelessReact: ReactContext.onHostResume()
07-08 14:46:07.489 14031 14031 E RRR     : onNewAzimuth: 464.65546
07-08 14:46:07.490 27106 27149 W ReactNativeJS: `setPositionAsync` is not supported with edge-to-edge enabled.
07-08 14:46:07.490 27106 27149 W ReactNativeJS: `setBehaviorAsync` is not supported with edge-to-edge enabled.
07-08 14:46:07.490 27106 27149 W ReactNativeJS: `setBackgroundColorAsync` is not supported with edge-to-edge enabled.
07-08 14:46:07.491 27106 27149 I ReactNativeJS: BATTERY EXEMPTION: already prompted, skipping
07-08 14:46:07.493 20888 20888 V ImeFocusController: onWindowFocus: com.android.internal.policy.DecorView{d09be52 V.E...... R.....ID 0,0-1197,0}[GrantPermissionsActivity] softInputMode=STATE_ALWAYS_HIDDEN|ADJUST_NOTHING|IS_FORWARD_NAVIGATION
07-08 14:46:07.496 14031 14031 E RRR     : onNewAzimuth: 464.65063
07-08 14:46:07.496 14031 14031 E RRR     : onNewAzimuth: 464.67188
07-08 14:46:07.502 20888 20888 I ImeTracker: com.google.android.permissioncontroller:47324558: onRequestHide at ORIGIN_CLIENT reason HIDE_WINDOW_LOST_FOCUS fromUser false
07-08 14:46:07.502 20888 20888 I ImeTracker: com.google.android.permissioncontroller:47324558: onCancelled at PHASE_CLIENT_ALREADY_HIDDEN
07-08 14:46:07.506 20888 20888 D VRI[GrantPermissionsActivity,type=1]: visibilityChanged oldVisibility=true newVisibility=false
07-08 14:46:07.510 20888 25392 I HWUI    : [setStopped] CanvasContext will be destroyed.
07-08 14:46:07.512  2171  2244 I ActivityTaskManager: Displayed com.google.android.permissioncontroller/com.android.permissioncontroller.permission.ui.GrantPermissionsActivity for user 0: +132ms
07-08 14:46:07.513 27106 27106 V ImeFocusController: onWindowFocus: com.android.internal.policy.DecorView{9270bcd V.E...... R....... 0,0-1260,2800 aid=0}[MainActivity] softInputMode=STATE_UNSPECIFIED|ADJUST_RESIZE
07-08 14:46:07.514 27106 27106 I ImeTracker: com.emergent.salahalarm.lxw9zs:3c0ec1da: onCancelled at PHASE_CLIENT_ALREADY_HIDDEN
07-08 14:46:07.515 28667 28667 V InputMethod: startInput(): editor=android.view.inputmethod.EditorInfo@c1dceb0
07-08 14:46:07.515 28667 28667 V InputMethodService: CALL: doFinishInput
07-08 14:46:07.515 28667 28667 D InlineSuggestionSessionController: notifyOnFinishInput
07-08 14:46:07.515 28667 28667 V InputMethodService: CALL: onFinishInput
07-08 14:46:07.515 28667 28667 I GoogleInputMethodService: GoogleInputMethodService.onFinishInput():2276 
07-08 14:46:07.516 28667 28667 I Module  : DeviceLockedStatusModuleProvider$Module.updateDeviceLockedStatusInternal():129 repeatCheckTimes = 0, locked = false
07-08 14:46:07.516 28667 28667 V InputMethodService: finishStylusHandwriting()
07-08 14:46:07.516 28667 28667 D InlineSuggestionSessionController: notifyOnStartInput: com.emergent.salahalarm.lxw9zs, 0
07-08 14:46:07.516 28667 28667 V InputMethodService: CALL: onStartInput
07-08 14:46:07.516 28667 28667 I GoogleInputMethodService: GoogleInputMethodService.onStartInput():1460 onStartInput(EditorInfo{EditorInfo{packageName=com.emergent.salahalarm.lxw9zs, inputType=0, inputTypeString=NULL, enableLearning=false, autoCorrection=false, autoComplete=false, imeOptions=0, privateImeOptions=null, actionName=UNSPECIFIED, actionLabel=null, initialSelStart=-1, initialSelEnd=-1, initialCapsMode=0, label=null, fieldId=0, fieldName=null, extras=null, hintText=null, hintLocales=[]}}, false)
07-08 14:46:07.516 28667 28667 I LatinIMEBase: LatinIMEBase.updateInputViewCoverNavigation():317 Update input view padding, isNavbarOverInputWindow=true, bottom inset=126
07-08 14:46:07.516 28667 28667 I Module  : DeviceLockedStatusModuleProvider$Module.updateDeviceLockedStatusInternal():129 repeatCheckTimes = 1, locked = false
07-08 14:46:07.517 20888 20888 W WindowOnBackDispatcher: sendCancelIfRunning: isInProgress=false callback=android.view.ViewRootImpl$$ExternalSyntheticLambda13@db35d4d
07-08 14:46:07.520 27106 27149 I ReactNativeJS: 'GET LAUNCH ALARM RESULT (resume):', 'null'
07-08 14:46:07.529 20888 25392 D BLASTBufferQueue: [VRI[GrantPermissionsActivity,type=1]#2](f:0,a:0) destructor()
07-08 14:46:07.529 20888 25392 D BufferQueueConsumer: [VRI[GrantPermissionsActivity,type=1]#2(BLAST Consumer)2](id:519800000002,api:0,p:-1,c:20888) disconnect
07-08 14:46:07.529 27106 27230 I NOTIFEE : (NotificationManager): Removing notification with id alarm-asr-0-1783534500000
07-08 14:46:07.529 27106 27230 I NOTIFEE : (NotificationManager): Removing notification with id alarm-asr-0-1783534500000
07-08 14:46:07.529 20888 25392 I HWUI    : [destroy] CanvasContext will be destroyed.
07-08 14:46:07.530 20888 20888 D ViewRootImpl: Skipping stats log for color mode
07-08 14:46:07.532 27106 27230 I NOTIFEE : (NotificationManager): Removing notification with id alarm-maghrib-0-1783542780000
07-08 14:46:07.532 27106 27230 I NOTIFEE : (NotificationManager): Removing notification with id alarm-maghrib-0-1783542780000
07-08 14:46:07.533 27106 27230 I NOTIFEE : (NotificationManager): Removing notification with id alarm-isha-0-1783548000000
07-08 14:46:07.533 27106 27230 I NOTIFEE : (NotificationManager): Removing notification with id alarm-isha-0-1783548000000
07-08 14:46:07.534 20888 25392 I HWUI    : [trimMemory] TrimMemory will destroy render context, mode: 40.
07-08 14:46:07.535 27106 27230 I NOTIFEE : (NotificationManager): Removing notification with id alarm-fajr-0-1783566000000
07-08 14:46:07.535 27106 27230 I NOTIFEE : (NotificationManager): Removing notification with id alarm-fajr-0-1783566000000
07-08 14:46:07.536 27106 27230 I NOTIFEE : (NotificationManager): Removing notification with id alarm-zuhr-0-1783602000000
07-08 14:46:07.536 27106 27230 I NOTIFEE : (NotificationManager): Removing notification with id alarm-zuhr-0-1783602000000
07-08 14:46:07.537 27106 27230 I NOTIFEE : (NotificationManager): Removing notification with id alarm-asr-0-1783620900000
07-08 14:46:07.537 27106 27230 I NOTIFEE : (NotificationManager): Removing notification with id alarm-asr-0-1783620900000
07-08 14:46:07.537 27106 27230 I NOTIFEE : (NotificationManager): Removing notification with id alarm-maghrib-0-1783629120000
07-08 14:46:07.537 27106 27230 I NOTIFEE : (NotificationManager): Removing notification with id alarm-maghrib-0-1783629120000
07-08 14:46:07.537 27106 27230 I NOTIFEE : (NotificationManager): Removing notification with id alarm-isha-0-1783634400000
07-08 14:46:07.537 27106 27230 I NOTIFEE : (NotificationManager): Removing notification with id alarm-isha-0-1783634400000
07-08 14:46:07.538 27106 27230 I NOTIFEE : (NotificationManager): Removing notification with id alarm-fajr-0-1783653300000
07-08 14:46:07.538 27106 27230 I NOTIFEE : (NotificationManager): Removing notification with id alarm-fajr-0-1783653300000
07-08 14:46:07.538 27106 27230 I NOTIFEE : (NotificationManager): Removing notification with id alarm-zuhr-0-1783688400000
07-08 14:46:07.538 27106 27230 I NOTIFEE : (NotificationManager): Removing notification with id alarm-zuhr-0-1783688400000
07-08 14:46:07.538 27106 27230 I NOTIFEE : (NotificationManager): Removing notification with id alarm-asr-0-1783707300000
07-08 14:46:07.538 27106 27230 I NOTIFEE : (NotificationManager): Removing notification with id alarm-asr-0-1783707300000
07-08 14:46:07.539 27106 27230 I NOTIFEE : (NotificationManager): Removing notification with id alarm-maghrib-0-1783715460000
07-08 14:46:07.539 27106 27230 I NOTIFEE : (NotificationManager): Removing notification with id alarm-maghrib-0-1783715460000
07-08 14:46:07.539 27106 27230 I NOTIFEE : (NotificationManager): Removing notification with id alarm-isha-0-1783720800000
07-08 14:46:07.539 27106 27230 I NOTIFEE : (NotificationManager): Removing notification with id alarm-isha-0-1783720800000
07-08 14:46:07.540 27106 27230 I NOTIFEE : (NotificationManager): Removing notification with id alarm-fajr-0-1783739700000
07-08 14:46:07.540 27106 27230 I NOTIFEE : (NotificationManager): Removing notification with id alarm-fajr-0-1783739700000
07-08 14:46:07.540 27106 27230 I NOTIFEE : (NotificationManager): Removing notification with id alarm-zuhr-0-1783774800000
07-08 14:46:07.540 27106 27230 I NOTIFEE : (NotificationManager): Removing notification with id alarm-zuhr-0-1783774800000
07-08 14:46:07.540 27106 27230 I NOTIFEE : (NotificationManager): Removing notification with id alarm-asr-0-1783793700000
07-08 14:46:07.540 27106 27230 I NOTIFEE : (NotificationManager): Removing notification with id alarm-asr-0-1783793700000
07-08 14:46:07.541 27106 27230 I NOTIFEE : (NotificationManager): Removing notification with id alarm-maghrib-0-1783801800000
07-08 14:46:07.541 27106 27230 I NOTIFEE : (NotificationManager): Removing notification with id alarm-maghrib-0-1783801800000
07-08 14:46:07.542 27106 27230 I NOTIFEE : (NotificationManager): Removing notification with id alarm-isha-0-1783807200000
07-08 14:46:07.542 27106 27230 I NOTIFEE : (NotificationManager): Removing notification with id alarm-isha-0-1783807200000
07-08 14:46:07.542 27106 27230 I NOTIFEE : (NotificationManager): Removing notification with id alarm-fajr-0-1783826100000
07-08 14:46:07.542 27106 27230 I NOTIFEE : (NotificationManager): Removing notification with id alarm-fajr-0-1783826100000
07-08 14:46:07.543 27106 27230 I NOTIFEE : (NotificationManager): Removing notification with id alarm-zuhr-0-1783861200000
07-08 14:46:07.543 27106 27230 I NOTIFEE : (NotificationManager): Removing notification with id alarm-zuhr-0-1783861200000
07-08 14:46:07.543 27106 27230 I NOTIFEE : (NotificationManager): Removing notification with id alarm-asr-0-1783880100000
07-08 14:46:07.543 27106 27230 I NOTIFEE : (NotificationManager): Removing notification with id alarm-asr-0-1783880100000
07-08 14:46:07.543 27106 27230 I NOTIFEE : (NotificationManager): Removing notification with id alarm-maghrib-0-1783888140000
07-08 14:46:07.543 27106 27230 I NOTIFEE : (NotificationManager): Removing notification with id alarm-maghrib-0-1783888140000
07-08 14:46:07.544 27106 27230 I NOTIFEE : (NotificationManager): Removing notification with id alarm-isha-0-1783893600000
07-08 14:46:07.544 27106 27230 I NOTIFEE : (NotificationManager): Removing notification with id alarm-isha-0-1783893600000
07-08 14:46:07.544 27106 27230 I NOTIFEE : (NotificationManager): Removing notification with id alarm-fajr-0-1783912500000
07-08 14:46:07.544 27106 27230 I NOTIFEE : (NotificationManager): Removing notification with id alarm-fajr-0-1783912500000
07-08 14:46:07.545 27106 27230 I NOTIFEE : (NotificationManager): Removing notification with id alarm-zuhr-0-1783947600000
07-08 14:46:07.545 27106 27230 I NOTIFEE : (NotificationManager): Removing notification with id alarm-zuhr-0-1783947600000
07-08 14:46:07.546 27106 27230 I NOTIFEE : (NotificationManager): Removing notification with id alarm-asr-0-1783966500000
07-08 14:46:07.546 27106 27230 I NOTIFEE : (NotificationManager): Removing notification with id alarm-asr-0-1783966500000
07-08 14:46:07.546 27106 27230 I NOTIFEE : (NotificationManager): Removing notification with id alarm-maghrib-0-1783974480000
07-08 14:46:07.546 27106 27230 I NOTIFEE : (NotificationManager): Removing notification with id alarm-maghrib-0-1783974480000
07-08 14:46:07.547 27106 27230 I NOTIFEE : (NotificationManager): Removing notification with id alarm-isha-0-1783980000000
07-08 14:46:07.547 27106 27230 I NOTIFEE : (NotificationManager): Removing notification with id alarm-isha-0-1783980000000
07-08 14:46:07.547 14031 14031 E RRR     : onNewAzimuth: 464.65063
07-08 14:46:07.547 14031 14031 E RRR     : onNewAzimuth: 464.67188
07-08 14:46:07.547 14031 14031 E RRR     : onNewAzimuth: 464.66922
07-08 14:46:07.547 14031 14031 E RRR     : onNewAzimuth: 464.6675
07-08 14:46:07.547 14031 14031 E RRR     : onNewAzimuth: 464.6881
07-08 14:46:07.547 14031 14031 E RRR     : onNewAzimuth: 464.68613
07-08 14:46:07.547 14031 14031 E RRR     : onNewAzimuth: 464.68317
07-08 14:46:07.547 14031 14031 E RRR     : onNewAzimuth: 464.6196
07-08 14:46:07.547 14031 14031 E RRR     : onNewAzimuth: 464.6141
07-08 14:46:07.547 27106 27230 I NOTIFEE : (NotificationManager): Removing notification with id alarm-fajr-0-1783998900000
07-08 14:46:07.547 27106 27230 I NOTIFEE : (NotificationManager): Removing notification with id alarm-fajr-0-1783998900000
07-08 14:46:07.548 27106 27230 I NOTIFEE : (NotificationManager): Removing notification with id alarm-zuhr-0-1784034000000
07-08 14:46:07.548 27106 27230 I NOTIFEE : (NotificationManager): Removing notification with id alarm-zuhr-0-1784034000000
07-08 14:46:07.548 14031 14031 E RRR     : onNewAzimuth: 464.66922
07-08 14:46:07.548 14031 14031 E RRR     : onNewAzimuth: 464.6675
07-08 14:46:07.548 14031 14031 E RRR     : onNewAzimuth: 464.6881
07-08 14:46:07.548 14031 14031 E RRR     : onNewAzimuth: 464.68613
07-08 14:46:07.548 14031 14031 E RRR     : onNewAzimuth: 464.68317
07-08 14:46:07.548 14031 14031 E RRR     : onNewAzimuth: 464.6196
07-08 14:46:07.548 14031 14031 E RRR     : onNewAzimuth: 464.6141
07-08 14:46:07.550 27106 27230 I NOTIFEE : (NotificationManager): Removing notification with id alarm-asr-0-1784052900000
07-08 14:46:07.550 27106 27230 I NOTIFEE : (NotificationManager): Removing notification with id alarm-asr-0-1784052900000
07-08 14:46:07.551 27106 27230 I NOTIFEE : (NotificationManager): Removing notification with id alarm-maghrib-0-1784060880000
07-08 14:46:07.551 27106 27230 I NOTIFEE : (NotificationManager): Removing notification with id alarm-maghrib-0-1784060880000
07-08 14:46:07.552 27106 27230 I NOTIFEE : (NotificationManager): Removing notification with id alarm-isha-0-1784066400000
07-08 14:46:07.552 27106 27230 I NOTIFEE : (NotificationManager): Removing notification with id alarm-isha-0-1784066400000
07-08 14:46:07.552 27106 27230 I NOTIFEE : (NotificationManager): Removing notification with id alarm-fajr-0-1784085300000
07-08 14:46:07.552 27106 27230 I NOTIFEE : (NotificationManager): Removing notification with id alarm-fajr-0-1784085300000
07-08 14:46:07.553 27106 27230 I NOTIFEE : (NotificationManager): Removing notification with id alarm-zuhr-0-1784120400000
07-08 14:46:07.553 27106 27230 I NOTIFEE : (NotificationManager): Removing notification with id alarm-zuhr-0-1784120400000
07-08 14:46:07.560  6310  6310 D BoundBrokerSvc: onRebind: Intent { act=com.google.android.gms.libs.gmscorelogger.service.START dat=chimera-action:/... xflg=0x4 cmp=com.google.android.gms/.chimera.PersistentDirectBootAwareApiService }
07-08 14:46:07.562 27106 27149 I ReactNativeJS: 'FOREGROUND EVENT RAW:', '{"type":7,"detail":{"notification":{"title":"Asr time","data":{"customUri":"","label":"Asr","type":"alarm","pre":"0","sound":"beep","prayer":"asr"},"id":"alarm-asr-0-1783534500000","body":"It\'s time for Asr prayer.","android":{"importance":4,"groupSummary":false,"pressAction":{"launchActivity":"default","id":"default"},"fullScreenAction":{"launchActivity":"default","id":"default"},"lightUpScreen":false,"loopSound":false,"channelId":"prayer-alarm-beep","colorized":false,"vibrationPattern":[300,500,300,500],"visibility":1,"groupAlertBehavior":0,"circularLargeIcon":false,"asForegroundService":false,"ongoing":false,"smallIcon":"ic_launcher","showTimestamp":false,"badgeIconType":2,"onlyAlertOnce":false,"showChronometer":false,"autoCancel":false,"localOnly":false,"defaults":[-1],"chronometerDirection":"up","category":"alarm"}}}}'
07-08 14:46:07.566 27106 27149 I ReactNativeJS: 'FOREGROUND EVENT RAW:', '{"type":7,"detail":{"notification":{"title":"Maghrib time","data":{"customUri":"","label":"Maghrib","type":"alarm","pre":"0","sound":"beep","prayer":"maghrib"},"id":"alarm-maghrib-0-1783542780000","body":"It\'s time for Maghrib prayer.","android":{"importance":4,"groupSummary":false,"pressAction":{"launchActivity":"default","id":"default"},"fullScreenAction":{"launchActivity":"default","id":"default"},"lightUpScreen":false,"loopSound":false,"channelId":"prayer-alarm-beep","colorized":false,"vibrationPattern":[300,500,300,500],"visibility":1,"groupAlertBehavior":0,"circularLargeIcon":false,"asForegroundService":false,"ongoing":false,"smallIcon":"ic_launcher","showTimestamp":false,"badgeIconType":2,"onlyAlertOnce":false,"showChronometer":false,"autoCancel":false,"localOnly":false,"defaults":[-1],"chronometerDirection":"up","category":"alarm"}}}}'
07-08 14:46:07.566 27106 27149 I ReactNativeJS: 'FOREGROUND EVENT RAW:', '{"type":7,"detail":{"notification":{"title":"Isha time","data":{"customUri":"","label":"Isha","type":"alarm","pre":"0","sound":"beep","prayer":"isha"},"id":"alarm-isha-0-1783548000000","body":"It\'s time for Isha prayer.","android":{"importance":4,"groupSummary":false,"pressAction":{"launchActivity":"default","id":"default"},"fullScreenAction":{"launchActivity":"default","id":"default"},"lightUpScreen":false,"loopSound":false,"channelId":"prayer-alarm-beep","colorized":false,"vibrationPattern":[300,500,300,500],"visibility":1,"groupAlertBehavior":0,"circularLargeIcon":false,"asForegroundService":false,"ongoing":false,"smallIcon":"ic_launcher","showTimestamp":false,"badgeIconType":2,"onlyAlertOnce":false,"showChronometer":false,"autoCancel":false,"localOnly":false,"defaults":[-1],"chronometerDirection":"up","category":"alarm"}}}}'
07-08 14:46:07.568 27106 27149 I ReactNativeJS: 'FOREGROUND EVENT RAW:', '{"type":7,"detail":{"notification":{"title":"Fajr time","data":{"customUri":"","label":"Fajr","type":"alarm","pre":"0","sound":"beep","prayer":"fajr"},"id":"alarm-fajr-0-1783566000000","body":"It\'s time for Fajr prayer.","android":{"importance":4,"groupSummary":false,"pressAction":{"launchActivity":"default","id":"default"},"fullScreenAction":{"launchActivity":"default","id":"default"},"lightUpScreen":false,"loopSound":false,"channelId":"prayer-alarm-beep","colorized":false,"vibrationPattern":[300,500,300,500],"visibility":1,"groupAlertBehavior":0,"circularLargeIcon":false,"asForegroundService":false,"ongoing":false,"smallIcon":"ic_launcher","showTimestamp":false,"badgeIconType":2,"onlyAlertOnce":false,"showChronometer":false,"autoCancel":false,"localOnly":false,"defaults":[-1],"chronometerDirection":"up","category":"alarm"}}}}'
07-08 14:46:07.569 14031 14031 E RRR     : onNewAzimuth: 464.6048
07-08 14:46:07.569 14031 14031 E RRR     : onNewAzimuth: 464.6119
07-08 14:46:07.569 14031 14031 E RRR     : onNewAzimuth: 464.604
07-08 14:46:07.569 14031 14031 E RRR     : onNewAzimuth: 464.6048
07-08 14:46:07.569 14031 14031 E RRR     : onNewAzimuth: 464.6119
07-08 14:46:07.569 14031 14031 E RRR     : onNewAzimuth: 464.604
07-08 14:46:07.570 27106 27149 I ReactNativeJS: 'FOREGROUND EVENT RAW:', '{"type":7,"detail":{"notification":{"title":"Zuhr time","data":{"customUri":"","label":"Zuhr","type":"alarm","pre":"0","sound":"beep","prayer":"zuhr"},"id":"alarm-zuhr-0-1783602000000","body":"It\'s time for Zuhr prayer.","android":{"importance":4,"groupSummary":false,"pressAction":{"launchActivity":"default","id":"default"},"fullScreenAction":{"launchActivity":"default","id":"default"},"lightUpScreen":false,"loopSound":false,"channelId":"prayer-alarm-beep","colorized":false,"vibrationPattern":[300,500,300,500],"visibility":1,"groupAlertBehavior":0,"circularLargeIcon":false,"asForegroundService":false,"ongoing":false,"smallIcon":"ic_launcher","showTimestamp":false,"badgeIconType":2,"onlyAlertOnce":false,"showChronometer":false,"autoCancel":false,"localOnly":false,"defaults":[-1],"chronometerDirection":"up","category":"alarm"}}}}'
07-08 14:46:07.571 27106 27149 I ReactNativeJS: 'FOREGROUND EVENT RAW:', '{"type":7,"detail":{"notification":{"title":"Asr time","data":{"customUri":"","label":"Asr","type":"alarm","pre":"0","sound":"beep","prayer":"asr"},"id":"alarm-asr-0-1783620900000","body":"It\'s time for Asr prayer.","android":{"importance":4,"groupSummary":false,"pressAction":{"launchActivity":"default","id":"default"},"fullScreenAction":{"launchActivity":"default","id":"default"},"lightUpScreen":false,"loopSound":false,"channelId":"prayer-alarm-beep","colorized":false,"vibrationPattern":[300,500,300,500],"visibility":1,"groupAlertBehavior":0,"circularLargeIcon":false,"asForegroundService":false,"ongoing":false,"smallIcon":"ic_launcher","showTimestamp":false,"badgeIconType":2,"onlyAlertOnce":false,"showChronometer":false,"autoCancel":false,"localOnly":false,"defaults":[-1],"chronometerDirection":"up","category":"alarm"}}}}'
07-08 14:46:07.573 27106 27149 I ReactNativeJS: 'FOREGROUND EVENT RAW:', '{"type":7,"detail":{"notification":{"title":"Maghrib time","data":{"customUri":"","label":"Maghrib","type":"alarm","pre":"0","sound":"beep","prayer":"maghrib"},"id":"alarm-maghrib-0-1783629120000","body":"It\'s time for Maghrib prayer.","android":{"importance":4,"groupSummary":false,"pressAction":{"launchActivity":"default","id":"default"},"fullScreenAction":{"launchActivity":"default","id":"default"},"lightUpScreen":false,"loopSound":false,"channelId":"prayer-alarm-beep","colorized":false,"vibrationPattern":[300,500,300,500],"visibility":1,"groupAlertBehavior":0,"circularLargeIcon":false,"asForegroundService":false,"ongoing":false,"smallIcon":"ic_launcher","showTimestamp":false,"badgeIconType":2,"onlyAlertOnce":false,"showChronometer":false,"autoCancel":false,"localOnly":false,"defaults":[-1],"chronometerDirection":"up","category":"alarm"}}}}'
07-08 14:46:07.573 14031 14031 E RRR     : onNewAzimuth: 464.60205
07-08 14:46:07.573 14031 14031 E RRR     : onNewAzimuth: 464.60895
07-08 14:46:07.573 14031 14031 E RRR     : onNewAzimuth: 464.60205
07-08 14:46:07.573 14031 14031 E RRR     : onNewAzimuth: 464.60895
07-08 14:46:07.576 27106 27149 I ReactNativeJS: 'FOREGROUND EVENT RAW:', '{"type":7,"detail":{"notification":{"title":"Isha time","data":{"customUri":"","label":"Isha","type":"alarm","pre":"0","sound":"beep","prayer":"isha"},"id":"alarm-isha-0-1783634400000","body":"It\'s time for Isha prayer.","android":{"importance":4,"groupSummary":false,"pressAction":{"launchActivity":"default","id":"default"},"fullScreenAction":{"launchActivity":"default","id":"default"},"lightUpScreen":false,"loopSound":false,"channelId":"prayer-alarm-beep","colorized":false,"vibrationPattern":[300,500,300,500],"visibility":1,"groupAlertBehavior":0,"circularLargeIcon":false,"asForegroundService":false,"ongoing":false,"smallIcon":"ic_launcher","showTimestamp":false,"badgeIconType":2,"onlyAlertOnce":false,"showChronometer":false,"autoCancel":false,"localOnly":false,"defaults":[-1],"chronometerDirection":"up","category":"alarm"}}}}'
07-08 14:46:07.576 27106 27149 I ReactNativeJS: 'FOREGROUND EVENT RAW:', '{"type":7,"detail":{"notification":{"title":"Fajr time","data":{"customUri":"","label":"Fajr","type":"alarm","pre":"0","sound":"beep","prayer":"fajr"},"id":"alarm-fajr-0-1783653300000","body":"It\'s time for Fajr prayer.","android":{"importance":4,"groupSummary":false,"pressAction":{"launchActivity":"default","id":"default"},"fullScreenAction":{"launchActivity":"default","id":"default"},"lightUpScreen":false,"loopSound":false,"channelId":"prayer-alarm-beep","colorized":false,"vibrationPattern":[300,500,300,500],"visibility":1,"groupAlertBehavior":0,"circularLargeIcon":false,"asForegroundService":false,"ongoing":false,"smallIcon":"ic_launcher","showTimestamp":false,"badgeIconType":2,"onlyAlertOnce":false,"showChronometer":false,"autoCancel":false,"localOnly":false,"defaults":[-1],"chronometerDirection":"up","category":"alarm"}}}}'
07-08 14:46:07.577 27106 27149 I ReactNativeJS: 'FOREGROUND EVENT RAW:', '{"type":7,"detail":{"notification":{"title":"Zuhr time","data":{"customUri":"","label":"Zuhr","type":"alarm","pre":"0","sound":"beep","prayer":"zuhr"},"id":"alarm-zuhr-0-1783688400000","body":"It\'s time for Zuhr prayer.","android":{"importance":4,"groupSummary":false,"pressAction":{"launchActivity":"default","id":"default"},"fullScreenAction":{"launchActivity":"default","id":"default"},"lightUpScreen":false,"loopSound":false,"channelId":"prayer-alarm-beep","colorized":false,"vibrationPattern":[300,500,300,500],"visibility":1,"groupAlertBehavior":0,"circularLargeIcon":false,"asForegroundService":false,"ongoing":false,"smallIcon":"ic_launcher","showTimestamp":false,"badgeIconType":2,"onlyAlertOnce":false,"showChronometer":false,"autoCancel":false,"localOnly":false,"defaults":[-1],"chronometerDirection":"up","category":"alarm"}}}}'
07-08 14:46:07.581 14031 14031 E RRR     : onNewAzimuth: 464.6107
07-08 14:46:07.582 27106 27149 I ReactNativeJS: 'FOREGROUND EVENT RAW:', '{"type":7,"detail":{"notification":{"title":"Asr time","data":{"customUri":"","label":"Asr","type":"alarm","pre":"0","sound":"beep","prayer":"asr"},"id":"alarm-asr-0-1783707300000","body":"It\'s time for Asr prayer.","android":{"importance":4,"groupSummary":false,"pressAction":{"launchActivity":"default","id":"default"},"fullScreenAction":{"launchActivity":"default","id":"default"},"lightUpScreen":false,"loopSound":false,"channelId":"prayer-alarm-beep","colorized":false,"vibrationPattern":[300,500,300,500],"visibility":1,"groupAlertBehavior":0,"circularLargeIcon":false,"asForegroundService":false,"ongoing":false,"smallIcon":"ic_launcher","showTimestamp":false,"badgeIconType":2,"onlyAlertOnce":false,"showChronometer":false,"autoCancel":false,"localOnly":false,"defaults":[-1],"chronometerDirection":"up","category":"alarm"}}}}'
07-08 14:46:07.582 27106 27149 I ReactNativeJS: 'FOREGROUND EVENT RAW:', '{"type":7,"detail":{"notification":{"title":"Maghrib time","data":{"customUri":"","label":"Maghrib","type":"alarm","pre":"0","sound":"beep","prayer":"maghrib"},"id":"alarm-maghrib-0-1783715460000","body":"It\'s time for Maghrib prayer.","android":{"importance":4,"groupSummary":false,"pressAction":{"launchActivity":"default","id":"default"},"fullScreenAction":{"launchActivity":"default","id":"default"},"lightUpScreen":false,"loopSound":false,"channelId":"prayer-alarm-beep","colorized":false,"vibrationPattern":[300,500,300,500],"visibility":1,"groupAlertBehavior":0,"circularLargeIcon":false,"asForegroundService":false,"ongoing":false,"smallIcon":"ic_launcher","showTimestamp":false,"badgeIconType":2,"onlyAlertOnce":false,"showChronometer":false,"autoCancel":false,"localOnly":false,"defaults":[-1],"chronometerDirection":"up","category":"alarm"}}}}'
07-08 14:46:07.584 27106 27149 I ReactNativeJS: 'FOREGROUND EVENT RAW:', '{"type":7,"detail":{"notification":{"title":"Isha time","data":{"customUri":"","label":"Isha","type":"alarm","pre":"0","sound":"beep","prayer":"isha"},"id":"alarm-isha-0-1783720800000","body":"It\'s time for Isha prayer.","android":{"importance":4,"groupSummary":false,"pressAction":{"launchActivity":"default","id":"default"},"fullScreenAction":{"launchActivity":"default","id":"default"},"lightUpScreen":false,"loopSound":false,"channelId":"prayer-alarm-beep","colorized":false,"vibrationPattern":[300,500,300,500],"visibility":1,"groupAlertBehavior":0,"circularLargeIcon":false,"asForegroundService":false,"ongoing":false,"smallIcon":"ic_launcher","showTimestamp":false,"badgeIconType":2,"onlyAlertOnce":false,"showChronometer":false,"autoCancel":false,"localOnly":false,"defaults":[-1],"chronometerDirection":"up","category":"alarm"}}}}'
