07-08 14:46:14.950 14031 14031 E RRR     : onNewAzimuth: 464.51636
07-08 14:46:14.950 14031 14031 E RRR     : onNewAzimuth: 464.4555
07-08 14:46:14.950 14031 14031 E RRR     : onNewAzimuth: 464.51636
07-08 14:46:14.953 14031 14031 E RRR     : onNewAzimuth: 464.44708
07-08 14:46:14.969 14031 14031 E RRR     : onNewAzimuth: 464.47076
07-08 14:46:14.969 14031 14031 E RRR     : onNewAzimuth: 464.47653
07-08 14:46:14.969 14031 14031 E RRR     : onNewAzimuth: 464.47076
07-08 14:46:14.970 14031 14031 E RRR     : onNewAzimuth: 464.47653
07-08 14:46:14.973 14031 14031 E RRR     : onNewAzimuth: 464.4923
07-08 14:46:14.981 14031 14031 E RRR     : onNewAzimuth: 464.49048
07-08 14:46:14.988 14031 14031 E RRR     : onNewAzimuth: 464.48203
07-08 14:46:14.992 14031 14031 E RRR     : onNewAzimuth: 464.48254
07-08 14:46:15.010 14031 14031 E RRR     : onNewAzimuth: 464.47104
07-08 14:46:15.010 14031 14031 E RRR     : onNewAzimuth: 464.44528
07-08 14:46:15.011 14031 14031 E RRR     : onNewAzimuth: 464.47104
07-08 14:46:15.011 14031 14031 E RRR     : onNewAzimuth: 464.44528
07-08 14:46:15.013 27106 27149 E ReactNativeJS: { [ReferenceError: Property 'useEffect' doesn't exist]
07-08 14:46:15.013 27106 27149 E ReactNativeJS:   componentStack: '\n    at SettingsScreen (address at index.android.bundle:1:1849424)\n    at Suspense (<anonymous>)\n    at Route (address at index.android.bundle:1:978674)\n    at BaseRoute (address at index.android.bundle:1:985565)\n    at StaticContainer (address at index.android.bundle:1:948559)\n    at EnsureSingleNavigator (address at index.android.bundle:1:891378)\n    at SceneView (address at index.android.bundle:1:946298)\n    at NavigationProvider (address at index.android.bundle:1:906273)\n    at RCTView (<anonymous>)\n    at View (address at index.android.bundle:1:165619)\n    at RCTView (<anonymous>)\n    at View (address at index.android.bundle:1:165619)\n    at Animated(View) (address at index.android.bundle:1:575442)\n    at Background (address at index.android.bundle:1:997442)\n    at Screen (address at index.android.bundle:1:1044501)\n    at RNSScreen (<anonymous>)\n    at Animated(Anonymous) (address at index.android.bundle:1:575442)\n    at Suspender (address at index.android.bundle:1:1061542)\n    at Suspense (<anonymous>)\n    at Freeze (address at index.android.bundle:1:1061603)\n    at DelayedFreeze (address at index.android.bundle:1:1061184)\n    at InnerScreen (address at index.android.bundle:1:1058901)\n    at anonymous (address at index.android.bundle:1:1060583)\n    at MaybeScreen (address at index.android.bundle:1:1054456)\n    at RNSScreenContainer (<anonymous>)\n    at ScreenContainer (address at index.android.bundle:1:1068594)\n    at MaybeScreenContainer (address at index.android.bundle:1:1054617)\n    at RCTView (<anonymous>)\n    at View (address at index.android.bundle:1:165619)\n    at FrameSizeProvider (address at index.android.bundle:1:1031517)\n    at SafeAreaProviderCompat (address at index.android.bundle:1:1043708)\n    at BottomTabView (address at index.android.bundle:1:991917)\n    at PreventRemoveProvider (address at index.android.bundle:1:931449)\n    at NavigationStateListenerProvider (address at index.android.bundle:1:954396)\n    at NavigationContent (address at index.android.bundle:1:943444)\n    at anonymous (address at index.android.bundle:1:943347)\n    at BottomTabNavigator (address at index.android.bundle:1:990993)\n    at anonymous (address at index.android.bundle:1:977597)\n    at TabsLayout (address at index.android.bundle:1:856690)\n    at Suspense (<anonymous>)\n    at Route (address at index.android.bundle:1:978674)\n    at BaseRoute (address at index.android.bundle:1:985565)\n    at StaticContainer (address at index.android.bundle:1:948559)\n    at EnsureSingleNavigator (address at index.android.bundle:1:891378)\n    at SceneView (address at index.android.bundle:1:946298)\n    at NavigationProvider (address at index.android.bundle:1:906273)\n    at RNSScreenContentWrapper (<anonymous>)\n    at ScreenContentWrapper (<anonymous>)\n    at DebugContainer (<anonymous>)\n    at RNSScreen (<anonymous>)\n    at Animated(Anonymous) (address at index.android.bundle:1:575442)\n    at Suspender (address at index.android.bundle:1:1061542)\n    at Suspense (<anonymous>)\n    at Freeze (address at index.android.bundle:1:1061603)\n    at DelayedFreeze (address at index.android.bundle:1:1061184)\n    at InnerScreen (address at index.android.bundle:1:1058901)\n    at anonymous (address at index.android.bundle:1:1060583)\n    at ScreenStackItem (address at index.android.bundle:1:1071221)\n    at NavigationProvider (address at index.android.bundle:1:906273)\n    at SceneView (address at index.android.bundle:1:1094740)\n    at RNSScreenStack (<anonymous>)\n    at anonymous (address at index.android.bundle:1:1070300)\n    at ScreenStack (address at index.android.bundle:1:1069490)\n    at RCTView (<anonymous>)\n    at View (address at index.android.bundle:1:165619)\n    at FrameSizeProvider (address at index.android.bundle:1:1031517)\n    at SafeAreaProviderCompat (address at index.android.bundle:1:1043708)\n    at NativeStackView (address at index.android.bundle:1:1093298)\n    at PreventRemoveProvider (
07-08 14:46:15.013 27106 27149 E ReactNativeJS:   isComponentError: true }
07-08 14:46:15.013 14031 14031 E RRR     : onNewAzimuth: 464.44507
07-08 14:46:15.015 27106 27106 I ExoPlayerImpl: Release 5c61eb0 [AndroidXMedia3/1.8.0] [V2309, V2309, vivo, 36] [media3.common, media3.exoplayer, media3.decoder, media3.datasource, media3.extractor]
07-08 14:46:15.018 27106 27197 D MediaCodec: [0xb4000077b0363b80] setState: 7
07-08 14:46:15.018 27106 27151 W unknown:BridgelessReact: ReactHost{0}.handleHostException(message = "ReferenceError: Property 'useEffect' doesn't exist
07-08 14:46:15.018 27106 27151 W unknown:BridgelessReact: 
07-08 14:46:15.018 27106 27151 W unknown:BridgelessReact: This error is located at:
07-08 14:46:15.018 27106 27151 W unknown:BridgelessReact:     at SettingsScreen (address at index.android.bundle:1:1849424)
07-08 14:46:15.018 27106 27151 W unknown:BridgelessReact:     at Suspense (<anonymous>)
07-08 14:46:15.018 27106 27151 W unknown:BridgelessReact:     at Route (address at index.android.bundle:1:978674)
07-08 14:46:15.018 27106 27151 W unknown:BridgelessReact:     at BaseRoute (address at index.android.bundle:1:985565)
07-08 14:46:15.018 27106 27151 W unknown:BridgelessReact:     at StaticContainer (address at index.android.bundle:1:948559)
07-08 14:46:15.018 27106 27151 W unknown:BridgelessReact:     at EnsureSingleNavigator (address at index.android.bundle:1:891378)
07-08 14:46:15.018 27106 27151 W unknown:BridgelessReact:     at SceneView (address at index.android.bundle:1:946298)
07-08 14:46:15.018 27106 27151 W unknown:BridgelessReact:     at NavigationProvider (address at index.android.bundle:1:906273)
07-08 14:46:15.018 27106 27151 W unknown:BridgelessReact:     at RCTView (<anonymous>)
07-08 14:46:15.018 27106 27151 W unknown:BridgelessReact:     at View (address at index.android.bundle:1:165619)
07-08 14:46:15.018 27106 27151 W unknown:BridgelessReact:     at RCTView (<anonymous>)
07-08 14:46:15.018 27106 27151 W unknown:BridgelessReact:     at View (address at index.android.bundle:1:165619)
07-08 14:46:15.018 27106 27151 W unknown:BridgelessReact:     at Animated(View) (address at index.android.bundle:1:575442)
07-08 14:46:15.018 27106 27151 W unknown:BridgelessReact:     at Background (address at index.android.bundle:1:997442)
07-08 14:46:15.018 27106 27151 W unknown:BridgelessReact:     at Screen (address at index.android.bundle:1:1044501)
07-08 14:46:15.018 27106 27151 W unknown:BridgelessReact:     at RNSScreen (<anonymous>)
07-08 14:46:15.018 27106 27151 W unknown:BridgelessReact:     at Animated(Anonymous) (address at index.android.bundle:1:575442)
07-08 14:46:15.018 27106 27151 W unknown:BridgelessReact:     at Suspender (address at index.android.bundle:1:1061542)
07-08 14:46:15.018 27106 27151 W unknown:BridgelessReact:     at Suspense (<anonymous>)
07-08 14:46:15.018 27106 27151 W unknown:BridgelessReact:     at Freeze (address at index.android.bundle:1:1061603)
07-08 14:46:15.018 27106 27151 W unknown:BridgelessReact:     at DelayedFreeze (address at index.android.bundle:1:1061184)
07-08 14:46:15.018 27106 27151 W unknown:BridgelessReact:     at InnerScreen (address at index.android.bundle:1:1058901)
07-08 14:46:15.018 27106 27151 W unknown:BridgelessReact:     at anonymous (address at index.android.bundle:1:1060583)
07-08 14:46:15.018 27106 27151 W unknown:BridgelessReact:     at MaybeScreen (address at index.android.bundle:1:1054456)
07-08 14:46:15.018 27106 27151 W unknown:BridgelessReact:     at RNSScreenContainer (<anonymous>)
07-08 14:46:15.018 27106 27151 W unknown:BridgelessReact:     at ScreenContainer (address at index.android.bundle:1:1068594)
07-08 14:46:15.018 27106 27151 W unknown:BridgelessReact:     at MaybeScreenContainer (address at index.android.bundle:1:1054617)
07-08 14:46:15.018 27106 27151 W unknown:BridgelessReact:     at RCTView (<anonymous>)
07-08 14:46:15.018 27106 27151 W unknown:BridgelessReact:     at View (address at index.android.bundle:1:165619)
07-08 14:46:15.018 27106 27151 W unknown:BridgelessReact:     at FrameSizeProvider (address at index.android.bundle:1:1031517)
07-08 14:46:15.018 27106 27151 W unknown:BridgelessReact:     at SafeAreaProviderCompat (address at index.android.bundle:1:1043708)
07-08 14:46:15.018 27106 27151 W unknown:BridgelessReact:     at BottomTabView (address at index.android.bundle:1:991917)
07-08 14:46:15.018 27106 27151 W unknown:BridgelessReact:     at PreventRemoveProvider (address at index.android.bundle:1:931449)
07-08 14:46:15.018 27106 27151 W unknown:BridgelessReact:     at NavigationStateListenerProvider (address at index.android.bundle:1:954396)
07-08 14:46:15.018 27106 27151 W unknown:BridgelessReact:     at NavigationContent (address at index.android.bundle:1:943444)
07-08 14:46:15.018 27106 27151 W unknown:BridgelessReact:     at anonymous (address at index.android.bundle:1:943347)
07-08 14:46:15.018 27106 27151 W unknown:BridgelessReact:     at BottomTabNavigator (address at index.android.bundle:1:990993)
07-08 14:46:15.018 27106 27151 W unknown:BridgelessReact:     at anonymous (address at index.android.bundle:1:977597)
07-08 14:46:15.018 27106 27151 W unknown:BridgelessReact:     at TabsLayout (address at index.android.bundle:1:856690)
07-08 14:46:15.018 27106 27151 W unknown:BridgelessReact:     at Suspense (<anonymous>)
07-08 14:46:15.018 27106 27151 W unknown:BridgelessReact:     at Route (address at index.android.bundle:1:978674)
07-08 14:46:15.018 27106 27151 W unknown:BridgelessReact:     at BaseRoute (address at index.android.bundle:1:985565)
07-08 14:46:15.018 27106 27151 W unknown:BridgelessReact:     at StaticContainer (address at index.android.bundle:1:948559)
07-08 14:46:15.018 27106 27151 W unknown:BridgelessReact:     at EnsureSingleNavigator (address at index.android.bundle:1:891378)
07-08 14:46:15.018 27106 27151 W unknown:BridgelessReact:     at SceneView (address at index.android.bundle:1:946298)
07-08 14:46:15.018 27106 27151 W unknown:BridgelessReact:     at NavigationProvider (address at index.android.bundle:1:906273)
07-08 14:46:15.018 27106 27151 W unknown:BridgelessReact:     at RNSScreenContentWrapper (<anonymous>)
07-08 14:46:15.018 27106 27151 W unknown:BridgelessReact:     at ScreenContentWrapper (<anonymous>)
07-08 14:46:15.018 27106 27151 W unknown:BridgelessReact:     at DebugContainer (<anonymous>)
07-08 14:46:15.018 27106 27151 W unknown:BridgelessReact:     at RNSScreen (<anonymous>)
07-08 14:46:15.018 27106 27151 W unknown:BridgelessReact:     at Animated(Anonymous) (address at index.android.bundle:1:575442)
07-08 14:46:15.018 27106 27151 W unknown:BridgelessReact:     at Suspender (address at index.android.bundle:1:1061542)
07-08 14:46:15.018 27106 27151 W unknown:BridgelessReact:     at Suspense (<anonymous>)
07-08 14:46:15.018 27106 27151 W unknown:BridgelessReact:     at Freeze (address at index.android.bundle:1:1061603)
07-08 14:46:15.018 27106 27151 W unknown:BridgelessReact:     at DelayedFreeze (address at index.android.bundle:1:1061184)
07-08 14:46:15.018 27106 27151 W unknown:BridgelessReact:     at InnerScreen (address at index.android.bundle:1:1058901)
07-08 14:46:15.018 27106 27151 W unknown:BridgelessReact:     at anonymous (address at index.android.bundle:1:1060583)
07-08 14:46:15.018 27106 27151 W unknown:BridgelessReact:     at ScreenStackItem (address at index.android.bundle:1:1071221)
07-08 14:46:15.018 27106 27151 W unknown:BridgelessReact:     at NavigationProvider (address at index.android.bundle:1:906273)
07-08 14:46:15.018 27106 27151 W unknown:BridgelessReact:     at SceneView (address at index.android.bundle:1:1094740)
07-08 14:46:15.018 27106 27151 W unknown:BridgelessReact:     at RNSScreenStack (<anonymous>)
07-08 14:46:15.018 27106 27151 W unknown:BridgelessReact:     at anonymous (address at index.android.bundle:1:1070300)
07-08 14:46:15.018 27106 27151 W unknown:BridgelessReact:     at ScreenStack (address at index.android.bundle:1:1069490)
07-08 14:46:15.018 27106 27151 W unknown:BridgelessReact:     at RCTView (<anonymous>)
07-08 14:46:15.018 27106 27151 W unknown:BridgelessReact:     at View (address at index.android.bundle:1:165619)
07-08 14:46:15.018 27106 27151 W unknown:BridgelessReact:     at FrameSizeProvider (address at index.android.bundle:1:1031517)
07-08 14:46:15.018 27106 27151 W unknown:BridgelessReact:     at SafeAreaProviderCompat (address at index.android.bundle:1:1043708)
07-08 14:46:15.018 27106 27151 W unknown:BridgelessReact:     at NativeStackView (address at index.android.bundle:1:1093298)
07-08 14:46:15.018 27106 27151 W unknown:BridgelessReact:     at PreventRemoveProvider (address at index.android.bundle:1:931449)
07-08 14:46:15.018 27106 27151 W unknown:BridgelessReact:     at NavigationStateListenerProvider (address at index.android.bundle:1:954396)
07-08 14:46:15.018 27106 27151 W unknown:BridgelessReact:     at NavigationContent (address at index.android.bundle:1:943444)
07-08 14:46:15.018 27106 27151 W unknown:BridgelessReact:     at anonymous (address at index.android.bundle:1:943347)
07-08 14:46:15.018 27106 27151 W unknown:BridgelessReact:     at NativeStackNavigator (address at index.android.bundle:1:1089477)
07-08 14:46:15.018 27106 27151 W unknown:BridgelessReact:     at anonymous (address at index.android.bundle:1:977597)
07-08 14:46:15.018 27106 27151 W unknown:BridgelessReact:     at anonymous (address at index.android.bundle:1:862867)
07-08 14:46:15.018 27106 27151 W unknown:BridgelessReact:     at PortalProviderComponent (address at index.android.bundle:1:1762936)
07-08 14:46:15.018 27106 27151 W unknown:BridgelessReact:     at BottomSheetModalProviderWrapper (address at index.android.bundle:1:1765281)
07-08 14:46:15.018 27106 27151 W unknown:BridgelessReact:     at AppProvider (address at index.android.bundle:1:1225256)
07-08 14:46:15.018 27106 27151 W unknown:BridgelessReact:     at NowProvider (address at index.android.bundle:1:1251410)
07-08 14:46:15.018 27106 27151 W unknown:BridgelessReact:     at RNCSafeAreaProvider (<anonymous>)
07-08 14:46:15.018 27106 27151 W unknown:BridgelessReact:     at SafeAreaProvider (address at index.android.bundle:1:1028027)
07-08 14:46:15.018 27106 27151 W unknown:BridgelessReact:     at RNGestureHandlerRootView (<anonymous>)
07-08 14:46:15.018 27106 27151 W unknown:BridgelessReact:     at GestureHandlerRootView (address at index.android.bundle:1:1651961)
07-08 14:46:15.018 27106 27151 W unknown:BridgelessReact:     at RootLayout (address at index.android.bundle:1:1914417)
07-08 14:46:15.018 27106 27151 W unknown:BridgelessReact:     at Suspense (<anonymous>)
07-08 14:46:15.018 27106 27151 W unknown:BridgelessReact:     at Route (address at index.android.bundle:1:978674)
07-08 14:46:15.018 27106 27151 W unknown:BridgelessReact:     at BaseRoute (address at index.android.bundle:1:985565)
07-08 14:46:15.018 27106 27151 W unknown:BridgelessReact:     at StaticContainer (address at index.android.bundle:1:948559)
07-08 14:46:15.018 27106 27151 W unknown:BridgelessReact:     at EnsureSingleNavigator (address at index.android.bundle:1:891378)
07-08 14:46:15.018 27106 27151 W unknown:BridgelessReact:     at SceneView (address at index.android.bundle:1:946298)
07-08 14:46:15.018 27106 27151 W unknown:BridgelessReact:     at NavigationProvider (address at index.android.bundle:1:906273)
07-08 14:46:15.018 27106 27151 W unknown:BridgelessReact:     at PreventRemoveProvider (address at index.android.bundle:1:931449)
07-08 14:46:15.018 27106 27151 W unknown:BridgelessReact:     at NavigationStateListenerProvider (address at index.android.bundle:1:954396)
07-08 14:46:15.018 27106 27151 W unknown:BridgelessReact:     at NavigationContent (address at index.android.bundle:1:943444)
07-08 14:46:15.018 27106 27151 W unknown:BridgelessReact:     at anonymous (address at index.android.bundle:1:943347)
07-08 14:46:15.018 27106 27151 W unknown:BridgelessReact:     at Content (address at index.android.bundle:1:1192009)
07-08 14:46:15.018 27106 27151 W unknown:BridgelessReact:     at RNCSafeAreaProvider (<anonymous>)
07-08 14:46:15.018 27106 27151 W unknown:BridgelessReact:     at SafeAreaProvider (address at index.android.bundle:1:1028027)
07-08 14:46:15.018 27106 27151 W unknown:BridgelessReact:     at LinkPreviewContextProvider (address at index.android.bundle:1:1103123)
07-08 14:46:15.018 27106 27151 W unknown:BridgelessReact:     at anonymous (address at index.android.bundle:1:1190906)
07-08 14:46:15.018 27106 27151 W unknown:BridgelessReact:     at ThemeProvider (address at index.android.bundle:1:893548)
07-08 14:46:15.018 27106 27151 W unknown:BridgelessReact:     at EnsureSingleNavigator (address at index.android.bundle:1:891378)
07-08 14:46:15.018 27106 27151 W unknown:BridgelessReact:     at BaseNavigationContainer (address at index.android.bundle:1:869837)
07-08 14:46:15.018 27106 27151 W unknown:BridgelessReact:     at NavigationContainerInner (address at index.android.bundle:1:1193869)
07-08 14:46:15.018 27106 27151 W unknown:BridgelessReact:     at ContextNavigator (address at index.android.bundle:1:1191135)
07-08 14:46:15.018 27106 27151 W unknown:BridgelessReact:     at ExpoRoot (address at index.android.bundle:1:1190778)
07-08 14:46:15.018 27106 27151 W unknown:BridgelessReact:     at App (<anonymous>)
07-08 14:46:15.018 27106 27151 W unknown:BridgelessReact:     at RCTView (<anonymous>)
07-08 14:46:15.018 27106 27151 W unknown:BridgelessReact:     at View (address at index.android.bundle:1:165619)
07-08 14:46:15.018 27106 27151 W unknown:BridgelessReact:     at AppContainer (address at index.android.bundle:1:408699), stack:
07-08 14:46:15.018 27106 27151 W unknown:BridgelessReact: SettingsScreen@1:1849637
07-08 14:46:15.018 27106 27151 W unknown:BridgelessReact: renderWithHooks@1:257056
07-08 14:46:15.018 27106 27151 W unknown:BridgelessReact: updateFunctionComponent@1:275836
07-08 14:46:15.018 27106 27151 W unknown:BridgelessReact: beginWork@1:283671
07-08 14:46:15.018 27106 27151 W unknown:BridgelessReact: performUnitOfWork@1:302320
07-08 14:46:15.018 27106 27151 W unknown:BridgelessReact: workLoopSync@1:301328
07-08 14:46:15.018 27106 27151 W unknown:BridgelessReact: renderRootSync@1:301160
07-08 14:46:15.018 27106 27151 W unknown:BridgelessReact: performWorkOnRoot@1:298806
07-08 14:46:15.018 27106 27151 W unknown:BridgelessReact: performSyncWorkOnRoot@1:252643
07-08 14:46:15.018 27106 27151 W unknown:BridgelessReact: flushSyncWorkAcrossRoots_impl@1:251534
07-08 14:46:15.018 27106 27151 W unknown:BridgelessReact: processRootScheduleInMicrotask@1:251894
07-08 14:46:15.018 27106 27151 W unknown:BridgelessReact: anonymous@1:252738
07-08 14:46:15.018 27106 27151 W unknown:BridgelessReact: ")
--------- beginning of crash
07-08 14:46:15.018 27106 27151 E AndroidRuntime: FATAL EXCEPTION: mqt_v_native
07-08 14:46:15.018 27106 27151 E AndroidRuntime: Process: com.emergent.salahalarm.lxw9zs, PID: 27106
07-08 14:46:15.018 27106 27151 E AndroidRuntime: com.facebook.react.common.JavascriptException: ReferenceError: Property 'useEffect' doesn't exist
07-08 14:46:15.018 27106 27151 E AndroidRuntime: 
07-08 14:46:15.018 27106 27151 E AndroidRuntime: This error is located at:
07-08 14:46:15.018 27106 27151 E AndroidRuntime:     at SettingsScreen (address at index.android.bundle:1:1849424)
07-08 14:46:15.018 27106 27151 E AndroidRuntime:     at Suspense (<anonymous>)
07-08 14:46:15.018 27106 27151 E AndroidRuntime:     at Route (address at index.android.bundle:1:978674)
07-08 14:46:15.018 27106 27151 E AndroidRuntime:     at BaseRoute (address at index.android.bundle:1:985565)
07-08 14:46:15.018 27106 27151 E AndroidRuntime:     at StaticContainer (address at index.android.bundle:1:948559)
07-08 14:46:15.018 27106 27151 E AndroidRuntime:     at EnsureSingleNavigator (address at index.android.bundle:1:891378)
07-08 14:46:15.018 27106 27151 E AndroidRuntime:     at SceneView (address at index.android.bundle:1:946298)
07-08 14:46:15.018 27106 27151 E AndroidRuntime:     at NavigationProvider (address at index.android.bundle:1:906273)
07-08 14:46:15.018 27106 27151 E AndroidRuntime:     at RCTView (<anonymous>)
07-08 14:46:15.018 27106 27151 E AndroidRuntime:     at View (address at index.android.bundle:1:165619)
07-08 14:46:15.018 27106 27151 E AndroidRuntime:     at RCTView (<anonymous>)
07-08 14:46:15.018 27106 27151 E AndroidRuntime:     at View (address at index.android.bundle:1:165619)
07-08 14:46:15.018 27106 27151 E AndroidRuntime:     at Animated(View) (address at index.android.bundle:1:575442)
07-08 14:46:15.018 27106 27151 E AndroidRuntime:     at Background (address at index.android.bundle:1:997442)
07-08 14:46:15.018 27106 27151 E AndroidRuntime:     at Screen (address at index.android.bundle:1:1044501)
07-08 14:46:15.018 27106 27151 E AndroidRuntime:     at RNSScreen (<anonymous>)
07-08 14:46:15.018 27106 27151 E AndroidRuntime:     at Animated(Anonymous) (address at index.android.bundle:1:575442)
07-08 14:46:15.018 27106 27151 E AndroidRuntime:     at Suspender (address at index.android.bundle:1:1061542)
07-08 14:46:15.018 27106 27151 E AndroidRuntime:     at Suspense (<anonymous>)
07-08 14:46:15.018 27106 27151 E AndroidRuntime:     at Freeze (address at index.android.bundle:1:1061603)
07-08 14:46:15.018 27106 27151 E AndroidRuntime:     at DelayedFreeze (address at index.android.bundle:1:1061184)
07-08 14:46:15.018 27106 27151 E AndroidRuntime:     at InnerScreen (address at index.android.bundle:1:1058901)
07-08 14:46:15.018 27106 27151 E AndroidRuntime:     at anonymous (address at index.android.bundle:1:1060583)
07-08 14:46:15.018 27106 27151 E AndroidRuntime:     at MaybeScreen (address at index.android.bundle:1:1054456)
07-08 14:46:15.018 27106 27151 E AndroidRuntime:     at RNSScreenContainer (<anonymous>)
07-08 14:46:15.018 27106 27151 E AndroidRuntime:     at ScreenContainer (address at index.android.bundle:1:1068594)
07-08 14:46:15.018 27106 27151 E AndroidRuntime:     at MaybeScreenContainer (address at index.android.bundle:1:1054617)
07-08 14:46:15.018 27106 27151 E AndroidRuntime:     at RCTView (<anonymous>)
07-08 14:46:15.018 27106 27151 E AndroidRuntime:     at View (address at index.android.bundle:1:165619)
07-08 14:46:15.018 27106 27151 E AndroidRuntime:     at FrameSizeProvider (address at index.android.bundle:1:1031517)
07-08 14:46:15.018 27106 27151 E AndroidRuntime:     at SafeAreaProviderCompat (address at index.android.bundle:1:1043708)
07-08 14:46:15.018 27106 27151 E AndroidRuntime:     at BottomTabView (address at index.android.bundle:1:991917)
07-08 14:46:15.018 27106 27151 E AndroidRuntime:     at PreventRemoveProvider (address at index.android.bundle:1:931449)
07-08 14:46:15.018 27106 27151 E AndroidRuntime:     at NavigationStateListenerProvider (address at index.android.bundle:1:954396)
07-08 14:46:15.018 27106 27151 E AndroidRuntime:     at NavigationContent (address at index.android.bundle:1:943444)
07-08 14:46:15.018 27106 27151 E AndroidRuntime:     at anonymous (address at index.android.bundle:1:943347)
07-08 14:46:15.018 27106 27151 E AndroidRuntime:     at BottomTabNavigator (address at index.android.bundle:1:990993)
07-08 14:46:15.018 27106 27151 E AndroidRuntime:     at anonymous (address at index.android.bundle:1:977597)
07-08 14:46:15.018 27106 27151 E AndroidRuntime:     at TabsLayout (address at index.android.bundle:1:856690)
07-08 14:46:15.018 27106 27151 E AndroidRuntime:     at Suspense (<anonymous>)
07-08 14:46:15.018 27106 27151 E AndroidRuntime:     at Route (address at index.android.bundle:1:978674)
07-08 14:46:15.018 27106 27151 E AndroidRuntime:     at BaseRoute (address at index.android.bundle:1:985565)
07-08 14:46:15.018 27106 27151 E AndroidRuntime:     at StaticContainer (address at index.android.bundle:1:948559)
07-08 14:46:15.018 27106 27151 E AndroidRuntime:     at EnsureSingleNavigator (address at index.android.bundle:1:891378)
07-08 14:46:15.018 27106 27151 E AndroidRuntime:     at SceneView (address at index.android.bundle:1:946298)
07-08 14:46:15.018 27106 27151 E AndroidRuntime:     at NavigationProvider (address at index.android.bundle:1:906273)
07-08 14:46:15.018 27106 27151 E AndroidRuntime:     at RNSScreenContentWrapper (<anonymous>)
07-08 14:46:15.018 27106 27151 E AndroidRuntime:     at ScreenContentWrapper (<anonymous>)
07-08 14:46:15.018 27106 27151 E AndroidRuntime:     at DebugContainer (<anonymous>)
07-08 14:46:15.018 27106 27151 E AndroidRuntime:     at RNSScreen (<anonymous>)
07-08 14:46:15.018 27106 27151 E AndroidRuntime:     at Animated(Anonymous) (address at index.android.bundle:1:575442)
07-08 14:46:15.018 27106 27151 E AndroidRuntime:     at Suspender (address at index.android.bundle:1:1061542)
07-08 14:46:15.018 27106 27151 E AndroidRuntime:     at Suspense (<anonymous>)
07-08 14:46:15.018 27106 27151 E AndroidRuntime:     at Freeze (address at index.android.bundle:1:1061603)
07-08 14:46:15.018 27106 27151 E AndroidRuntime:     at DelayedFreeze (address at index.android.bundle:1:1061184)
07-08 14:46:15.018 27106 27151 E AndroidRuntime:     at InnerScreen (address at index.android.bundle:1:1058901)
07-08 14:46:15.018 27106 27151 E AndroidRuntime:     at anonymous (address at index.android.bundle:1:1060583)
07-08 14:46:15.018 27106 27151 E AndroidRuntime:     at ScreenStackItem (address at index.android.bundle:1:1071221)
07-08 14:46:15.018 27106 27151 E AndroidRuntime:     at NavigationProvider (address at index.android.bundle:1:906273)
07-08 14:46:15.018 27106 27151 E AndroidRuntime:     at SceneView (address at index.android.bundle:1:1094740)
07-08 14:46:15.018 27106 27151 E AndroidRuntime:     at RNSScreenStack (<anonymous>)
07-08 14:46:15.018 27106 27151 E AndroidRuntime:     at anonymous (address at index.android.bundle:1:1070300)
07-08 14:46:15.018 27106 27151 E AndroidRuntime:     at ScreenStack (address at index.android.bundle:1:1069490)
07-08 14:46:15.018 27106 27151 E AndroidRuntime:     at RCTView (<anonymous>)
07-08 14:46:15.018 27106 27151 E AndroidRuntime:     at View (address at index.android.bundle:1:165619)
07-08 14:46:15.018 27106 27151 E AndroidRuntime:     at FrameSizeProvider (address at index.android.bundle:1:1031517)
07-08 14:46:15.018 27106 27151 E AndroidRuntime:     at SafeAreaProviderCompat (address at index.android.bundle:1:1043708)
07-08 14:46:15.018 27106 27151 E AndroidRuntime:     at NativeStackView (address at index.android.bundle:1:1093298)
07-08 14:46:15.018 27106 27151 E AndroidRuntime:     at PreventRemoveProvider (address at index.android.bundle:1:931449)
07-08 14:46:15.018 27106 27151 E AndroidRuntime:     at NavigationStateListenerProvider (address at index.android.bundle:1:954396)
07-08 14:46:15.018 27106 27151 E AndroidRuntime:     at NavigationContent (address at index.android.bundle:1:943444)
07-08 14:46:15.018 27106 27151 E AndroidRuntime:     at anonymous (address at index.android.bundle:1:943347)
07-08 14:46:15.018 27106 27151 E AndroidRuntime:     at NativeStackNavigator (address at index.android.bundle:1:1089477)
07-08 14:46:15.018 27106 27151 E AndroidRuntime:     at anonymous (address at index.android.bundle:1:977597)
07-08 14:46:15.018 27106 27151 E AndroidRuntime:     at anonymous (address at index.android.bundle:1:862867)
07-08 14:46:15.018 27106 27151 E AndroidRuntime:     at PortalProviderComponent (address at index.android.bundle:1:1762936)
07-08 14:46:15.018 27106 27151 E AndroidRuntime:     at BottomSheetModalProviderWrapper (address at index.android.bundle:1:1765281)
07-08 14:46:15.018 27106 27151 E AndroidRuntime:     at AppProvider (address at index.android.bundle:1:1225256)
07-08 14:46:15.018 27106 27151 E AndroidRuntime:     at NowProvider (address at index.android.bundle:1:1251410)
07-08 14:46:15.018 27106 27151 E AndroidRuntime:     at RNCSafeAreaProvider (<anonymous>)
07-08 14:46:15.018 27106 27151 E AndroidRuntime:     at SafeAreaProvider (address at index.android.bundle:1:1028027)
07-08 14:46:15.018 27106 27151 E AndroidRuntime:     at RNGestureHandlerRootView (<anonymous>)
07-08 14:46:15.018 27106 27151 E AndroidRuntime:     at GestureHandlerRootView (address at index.android.bundle:1:1651961)
07-08 14:46:15.018 27106 27151 E AndroidRuntime:     at RootLayout (address at index.android.bundle:1:1914417)
07-08 14:46:15.018 27106 27151 E AndroidRuntime:     at Suspense (<anonymous>)
07-08 14:46:15.018 27106 27151 E AndroidRuntime:     at Route (address at index.android.bundle:1:978674)
07-08 14:46:15.018 27106 27151 E AndroidRuntime:     at BaseRoute (address at index.android.bundle:1:985565)
07-08 14:46:15.018 27106 27151 E AndroidRuntime:     at StaticContainer (address at index.android.bundle:1:948559)
07-08 14:46:15.018 27106 27151 E AndroidRuntime:     at EnsureSingleNavigator (address at index.android.bundle:1:891378)
07-08 14:46:15.018 27106 27151 E AndroidRuntime:     at SceneView (address at index.android.bundle:1:946298)
07-08 14:46:15.018 27106 27151 E AndroidRuntime:     at NavigationProvider (address at index.android.bundle:1:906273)
07-08 14:46:15.018 27106 27151 E AndroidRuntime:     at PreventRemoveProvider (address at index.android.bundle:1:931449)
07-08 14:46:15.018 27106 27151 E AndroidRuntime:     at NavigationStateListenerProvider (address at index.android.bundle:1:954396)
07-08 14:46:15.018 27106 27151 E AndroidRuntime:     at NavigationContent (address at index.android.bundle:1:943444)
07-08 14:46:15.018 27106 27151 E AndroidRuntime:     at anonymous (address at index.android.bundle:1:943347)
07-08 14:46:15.018 27106 27151 E AndroidRuntime:     at Content (address at index.android.bundle:1:1192009)
07-08 14:46:15.018 27106 27151 E AndroidRuntime:     at RNCSafeAreaProvider (<anonymous>)
07-08 14:46:15.018 27106 27151 E AndroidRuntime:     at SafeAreaProvider (address at index.android.bundle:1:1028027)
07-08 14:46:15.018 27106 27151 E AndroidRuntime:     at LinkPreviewContextProvider (address at index.android.bundle:1:1103123)
07-08 14:46:15.018 27106 27151 E AndroidRuntime:     at anonymous (address at index.android.bundle:1:1190906)
07-08 14:46:15.018 27106 27151 E AndroidRuntime:     at ThemeProvider (address at index.android.bundle:1:893548)
07-08 14:46:15.018 27106 27151 E AndroidRuntime:     at EnsureSingleNavigator (address at index.android.bundle:1:891378)
07-08 14:46:15.018 27106 27151 E AndroidRuntime:     at BaseNavigationContainer (address at index.android.bundle:1:869837)
07-08 14:46:15.018 27106 27151 E AndroidRuntime:     at NavigationContainerInner (address at index.android.bundle:1:1193869)
07-08 14:46:15.018 27106 27151 E AndroidRuntime:     at ContextNavigator (address at index.android.bundle:1:1191135)
07-08 14:46:15.018 27106 27151 E AndroidRuntime:     at ExpoRoot (address at index.android.bundle:1:1190778)
07-08 14:46:15.018 27106 27151 E AndroidRuntime:     at App (<anonymous>)
07-08 14:46:15.018 27106 27151 E AndroidRuntime:     at RCTView (<anonymous>)
07-08 14:46:15.018 27106 27151 E AndroidRuntime:     at View (address at index.android.bundle:1:165619)
07-08 14:46:15.018 27106 27151 E AndroidRuntime:     at AppContainer (address at index.android.bundle:1:408699), stack:
07-08 14:46:15.018 27106 27151 E AndroidRuntime: SettingsScreen@1:1849637
07-08 14:46:15.018 27106 27151 E AndroidRuntime: renderWithHooks@1:257056
07-08 14:46:15.018 27106 27151 E AndroidRuntime: updateFunctionComponent@1:275836
07-08 14:46:15.018 27106 27151 E AndroidRuntime: beginWork@1:283671
07-08 14:46:15.018 27106 27151 E AndroidRuntime: performUnitOfWork@1:302320
07-08 14:46:15.018 27106 27151 E AndroidRuntime: workLoopSync@1:301328
07-08 14:46:15.018 27106 27151 E AndroidRuntime: renderRootSync@1:301160
07-08 14:46:15.018 27106 27151 E AndroidRuntime: performWorkOnRoot@1:298806
07-08 14:46:15.018 27106 27151 E AndroidRuntime: performSyncWorkOnRoot@1:252643
07-08 14:46:15.018 27106 27151 E AndroidRuntime: flushSyncWorkAcrossRoots_impl@1:251534
07-08 14:46:15.018 27106 27151 E AndroidRuntime: processRootScheduleInMicrotask@1:251894
07-08 14:46:15.018 27106 27151 E AndroidRuntime: anonymous@1:252738
07-08 14:46:15.018 27106 27151 E AndroidRuntime: 
07-08 14:46:15.018 27106 27151 E AndroidRuntime: 	at com.facebook.react.modules.core.ExceptionsManagerModule.reportException(ExceptionsManagerModule.kt:52)
07-08 14:46:15.018 27106 27151 E AndroidRuntime: 	at com.facebook.jni.NativeRunnable.run(Native Method)
07-08 14:46:15.018 27106 27151 E AndroidRuntime: 	at android.os.Handler.handleCallback(Handler.java:1051)
07-08 14:46:15.018 27106 27151 E AndroidRuntime: 	at android.os.Handler.dispatchMessage(Handler.java:107)
07-08 14:46:15.018 27106 27151 E AndroidRuntime: 	at com.facebook.react.bridge.queue.MessageQueueThreadHandler.dispatchMessage(MessageQueueThreadHandler.kt:21)
07-08 14:46:15.018 27106 27151 E AndroidRuntime: 	at android.os.Looper.loopOnce(Looper.java:266)
07-08 14:46:15.018 27106 27151 E AndroidRuntime: 	at android.os.Looper.loop(Looper.java:361)
07-08 14:46:15.018 27106 27151 E AndroidRuntime: 	at com.facebook.react.bridge.queue.MessageQueueThreadImpl$Companion.startNewBackgroundThread$lambda$1(MessageQueueThreadImpl.kt:175)
07-08 14:46:15.018 27106 27151 E AndroidRuntime: 	at com.facebook.react.bridge.queue.MessageQueueThreadImpl$Companion.$r8$lambda$ldnZnqelhYFctGaUKkOKYj5rxo4(MessageQueueThreadImpl.kt:0)
07-08 14:46:15.018 27106 27151 E AndroidRuntime: 	at com.facebook.react.bridge.queue.MessageQueueThreadImpl$Companion$$ExternalSyntheticLambda0.run(D8$$SyntheticClass:0)
07-08 14:46:15.018 27106 27151 E AndroidRuntime: 	at java.lang.Thread.run(Thread.java:1572)
07-08 14:46:15.019 27106 27197 D CCodecBuffers: [c2.android.mp3.decoder#759:1D-Output.Impl[N]] Client returned a buffer it does not own according to our record: 0
07-08 14:46:15.019 27106 27197 D CCodecBuffers: [c2.android.mp3.decoder#759:1D-Output.Impl[N]] Client returned a buffer it does not own according to our record: 1
07-08 14:46:15.019 27106 27197 D CCodecBuffers: [c2.android.mp3.decoder#759:1D-Output.Impl[N]] Client returned a buffer it does not own according to our record: 2
07-08 14:46:15.019 27106 27197 D MediaCodec: [0xb4000077b0363b80] setState: 8
07-08 14:46:15.020 27106 27176 D MediaCodec: keep callback message for reclaim
07-08 14:46:15.020 27106 27197 D MediaCodec: [0xb4000077b0363b80] setState: 6
07-08 14:46:15.020 27106 27197 I CCodecConfig: query failed after returning 8 values (BAD_INDEX)
07-08 14:46:15.020 27106 27197 D BufferPoolAccessor2.0: bufferpool2 0xb4000078b02ee738 : 5(40960 size) total buffers - 1(8192 size) used buffers - 15/20 (recycle/alloc) - 5/36 (fetch/transfer)
07-08 14:46:15.020 27106 27197 W Codec2Client: query -- param skipped: index = 1342179345.
07-08 14:46:15.020 27106 27197 W Codec2Client: query -- param skipped: index = 2415921170.
07-08 14:46:15.022 27106 27176 D MediaCodec: [0xb4000077b0363b80] [c2.android.mp3.decoder] releaseAsync
07-08 14:46:15.022 27106 27197 I MediaCodec: ++kWhatRelease   mState :6
07-08 14:46:15.022 27106 27197 D MediaCodec: [0xb4000077b0363b80] setState: 10
07-08 14:46:15.022 27106 27197 D CCodecBufferChannel: [c2.android.mp3.decoder#759] MediaCodec discarded an unknown buffer
07-08 14:46:15.022 27106 27197 D CCodecBufferChannel: [c2.android.mp3.decoder#759] MediaCodec discarded an unknown buffer
07-08 14:46:15.022 27106 27197 D CCodecBufferChannel: [c2.android.mp3.decoder#759] MediaCodec discarded an unknown buffer
07-08 14:46:15.022 27106 27197 D CCodecBufferChannel: [c2.android.mp3.decoder#759] MediaCodec discarded an unknown buffer
07-08 14:46:15.023 27106 27197 I hw-BpHwBinder: onLastStrongRef automatically unlinking death recipients
07-08 14:46:15.023 27106 27197 D MediaCodec: [0xb4000077b0363b80] [c2.android.mp3.decoder] kWhatReleaseCompleted
07-08 14:46:15.023 27106 27197 D MediaCodec: [0xb4000077b0363b80] setState: 0
07-08 14:46:15.026 27106 27197 I CCodecBufferChannel: Destructor 0xb4000078402a01f0
07-08 14:46:15.027 27106 27176 D VivoSpatializer: unregisterAudioFeatureCallback succeeded for tag: NOTIFY_V_SPAT_STATE_CHANGED
07-08 14:46:15.031 14031 14031 E RRR     : onNewAzimuth: 464.40582
07-08 14:46:15.031 14031 14031 E RRR     : onNewAzimuth: 464.36972
07-08 14:46:15.031 14031 14031 E RRR     : onNewAzimuth: 464.40582
07-08 14:46:15.031 14031 14031 E RRR     : onNewAzimuth: 464.36972
07-08 14:46:15.033 27106 27106 I ReactNative: [GESTURE HANDLER] Tearing down gesture handler registered for root view com.facebook.react.runtime.ReactSurfaceView{f57b992 V.E...... ......ID 0,0-1260,2800 #1}
07-08 14:46:15.037 27106 27287 I AudioTrack: flush(2763): 0xb4000078403f0e20 , prior state:STATE_STOPPED, sessionId:20353, calling package is:com.emergent.salahalarm.lxw9zs
07-08 14:46:15.037 27106 27287 I AudioTrack: stop(2763): 0xb4000078403f0e20, prior state:STATE_FLUSHED, packageName: com.emergent.salahalarm.lxw9zs
07-08 14:46:15.037 27106 27287 I PlayerBase: baseStop() piid=19967
07-08 14:46:15.038 27106 27287 V PlayerBase: baseRelease() piid=19967 state=4
07-08 14:46:15.038 27106 27287 D AudioTrack: ~AudioTrack(2763): 0xb4000078403f0e20
07-08 14:46:15.038 27106 27287 I AudioTrack: stop(2763): 0xb4000078403f0e20, prior state:STATE_FLUSHED, packageName: com.emergent.salahalarm.lxw9zs
07-08 14:46:15.038 27106 27287 D AudioTrackShared: this(0xb4000077203a12f0), mCblk(0x7986914000), front(6000), mIsOut 1, interrupt() FUTEX_WAKE
07-08 14:46:15.038 27106 27287 D AudioTrack: requestExitAndWait start
07-08 14:46:15.038 27106 27287 D AudioTrack: requestExitAndWait end
07-08 14:46:15.040 14031 14031 E RRR     : onNewAzimuth: 464.3171
07-08 14:46:15.041 19536 19536 D VRI[GoogleDiscoverWindow,type=4]: visibilityChanged oldVisibility=false newVisibility=true
07-08 14:46:15.041 25105 25105 D AudioManager: dispatching onPlaybackConfigChanged()
07-08 14:46:15.041 25105 25105 D AudioManager: dispatching onPlaybackConfigChanged()
07-08 14:46:15.044 27106 27106 W unknown:BridgelessReact: ReactHost{0}.onHostPause(activity)
07-08 14:46:15.044 27106 27106 W unknown:BridgelessReact: ReactContext.onHostPause()
07-08 14:46:15.050 14031 14031 E RRR     : onNewAzimuth: 464.2931
07-08 14:46:15.050 14031 14031 E RRR     : onNewAzimuth: 464.27475
07-08 14:46:15.050 14031 14031 E RRR     : onNewAzimuth: 464.2931
07-08 14:46:15.050 14031 14031 E RRR     : onNewAzimuth: 464.27475
07-08 14:46:15.053 14031 14031 E RRR     : onNewAzimuth: 464.2927
07-08 14:46:15.058 19536 19536 D ViewRootImpl: AppSizeAfterRelayout, size: Point(1260, 2800), rotation: ROTATION_0
07-08 14:46:15.059 19536 19536 D BufferQueueConsumer: [](id:4c500000033e,api:0,p:-1,c:19536) connect: controlledByApp=false
07-08 14:46:15.059 19536 19536 D BLASTBufferQueue: [VRI[GoogleDiscoverWindow,type=4]#830](f:0,a:0) constructor()
07-08 14:46:15.059 19536 19536 D BLASTBufferQueue: [VRI[GoogleDiscoverWindow,type=4]#830](f:0,a:0) update width=1260 height=2800 format=-2 mTransformHint=0
07-08 14:46:15.061 27106 27151 I Process : Sending signal. PID: 27106 SIG: 9
07-08 14:46:15.064 19536 19536 I cayp    : (REDACTED) onApplyWindowInsets: systemWindowInsets=%s
07-08 14:46:15.064 19536 19536 I cayp    : (REDACTED) onApplyWindowInsets: systemWindowInsets=%s
07-08 14:46:15.067 19536 19815 W BLASTBufferQueue: Unable to open /proc/vivo_rsc/frame_set_priority: Permission denied
07-08 14:46:15.067 19536 19815 I BLASTBufferQueue: QoSAllocBuff Successful. Ret 0 
07-08 14:46:15.071 19536 19815 D BLASTBufferQueue: [VRI[GoogleDiscoverWindow,type=4]#830](f:0,a:1) acquireNextBufferLocked size=1260x2800 mFrameNumber=1 applyTransaction=true mTimestamp=113507654540688(auto) mPendingTransactions.size=0 graphicBufferId=83906481098856 transform=0
07-08 14:46:15.073 19536 19536 I cbfe    : onStart
07-08 14:46:15.073 19536 19536 I byxd    : (REDACTED) [%s] onStart()
07-08 14:46:15.073 19536 19536 I byzo    : Reloading theme data
07-08 14:46:15.074 19536 19536 E NetworkErrorMessage: (REDACTED) Invalid connectivity state: %s
07-08 14:46:15.074 19536 19536 I cbfe    : onResume
07-08 14:46:15.074 19536 19536 W drep    : missing event name
07-08 14:46:15.100 14031 14031 E RRR     : onNewAzimuth: 464.27957
07-08 14:46:15.100 14031 14031 E RRR     : onNewAzimuth: 464.26797
07-08 14:46:15.100 14031 14031 E RRR     : onNewAzimuth: 464.20074
07-08 14:46:15.100 14031 14031 E RRR     : onNewAzimuth: 464.27957
07-08 14:46:15.100 14031 14031 E RRR     : onNewAzimuth: 464.26797
07-08 14:46:15.100 14031 14031 E RRR     : onNewAzimuth: 464.20074
07-08 14:46:15.101 14031 14031 E RRR     : onNewAzimuth: 464.1957
07-08 14:46:15.101 14031 14031 E RRR     : onNewAzimuth: 464.19897
07-08 14:46:15.101 14031 14031 E RRR     : onNewAzimuth: 464.2031
07-08 14:46:15.102 14031 14031 E RRR     : onNewAzimuth: 464.1957
07-08 14:46:15.102 14031 14031 E RRR     : onNewAzimuth: 464.19897
07-08 14:46:15.102 14031 14031 E RRR     : onNewAzimuth: 464.2031
07-08 14:46:15.110 19536 19536 I cayp    : (REDACTED) onApplyWindowInsets: systemWindowInsets=%s
07-08 14:46:15.111 19536 19536 I cayp    : (REDACTED) onApplyWindowInsets: systemWindowInsets=%s
07-08 14:46:15.129 28667 28667 V InputMethod: unbindInput(): binding=InputBinding{android.os.BinderProxy@9068d6 / uid 10683 / pid 27106} ic=RemoteInputConnection{idHash=#8f20757}
07-08 14:46:15.129 28667 28667 V InputMethod: bindInput(): binding=InputBinding{android.os.BinderProxy@e096935 / uid 10103 / pid 5063} ic=RemoteInputConnection{idHash=#60925dc}
07-08 14:46:15.129 28667 28667 V InputMethod: startInput(): editor=android.view.inputmethod.EditorInfo@f9656e5
07-08 14:46:15.129 28667 28667 V InputMethodService: CALL: doFinishInput
07-08 14:46:15.129 28667 28667 D InlineSuggestionSessionController: notifyOnFinishInput
07-08 14:46:15.129 28667 28667 V InputMethodService: CALL: onFinishInput
07-08 14:46:15.129 28667 28667 I GoogleInputMethodService: GoogleInputMethodService.onFinishInput():2276 
07-08 14:46:15.129 28667 28667 I Module  : DeviceLockedStatusModuleProvider$Module.updateDeviceLockedStatusInternal():129 repeatCheckTimes = 0, locked = false
07-08 14:46:15.129 28667 28667 V InputMethodService: finishStylusHandwriting()
07-08 14:46:15.129 28667 28667 D InlineSuggestionSessionController: notifyOnStartInput: com.android.launcher3, 0
07-08 14:46:15.129 28667 28667 V InputMethodService: CALL: onStartInput
07-08 14:46:15.129 28667 28667 I GoogleInputMethodService: GoogleInputMethodService.onStartInput():1460 onStartInput(EditorInfo{EditorInfo{packageName=com.android.launcher3, inputType=0, inputTypeString=NULL, enableLearning=false, autoCorrection=false, autoComplete=false, imeOptions=0, privateImeOptions=null, actionName=UNSPECIFIED, actionLabel=null, initialSelStart=-1, initialSelEnd=-1, initialCapsMode=0, label=null, fieldId=0, fieldName=null, extras=null, hintText=null, hintLocales=[]}}, false)
07-08 14:46:15.129 28667 28667 I LatinIMEBase: LatinIMEBase.updateInputViewCoverNavigation():317 Update input view padding, isNavbarOverInputWindow=true, bottom inset=126
07-08 14:46:15.130 28667 28667 I Module  : DeviceLockedStatusModuleProvider$Module.updateDeviceLockedStatusInternal():129 repeatCheckTimes = 1, locked = false
07-08 14:46:15.144 14031 14031 E RRR     : onNewAzimuth: 464.2017
07-08 14:46:15.144 14031 14031 E RRR     : onNewAzimuth: 464.1935
07-08 14:46:15.144 14031 14031 E RRR     : onNewAzimuth: 464.18805
07-08 14:46:15.144 14031 14031 E RRR     : onNewAzimuth: 464.1391
07-08 14:46:15.144 14031 14031 E RRR     : onNewAzimuth: 464.14243
07-08 14:46:15.144 14031 14031 E RRR     : onNewAzimuth: 464.07858
07-08 14:46:15.144 14031 14031 E RRR     : onNewAzimuth: 464.08417
07-08 14:46:15.144 14031 14031 E RRR     : onNewAzimuth: 464.2017
07-08 14:46:15.144 14031 14031 E RRR     : onNewAzimuth: 464.1935
07-08 14:46:15.144 14031 14031 E RRR     : onNewAzimuth: 464.18805
07-08 14:46:15.144 14031 14031 E RRR     : onNewAzimuth: 464.1391
07-08 14:46:15.144 14031 14031 E RRR     : onNewAzimuth: 464.14243
07-08 14:46:15.144 14031 14031 E RRR     : onNewAzimuth: 464.07858
07-08 14:46:15.144 14031 14031 E RRR     : onNewAzimuth: 464.08417
07-08 14:46:15.150 14031 14031 E RRR     : onNewAzimuth: 464.0876
07-08 14:46:15.154 14031 14031 E RRR     : onNewAzimuth: 464.04214
07-08 14:46:15.168 14031 14031 E RRR     : onNewAzimuth: 464.0505
07-08 14:46:15.168 14031 14031 E RRR     : onNewAzimuth: 464.06873
07-08 14:46:15.168 14031 14031 E RRR     : onNewAzimuth: 464.0505
07-08 14:46:15.168 14031 14031 E RRR     : onNewAzimuth: 464.06873
07-08 14:46:15.194 14031 14031 E RRR     : onNewAzimuth: 464.00897
07-08 14:46:15.194 14031 14031 E RRR     : onNewAzimuth: 464.03046
07-08 14:46:15.194 14031 14031 E RRR     : onNewAzimuth: 464.04086
07-08 14:46:15.194 14031 14031 E RRR     : onNewAzimuth: 463.98285
07-08 14:46:15.194 14031 14031 E RRR     : onNewAzimuth: 464.00897
07-08 14:46:15.194 14031 14031 E RRR     : onNewAzimuth: 464.03046
07-08 14:46:15.194 14031 14031 E RRR     : onNewAzimuth: 464.04086
07-08 14:46:15.194 14031 14031 E RRR     : onNewAzimuth: 463.98285
07-08 14:46:15.209 14031 14031 E RRR     : onNewAzimuth: 463.98398
07-08 14:46:15.209 14031 14031 E RRR     : onNewAzimuth: 463.98325
07-08 14:46:15.209 14031 14031 E RRR     : onNewAzimuth: 463.98398
07-08 14:46:15.209 14031 14031 E RRR     : onNewAzimuth: 463.98325
07-08 14:46:15.215 14031 14031 E RRR     : onNewAzimuth: 463.99487
07-08 14:46:15.216  6310  6444 I Auth    : [BroadcastManager] [BroadcastManager] Broadcasting account capabilities changed. [CONTEXT service_id=343 ]
07-08 14:46:15.218  6310  6444 I Auth    : [BroadcastManager] [BroadcastManager] Broadcasting account services changed. [CONTEXT service_id=343 ]
07-08 14:46:15.227  6831 27320 I Auth    : (REDACTED) [SupervisedAccountIntentOperation] onHandleIntent: %s
07-08 14:46:15.233 14031 14031 E RRR     : onNewAzimuth: 463.9953
07-08 14:46:15.233 14031 14031 E RRR     : onNewAzimuth: 463.99448
07-08 14:46:15.233 14031 14031 E RRR     : onNewAzimuth: 463.93774
07-08 14:46:15.233 14031 14031 E RRR     : onNewAzimuth: 463.9953
07-08 14:46:15.233 14031 14031 E RRR     : onNewAzimuth: 463.99448
07-08 14:46:15.233 14031 14031 E RRR     : onNewAzimuth: 463.93774
07-08 14:46:15.246  6831 27319 W ChimeraUtils: Module com.google.android.gms.advancedprotection missing resource null(0)
07-08 14:46:15.248 14031 14031 E RRR     : onNewAzimuth: 463.93
07-08 14:46:15.248 14031 14031 E RRR     : onNewAzimuth: 463.91882
07-08 14:46:15.248 14031 14031 E RRR     : onNewAzimuth: 463.93
07-08 14:46:15.248 14031 14031 E RRR     : onNewAzimuth: 463.91882
07-08 14:46:15.253 14031 14031 E RRR     : onNewAzimuth: 463.94797
07-08 14:46:15.268 14031 14031 E RRR     : onNewAzimuth: 463.94376
07-08 14:46:15.268 14031 14031 E RRR     : onNewAzimuth: 463.948
07-08 14:46:15.268 14031 14031 E RRR     : onNewAzimuth: 463.94376
07-08 14:46:15.268 14031 14031 E RRR     : onNewAzimuth: 463.948
07-08 14:46:15.269  6310 27060 I NetworkScheduler.Stats: (REDACTED) Task %s/%s started execution. cause:%s exec_start_elapsed_seconds: %s
07-08 14:46:15.273 14031 14031 E RRR     : onNewAzimuth: 463.89212
07-08 14:46:15.276  6310 27060 I NetworkScheduler.Stats: (REDACTED) Task %s/%s finished executing. cause:%s result: %s elapsed_millis: %s uptime_millis: %s exec_start_elapsed_seconds: %s
07-08 14:46:15.288 14031 14031 E RRR     : onNewAzimuth: 463.89627
07-08 14:46:15.288 14031 14031 E RRR     : onNewAzimuth: 463.89273
07-08 14:46:15.288 14031 14031 E RRR     : onNewAzimuth: 463.89627
07-08 14:46:15.288 14031 14031 E RRR     : onNewAzimuth: 463.89273
07-08 14:46:15.293 14031 14031 E RRR     : onNewAzimuth: 463.92267
07-08 14:46:15.297 14031 14031 E RRR     : onNewAzimuth: 463.9125
07-08 14:46:15.308 14031 14031 E RRR     : onNewAzimuth: 463.90414
07-08 14:46:15.313 14031 14031 E RRR     : onNewAzimuth: 463.84912
07-08 14:46:15.318 14031 14031 E RRR     : onNewAzimuth: 463.84836
07-08 14:46:15.329 14031 14031 E RRR     : onNewAzimuth: 463.8516
07-08 14:46:15.333 14031 14031 E RRR     : onNewAzimuth: 463.86606
07-08 14:46:15.339 14031 14031 E RRR     : onNewAzimuth: 463.8692
07-08 14:46:15.348 14031 14031 E RRR     : onNewAzimuth: 463.87164
07-08 14:46:15.354 14031 14031 E RRR     : onNewAzimuth: 463.8857
07-08 14:46:15.358 14031 14031 E RRR     : onNewAzimuth: 463.88763
07-08 14:46:15.368 14031 14031 E RRR     : onNewAzimuth: 463.88696
07-08 14:46:15.373 14031 14031 E RRR     : onNewAzimuth: 463.91684
07-08 14:46:15.381 14031 14031 E RRR     : onNewAzimuth: 463.9163
07-08 14:46:15.388 14031 14031 E RRR     : onNewAzimuth: 463.91934
07-08 14:46:15.396 14031 14031 E RRR     : onNewAzimuth: 463.8642
07-08 14:46:15.398 14031 14031 E RRR     : onNewAzimuth: 463.8682
07-08 14:46:15.408 14031 14031 E RRR     : onNewAzimuth: 463.8696
07-08 14:46:15.416 14031 14031 E RRR     : onNewAzimuth: 463.90024
