07-08 15:12:31.179 14031 14031 E RRR     : onNewAzimuth: -237.8471
07-08 15:12:31.179 14031 14031 E RRR     : onNewAzimuth: -237.83139
07-08 15:12:31.184 14031 14031 E RRR     : onNewAzimuth: -237.80212
07-08 15:12:31.184 14031 14031 E RRR     : onNewAzimuth: -237.77142
07-08 15:12:31.185 14031 14031 E RRR     : onNewAzimuth: -237.80212
07-08 15:12:31.185 14031 14031 E RRR     : onNewAzimuth: -237.77142
07-08 15:12:31.187 14031 14031 E RRR     : onNewAzimuth: -237.74344
07-08 15:12:31.215 14031 14031 E RRR     : onNewAzimuth: -237.72797
07-08 15:12:31.215 14031 14031 E RRR     : onNewAzimuth: -237.77069
07-08 15:12:31.215 14031 14031 E RRR     : onNewAzimuth: -237.76813
07-08 15:12:31.215 14031 14031 E RRR     : onNewAzimuth: -237.72797
07-08 15:12:31.215 14031 14031 E RRR     : onNewAzimuth: -237.77069
07-08 15:12:31.215 14031 14031 E RRR     : onNewAzimuth: -237.76813
07-08 15:12:31.225 14031 14031 E RRR     : onNewAzimuth: -237.77203
07-08 15:12:31.225 14031 14031 E RRR     : onNewAzimuth: -237.74103
07-08 15:12:31.225 14031 14031 E RRR     : onNewAzimuth: -237.77203
07-08 15:12:31.225 14031 14031 E RRR     : onNewAzimuth: -237.74103
07-08 15:12:31.227 14031 14031 E RRR     : onNewAzimuth: -237.74387
07-08 15:12:31.254 14031 14031 E RRR     : onNewAzimuth: -237.74072
07-08 15:12:31.254 14031 14031 E RRR     : onNewAzimuth: -237.77875
07-08 15:12:31.254 14031 14031 E RRR     : onNewAzimuth: -237.7702
07-08 15:12:31.254 14031 14031 E RRR     : onNewAzimuth: -237.74072
07-08 15:12:31.254 14031 14031 E RRR     : onNewAzimuth: -237.77875
07-08 15:12:31.254 14031 14031 E RRR     : onNewAzimuth: -237.7702
07-08 15:12:31.291 14031 14031 E RRR     : onNewAzimuth: -237.75534
07-08 15:12:31.291 14031 14031 E RRR     : onNewAzimuth: -237.72415
07-08 15:12:31.291 14031 14031 E RRR     : onNewAzimuth: -237.71365
07-08 15:12:31.291 14031 14031 E RRR     : onNewAzimuth: -237.7186
07-08 15:12:31.291 14031 14031 E RRR     : onNewAzimuth: -237.75644
07-08 15:12:31.291 14031 14031 E RRR     : onNewAzimuth: -237.77032
07-08 15:12:31.291 14031 14031 E RRR     : onNewAzimuth: -237.75534
07-08 15:12:31.291 14031 14031 E RRR     : onNewAzimuth: -237.72415
07-08 15:12:31.291 14031 14031 E RRR     : onNewAzimuth: -237.71365
07-08 15:12:31.291 14031 14031 E RRR     : onNewAzimuth: -237.7186
07-08 15:12:31.291 14031 14031 E RRR     : onNewAzimuth: -237.75644
07-08 15:12:31.291 14031 14031 E RRR     : onNewAzimuth: -237.77032
07-08 15:12:31.297 13621 14699 D InsetsAnimationCtrlImpl: notify control request finished for types: 2
07-08 15:12:31.298 13621 14699 I ANDR-VIVO-PERF: vivo inside perf_lock_rel of client
07-08 15:12:31.301 14031 14031 E RRR     : onNewAzimuth: -237.7753
07-08 15:12:31.303 14031 14031 E RRR     : onNewAzimuth: -237.81198
07-08 15:12:31.329 14031 14031 E RRR     : onNewAzimuth: -237.8038
07-08 15:12:31.329 14031 14031 E RRR     : onNewAzimuth: -237.80005
07-08 15:12:31.329 14031 14031 E RRR     : onNewAzimuth: -237.83252
07-08 15:12:31.329 14031 14031 E RRR     : onNewAzimuth: -237.8501
07-08 15:12:31.329 14031 14031 E RRR     : onNewAzimuth: -237.8038
07-08 15:12:31.330 14031 14031 E RRR     : onNewAzimuth: -237.80005
07-08 15:12:31.330 14031 14031 E RRR     : onNewAzimuth: -237.83252
07-08 15:12:31.330 14031 14031 E RRR     : onNewAzimuth: -237.8501
07-08 15:12:31.343 14031 14031 E RRR     : onNewAzimuth: -237.86862
07-08 15:12:31.343 14031 14031 E RRR     : onNewAzimuth: -237.90012
07-08 15:12:31.343 14031 14031 E RRR     : onNewAzimuth: -237.86862
07-08 15:12:31.343 14031 14031 E RRR     : onNewAzimuth: -237.90012
07-08 15:12:31.348 14031 14031 E RRR     : onNewAzimuth: -237.8895
07-08 15:12:31.379 14031 14031 E RRR     : onNewAzimuth: -237.85764
07-08 15:12:31.379 14031 14031 E RRR     : onNewAzimuth: -237.8913
07-08 15:12:31.379 14031 14031 E RRR     : onNewAzimuth: -237.86703
07-08 15:12:31.379 14031 14031 E RRR     : onNewAzimuth: -237.85764
07-08 15:12:31.379 14031 14031 E RRR     : onNewAzimuth: -237.8913
07-08 15:12:31.379 14031 14031 E RRR     : onNewAzimuth: -237.86703
07-08 15:12:31.384 14031 14031 E RRR     : onNewAzimuth: -237.86136
07-08 15:12:31.384 14031 14031 E RRR     : onNewAzimuth: -237.82599
07-08 15:12:31.384 14031 14031 E RRR     : onNewAzimuth: -237.86136
07-08 15:12:31.384 14031 14031 E RRR     : onNewAzimuth: -237.82599
07-08 15:12:31.387 14031 14031 E RRR     : onNewAzimuth: -237.8295
07-08 15:12:31.413 14031 14031 E RRR     : onNewAzimuth: -237.7974
07-08 15:12:31.413 14031 14031 E RRR     : onNewAzimuth: -237.83109
07-08 15:12:31.413 14031 14031 E RRR     : onNewAzimuth: -237.76843
07-08 15:12:31.413 14031 14031 E RRR     : onNewAzimuth: -237.7974
07-08 15:12:31.413 14031 14031 E RRR     : onNewAzimuth: -237.83109
07-08 15:12:31.413 14031 14031 E RRR     : onNewAzimuth: -237.76843
07-08 15:12:31.429 14031 14031 E RRR     : onNewAzimuth: -237.75748
07-08 15:12:31.429 14031 14031 E RRR     : onNewAzimuth: -237.78229
07-08 15:12:31.429 14031 14031 E RRR     : onNewAzimuth: -237.81183
07-08 15:12:31.429 14031 14031 E RRR     : onNewAzimuth: -237.75748
07-08 15:12:31.429 14031 14031 E RRR     : onNewAzimuth: -237.78229
07-08 15:12:31.429 14031 14031 E RRR     : onNewAzimuth: -237.81183
07-08 15:12:31.458 14031 14031 E RRR     : onNewAzimuth: -237.86493
07-08 15:12:31.458 14031 14031 E RRR     : onNewAzimuth: -237.89673
07-08 15:12:31.458 14031 14031 E RRR     : onNewAzimuth: -237.9679
07-08 15:12:31.458 14031 14031 E RRR     : onNewAzimuth: -237.86493
07-08 15:12:31.458 14031 14031 E RRR     : onNewAzimuth: -237.89673
07-08 15:12:31.458 14031 14031 E RRR     : onNewAzimuth: -237.9679
07-08 15:12:31.464 14031 14031 E RRR     : onNewAzimuth: -238.0358
07-08 15:12:31.464 14031 14031 E RRR     : onNewAzimuth: -238.0636
07-08 15:12:31.464 14031 14031 E RRR     : onNewAzimuth: -238.0358
07-08 15:12:31.464 14031 14031 E RRR     : onNewAzimuth: -238.0636
07-08 15:12:31.474 14031 14031 E RRR     : onNewAzimuth: -238.11029
07-08 15:12:31.506 19536 19536 D VRI[GoogleDiscoverWindow,type=4]: visibilityChanged oldVisibility=true newVisibility=false
07-08 15:12:31.512 14031 14031 E RRR     : onNewAzimuth: -238.12485
07-08 15:12:31.512 14031 14031 E RRR     : onNewAzimuth: -238.08676
07-08 15:12:31.512 14031 14031 E RRR     : onNewAzimuth: -238.07129
07-08 15:12:31.512 14031 14031 E RRR     : onNewAzimuth: -238.03403
07-08 15:12:31.513 14031 14031 E RRR     : onNewAzimuth: -238.06512
07-08 15:12:31.513 14031 14031 E RRR     : onNewAzimuth: -238.02106
07-08 15:12:31.513 14031 14031 E RRR     : onNewAzimuth: -238.12485
07-08 15:12:31.513 14031 14031 E RRR     : onNewAzimuth: -238.08676
07-08 15:12:31.513 14031 14031 E RRR     : onNewAzimuth: -238.07129
07-08 15:12:31.513 14031 14031 E RRR     : onNewAzimuth: -238.03403
07-08 15:12:31.513 14031 14031 E RRR     : onNewAzimuth: -238.06512
07-08 15:12:31.513 14031 14031 E RRR     : onNewAzimuth: -238.02106
07-08 15:12:31.527 19536 19815 I HWUI    : [destroy] CanvasContext will be destroyed.
07-08 15:12:31.533 19536 19536 D ViewRootImpl: AppSizeAfterRelayout, size: Point(1260, 2800), rotation: ROTATION_0
07-08 15:12:31.534 19536 19536 D BLASTBufferQueue: [VRI[GoogleDiscoverWindow,type=4]#845](f:0,a:2) destructor()
07-08 15:12:31.534 19536 19536 D BufferQueueConsumer: [VRI[GoogleDiscoverWindow,type=4]#845(BLAST Consumer)845](id:4c500000034d,api:0,p:-1,c:19536) disconnect
07-08 15:12:31.534 19536 19536 I cbfe    : onStop
07-08 15:12:31.536 14031 14031 E RRR     : onNewAzimuth: -238.00983
07-08 15:12:31.537 14031 14031 E RRR     : onNewAzimuth: -238.03995
07-08 15:12:31.537 14031 14031 E RRR     : onNewAzimuth: -238.02765
07-08 15:12:31.537 14031 14031 E RRR     : onNewAzimuth: -238.00983
07-08 15:12:31.537 14031 14031 E RRR     : onNewAzimuth: -238.03995
07-08 15:12:31.537 14031 14031 E RRR     : onNewAzimuth: -238.02765
07-08 15:12:31.544 14031 14031 E RRR     : onNewAzimuth: -237.97134
07-08 15:12:31.544 14031 14031 E RRR     : onNewAzimuth: -238.00494
07-08 15:12:31.544 14031 14031 E RRR     : onNewAzimuth: -237.97134
07-08 15:12:31.544 14031 14031 E RRR     : onNewAzimuth: -238.00494
07-08 15:12:31.551 14031 14031 E RRR     : onNewAzimuth: -237.95013
07-08 15:12:31.565 14031 14031 E RRR     : onNewAzimuth: -237.92688
07-08 15:12:31.565 14031 14031 E RRR     : onNewAzimuth: -237.95953
07-08 15:12:31.565 14031 14031 E RRR     : onNewAzimuth: -237.92688
07-08 15:12:31.565 14031 14031 E RRR     : onNewAzimuth: -237.95953
07-08 15:12:31.566 14031 14031 E RRR     : onNewAzimuth: -237.95892
07-08 15:12:31.575 14031 14031 E RRR     : onNewAzimuth: -237.97803
07-08 15:12:31.583 14031 14031 E RRR     : onNewAzimuth: -238.00967
07-08 15:12:31.585 14031 14031 E RRR     : onNewAzimuth: -238.04712
07-08 15:12:31.598 14031 14031 E RRR     : onNewAzimuth: -238.08505
07-08 15:12:31.603 14031 14031 E RRR     : onNewAzimuth: -238.04346
07-08 15:12:31.606 14031 14031 E RRR     : onNewAzimuth: -238.07355
07-08 15:12:31.616 14031 14031 E RRR     : onNewAzimuth: -238.10269
07-08 15:12:31.623 14031 14031 E RRR     : onNewAzimuth: -238.13025
07-08 15:12:31.626 14031 14031 E RRR     : onNewAzimuth: -238.16156
07-08 15:12:31.637 14031 14031 E RRR     : onNewAzimuth: -238.19662
07-08 15:12:31.650 14031 14031 E RRR     : onNewAzimuth: -238.23398
07-08 15:12:31.650 14031 14031 E RRR     : onNewAzimuth: -238.19266
07-08 15:12:31.650 14031 14031 E RRR     : onNewAzimuth: -238.23398
07-08 15:12:31.650 14031 14031 E RRR     : onNewAzimuth: -238.19266
07-08 15:12:31.657 14031 14031 E RRR     : onNewAzimuth: -238.22614
07-08 15:12:31.664 14031 14031 E RRR     : onNewAzimuth: -238.25833
07-08 15:12:31.666 14031 14031 E RRR     : onNewAzimuth: -238.30322
07-08 15:12:31.677 14031 14031 E RRR     : onNewAzimuth: -238.34924
07-08 15:12:31.687 14031 14031 E RRR     : onNewAzimuth: -238.30533
07-08 15:12:31.687 14031 14031 E RRR     : onNewAzimuth: -238.33096
07-08 15:12:31.687 14031 14031 E RRR     : onNewAzimuth: -238.30533
07-08 15:12:31.687 14031 14031 E RRR     : onNewAzimuth: -238.33096
07-08 15:12:31.698 14031 14031 E RRR     : onNewAzimuth: -238.33533
07-08 15:12:31.707 14031 14031 E RRR     : onNewAzimuth: -238.29279
07-08 15:12:31.707 14031 14031 E RRR     : onNewAzimuth: -238.28394
07-08 15:12:31.707 14031 14031 E RRR     : onNewAzimuth: -238.29279
07-08 15:12:31.707 14031 14031 E RRR     : onNewAzimuth: -238.28394
07-08 15:12:31.719 14031 14031 E RRR     : onNewAzimuth: -238.27466
07-08 15:12:31.723  6310  8771 W Settings: Setting airplane_mode_on has moved from android.provider.Settings.System to android.provider.Settings.Global, returning read-only value.
07-08 15:12:31.723 14031 14031 E RRR     : onNewAzimuth: -238.30145
07-08 15:12:31.727  6310 16188 W SystemServiceRegistry: No service published for: wifirtt
07-08 15:12:31.730 14031 14031 E RRR     : onNewAzimuth: -238.30527
07-08 15:12:31.739 14031 14031 E RRR     : onNewAzimuth: -238.32138
07-08 15:12:31.743 14031 14031 E RRR     : onNewAzimuth: -238.35016
07-08 15:12:31.746 14031 14031 E RRR     : onNewAzimuth: -238.36743
07-08 15:12:31.761 14031 14031 E RRR     : onNewAzimuth: -238.37692
07-08 15:12:31.764 14031 14031 E RRR     : onNewAzimuth: -238.40485
07-08 15:12:31.766 14031 14031 E RRR     : onNewAzimuth: -238.40881
07-08 15:12:31.780 14031 14031 E RRR     : onNewAzimuth: -238.41595
07-08 15:12:31.784 14031 14031 E RRR     : onNewAzimuth: -238.44025
07-08 15:12:31.786 14031 14031 E RRR     : onNewAzimuth: -238.4559
07-08 15:12:31.801 14031 14031 E RRR     : onNewAzimuth: -238.47595
07-08 15:12:31.806 14031 14031 E RRR     : onNewAzimuth: -238.49957
07-08 15:12:31.806 14031 14031 E RRR     : onNewAzimuth: -238.51617
07-08 15:12:31.806 14031 14031 E RRR     : onNewAzimuth: -238.49957
07-08 15:12:31.806 14031 14031 E RRR     : onNewAzimuth: -238.51617
07-08 15:12:31.821 14031 14031 E RRR     : onNewAzimuth: -238.5328
07-08 15:12:31.823 14031 14031 E RRR     : onNewAzimuth: -238.49039
07-08 15:12:31.827 14031 14031 E RRR     : onNewAzimuth: -238.51175
07-08 15:12:31.842 14031 14031 E RRR     : onNewAzimuth: -238.53168
07-08 15:12:31.843 14031 14031 E RRR     : onNewAzimuth: -238.49054
07-08 15:12:31.846 14031 14031 E RRR     : onNewAzimuth: -238.4949
07-08 15:12:31.862 14031 14031 E RRR     : onNewAzimuth: -238.48227
07-08 15:12:31.863 14031 14031 E RRR     : onNewAzimuth: -238.43973
07-08 15:12:31.865 14031 14031 E RRR     : onNewAzimuth: -238.41992
07-08 15:12:31.883 14031 14031 E RRR     : onNewAzimuth: -238.40237
07-08 15:12:31.883 14031 14031 E RRR     : onNewAzimuth: -238.3638
07-08 15:12:31.883 14031 14031 E RRR     : onNewAzimuth: -238.40237
07-08 15:12:31.883 14031 14031 E RRR     : onNewAzimuth: -238.3638
07-08 15:12:31.886 14031 14031 E RRR     : onNewAzimuth: -238.36044
07-08 15:12:31.904 14031 14031 E RRR     : onNewAzimuth: -238.36896
07-08 15:12:31.904 14031 14031 E RRR     : onNewAzimuth: -238.39679
07-08 15:12:31.908 14031 14031 E RRR     : onNewAzimuth: -238.41302
07-08 15:12:31.909 14031 14031 E RRR     : onNewAzimuth: -238.36896
07-08 15:12:31.909 14031 14031 E RRR     : onNewAzimuth: -238.39679
07-08 15:12:31.909 14031 14031 E RRR     : onNewAzimuth: -238.41302
07-08 15:12:31.923 14031 14031 E RRR     : onNewAzimuth: -238.43765
07-08 15:12:31.923 14031 14031 E RRR     : onNewAzimuth: -238.46732
07-08 15:12:31.923 14031 14031 E RRR     : onNewAzimuth: -238.43765
07-08 15:12:31.924 14031 14031 E RRR     : onNewAzimuth: -238.46732
07-08 15:12:31.926 14031 14031 E RRR     : onNewAzimuth: -238.4903
07-08 15:12:31.941 14031 14031 E RRR     : onNewAzimuth: -238.50153
07-08 15:12:31.943 14031 14031 E RRR     : onNewAzimuth: -238.53033
07-08 15:12:31.946 14031 14031 E RRR     : onNewAzimuth: -238.53046
07-08 15:12:31.963 14031 14031 E RRR     : onNewAzimuth: -238.52545
07-08 15:12:31.963 14031 14031 E RRR     : onNewAzimuth: -238.48535
07-08 15:12:31.964 14031 14031 E RRR     : onNewAzimuth: -238.52545
07-08 15:12:31.964 14031 14031 E RRR     : onNewAzimuth: -238.48535
07-08 15:12:31.966 14031 14031 E RRR     : onNewAzimuth: -238.47946
07-08 15:12:31.983 14031 14031 E RRR     : onNewAzimuth: -238.47626
07-08 15:12:31.983 14031 14031 E RRR     : onNewAzimuth: -238.43738
07-08 15:12:31.983 14031 14031 E RRR     : onNewAzimuth: -238.47626
07-08 15:12:31.984 14031 14031 E RRR     : onNewAzimuth: -238.43738
07-08 15:12:31.985 14031 14031 E RRR     : onNewAzimuth: -238.44122
07-08 15:12:32.005 14031 14031 E RRR     : onNewAzimuth: -238.45444
07-08 15:12:32.005 14031 14031 E RRR     : onNewAzimuth: -238.41672
07-08 15:12:32.005 14031 14031 E RRR     : onNewAzimuth: -238.45444
07-08 15:12:32.005 14031 14031 E RRR     : onNewAzimuth: -238.41672
07-08 15:12:32.006 14031 14031 E RRR     : onNewAzimuth: -238.44437
07-08 15:12:32.023 14031 14031 E RRR     : onNewAzimuth: -238.48181
07-08 15:12:32.023 14031 14031 E RRR     : onNewAzimuth: -238.44266
07-08 15:12:32.023 14031 14031 E RRR     : onNewAzimuth: -238.48181
07-08 15:12:32.023 14031 14031 E RRR     : onNewAzimuth: -238.44266
07-08 15:12:32.028 14031 14031 E RRR     : onNewAzimuth: -238.43457
07-08 15:12:32.044 14031 14031 E RRR     : onNewAzimuth: -238.39587
07-08 15:12:32.044 14031 14031 E RRR     : onNewAzimuth: -238.4285
07-08 15:12:32.044 14031 14031 E RRR     : onNewAzimuth: -238.39587
07-08 15:12:32.044 14031 14031 E RRR     : onNewAzimuth: -238.4285
07-08 15:12:32.045 14031 14031 E RRR     : onNewAzimuth: -238.43591
07-08 15:12:32.064 14031 14031 E RRR     : onNewAzimuth: -238.51724
07-08 15:12:32.064 14031 14031 E RRR     : onNewAzimuth: -238.40894
07-08 15:12:32.064 14031 14031 E RRR     : onNewAzimuth: -238.51724
07-08 15:12:32.064 14031 14031 E RRR     : onNewAzimuth: -238.40894
07-08 15:12:32.064 14031 14031 E RRR     : onNewAzimuth: -238.48975
07-08 15:12:32.085 14031 14031 E RRR     : onNewAzimuth: -238.54251
07-08 15:12:32.085 14031 14031 E RRR     : onNewAzimuth: -238.58896
07-08 15:12:32.085 14031 14031 E RRR     : onNewAzimuth: -238.54251
07-08 15:12:32.085 14031 14031 E RRR     : onNewAzimuth: -238.58896
07-08 15:12:32.089 14031 14031 E RRR     : onNewAzimuth: -238.5535
07-08 15:12:32.101 14031 14031 E RRR     : onNewAzimuth: -238.57126
07-08 15:12:32.104 14031 14031 E RRR     : onNewAzimuth: -238.53918
07-08 15:12:32.107 14031 14031 E RRR     : onNewAzimuth: -238.52747
07-08 15:12:32.124 14031 14031 E RRR     : onNewAzimuth: -238.51212
07-08 15:12:32.124 14031 14031 E RRR     : onNewAzimuth: -238.47864
07-08 15:12:32.124 14031 14031 E RRR     : onNewAzimuth: -238.51212
07-08 15:12:32.124 14031 14031 E RRR     : onNewAzimuth: -238.47864
07-08 15:12:32.129 14031 14031 E RRR     : onNewAzimuth: -238.46518
07-08 15:12:32.145 14031 14031 E RRR     : onNewAzimuth: -238.45953
07-08 15:12:32.145 14031 14031 E RRR     : onNewAzimuth: -238.46088
07-08 15:12:32.145 14031 14031 E RRR     : onNewAzimuth: -238.49872
07-08 15:12:32.145 14031 14031 E RRR     : onNewAzimuth: -238.45953
07-08 15:12:32.145 14031 14031 E RRR     : onNewAzimuth: -238.46088
07-08 15:12:32.145 14031 14031 E RRR     : onNewAzimuth: -238.49872
07-08 15:12:32.164 14031 14031 E RRR     : onNewAzimuth: -238.49893
07-08 15:12:32.164 14031 14031 E RRR     : onNewAzimuth: -238.53561
07-08 15:12:32.164 14031 14031 E RRR     : onNewAzimuth: -238.49893
07-08 15:12:32.164 14031 14031 E RRR     : onNewAzimuth: -238.53561
07-08 15:12:32.165 14031 14031 E RRR     : onNewAzimuth: -238.5293
07-08 15:12:32.184 14031 14031 E RRR     : onNewAzimuth: -238.51465
07-08 15:12:32.184 14031 14031 E RRR     : onNewAzimuth: -238.5539
07-08 15:12:32.184 14031 14031 E RRR     : onNewAzimuth: -238.51465
07-08 15:12:32.184 14031 14031 E RRR     : onNewAzimuth: -238.5539
07-08 15:12:32.185 14031 14031 E RRR     : onNewAzimuth: -238.53177
07-08 15:12:32.203 14031 14031 E RRR     : onNewAzimuth: -238.5126
07-08 15:12:32.203 14031 14031 E RRR     : onNewAzimuth: -238.547
07-08 15:12:32.203 14031 14031 E RRR     : onNewAzimuth: -238.5126
07-08 15:12:32.203 14031 14031 E RRR     : onNewAzimuth: -238.547
07-08 15:12:32.205 14031 14031 E RRR     : onNewAzimuth: -238.5357
07-08 15:12:32.227 14031 14031 E RRR     : onNewAzimuth: -238.52191
07-08 15:12:32.227 14031 14031 E RRR     : onNewAzimuth: -238.5553
07-08 15:12:32.228 14031 14031 E RRR     : onNewAzimuth: -238.53568
07-08 15:12:32.228 14031 14031 E RRR     : onNewAzimuth: -238.52191
07-08 15:12:32.228 14031 14031 E RRR     : onNewAzimuth: -238.5553
07-08 15:12:32.228 14031 14031 E RRR     : onNewAzimuth: -238.53568
07-08 15:12:32.235 13621 13673 E ReactNativeJS: { [ReferenceError: Property 'useEffect' doesn't exist]
07-08 15:12:32.235 13621 13673 E ReactNativeJS:   componentStack: '\n    at SettingsScreen (address at index.android.bundle:1:1849127)\n    at Suspense (<anonymous>)\n    at Route (address at index.android.bundle:1:978659)\n    at BaseRoute (address at index.android.bundle:1:985550)\n    at StaticContainer (address at index.android.bundle:1:948544)\n    at EnsureSingleNavigator (address at index.android.bundle:1:891363)\n    at SceneView (address at index.android.bundle:1:946283)\n    at NavigationProvider (address at index.android.bundle:1:906258)\n    at RCTView (<anonymous>)\n    at View (address at index.android.bundle:1:165620)\n    at RCTView (<anonymous>)\n    at View (address at index.android.bundle:1:165620)\n    at Animated(View) (address at index.android.bundle:1:575425)\n    at Background (address at index.android.bundle:1:997427)\n    at Screen (address at index.android.bundle:1:1044486)\n    at RNSScreen (<anonymous>)\n    at Animated(Anonymous) (address at index.android.bundle:1:575425)\n    at Suspender (address at index.android.bundle:1:1061528)\n    at Suspense (<anonymous>)\n    at Freeze (address at index.android.bundle:1:1061589)\n    at DelayedFreeze (address at index.android.bundle:1:1061170)\n    at InnerScreen (address at index.android.bundle:1:1058887)\n    at anonymous (address at index.android.bundle:1:1060569)\n    at MaybeScreen (address at index.android.bundle:1:1054442)\n    at RNSScreenContainer (<anonymous>)\n    at ScreenContainer (address at index.android.bundle:1:1068580)\n    at MaybeScreenContainer (address at index.android.bundle:1:1054603)\n    at RCTView (<anonymous>)\n    at View (address at index.android.bundle:1:165620)\n    at FrameSizeProvider (address at index.android.bundle:1:1031502)\n    at SafeAreaProviderCompat (address at index.android.bundle:1:1043693)\n    at BottomTabView (address at index.android.bundle:1:991902)\n    at PreventRemoveProvider (address at index.android.bundle:1:931434)\n    at NavigationStateListenerProvider (address at index.android.bundle:1:954381)\n    at NavigationContent (address at index.android.bundle:1:943429)\n    at anonymous (address at index.android.bundle:1:943332)\n    at BottomTabNavigator (address at index.android.bundle:1:990978)\n    at anonymous (address at index.android.bundle:1:977582)\n    at TabsLayout (address at index.android.bundle:1:856675)\n    at Suspense (<anonymous>)\n    at Route (address at index.android.bundle:1:978659)\n    at BaseRoute (address at index.android.bundle:1:985550)\n    at StaticContainer (address at index.android.bundle:1:948544)\n    at EnsureSingleNavigator (address at index.android.bundle:1:891363)\n    at SceneView (address at index.android.bundle:1:946283)\n    at NavigationProvider (address at index.android.bundle:1:906258)\n    at RNSScreenContentWrapper (<anonymous>)\n    at ScreenContentWrapper (<anonymous>)\n    at DebugContainer (<anonymous>)\n    at RNSScreen (<anonymous>)\n    at Animated(Anonymous) (address at index.android.bundle:1:575425)\n    at Suspender (address at index.android.bundle:1:1061528)\n    at Suspense (<anonymous>)\n    at Freeze (address at index.android.bundle:1:1061589)\n    at DelayedFreeze (address at index.android.bundle:1:1061170)\n    at InnerScreen (address at index.android.bundle:1:1058887)\n    at anonymous (address at index.android.bundle:1:1060569)\n    at ScreenStackItem (address at index.android.bundle:1:1071207)\n    at NavigationProvider (address at index.android.bundle:1:906258)\n    at SceneView (address at index.android.bundle:1:1094726)\n    at RNSScreenStack (<anonymous>)\n    at anonymous (address at index.android.bundle:1:1070286)\n    at ScreenStack (address at index.android.bundle:1:1069476)\n    at RCTView (<anonymous>)\n    at View (address at index.android.bundle:1:165620)\n    at FrameSizeProvider (address at index.android.bundle:1:1031502)\n    at SafeAreaProviderCompat (address at index.android.bundle:1:1043693)\n    at NativeStackView (address at index.android.bundle:1:1093284)\n    at PreventRemoveProvider (
07-08 15:12:32.235 13621 13673 E ReactNativeJS:   isComponentError: true }
07-08 15:12:32.237 13621 13621 I ExoPlayerImpl: Release 36f3ada [AndroidXMedia3/1.8.0] [V2309, V2309, vivo, 36] [media3.common, media3.exoplayer, media3.decoder, media3.datasource, media3.extractor]
07-08 15:12:32.238 13621 15994 D MediaCodec: [0xb4000077b0371a00] setState: 7
07-08 15:12:32.240 13621 15994 D CCodecBuffers: [c2.android.mp3.decoder#298:1D-Output.Impl[N]] Client returned a buffer it does not own according to our record: 0
07-08 15:12:32.240 13621 15994 D CCodecBuffers: [c2.android.mp3.decoder#298:1D-Output.Impl[N]] Client returned a buffer it does not own according to our record: 1
07-08 15:12:32.240 13621 15994 D CCodecBuffers: [c2.android.mp3.decoder#298:1D-Output.Impl[N]] Client returned a buffer it does not own according to our record: 2
07-08 15:12:32.240 13621 15994 D MediaCodec: [0xb4000077b0371a00] setState: 8
07-08 15:12:32.240 13621 15992 D MediaCodec: keep callback message for reclaim
07-08 15:12:32.240 13621 15994 D MediaCodec: [0xb4000077b0371a00] setState: 6
07-08 15:12:32.241 13621 15994 I CCodecConfig: query failed after returning 8 values (BAD_INDEX)
07-08 15:12:32.241 13621 15994 D BufferPoolAccessor2.0: bufferpool2 0xb4000078b0304ff8 : 1(8192 size) total buffers - 1(8192 size) used buffers - 14/20 (recycle/alloc) - 10/36 (fetch/transfer)
07-08 15:12:32.241 13621 15994 W Codec2Client: query -- param skipped: index = 1342179345.
07-08 15:12:32.242 13621 15994 W Codec2Client: query -- param skipped: index = 2415921170.
07-08 15:12:32.244 14031 14031 E RRR     : onNewAzimuth: -238.52667
07-08 15:12:32.244 14031 14031 E RRR     : onNewAzimuth: -238.55902
07-08 15:12:32.244 13621 15992 D MediaCodec: [0xb4000077b0371a00] [c2.android.mp3.decoder] releaseAsync
07-08 15:12:32.244 13621 15994 I MediaCodec: ++kWhatRelease   mState :6
07-08 15:12:32.244 13621 15994 D MediaCodec: [0xb4000077b0371a00] setState: 10
07-08 15:12:32.244 13621 15994 D CCodecBufferChannel: [c2.android.mp3.decoder#298] MediaCodec discarded an unknown buffer
07-08 15:12:32.244 13621 13674 W unknown:BridgelessReact: ReactHost{0}.handleHostException(message = "ReferenceError: Property 'useEffect' doesn't exist
07-08 15:12:32.244 13621 13674 W unknown:BridgelessReact: 
07-08 15:12:32.244 13621 13674 W unknown:BridgelessReact: This error is located at:
07-08 15:12:32.244 13621 13674 W unknown:BridgelessReact:     at SettingsScreen (address at index.android.bundle:1:1849127)
07-08 15:12:32.244 13621 13674 W unknown:BridgelessReact:     at Suspense (<anonymous>)
07-08 15:12:32.244 13621 13674 W unknown:BridgelessReact:     at Route (address at index.android.bundle:1:978659)
07-08 15:12:32.244 13621 13674 W unknown:BridgelessReact:     at BaseRoute (address at index.android.bundle:1:985550)
07-08 15:12:32.244 13621 13674 W unknown:BridgelessReact:     at StaticContainer (address at index.android.bundle:1:948544)
07-08 15:12:32.244 13621 13674 W unknown:BridgelessReact:     at EnsureSingleNavigator (address at index.android.bundle:1:891363)
07-08 15:12:32.244 13621 13674 W unknown:BridgelessReact:     at SceneView (address at index.android.bundle:1:946283)
07-08 15:12:32.244 13621 13674 W unknown:BridgelessReact:     at NavigationProvider (address at index.android.bundle:1:906258)
07-08 15:12:32.244 13621 13674 W unknown:BridgelessReact:     at RCTView (<anonymous>)
07-08 15:12:32.244 13621 13674 W unknown:BridgelessReact:     at View (address at index.android.bundle:1:165620)
07-08 15:12:32.244 13621 13674 W unknown:BridgelessReact:     at RCTView (<anonymous>)
07-08 15:12:32.244 13621 13674 W unknown:BridgelessReact:     at View (address at index.android.bundle:1:165620)
07-08 15:12:32.244 13621 13674 W unknown:BridgelessReact:     at Animated(View) (address at index.android.bundle:1:575425)
07-08 15:12:32.244 13621 13674 W unknown:BridgelessReact:     at Background (address at index.android.bundle:1:997427)
07-08 15:12:32.244 13621 13674 W unknown:BridgelessReact:     at Screen (address at index.android.bundle:1:1044486)
07-08 15:12:32.244 13621 13674 W unknown:BridgelessReact:     at RNSScreen (<anonymous>)
07-08 15:12:32.244 13621 13674 W unknown:BridgelessReact:     at Animated(Anonymous) (address at index.android.bundle:1:575425)
07-08 15:12:32.244 13621 13674 W unknown:BridgelessReact:     at Suspender (address at index.android.bundle:1:1061528)
07-08 15:12:32.244 13621 13674 W unknown:BridgelessReact:     at Suspense (<anonymous>)
07-08 15:12:32.244 13621 13674 W unknown:BridgelessReact:     at Freeze (address at index.android.bundle:1:1061589)
07-08 15:12:32.244 13621 13674 W unknown:BridgelessReact:     at DelayedFreeze (address at index.android.bundle:1:1061170)
07-08 15:12:32.244 13621 13674 W unknown:BridgelessReact:     at InnerScreen (address at index.android.bundle:1:1058887)
07-08 15:12:32.244 13621 13674 W unknown:BridgelessReact:     at anonymous (address at index.android.bundle:1:1060569)
07-08 15:12:32.244 13621 13674 W unknown:BridgelessReact:     at MaybeScreen (address at index.android.bundle:1:1054442)
07-08 15:12:32.244 13621 13674 W unknown:BridgelessReact:     at RNSScreenContainer (<anonymous>)
07-08 15:12:32.244 13621 13674 W unknown:BridgelessReact:     at ScreenContainer (address at index.android.bundle:1:1068580)
07-08 15:12:32.244 13621 13674 W unknown:BridgelessReact:     at MaybeScreenContainer (address at index.android.bundle:1:1054603)
07-08 15:12:32.244 13621 13674 W unknown:BridgelessReact:     at RCTView (<anonymous>)
07-08 15:12:32.244 13621 13674 W unknown:BridgelessReact:     at View (address at index.android.bundle:1:165620)
07-08 15:12:32.244 13621 13674 W unknown:BridgelessReact:     at FrameSizeProvider (address at index.android.bundle:1:1031502)
07-08 15:12:32.244 13621 13674 W unknown:BridgelessReact:     at SafeAreaProviderCompat (address at index.android.bundle:1:1043693)
07-08 15:12:32.244 13621 13674 W unknown:BridgelessReact:     at BottomTabView (address at index.android.bundle:1:991902)
07-08 15:12:32.244 13621 13674 W unknown:BridgelessReact:     at PreventRemoveProvider (address at index.android.bundle:1:931434)
07-08 15:12:32.244 13621 13674 W unknown:BridgelessReact:     at NavigationStateListenerProvider (address at index.android.bundle:1:954381)
07-08 15:12:32.244 13621 13674 W unknown:BridgelessReact:     at NavigationContent (address at index.android.bundle:1:943429)
07-08 15:12:32.244 13621 13674 W unknown:BridgelessReact:     at anonymous (address at index.android.bundle:1:943332)
07-08 15:12:32.244 13621 13674 W unknown:BridgelessReact:     at BottomTabNavigator (address at index.android.bundle:1:990978)
07-08 15:12:32.244 13621 13674 W unknown:BridgelessReact:     at anonymous (address at index.android.bundle:1:977582)
07-08 15:12:32.244 13621 13674 W unknown:BridgelessReact:     at TabsLayout (address at index.android.bundle:1:856675)
07-08 15:12:32.244 13621 13674 W unknown:BridgelessReact:     at Suspense (<anonymous>)
07-08 15:12:32.244 13621 13674 W unknown:BridgelessReact:     at Route (address at index.android.bundle:1:978659)
07-08 15:12:32.244 13621 13674 W unknown:BridgelessReact:     at BaseRoute (address at index.android.bundle:1:985550)
07-08 15:12:32.244 13621 13674 W unknown:BridgelessReact:     at StaticContainer (address at index.android.bundle:1:948544)
07-08 15:12:32.244 13621 13674 W unknown:BridgelessReact:     at EnsureSingleNavigator (address at index.android.bundle:1:891363)
07-08 15:12:32.244 13621 13674 W unknown:BridgelessReact:     at SceneView (address at index.android.bundle:1:946283)
07-08 15:12:32.244 13621 13674 W unknown:BridgelessReact:     at NavigationProvider (address at index.android.bundle:1:906258)
07-08 15:12:32.244 13621 13674 W unknown:BridgelessReact:     at RNSScreenContentWrapper (<anonymous>)
07-08 15:12:32.244 13621 13674 W unknown:BridgelessReact:     at ScreenContentWrapper (<anonymous>)
07-08 15:12:32.244 13621 13674 W unknown:BridgelessReact:     at DebugContainer (<anonymous>)
07-08 15:12:32.244 13621 13674 W unknown:BridgelessReact:     at RNSScreen (<anonymous>)
07-08 15:12:32.244 13621 13674 W unknown:BridgelessReact:     at Animated(Anonymous) (address at index.android.bundle:1:575425)
07-08 15:12:32.244 13621 13674 W unknown:BridgelessReact:     at Suspender (address at index.android.bundle:1:1061528)
07-08 15:12:32.244 13621 13674 W unknown:BridgelessReact:     at Suspense (<anonymous>)
07-08 15:12:32.244 13621 13674 W unknown:BridgelessReact:     at Freeze (address at index.android.bundle:1:1061589)
07-08 15:12:32.244 13621 13674 W unknown:BridgelessReact:     at DelayedFreeze (address at index.android.bundle:1:1061170)
07-08 15:12:32.244 13621 13674 W unknown:BridgelessReact:     at InnerScreen (address at index.android.bundle:1:1058887)
07-08 15:12:32.244 13621 13674 W unknown:BridgelessReact:     at anonymous (address at index.android.bundle:1:1060569)
07-08 15:12:32.244 13621 13674 W unknown:BridgelessReact:     at ScreenStackItem (address at index.android.bundle:1:1071207)
07-08 15:12:32.244 13621 13674 W unknown:BridgelessReact:     at NavigationProvider (address at index.android.bundle:1:906258)
07-08 15:12:32.244 13621 13674 W unknown:BridgelessReact:     at SceneView (address at index.android.bundle:1:1094726)
07-08 15:12:32.244 13621 13674 W unknown:BridgelessReact:     at RNSScreenStack (<anonymous>)
07-08 15:12:32.244 13621 13674 W unknown:BridgelessReact:     at anonymous (address at index.android.bundle:1:1070286)
07-08 15:12:32.244 13621 13674 W unknown:BridgelessReact:     at ScreenStack (address at index.android.bundle:1:1069476)
07-08 15:12:32.244 13621 13674 W unknown:BridgelessReact:     at RCTView (<anonymous>)
07-08 15:12:32.244 13621 13674 W unknown:BridgelessReact:     at View (address at index.android.bundle:1:165620)
07-08 15:12:32.244 13621 13674 W unknown:BridgelessReact:     at FrameSizeProvider (address at index.android.bundle:1:1031502)
07-08 15:12:32.244 13621 13674 W unknown:BridgelessReact:     at SafeAreaProviderCompat (address at index.android.bundle:1:1043693)
07-08 15:12:32.244 13621 13674 W unknown:BridgelessReact:     at NativeStackView (address at index.android.bundle:1:1093284)
07-08 15:12:32.244 13621 13674 W unknown:BridgelessReact:     at PreventRemoveProvider (address at index.android.bundle:1:931434)
07-08 15:12:32.244 13621 13674 W unknown:BridgelessReact:     at NavigationStateListenerProvider (address at index.android.bundle:1:954381)
07-08 15:12:32.244 13621 13674 W unknown:BridgelessReact:     at NavigationContent (address at index.android.bundle:1:943429)
07-08 15:12:32.244 13621 13674 W unknown:BridgelessReact:     at anonymous (address at index.android.bundle:1:943332)
07-08 15:12:32.244 13621 13674 W unknown:BridgelessReact:     at NativeStackNavigator (address at index.android.bundle:1:1089463)
07-08 15:12:32.244 13621 13674 W unknown:BridgelessReact:     at anonymous (address at index.android.bundle:1:977582)
07-08 15:12:32.244 13621 13674 W unknown:BridgelessReact:     at anonymous (address at index.android.bundle:1:862852)
07-08 15:12:32.244 13621 13674 W unknown:BridgelessReact:     at PortalProviderComponent (address at index.android.bundle:1:1762902)
07-08 15:12:32.244 13621 13674 W unknown:BridgelessReact:     at BottomSheetModalProviderWrapper (address at index.android.bundle:1:1765247)
07-08 15:12:32.244 13621 13674 W unknown:BridgelessReact:     at AppProvider (address at index.android.bundle:1:1225242)
07-08 15:12:32.244 13621 13674 W unknown:BridgelessReact:     at NowProvider (address at index.android.bundle:1:1251400)
07-08 15:12:32.244 13621 13674 W unknown:BridgelessReact:     at RNCSafeAreaProvider (<anonymous>)
07-08 15:12:32.244 13621 13674 W unknown:BridgelessReact:     at SafeAreaProvider (address at index.android.bundle:1:1028012)
07-08 15:12:32.244 13621 13674 W unknown:BridgelessReact:     at RNGestureHandlerRootView (<anonymous>)
07-08 15:12:32.244 13621 13674 W unknown:BridgelessReact:     at GestureHandlerRootView (address at index.android.bundle:1:1651949)
07-08 15:12:32.244 13621 13674 W unknown:BridgelessReact:     at RootLayout (address at index.android.bundle:1:1914145)
07-08 15:12:32.244 13621 13674 W unknown:BridgelessReact:     at Suspense (<anonymous>)
07-08 15:12:32.244 13621 13674 W unknown:BridgelessReact:     at Route (address at index.android.bundle:1:978659)
07-08 15:12:32.244 13621 13674 W unknown:BridgelessReact:     at BaseRoute (address at index.android.bundle:1:985550)
07-08 15:12:32.244 13621 13674 W unknown:BridgelessReact:     at StaticContainer (address at index.android.bundle:1:948544)
07-08 15:12:32.244 13621 13674 W unknown:BridgelessReact:     at EnsureSingleNavigator (address at index.android.bundle:1:891363)
07-08 15:12:32.244 13621 13674 W unknown:BridgelessReact:     at SceneView (address at index.android.bundle:1:946283)
07-08 15:12:32.244 13621 13674 W unknown:BridgelessReact:     at NavigationProvider (address at index.android.bundle:1:906258)
07-08 15:12:32.244 13621 13674 W unknown:BridgelessReact:     at PreventRemoveProvider (address at index.android.bundle:1:931434)
07-08 15:12:32.244 13621 13674 W unknown:BridgelessReact:     at NavigationStateListenerProvider (address at index.android.bundle:1:954381)
07-08 15:12:32.244 13621 13674 W unknown:BridgelessReact:     at NavigationContent (address at index.android.bundle:1:943429)
07-08 15:12:32.244 13621 13674 W unknown:BridgelessReact:     at anonymous (address at index.android.bundle:1:943332)
07-08 15:12:32.244 13621 13674 W unknown:BridgelessReact:     at Content (address at index.android.bundle:1:1191995)
07-08 15:12:32.244 13621 13674 W unknown:BridgelessReact:     at RNCSafeAreaProvider (<anonymous>)
07-08 15:12:32.244 13621 13674 W unknown:BridgelessReact:     at SafeAreaProvider (address at index.android.bundle:1:1028012)
07-08 15:12:32.244 13621 13674 W unknown:BridgelessReact:     at LinkPreviewContextProvider (address at index.android.bundle:1:1103109)
07-08 15:12:32.244 13621 13674 W unknown:BridgelessReact:     at anonymous (address at index.android.bundle:1:1190892)
07-08 15:12:32.244 13621 13674 W unknown:BridgelessReact:     at ThemeProvider (address at index.android.bundle:1:893533)
07-08 15:12:32.244 13621 13674 W unknown:BridgelessReact:     at EnsureSingleNavigator (address at index.android.bundle:1:891363)
07-08 15:12:32.244 13621 13674 W unknown:BridgelessReact:     at BaseNavigationContainer (address at index.android.bundle:1:869822)
07-08 15:12:32.244 13621 13674 W unknown:BridgelessReact:     at NavigationContainerInner (address at index.android.bundle:1:1193855)
07-08 15:12:32.244 13621 13674 W unknown:BridgelessReact:     at ContextNavigator (address at index.android.bundle:1:1191121)
07-08 15:12:32.244 13621 13674 W unknown:BridgelessReact:     at ExpoRoot (address at index.android.bundle:1:1190764)
07-08 15:12:32.244 13621 13674 W unknown:BridgelessReact:     at App (<anonymous>)
07-08 15:12:32.244 13621 13674 W unknown:BridgelessReact:     at RCTView (<anonymous>)
07-08 15:12:32.244 13621 13674 W unknown:BridgelessReact:     at View (address at index.android.bundle:1:165620)
07-08 15:12:32.244 13621 13674 W unknown:BridgelessReact:     at AppContainer (address at index.android.bundle:1:408703), stack:
07-08 15:12:32.244 13621 13674 W unknown:BridgelessReact: SettingsScreen@1:1849340
07-08 15:12:32.244 13621 13674 W unknown:BridgelessReact: renderWithHooks@1:257060
07-08 15:12:32.244 13621 13674 W unknown:BridgelessReact: updateFunctionComponent@1:275840
07-08 15:12:32.244 13621 13674 W unknown:BridgelessReact: beginWork@1:283675
07-08 15:12:32.244 13621 13674 W unknown:BridgelessReact: performUnitOfWork@1:302324
07-08 15:12:32.244 13621 13674 W unknown:BridgelessReact: workLoopSync@1:301332
07-08 15:12:32.244 13621 13674 W unknown:BridgelessReact: renderRootSync@1:301164
07-08 15:12:32.244 13621 13674 W unknown:BridgelessReact: performWorkOnRoot@1:298810
07-08 15:12:32.244 13621 13674 W unknown:BridgelessReact: performSyncWorkOnRoot@1:252647
07-08 15:12:32.244 13621 13674 W unknown:BridgelessReact: flushSyncWorkAcrossRoots_impl@1:251538
07-08 15:12:32.244 13621 13674 W unknown:BridgelessReact: processRootScheduleInMicrotask@1:251898
07-08 15:12:32.244 13621 13674 W unknown:BridgelessReact: anonymous@1:252742
07-08 15:12:32.244 13621 13674 W unknown:BridgelessReact: ")
07-08 15:12:32.244 13621 15994 D CCodecBufferChannel: [c2.android.mp3.decoder#298] MediaCodec discarded an unknown buffer
07-08 15:12:32.245 13621 15994 D CCodecBufferChannel: [c2.android.mp3.decoder#298] MediaCodec discarded an unknown buffer
07-08 15:12:32.245 13621 15994 D CCodecBufferChannel: [c2.android.mp3.decoder#298] MediaCodec discarded an unknown buffer
07-08 15:12:32.245 14031 14031 E RRR     : onNewAzimuth: -238.52667
07-08 15:12:32.245 14031 14031 E RRR     : onNewAzimuth: -238.55902
07-08 15:12:32.246 13621 15994 I hw-BpHwBinder: onLastStrongRef automatically unlinking death recipients
--------- beginning of crash
07-08 15:12:32.246 13621 13674 E AndroidRuntime: FATAL EXCEPTION: mqt_v_native
07-08 15:12:32.246 13621 13674 E AndroidRuntime: Process: com.emergent.salahalarm.lxw9zs, PID: 13621
07-08 15:12:32.246 13621 13674 E AndroidRuntime: com.facebook.react.common.JavascriptException: ReferenceError: Property 'useEffect' doesn't exist
07-08 15:12:32.246 13621 13674 E AndroidRuntime: 
07-08 15:12:32.246 13621 13674 E AndroidRuntime: This error is located at:
07-08 15:12:32.246 13621 13674 E AndroidRuntime:     at SettingsScreen (address at index.android.bundle:1:1849127)
07-08 15:12:32.246 13621 13674 E AndroidRuntime:     at Suspense (<anonymous>)
07-08 15:12:32.246 13621 13674 E AndroidRuntime:     at Route (address at index.android.bundle:1:978659)
07-08 15:12:32.246 13621 13674 E AndroidRuntime:     at BaseRoute (address at index.android.bundle:1:985550)
07-08 15:12:32.246 13621 13674 E AndroidRuntime:     at StaticContainer (address at index.android.bundle:1:948544)
07-08 15:12:32.246 13621 13674 E AndroidRuntime:     at EnsureSingleNavigator (address at index.android.bundle:1:891363)
07-08 15:12:32.246 13621 13674 E AndroidRuntime:     at SceneView (address at index.android.bundle:1:946283)
07-08 15:12:32.246 13621 13674 E AndroidRuntime:     at NavigationProvider (address at index.android.bundle:1:906258)
07-08 15:12:32.246 13621 13674 E AndroidRuntime:     at RCTView (<anonymous>)
07-08 15:12:32.246 13621 13674 E AndroidRuntime:     at View (address at index.android.bundle:1:165620)
07-08 15:12:32.246 13621 13674 E AndroidRuntime:     at RCTView (<anonymous>)
07-08 15:12:32.246 13621 13674 E AndroidRuntime:     at View (address at index.android.bundle:1:165620)
07-08 15:12:32.246 13621 13674 E AndroidRuntime:     at Animated(View) (address at index.android.bundle:1:575425)
07-08 15:12:32.246 13621 13674 E AndroidRuntime:     at Background (address at index.android.bundle:1:997427)
07-08 15:12:32.246 13621 13674 E AndroidRuntime:     at Screen (address at index.android.bundle:1:1044486)
07-08 15:12:32.246 13621 13674 E AndroidRuntime:     at RNSScreen (<anonymous>)
07-08 15:12:32.246 13621 13674 E AndroidRuntime:     at Animated(Anonymous) (address at index.android.bundle:1:575425)
07-08 15:12:32.246 13621 13674 E AndroidRuntime:     at Suspender (address at index.android.bundle:1:1061528)
07-08 15:12:32.246 13621 13674 E AndroidRuntime:     at Suspense (<anonymous>)
07-08 15:12:32.246 13621 13674 E AndroidRuntime:     at Freeze (address at index.android.bundle:1:1061589)
07-08 15:12:32.246 13621 13674 E AndroidRuntime:     at DelayedFreeze (address at index.android.bundle:1:1061170)
07-08 15:12:32.246 13621 13674 E AndroidRuntime:     at InnerScreen (address at index.android.bundle:1:1058887)
07-08 15:12:32.246 13621 13674 E AndroidRuntime:     at anonymous (address at index.android.bundle:1:1060569)
07-08 15:12:32.246 13621 13674 E AndroidRuntime:     at MaybeScreen (address at index.android.bundle:1:1054442)
07-08 15:12:32.246 13621 13674 E AndroidRuntime:     at RNSScreenContainer (<anonymous>)
07-08 15:12:32.246 13621 13674 E AndroidRuntime:     at ScreenContainer (address at index.android.bundle:1:1068580)
07-08 15:12:32.246 13621 13674 E AndroidRuntime:     at MaybeScreenContainer (address at index.android.bundle:1:1054603)
07-08 15:12:32.246 13621 13674 E AndroidRuntime:     at RCTView (<anonymous>)
07-08 15:12:32.246 13621 13674 E AndroidRuntime:     at View (address at index.android.bundle:1:165620)
07-08 15:12:32.246 13621 13674 E AndroidRuntime:     at FrameSizeProvider (address at index.android.bundle:1:1031502)
07-08 15:12:32.246 13621 13674 E AndroidRuntime:     at SafeAreaProviderCompat (address at index.android.bundle:1:1043693)
07-08 15:12:32.246 13621 13674 E AndroidRuntime:     at BottomTabView (address at index.android.bundle:1:991902)
07-08 15:12:32.246 13621 13674 E AndroidRuntime:     at PreventRemoveProvider (address at index.android.bundle:1:931434)
07-08 15:12:32.246 13621 13674 E AndroidRuntime:     at NavigationStateListenerProvider (address at index.android.bundle:1:954381)
07-08 15:12:32.246 13621 13674 E AndroidRuntime:     at NavigationContent (address at index.android.bundle:1:943429)
07-08 15:12:32.246 13621 13674 E AndroidRuntime:     at anonymous (address at index.android.bundle:1:943332)
07-08 15:12:32.246 13621 13674 E AndroidRuntime:     at BottomTabNavigator (address at index.android.bundle:1:990978)
07-08 15:12:32.246 13621 13674 E AndroidRuntime:     at anonymous (address at index.android.bundle:1:977582)
07-08 15:12:32.246 13621 13674 E AndroidRuntime:     at TabsLayout (address at index.android.bundle:1:856675)
07-08 15:12:32.246 13621 13674 E AndroidRuntime:     at Suspense (<anonymous>)
07-08 15:12:32.246 13621 13674 E AndroidRuntime:     at Route (address at index.android.bundle:1:978659)
07-08 15:12:32.246 13621 13674 E AndroidRuntime:     at BaseRoute (address at index.android.bundle:1:985550)
07-08 15:12:32.246 13621 13674 E AndroidRuntime:     at StaticContainer (address at index.android.bundle:1:948544)
07-08 15:12:32.246 13621 13674 E AndroidRuntime:     at EnsureSingleNavigator (address at index.android.bundle:1:891363)
07-08 15:12:32.246 13621 13674 E AndroidRuntime:     at SceneView (address at index.android.bundle:1:946283)
07-08 15:12:32.246 13621 13674 E AndroidRuntime:     at NavigationProvider (address at index.android.bundle:1:906258)
07-08 15:12:32.246 13621 13674 E AndroidRuntime:     at RNSScreenContentWrapper (<anonymous>)
07-08 15:12:32.246 13621 13674 E AndroidRuntime:     at ScreenContentWrapper (<anonymous>)
07-08 15:12:32.246 13621 13674 E AndroidRuntime:     at DebugContainer (<anonymous>)
07-08 15:12:32.246 13621 13674 E AndroidRuntime:     at RNSScreen (<anonymous>)
07-08 15:12:32.246 13621 13674 E AndroidRuntime:     at Animated(Anonymous) (address at index.android.bundle:1:575425)
07-08 15:12:32.246 13621 13674 E AndroidRuntime:     at Suspender (address at index.android.bundle:1:1061528)
07-08 15:12:32.246 13621 13674 E AndroidRuntime:     at Suspense (<anonymous>)
07-08 15:12:32.246 13621 13674 E AndroidRuntime:     at Freeze (address at index.android.bundle:1:1061589)
07-08 15:12:32.246 13621 13674 E AndroidRuntime:     at DelayedFreeze (address at index.android.bundle:1:1061170)
07-08 15:12:32.246 13621 13674 E AndroidRuntime:     at InnerScreen (address at index.android.bundle:1:1058887)
07-08 15:12:32.246 13621 13674 E AndroidRuntime:     at anonymous (address at index.android.bundle:1:1060569)
07-08 15:12:32.246 13621 13674 E AndroidRuntime:     at ScreenStackItem (address at index.android.bundle:1:1071207)
07-08 15:12:32.246 13621 13674 E AndroidRuntime:     at NavigationProvider (address at index.android.bundle:1:906258)
07-08 15:12:32.246 13621 13674 E AndroidRuntime:     at SceneView (address at index.android.bundle:1:1094726)
07-08 15:12:32.246 13621 13674 E AndroidRuntime:     at RNSScreenStack (<anonymous>)
07-08 15:12:32.246 13621 13674 E AndroidRuntime:     at anonymous (address at index.android.bundle:1:1070286)
07-08 15:12:32.246 13621 13674 E AndroidRuntime:     at ScreenStack (address at index.android.bundle:1:1069476)
07-08 15:12:32.246 13621 13674 E AndroidRuntime:     at RCTView (<anonymous>)
07-08 15:12:32.246 13621 13674 E AndroidRuntime:     at View (address at index.android.bundle:1:165620)
07-08 15:12:32.246 13621 13674 E AndroidRuntime:     at FrameSizeProvider (address at index.android.bundle:1:1031502)
07-08 15:12:32.247 13621 13674 E AndroidRuntime:     at SafeAreaProviderCompat (address at index.android.bundle:1:1043693)
07-08 15:12:32.247 13621 13674 E AndroidRuntime:     at NativeStackView (address at index.android.bundle:1:1093284)
07-08 15:12:32.247 13621 13674 E AndroidRuntime:     at PreventRemoveProvider (address at index.android.bundle:1:931434)
07-08 15:12:32.247 13621 13674 E AndroidRuntime:     at NavigationStateListenerProvider (address at index.android.bundle:1:954381)
07-08 15:12:32.247 13621 13674 E AndroidRuntime:     at NavigationContent (address at index.android.bundle:1:943429)
07-08 15:12:32.247 13621 13674 E AndroidRuntime:     at anonymous (address at index.android.bundle:1:943332)
07-08 15:12:32.247 13621 13674 E AndroidRuntime:     at NativeStackNavigator (address at index.android.bundle:1:1089463)
07-08 15:12:32.247 13621 13674 E AndroidRuntime:     at anonymous (address at index.android.bundle:1:977582)
07-08 15:12:32.247 13621 13674 E AndroidRuntime:     at anonymous (address at index.android.bundle:1:862852)
07-08 15:12:32.247 13621 13674 E AndroidRuntime:     at PortalProviderComponent (address at index.android.bundle:1:1762902)
07-08 15:12:32.247 13621 13674 E AndroidRuntime:     at BottomSheetModalProviderWrapper (address at index.android.bundle:1:1765247)
07-08 15:12:32.247 13621 13674 E AndroidRuntime:     at AppProvider (address at index.android.bundle:1:1225242)
07-08 15:12:32.247 13621 13674 E AndroidRuntime:     at NowProvider (address at index.android.bundle:1:1251400)
07-08 15:12:32.247 13621 13674 E AndroidRuntime:     at RNCSafeAreaProvider (<anonymous>)
07-08 15:12:32.247 13621 13674 E AndroidRuntime:     at SafeAreaProvider (address at index.android.bundle:1:1028012)
07-08 15:12:32.247 13621 13674 E AndroidRuntime:     at RNGestureHandlerRootView (<anonymous>)
07-08 15:12:32.247 13621 13674 E AndroidRuntime:     at GestureHandlerRootView (address at index.android.bundle:1:1651949)
07-08 15:12:32.247 13621 13674 E AndroidRuntime:     at RootLayout (address at index.android.bundle:1:1914145)
07-08 15:12:32.247 13621 13674 E AndroidRuntime:     at Suspense (<anonymous>)
07-08 15:12:32.247 13621 13674 E AndroidRuntime:     at Route (address at index.android.bundle:1:978659)
07-08 15:12:32.247 13621 13674 E AndroidRuntime:     at BaseRoute (address at index.android.bundle:1:985550)
07-08 15:12:32.247 13621 13674 E AndroidRuntime:     at StaticContainer (address at index.android.bundle:1:948544)
07-08 15:12:32.247 13621 13674 E AndroidRuntime:     at EnsureSingleNavigator (address at index.android.bundle:1:891363)
07-08 15:12:32.247 13621 13674 E AndroidRuntime:     at SceneView (address at index.android.bundle:1:946283)
07-08 15:12:32.247 13621 13674 E AndroidRuntime:     at NavigationProvider (address at index.android.bundle:1:906258)
07-08 15:12:32.247 13621 13674 E AndroidRuntime:     at PreventRemoveProvider (address at index.android.bundle:1:931434)
