--------- beginning of main
07-09 19:27:30.034 31852 22150 I Auth    : (REDACTED) [SupervisedAccountIntentOperation] onHandleIntent: %s
07-09 19:27:30.060 31852 22117 W ChimeraUtils: Module com.google.android.gms.advancedprotection missing resource null(0)
07-09 19:27:30.963 22158 22158 I lahalarm.lxw9zs: Using generational CollectorTypeCC GC.
07-09 19:27:30.967 22158 22158 D nativeloader: Load libframework-connectivity-tiramisu-jni.so using APEX ns com_android_tethering for caller /apex/com.android.tethering/javalib/framework-connectivity-t.jar: ok
07-09 19:27:30.969 22158 22158 E lahalarm.lxw9zs: BBinder_init Processname  com.emergent.salahalarm.lxw9zs  
07-09 19:27:30.969 22158 22158 E lahalarm.lxw9zs: BBinder_init hasGetProcessName  com.emergent.salahalarm.lxw9zs
07-09 19:27:31.018 22158 22158 D nativeloader: Configuring clns-9 for other apk /data/app/~~g1IIx9B_kDhdZcjYg37zgg==/com.emergent.salahalarm.lxw9zs-Qwa6FxGqukcpNe_JeSXqEw==/base.apk. target_sdk_version=36, uses_libraries=, library_path=/data/app/~~g1IIx9B_kDhdZcjYg37zgg==/com.emergent.salahalarm.lxw9zs-Qwa6FxGqukcpNe_JeSXqEw==/lib/arm64:/data/app/~~g1IIx9B_kDhdZcjYg37zgg==/com.emergent.salahalarm.lxw9zs-Qwa6FxGqukcpNe_JeSXqEw==/base.apk!/lib/arm64-v8a, permitted_path=/data:/mnt/expand:/data/user/0/com.emergent.salahalarm.lxw9zs
07-09 19:27:31.020 22158 22158 I lahalarm.lxw9zs: AssetManager2(0xb4000077a0288758) locale list changing from [] to [en-GB]
07-09 19:27:31.023 22158 22158 W VSPA    : Unable to open /proc/vivo_rsc/frame_set_priority: Permission denied
07-09 19:27:31.024 22158 22158 W VSPA    : Unable to open /proc/vivo_rsc/frame_set_priority: Permission denied
07-09 19:27:31.026 22158 22158 V GraphicsEnvironment: Currently set values for:
07-09 19:27:31.026 22158 22158 V GraphicsEnvironment:   angle_gl_driver_selection_pkgs=[com.android.angle, com.linecorp.b612.android, com.campmobile.snow, com.google.android.apps.tachyon]
07-09 19:27:31.026 22158 22158 V GraphicsEnvironment:   angle_gl_driver_selection_values=[angle, native, native, native]
07-09 19:27:31.026 22158 22158 V GraphicsEnvironment: com.emergent.salahalarm.lxw9zs is not listed in per-application setting
07-09 19:27:31.026 22158 22158 V GraphicsEnvironment: ANGLE allowlist from config: 
07-09 19:27:31.026 22158 22158 V GraphicsEnvironment: com.emergent.salahalarm.lxw9zs is not listed in ANGLE allowlist or settings, returning default
07-09 19:27:31.026 22158 22158 V GraphicsEnvironment: Neither updatable production driver nor prerelease driver is supported.
07-09 19:27:31.035 22158 22158 W FirebaseApp: Default FirebaseApp failed to initialize because no default options were found. This usually means that com.google.gms:google-services was not applied to your gradle project.
07-09 19:27:31.035 22158 22158 I FirebaseInitProvider: FirebaseApp initialization unsuccessful
07-09 19:27:31.038 22158 22158 D WM-WrkMgrInitializer: Initializing WorkManager with default configuration.
07-09 19:27:31.040 22158 22158 D NOTIFEE : (context): received application context
07-09 19:27:31.041 22158 22158 W SoLoader: Initializing SoLoader: 0
07-09 19:27:31.041 22158 22158 W SoLoader: Recording new base apk path: /data/app/~~g1IIx9B_kDhdZcjYg37zgg==/com.emergent.salahalarm.lxw9zs-Qwa6FxGqukcpNe_JeSXqEw==/base.apk
07-09 19:27:31.041 22158 22158 W SoLoader: Previously recorded 0 base apk paths.
07-09 19:27:31.041 22158 22158 I SoLoader: Preparing SO source: DirectorySoSource[root = /vendor/lib64 flags = 2]
07-09 19:27:31.041 22158 22158 I SoLoader: Preparing SO source: DirectorySoSource[root = /system/lib64 flags = 2]
07-09 19:27:31.042 22158 22158 I SoLoader: Preparing SO source: DirectApkSoSource[root = [/data/app/~~g1IIx9B_kDhdZcjYg37zgg==/com.emergent.salahalarm.lxw9zs-Qwa6FxGqukcpNe_JeSXqEw==/base.apk!/lib/arm64-v8a]]
07-09 19:27:31.043 22158 22158 I SoLoader: Preparing SO source: ApplicationSoSource[DirectorySoSource[root = /data/app/~~g1IIx9B_kDhdZcjYg37zgg==/com.emergent.salahalarm.lxw9zs-Qwa6FxGqukcpNe_JeSXqEw==/lib/arm64 flags = 0]]
07-09 19:27:31.043 22158 22158 I SoLoader: init finish: 4 SO sources prepared
07-09 19:27:31.043 22158 22158 W SoLoader: SoLoader initialized: 8
07-09 19:27:31.048 22158 22158 D nativeloader: Load /data/app/~~g1IIx9B_kDhdZcjYg37zgg==/com.emergent.salahalarm.lxw9zs-Qwa6FxGqukcpNe_JeSXqEw==/base.apk!/lib/arm64-v8a/libc++_shared.so using class loader ns clns-9 (caller=/data/app/~~g1IIx9B_kDhdZcjYg37zgg==/com.emergent.salahalarm.lxw9zs-Qwa6FxGqukcpNe_JeSXqEw==/base.apk!classes2.dex): ok
07-09 19:27:31.050 22158 22158 D nativeloader: Load /data/app/~~g1IIx9B_kDhdZcjYg37zgg==/com.emergent.salahalarm.lxw9zs-Qwa6FxGqukcpNe_JeSXqEw==/base.apk!/lib/arm64-v8a/libjsi.so using class loader ns clns-9 (caller=/data/app/~~g1IIx9B_kDhdZcjYg37zgg==/com.emergent.salahalarm.lxw9zs-Qwa6FxGqukcpNe_JeSXqEw==/base.apk!classes2.dex): ok
07-09 19:27:31.053 22158 22158 D nativeloader: Load /data/app/~~g1IIx9B_kDhdZcjYg37zgg==/com.emergent.salahalarm.lxw9zs-Qwa6FxGqukcpNe_JeSXqEw==/base.apk!/lib/arm64-v8a/libfbjni.so using class loader ns clns-9 (caller=/data/app/~~g1IIx9B_kDhdZcjYg37zgg==/com.emergent.salahalarm.lxw9zs-Qwa6FxGqukcpNe_JeSXqEw==/base.apk!classes2.dex): ok
07-09 19:27:31.055 22158 22158 D nativeloader: Load /data/app/~~g1IIx9B_kDhdZcjYg37zgg==/com.emergent.salahalarm.lxw9zs-Qwa6FxGqukcpNe_JeSXqEw==/base.apk!/lib/arm64-v8a/libreactnative.so using class loader ns clns-9 (caller=/data/app/~~g1IIx9B_kDhdZcjYg37zgg==/com.emergent.salahalarm.lxw9zs-Qwa6FxGqukcpNe_JeSXqEw==/base.apk!classes2.dex): ok
07-09 19:27:31.055 22158 22158 D jni_lib_merge: Entering merged library JNI_OnLoad.
07-09 19:27:31.055 22158 22158 D jni_lib_merge: Preparing 12 pre-merged libs (including stub)
07-09 19:27:31.055 22158 22158 D jni_lib_merge: Preparing to register libfabricjni_so.  onload_func: 0x7644ee0edc
07-09 19:27:31.055 22158 22158 D jni_lib_merge: Preparing to register libreact_devsupportjni_so.  onload_func: 0x7644fb1f40
07-09 19:27:31.055 22158 22158 D jni_lib_merge: Preparing to register libreact_featureflagsjni_so.  onload_func: 0x7644fc49f8
07-09 19:27:31.055 22158 22158 D jni_lib_merge: Preparing to register libreact_newarchdefaults_so.  onload_func: 0x7644fe9e30
07-09 19:27:31.055 22158 22158 D jni_lib_merge: Preparing to register libreactnativeblob_so.  onload_func: 0x764507c5b0
07-09 19:27:31.055 22158 22158 D jni_lib_merge: Preparing to register libreactnativejni_so.  onload_func: 0x7645096b24
07-09 19:27:31.055 22158 22158 D jni_lib_merge: Preparing to register libreactnativejni_common_so.  onload_func: 0x764509d458
07-09 19:27:31.055 22158 22158 D jni_lib_merge: Preparing to register librninstance_so.  onload_func: 0x76450b9070
07-09 19:27:31.055 22158 22158 D jni_lib_merge: Preparing to register libturbomodulejsijni_so.  onload_func: 0x76451511a4
07-09 19:27:31.055 22158 22158 D jni_lib_merge: Preparing to register libuimanagerjni_so.  onload_func: 0x76451587e0
07-09 19:27:31.055 22158 22158 D jni_lib_merge: Preparing to register libyoga_so.  onload_func: 0x764515fda4
07-09 19:27:31.055 22158 22158 D jni_lib_merge: About to register 11 actual methods.
07-09 19:27:31.060 22158 22158 D nativeloader: Load /data/app/~~g1IIx9B_kDhdZcjYg37zgg==/com.emergent.salahalarm.lxw9zs-Qwa6FxGqukcpNe_JeSXqEw==/base.apk!/lib/arm64-v8a/libreact_codegen_rnscreens.so using class loader ns clns-9 (caller=/data/app/~~g1IIx9B_kDhdZcjYg37zgg==/com.emergent.salahalarm.lxw9zs-Qwa6FxGqukcpNe_JeSXqEw==/base.apk!classes2.dex): ok
07-09 19:27:31.060 22158 22158 D jni_lib_merge: Entering merged library JNI_OnLoad.
07-09 19:27:31.060 22158 22158 D jni_lib_merge: Preparing 12 pre-merged libs (including stub)
07-09 19:27:31.060 22158 22158 D jni_lib_merge: Preparing to register libfabricjni_so.  onload_func: 0x7644ee0edc
07-09 19:27:31.060 22158 22158 D jni_lib_merge: Preparing to register libreact_devsupportjni_so.  onload_func: 0x7644fb1f40
07-09 19:27:31.060 22158 22158 D jni_lib_merge: Preparing to register libreact_featureflagsjni_so.  onload_func: 0x7644fc49f8
07-09 19:27:31.060 22158 22158 D jni_lib_merge: Preparing to register libreact_newarchdefaults_so.  onload_func: 0x7644fe9e30
07-09 19:27:31.060 22158 22158 D jni_lib_merge: Preparing to register libreactnativeblob_so.  onload_func: 0x764507c5b0
07-09 19:27:31.060 22158 22158 D jni_lib_merge: Preparing to register libreactnativejni_so.  onload_func: 0x7645096b24
07-09 19:27:31.060 22158 22158 D jni_lib_merge: Preparing to register libreactnativejni_common_so.  onload_func: 0x764509d458
07-09 19:27:31.060 22158 22158 D jni_lib_merge: Preparing to register librninstance_so.  onload_func: 0x76450b9070
07-09 19:27:31.060 22158 22158 D jni_lib_merge: Preparing to register libturbomodulejsijni_so.  onload_func: 0x76451511a4
07-09 19:27:31.060 22158 22158 D jni_lib_merge: Preparing to register libuimanagerjni_so.  onload_func: 0x76451587e0
07-09 19:27:31.060 22158 22158 D jni_lib_merge: Preparing to register libyoga_so.  onload_func: 0x764515fda4
07-09 19:27:31.060 22158 22158 D jni_lib_merge: About to register 11 actual methods.
07-09 19:27:31.062 22158 22158 D nativeloader: Load /data/app/~~g1IIx9B_kDhdZcjYg37zgg==/com.emergent.salahalarm.lxw9zs-Qwa6FxGqukcpNe_JeSXqEw==/base.apk!/lib/arm64-v8a/libreact_codegen_RNCSlider.so using class loader ns clns-9 (caller=/data/app/~~g1IIx9B_kDhdZcjYg37zgg==/com.emergent.salahalarm.lxw9zs-Qwa6FxGqukcpNe_JeSXqEw==/base.apk!classes2.dex): ok
07-09 19:27:31.064 22158 22158 D nativeloader: Load /data/app/~~g1IIx9B_kDhdZcjYg37zgg==/com.emergent.salahalarm.lxw9zs-Qwa6FxGqukcpNe_JeSXqEw==/base.apk!/lib/arm64-v8a/libreact_codegen_safeareacontext.so using class loader ns clns-9 (caller=/data/app/~~g1IIx9B_kDhdZcjYg37zgg==/com.emergent.salahalarm.lxw9zs-Qwa6FxGqukcpNe_JeSXqEw==/base.apk!classes2.dex): ok
07-09 19:27:31.065 22158 22158 D nativeloader: Load /data/app/~~g1IIx9B_kDhdZcjYg37zgg==/com.emergent.salahalarm.lxw9zs-Qwa6FxGqukcpNe_JeSXqEw==/base.apk!/lib/arm64-v8a/libappmodules.so using class loader ns clns-9 (caller=/data/app/~~g1IIx9B_kDhdZcjYg37zgg==/com.emergent.salahalarm.lxw9zs-Qwa6FxGqukcpNe_JeSXqEw==/base.apk!classes2.dex): ok
--------- beginning of system
07-09 19:27:31.073 22158 22179 I DisplayManager: Choreographer implicitly registered for the refresh rate.
07-09 19:27:31.074 22158 22158 I lahalarm.lxw9zs: AssetManager2(0xb4000077a0288438) locale list changing from [] to [en-GB]
07-09 19:27:31.074 22158 22179 I GameManager: __progname=com.emergent.salahalarm.lxw9zs
07-09 19:27:31.076 22158 22158 D AppCompatDelegate: Checking for metadata for AppLocalesMetadataHolderService : Service not found
07-09 19:27:31.076 22158 22158 I lahalarm.lxw9zs: AssetManager2(0xb4000077a028dbb8) locale list changing from [] to [en-GB]
07-09 19:27:31.085 22158 22158 W VSPA    : Unable to open /proc/vivo_rsc/frame_set_priority: Permission denied
07-09 19:27:31.086 22158 22158 W VSPA    : Unable to open /proc/vivo_rsc/frame_set_priority: Permission denied
07-09 19:27:31.087 22158 22158 D CompatChangeReporter: Compat change id reported: 377864165; UID 10711; state: ENABLED
07-09 19:27:31.088 22158 22158 D DesktopModeFlags: Toggle override initialized to: OVERRIDE_UNSET
07-09 19:27:31.096 22158 22158 W VSPA    : Unable to open /proc/vivo_rsc/frame_set_priority: Permission denied
07-09 19:27:31.096 22158 22158 W VSPA    : Unable to open /proc/vivo_rsc/frame_set_priority: Permission denied
07-09 19:27:31.097 22158 22158 W unknown:BridgelessReact: ReactHost{0}.startSurface(surfaceId = 0): Schedule
07-09 19:27:31.097 22158 22158 W unknown:BridgelessReact: ReactHost{0}.attachSurface(surfaceId = 0)
07-09 19:27:31.097 22158 22197 W unknown:BridgelessReact: ReactHost{0}.getOrCreateReactInstanceTask()
07-09 19:27:31.097 22158 22197 W unknown:BridgelessReact: ReactHost{0}.getOrCreateReactInstanceTask(): Start
07-09 19:27:31.097 22158 22197 W unknown:BridgelessReact: ReactHost{0}.getJSBundleLoader()
07-09 19:27:31.097 22158 22197 W unknown:BridgelessReact: ReactHost{0}.getOrCreateReactContext(): Creating BridgelessReactContext
07-09 19:27:31.097 22158 22197 W unknown:BridgelessReact: ReactHost{0}.getOrCreateReactInstanceTask(): Creating ReactInstance
07-09 19:27:31.099 22158 22158 W WindowOnBackDispatcher: OnBackInvokedCallback is not enabled for the application.
07-09 19:27:31.099 22158 22158 W WindowOnBackDispatcher: Set 'android:enableOnBackInvokedCallback="true"' in the application manifest.
07-09 19:27:31.101 22158 22158 W unknown:BridgelessReact: ReactHost{0}.onHostResume(activity)
07-09 19:27:31.101 22158 22158 W unknown:BridgelessReact: ReactContext.onHostResume()
07-09 19:27:31.105 22158 22197 D nativeloader: Load /data/app/~~g1IIx9B_kDhdZcjYg37zgg==/com.emergent.salahalarm.lxw9zs-Qwa6FxGqukcpNe_JeSXqEw==/base.apk!/lib/arm64-v8a/libhermes.so using class loader ns clns-9 (caller=/data/app/~~g1IIx9B_kDhdZcjYg37zgg==/com.emergent.salahalarm.lxw9zs-Qwa6FxGqukcpNe_JeSXqEw==/base.apk!classes2.dex): ok
07-09 19:27:31.106 22158 22158 W libc    : Access denied finding property "persist.vivo.ltw.enabled"
07-09 19:27:31.107 22158 22197 D nativeloader: Load /data/app/~~g1IIx9B_kDhdZcjYg37zgg==/com.emergent.salahalarm.lxw9zs-Qwa6FxGqukcpNe_JeSXqEw==/base.apk!/lib/arm64-v8a/libhermestooling.so using class loader ns clns-9 (caller=/data/app/~~g1IIx9B_kDhdZcjYg37zgg==/com.emergent.salahalarm.lxw9zs-Qwa6FxGqukcpNe_JeSXqEw==/base.apk!classes2.dex): ok
07-09 19:27:31.107 22158 22197 D jni_lib_merge: Entering merged library JNI_OnLoad.
07-09 19:27:31.107 22158 22197 D jni_lib_merge: Preparing 4 pre-merged libs (including stub)
07-09 19:27:31.107 22158 22197 D jni_lib_merge: Preparing to register libhermes_executor_so.  onload_func: 0x76c60d94b0
07-09 19:27:31.107 22158 22197 D jni_lib_merge: Preparing to register libhermesinstancejni_so.  onload_func: 0x76c60e0900
07-09 19:27:31.107 22158 22197 D jni_lib_merge: Preparing to register libjsijniprofiler_so.  onload_func: 0x76c60e10ec
07-09 19:27:31.107 22158 22197 D jni_lib_merge: About to register 3 actual methods.
07-09 19:27:31.108 22158 22203 W ServiceManagerCppClient: Failed to get isDeclared for mapper/mediatek: Status(-1, EX_SECURITY): 'SELinux denied for service.'
07-09 19:27:31.108 22158 22203 E Gralloc5: Failed to load mapper.mediatek.so
07-09 19:27:31.119 22158 22158 D ViewRootImpl: AppSizeAfterRelayout, size: Point(1260, 2800), rotation: ROTATION_0
07-09 19:27:31.120 22158 22158 E lahalarm.lxw9zs: [perfctl] 22158 22158 FPSGO ver:7
07-09 19:27:31.120 22158 22158 E lahalarm.lxw9zs: [perfctl] 1 1 1 0
07-09 19:27:31.120 22158 22158 D BufferQueueConsumer: [](id:568e00000000,api:0,p:-1,c:22158) connect: controlledByApp=false
07-09 19:27:31.121 22158 22158 D BLASTBufferQueue: [VRI[MainActivity,type=1]#0](f:0,a:0) constructor()
07-09 19:27:31.121 22158 22158 D BLASTBufferQueue: [VRI[MainActivity,type=1]#0](f:0,a:0) update width=1260 height=2800 format=-1 mTransformHint=0
07-09 19:27:31.122 22158 22179 W BLASTBufferQueue: Unable to open /proc/vivo_rsc/frame_set_priority: Permission denied
07-09 19:27:31.123 22158 22179 I BLASTBufferQueue: QoSAllocBuff Successful. Ret 0 
07-09 19:27:31.123 22158 22158 W VSPA    : Unable to open /proc/vivo_rsc/frame_set_priority: Permission denied
07-09 19:27:31.125 22158 22158 W VSPA    : Unable to open /proc/vivo_rsc/frame_set_priority: Permission denied
07-09 19:27:31.125 22158 22158 W VSPA    : Unable to open /proc/vivo_rsc/frame_set_priority: Permission denied
07-09 19:27:31.125 22158 22158 W VSPA    : Unable to open /proc/vivo_rsc/frame_set_priority: Permission denied
07-09 19:27:31.136 22158 22197 I ExpoModulesCore: ✅ AppContext was initialized
07-09 19:27:31.147 22158 22197 W unknown:BridgelessReact: ReactHost{0}.getOrCreateReactInstanceTask(): Loading JS Bundle
07-09 19:27:31.147 22158 22197 W unknown:BridgelessReact: ReactHost{0}.getOrCreateReactInstanceTask(): Calling DevSupportManagerBase.onNewReactContextCreated(reactContext)
07-09 19:27:31.147 22158 22197 W unknown:BridgelessReact: ReactHost{0}.startSurface(surfaceId = 0): Execute
07-09 19:27:31.154 22158 22158 W unknown:BridgelessReact: ReactContext.onHostResume()
07-09 19:27:31.154 22158 22158 W unknown:BridgelessReact: ReactHost{0}.getOrCreateReactInstanceTask(): Executing ReactInstanceEventListeners
07-09 19:27:31.159 22158 22198 D nativeloader: Load /data/app/~~g1IIx9B_kDhdZcjYg37zgg==/com.emergent.salahalarm.lxw9zs-Qwa6FxGqukcpNe_JeSXqEw==/base.apk!/lib/arm64-v8a/libexpo-modules-core.so using class loader ns clns-9 (caller=/data/app/~~g1IIx9B_kDhdZcjYg37zgg==/com.emergent.salahalarm.lxw9zs-Qwa6FxGqukcpNe_JeSXqEw==/base.apk!classes2.dex): ok
07-09 19:27:31.166 22158 22198 W unknown:ViewManagerPropertyUpdater: Could not find generated setter for class com.th3rdwave.safeareacontext.SafeAreaProviderManager
07-09 19:27:31.167 22158 22198 W unknown:ViewManagerPropertyUpdater: Could not find generated setter for class com.facebook.react.uimanager.LayoutShadowNode
07-09 19:27:31.168 22158 22198 W unknown:ViewManagerPropertyUpdater: Could not find generated setter for class com.swmansion.rnscreens.SearchBarManager
07-09 19:27:31.168 22158 22198 W unknown:ViewManagerPropertyUpdater: Could not find generated setter for class com.swmansion.rnscreens.ScreenFooterManager
07-09 19:27:31.168 22158 22198 W unknown:ViewManagerPropertyUpdater: Could not find generated setter for class com.swmansion.rnscreens.gamma.tabs.TabScreenViewManager
07-09 19:27:31.169 22158 22198 W unknown:ViewManagerPropertyUpdater: Could not find generated setter for class expo.modules.kotlin.views.GroupViewManagerWrapper
07-09 19:27:31.169 22158 22198 W unknown:ViewManagerPropertyUpdater: Could not find generated setter for class com.swmansion.rnscreens.ScreenContainerViewManager
07-09 19:27:31.169 22158 22198 W unknown:ViewManagerPropertyUpdater: Could not find generated setter for class com.reactnativecommunity.slider.ReactSliderManager
07-09 19:27:31.170 22158 22198 W unknown:ViewManagerPropertyUpdater: Could not find generated setter for class com.swmansion.rnscreens.gamma.tabs.TabsHostViewManager
07-09 19:27:31.170 22158 22198 W unknown:ViewManagerPropertyUpdater: Could not find generated setter for class com.reactnativecommunity.webview.RNCWebViewManager
07-09 19:27:31.171 22158 22198 W unknown:ViewManagerPropertyUpdater: Could not find generated setter for class com.swmansion.rnscreens.ModalScreenViewManager
07-09 19:27:31.172 22158 22198 W unknown:ViewManagerPropertyUpdater: Could not find generated setter for class com.swmansion.rnscreens.ScreenStackHeaderConfigViewManager
07-09 19:27:31.172 22158 22198 W unknown:ViewManagerPropertyUpdater: Could not find generated setter for class com.swmansion.rnscreens.ScreenContentWrapperManager
07-09 19:27:31.172 22158 22198 W unknown:ViewManagerPropertyUpdater: Could not find generated setter for class com.th3rdwave.safeareacontext.SafeAreaViewManager
07-09 19:27:31.172 22158 22198 W unknown:ViewManagerPropertyUpdater: Could not find generated setter for class com.th3rdwave.safeareacontext.SafeAreaViewShadowNode
07-09 19:27:31.173 22158 22198 W unknown:ViewManagerPropertyUpdater: Could not find generated setter for class com.swmansion.rnscreens.ScreenViewManager
07-09 19:27:31.173 22158 22198 W unknown:ViewManagerPropertyUpdater: Could not find generated setter for class expo.modules.kotlin.views.SimpleViewManagerWrapper
07-09 19:27:31.173 22158 22198 W unknown:ViewManagerPropertyUpdater: Could not find generated setter for class com.swmansion.rnscreens.ScreenStackHeaderSubviewManager
07-09 19:27:31.174 22158 22198 W unknown:ViewManagerPropertyUpdater: Could not find generated setter for class com.swmansion.rnscreens.ScreenStackViewManager
07-09 19:27:31.186 22158 22198 W unknown:ViewManagerPropertyUpdater: Could not find generated setter for class com.swmansion.gesturehandler.react.RNGestureHandlerButtonViewManager
07-09 19:27:31.188 22158 22198 W unknown:ViewManagerPropertyUpdater: Could not find generated setter for class com.facebook.react.views.safeareaview.ReactSafeAreaViewManager
07-09 19:27:31.188 22158 22198 W unknown:ViewManagerPropertyUpdater: Could not find generated setter for class com.facebook.react.views.safeareaview.ReactSafeAreaViewShadowNode
07-09 19:27:31.188 22158 22198 W unknown:ViewManagerPropertyUpdater: Could not find generated setter for class com.facebook.react.views.modal.ReactModalHostManager
07-09 19:27:31.189 22158 22198 W unknown:ViewManagerPropertyUpdater: Could not find generated setter for class com.facebook.react.views.text.frescosupport.FrescoBasedReactTextInlineImageViewManager
07-09 19:27:31.189 22158 22198 W unknown:ViewManagerPropertyUpdater: Could not find generated setter for class com.facebook.react.views.text.frescosupport.FrescoBasedReactTextInlineImageShadowNode
07-09 19:27:31.191 22158 22198 W unknown:ViewManagerPropertyUpdater: Could not find generated setter for class com.facebook.react.views.progressbar.ReactProgressBarViewManager
07-09 19:27:31.191 22158 22198 W unknown:ViewManagerPropertyUpdater: Could not find generated setter for class com.facebook.react.views.progressbar.ProgressBarShadowNode
07-09 19:27:31.191 22158 22198 W unknown:ViewManagerPropertyUpdater: Could not find generated setter for class com.facebook.react.views.scroll.ReactHorizontalScrollViewManager
07-09 19:27:31.193 22158 22198 W unknown:ViewManagerPropertyUpdater: Could not find generated setter for class com.facebook.react.views.image.ReactImageManager
07-09 19:27:31.194 22158 22198 W unknown:ViewManagerPropertyUpdater: Could not find generated setter for class com.facebook.react.views.text.ReactTextViewManager
07-09 19:27:31.194 22158 22198 W unknown:ViewManagerPropertyUpdater: Could not find generated setter for class com.facebook.react.views.text.ReactTextShadowNode
07-09 19:27:31.195 22158 22198 W unknown:ViewManagerPropertyUpdater: Could not find generated setter for class com.facebook.react.views.scroll.ReactHorizontalScrollContainerViewManager
07-09 19:27:31.196 22158 22198 W unknown:ViewManagerPropertyUpdater: Could not find generated setter for class com.facebook.react.views.unimplementedview.ReactUnimplementedViewManager
07-09 19:27:31.197 22158 22198 W unknown:ViewManagerPropertyUpdater: Could not find generated setter for class com.facebook.react.views.scroll.ReactScrollViewManager
07-09 19:27:31.198 22158 22198 W unknown:ViewManagerPropertyUpdater: Could not find generated setter for class com.facebook.react.views.view.ReactViewManager
07-09 19:27:31.199 22158 22198 W unknown:ViewManagerPropertyUpdater: Could not find generated setter for class com.facebook.react.views.drawer.ReactDrawerLayoutManager
07-09 19:27:31.200 22158 22198 W unknown:ViewManagerPropertyUpdater: Could not find generated setter for class com.facebook.react.views.switchview.ReactSwitchManager
07-09 19:27:31.200 22158 22198 W unknown:ViewManagerPropertyUpdater: Could not find generated setter for class com.facebook.react.views.switchview.ReactSwitchShadowNode
07-09 19:27:31.201 22158 22198 W unknown:ViewManagerPropertyUpdater: Could not find generated setter for class com.facebook.react.views.text.ReactVirtualTextViewManager
07-09 19:27:31.201 22158 22198 W unknown:ViewManagerPropertyUpdater: Could not find generated setter for class com.facebook.react.views.text.ReactVirtualTextShadowNode
07-09 19:27:31.201 22158 22198 W unknown:ViewManagerPropertyUpdater: Could not find generated setter for class com.facebook.react.views.swiperefresh.SwipeRefreshLayoutManager
07-09 19:27:31.202 22158 22198 W unknown:ViewManagerPropertyUpdater: Could not find generated setter for class com.facebook.react.views.text.ReactRawTextManager
07-09 19:27:31.202 22158 22198 W unknown:ViewManagerPropertyUpdater: Could not find generated setter for class com.facebook.react.views.text.ReactRawTextShadowNode
07-09 19:27:31.202 22158 22198 W unknown:ViewManagerPropertyUpdater: Could not find generated setter for class com.facebook.react.views.textinput.ReactTextInputManager
07-09 19:27:31.203 22158 22198 W unknown:ViewManagerPropertyUpdater: Could not find generated setter for class com.facebook.react.views.textinput.ReactTextInputShadowNode
07-09 19:27:31.204 22158 22198 W unknown:ViewManagerPropertyUpdater: Could not find generated setter for class com.swmansion.gesturehandler.react.RNGestureHandlerRootViewManager
07-09 19:27:31.207 22158 22198 W BridgelessReactContext: [WARNING] Bridgeless doesn't support CatalystInstance. Accessing an API that's not part of the new architecture is not encouraged usage.
07-09 19:27:31.210 22158 22198 I ExpoModulesCore: ✅ JSI interop was installed
07-09 19:27:31.215 22158 22198 I ExpoModulesCore: ✅ Constants were exported
07-09 19:27:31.242 22158 22198 D nativeloader: Load /data/app/~~g1IIx9B_kDhdZcjYg37zgg==/com.emergent.salahalarm.lxw9zs-Qwa6FxGqukcpNe_JeSXqEw==/base.apk!/lib/arm64-v8a/librnscreens.so using class loader ns clns-9 (caller=/data/app/~~g1IIx9B_kDhdZcjYg37zgg==/com.emergent.salahalarm.lxw9zs-Qwa6FxGqukcpNe_JeSXqEw==/base.apk!classes3.dex): ok
07-09 19:27:31.246 22158 22198 I ReactNativeJS: Running "main"
07-09 19:27:31.262 22158 22198 D nativeloader: Load /data/app/~~g1IIx9B_kDhdZcjYg37zgg==/com.emergent.salahalarm.lxw9zs-Qwa6FxGqukcpNe_JeSXqEw==/base.apk!/lib/arm64-v8a/libworklets.so using class loader ns clns-9 (caller=/data/app/~~g1IIx9B_kDhdZcjYg37zgg==/com.emergent.salahalarm.lxw9zs-Qwa6FxGqukcpNe_JeSXqEw==/base.apk!classes2.dex): ok
07-09 19:27:31.280 22158 22198 D nativeloader: Load /data/app/~~g1IIx9B_kDhdZcjYg37zgg==/com.emergent.salahalarm.lxw9zs-Qwa6FxGqukcpNe_JeSXqEw==/base.apk!/lib/arm64-v8a/libreanimated.so using class loader ns clns-9 (caller=/data/app/~~g1IIx9B_kDhdZcjYg37zgg==/com.emergent.salahalarm.lxw9zs-Qwa6FxGqukcpNe_JeSXqEw==/base.apk!classes2.dex): ok
07-09 19:27:31.345 22158 22158 W Choreographer: Frame time is 0.21076 ms in the future!  Check that graphics HAL is generating vsync timestamps using the correct timebase.
07-09 19:27:31.345 10829 10829 W Choreographer: Frame time is 0.178376 ms in the future!  Check that graphics HAL is generating vsync timestamps using the correct timebase.
07-09 19:27:31.364 22158 22158 I ReactNative: [GESTURE HANDLER] Initialize gesture handler for root view com.facebook.react.runtime.ReactSurfaceView{e337701 V.E...... ......ID 0,0-1260,2800 #1}
07-09 19:27:31.364 22158 22198 D nativeloader: Load /data/app/~~g1IIx9B_kDhdZcjYg37zgg==/com.emergent.salahalarm.lxw9zs-Qwa6FxGqukcpNe_JeSXqEw==/base.apk!/lib/arm64-v8a/libgesturehandler.so using class loader ns clns-9 (caller=/data/app/~~g1IIx9B_kDhdZcjYg37zgg==/com.emergent.salahalarm.lxw9zs-Qwa6FxGqukcpNe_JeSXqEw==/base.apk!classes2.dex): ok
07-09 19:27:31.364 22158 22198 D jni_lib_merge: Entering merged library JNI_OnLoad.
07-09 19:27:31.364 22158 22198 D jni_lib_merge: Preparing 12 pre-merged libs (including stub)
07-09 19:27:31.364 22158 22198 D jni_lib_merge: Preparing to register libfabricjni_so.  onload_func: 0x7644ee0edc
07-09 19:27:31.364 22158 22198 D jni_lib_merge: Preparing to register libreact_devsupportjni_so.  onload_func: 0x7644fb1f40
07-09 19:27:31.364 22158 22198 D jni_lib_merge: Preparing to register libreact_featureflagsjni_so.  onload_func: 0x7644fc49f8
07-09 19:27:31.364 22158 22198 D jni_lib_merge: Preparing to register libreact_newarchdefaults_so.  onload_func: 0x7644fe9e30
07-09 19:27:31.364 22158 22198 D jni_lib_merge: Preparing to register libreactnativeblob_so.  onload_func: 0x764507c5b0
07-09 19:27:31.364 22158 22198 D jni_lib_merge: Preparing to register libreactnativejni_so.  onload_func: 0x7645096b24
07-09 19:27:31.364 22158 22198 D jni_lib_merge: Preparing to register libreactnativejni_common_so.  onload_func: 0x764509d458
07-09 19:27:31.364 22158 22198 D jni_lib_merge: Preparing to register librninstance_so.  onload_func: 0x76450b9070
07-09 19:27:31.364 22158 22198 D jni_lib_merge: Preparing to register libturbomodulejsijni_so.  onload_func: 0x76451511a4
07-09 19:27:31.364 22158 22198 D jni_lib_merge: Preparing to register libuimanagerjni_so.  onload_func: 0x76451587e0
07-09 19:27:31.364 22158 22198 D jni_lib_merge: Preparing to register libyoga_so.  onload_func: 0x764515fda4
07-09 19:27:31.364 22158 22198 D jni_lib_merge: About to register 11 actual methods.
07-09 19:27:31.370 22158 22217 D nativeloader: Load /data/app/~~g1IIx9B_kDhdZcjYg37zgg==/com.emergent.salahalarm.lxw9zs-Qwa6FxGqukcpNe_JeSXqEw==/base.apk!/lib/arm64-v8a/libimagepipeline.so using class loader ns clns-9 (caller=/data/app/~~g1IIx9B_kDhdZcjYg37zgg==/com.emergent.salahalarm.lxw9zs-Qwa6FxGqukcpNe_JeSXqEw==/base.apk!classes2.dex): ok
07-09 19:27:31.411 22158 22218 W HWUI    : Image decoding logging dropped!
07-09 19:27:31.436 22158 22158 I ExoPlayerImpl: Init ed4e129 [AndroidXMedia3/1.8.0] [V2309, V2309, vivo, 36]
07-09 19:27:31.437 22158 22158 W VSPA    : Unable to open /proc/vivo_rsc/frame_set_priority: Permission denied
07-09 19:27:31.437 22158 22158 W VSPA    : Unable to open /proc/vivo_rsc/frame_set_priority: Permission denied
07-09 19:27:31.440 22158 22158 W VSPA    : Unable to open /proc/vivo_rsc/frame_set_priority: Permission denied
07-09 19:27:31.440 22158 22158 W VSPA    : Unable to open /proc/vivo_rsc/frame_set_priority: Permission denied
07-09 19:27:31.442 22158 22221 D AudioSystem: onNewServiceWithAdapter: media.audio_flinger service obtained 0xb4000078c02dfa40
07-09 19:27:31.443 22158 22221 D AudioSystem: getService: checking for service media.audio_flinger: 0xb40000780030bb90
07-09 19:27:31.461 22158 22221 D AudioSystem: onNewService: media.audio_policy service obtained 0xb400007800356820
07-09 19:27:31.462 22158 22221 D AudioSystem: getService: checking for service media.audio_policy: 0xb400007800356820
07-09 19:27:31.466 22158 22158 W [RNScreens]: backTitleVisible prop is not available on Android
07-09 19:27:31.466 22158 22158 W [RNScreens]: backTitleFontFamily prop is not available on Android
07-09 19:27:31.466 22158 22158 W [RNScreens]: disableBackButtonMenu prop is not available on Android
07-09 19:27:31.466 22158 22158 W [RNScreens]: largeTitleFontFamily prop is not available on Android
07-09 19:27:31.466 22158 22158 W [RNScreens]: largeTitleFontWeight prop is not available on Android
07-09 19:27:31.466 22158 22158 W [RNScreens]: largeTitleHideShadow prop is not available on Android
07-09 19:27:31.469 22158 22221 W MediaCodec-JNI: pid:22158,client name:com.emergent.salahalarm.lxw9zs
07-09 19:27:31.469 22158 22221 W AudioCapabilities: Unsupported mediaType audio/x-ms-wma
07-09 19:27:31.470 22158 22221 W AudioCapabilities: Unsupported mediaType audio/mpeg-L1
07-09 19:27:31.470 22158 22221 W AudioCapabilities: Unsupported mediaType audio/mpeg-L2
07-09 19:27:31.470 22158 22221 W AudioCapabilities: Unsupported mediaType audio/ra
07-09 19:27:31.470 22158 22221 W AudioCapabilities: Unsupported mediaType audio/alac
07-09 19:27:31.471 22158 22221 W AudioCapabilities: Unsupported mediaType audio/ape
07-09 19:27:31.471 22158 22221 W AudioCapabilities: Unsupported mediaType audio/x-ape
07-09 19:27:31.471 22158 22221 W AudioCapabilities: Unsupported mediaType audio/adpcm
07-09 19:27:31.471 22158 22221 W AudioCapabilities: Unsupported mediaType audio/x-ms-adpcm
07-09 19:27:31.471 22158 22221 W AudioCapabilities: Unsupported mediaType audio/pcm
07-09 19:27:31.471 22158 22221 W AudioCapabilities: Unsupported mediaType audio/dsd
07-09 19:27:31.471 22158 22221 W VideoCapabilities: Unsupported mime video/rv
07-09 19:27:31.471 22158 22221 W VideoCapabilities: Unsupported mime video/x-ms-wmv
07-09 19:27:31.472 22158 22221 W VideoCapabilities: Unsupported mime video/x-ms-wmv2
07-09 19:27:31.472 22158 22221 W VideoCapabilities: Unsupported mime video/divx3
07-09 19:27:31.472 22158 22221 W VideoCapabilities: Unsupported mime video/flv1
07-09 19:27:31.472 22158 22221 W VideoCapabilities: Unsupported mime video/x-flv
07-09 19:27:31.472 22158 22221 W VideoCapabilities: Unsupported mime video/mjpeg
07-09 19:27:31.472 22158 22221 W VideoCapabilities: Unsupported mime video/x-motion-jpeg
07-09 19:27:31.473 22158 22221 W AudioCapabilities: Unsupported mediaType audio/x-adpcm-dvi-ima
07-09 19:27:31.473 22158 22221 W AudioCapabilities: Unsupported mediaType audio/x-adpcm-ms
07-09 19:27:31.473 22158 22221 W AudioCapabilities: Unsupported mediaType audio/alac
07-09 19:27:31.477 22158 22221 W VideoCapabilities: Unsupported mime image/vnd.android.heic
07-09 19:27:31.477 22158 22221 W VideoCapabilities: Unsupported mime image/vnd.android.heic
07-09 19:27:31.480 22158 22199 W unknown:ReactNative: StatusBarModule: Ignored status bar change, current activity is edge-to-edge.
07-09 19:27:31.480 22158 22199 W unknown:ReactNative: StatusBarModule: Ignored status bar change, current activity is edge-to-edge.
07-09 19:27:31.483 22158 22198 W ReactNativeJS: `setPositionAsync` is not supported with edge-to-edge enabled.
07-09 19:27:31.483 22158 22198 W ReactNativeJS: `setBehaviorAsync` is not supported with edge-to-edge enabled.
07-09 19:27:31.484 22158 22158 D InsetsController: Setting requestedVisibleTypes to -5131 (was -5129)
07-09 19:27:31.484 22158 22158 W VSPA    : Unable to open /proc/vivo_rsc/frame_set_priority: Permission denied
07-09 19:27:31.484 22158 22221 W AudioCapabilities: Unsupported mediaType audio/x-ms-wma
07-09 19:27:31.484 22158 22198 W ReactNativeJS: `setBackgroundColorAsync` is not supported with edge-to-edge enabled.
07-09 19:27:31.484 22158 22158 W VSPA    : Unable to open /proc/vivo_rsc/frame_set_priority: Permission denied
07-09 19:27:31.485 22158 22221 W AudioCapabilities: Unsupported mediaType audio/mpeg-L1
07-09 19:27:31.485 22158 22221 W AudioCapabilities: Unsupported mediaType audio/mpeg-L2
07-09 19:27:31.485 22158 22221 W AudioCapabilities: Unsupported mediaType audio/ra
07-09 19:27:31.485 22158 22221 W AudioCapabilities: Unsupported mediaType audio/alac
07-09 19:27:31.486 22158 22221 W AudioCapabilities: Unsupported mediaType audio/ape
07-09 19:27:31.486 22158 22221 W AudioCapabilities: Unsupported mediaType audio/x-ape
07-09 19:27:31.486 22158 22221 W AudioCapabilities: Unsupported mediaType audio/adpcm
07-09 19:27:31.486 22158 22221 W AudioCapabilities: Unsupported mediaType audio/x-ms-adpcm
07-09 19:27:31.486 22158 22221 W AudioCapabilities: Unsupported mediaType audio/pcm
07-09 19:27:31.487 22158 22221 W AudioCapabilities: Unsupported mediaType audio/dsd
07-09 19:27:31.488 22158 22221 W VideoCapabilities: Unsupported mime video/rv
07-09 19:27:31.488 22158 22221 W VideoCapabilities: Unsupported mime video/x-ms-wmv
07-09 19:27:31.488 22158 22221 W VideoCapabilities: Unsupported mime video/x-ms-wmv2
07-09 19:27:31.489 22158 22221 W VideoCapabilities: Unsupported mime video/divx3
07-09 19:27:31.490 22158 22221 W VideoCapabilities: Unsupported mime video/flv1
07-09 19:27:31.490 22158 22221 W VideoCapabilities: Unsupported mime video/x-flv
07-09 19:27:31.491 22158 22221 W VideoCapabilities: Unsupported mime video/mjpeg
07-09 19:27:31.492 22158 22221 W VideoCapabilities: Unsupported mime video/x-motion-jpeg
07-09 19:27:31.492 22158 22221 W AudioCapabilities: Unsupported mediaType audio/x-adpcm-dvi-ima
07-09 19:27:31.493 22158 22221 W AudioCapabilities: Unsupported mediaType audio/x-adpcm-ms
07-09 19:27:31.493 22158 22221 W AudioCapabilities: Unsupported mediaType audio/alac
07-09 19:27:31.498 22158 22221 W VideoCapabilities: Unsupported mime image/vnd.android.heic
07-09 19:27:31.499 22158 22221 W VideoCapabilities: Unsupported mime image/vnd.android.heic
07-09 19:27:31.501 22158 22158 W VSPA    : Unable to open /proc/vivo_rsc/frame_set_priority: Permission denied
07-09 19:27:31.501 22158 22158 W VSPA    : Unable to open /proc/vivo_rsc/frame_set_priority: Permission denied
07-09 19:27:31.510 22158 22221 W AudioCapabilities: Unsupported mime audio/x-ms-wma
07-09 19:27:31.510 22158 22221 W AudioCapabilities: Unsupported mime audio/mpeg-L1
07-09 19:27:31.510 22158 22221 W AudioCapabilities: Unsupported mime audio/mpeg-L2
07-09 19:27:31.510 22158 22221 W AudioCapabilities: Unsupported mime audio/ra
07-09 19:27:31.511 22158 22221 W AudioCapabilities: Unsupported mime audio/alac
07-09 19:27:31.511 22158 22221 W AudioCapabilities: Unsupported mime audio/ape
07-09 19:27:31.511 22158 22221 W AudioCapabilities: Unsupported mime audio/x-ape
07-09 19:27:31.511 22158 22221 W AudioCapabilities: Unsupported mime audio/adpcm
07-09 19:27:31.511 22158 22221 W AudioCapabilities: Unsupported mime audio/x-ms-adpcm
07-09 19:27:31.511 22158 22221 W AudioCapabilities: Unsupported mime audio/pcm
07-09 19:27:31.511 22158 22221 W AudioCapabilities: Unsupported mime audio/dsd
07-09 19:27:31.511 22158 22221 W VideoCapabilities: Unsupported mime video/rv
07-09 19:27:31.511 22158 22221 W VideoCapabilities: Unsupported mime video/x-ms-wmv
07-09 19:27:31.511 22158 22221 W VideoCapabilities: Unsupported mime video/x-ms-wmv2
07-09 19:27:31.511 22158 22221 W VideoCapabilities: Unsupported mime video/divx3
07-09 19:27:31.511 22158 22221 W VideoCapabilities: Unsupported mime video/flv1
07-09 19:27:31.511 22158 22221 W VideoCapabilities: Unsupported mime video/x-flv
07-09 19:27:31.511 22158 22221 W VideoCapabilities: Unsupported mime video/mjpeg
07-09 19:27:31.511 22158 22221 W VideoCapabilities: Unsupported mime video/x-motion-jpeg
07-09 19:27:31.511 22158 22221 W AudioCapabilities: Unsupported mime audio/x-adpcm-dvi-ima
07-09 19:27:31.511 22158 22221 W AudioCapabilities: Unsupported mime audio/x-adpcm-ms
07-09 19:27:31.511 22158 22221 W AudioCapabilities: Unsupported mime audio/alac
07-09 19:27:31.512 22158 22198 I ReactNativeJS: 'NOTIFEE SETTINGS:', '{\n  "authorizationStatus": 1,\n  "android": {\n    "alarm": 1\n  },\n  "ios": {\n    "alert": 1,\n    "badge": 1,\n    "criticalAlert": 1,\n    "showPreviews": 1,\n    "sound": 1,\n    "carPlay": 1,\n    "lockScreen": 1,\n    "announcement": 1,\n    "notificationCenter": 1,\n    "inAppNotificationSettings": 1,\n    "authorizationStatus": 1\n  },\n  "web": {}\n}'
07-09 19:27:31.520 22158 22221 W VideoCapabilities: Unsupported mime image/vnd.android.heic
07-09 19:27:31.520 22158 22221 W VideoCapabilities: Unsupported mime image/vnd.android.heic
07-09 19:27:31.522 22158 22221 W AudioCapabilities: Unsupported mime audio/x-ms-wma
07-09 19:27:31.522 22158 22221 W AudioCapabilities: Unsupported mime audio/mpeg-L1
07-09 19:27:31.522 22158 22221 W AudioCapabilities: Unsupported mime audio/mpeg-L1
07-09 19:27:31.522 22158 22221 W AudioCapabilities: Unsupported mime audio/ra
07-09 19:27:31.522 22158 22221 W AudioCapabilities: Unsupported mime audio/alac
07-09 19:27:31.522 22158 22221 W AudioCapabilities: Unsupported mime audio/ape
07-09 19:27:31.522 22158 22221 W AudioCapabilities: Unsupported mime audio/ape
07-09 19:27:31.522 22158 22221 W AudioCapabilities: Unsupported mime audio/pcm
07-09 19:27:31.522 22158 22221 W AudioCapabilities: Unsupported mime audio/dsd
07-09 19:27:31.523 22158 22221 W VideoCapabilities: Unsupported mime video/rv
07-09 19:27:31.523 22158 22221 W VideoCapabilities: Unsupported mime video/x-ms-wmv
07-09 19:27:31.523 22158 22221 W VideoCapabilities: Unsupported mime video/x-ms-wmv
07-09 19:27:31.523 22158 22221 W VideoCapabilities: Unsupported mime video/divx3
07-09 19:27:31.523 22158 22221 W VideoCapabilities: Unsupported mime video/flv1
07-09 19:27:31.523 22158 22221 W VideoCapabilities: Unsupported mime video/flv1
07-09 19:27:31.523 22158 22221 W VideoCapabilities: Unsupported mime video/mjpeg
07-09 19:27:31.523 22158 22221 W VideoCapabilities: Unsupported mime video/mjpeg
07-09 19:27:31.524 22158 22221 W AudioCapabilities: Unsupported mime audio/x-adpcm-dvi-ima
07-09 19:27:31.524 22158 22221 W AudioCapabilities: Unsupported mime audio/x-adpcm-ms
07-09 19:27:31.524 22158 22221 W AudioCapabilities: Unsupported mime audio/alac
07-09 19:27:31.525 22158 22179 I GrallocExtra: gralloc_extra_query:is_SW3D 0
07-09 19:27:31.525 22158 22179 E MEMCWrapper: MEMC_POST_PROCESSING_ENABLE_PROPERTY false.
07-09 19:27:31.525 22158 22179 D BLASTBufferQueue: [VRI[MainActivity,type=1]#0](f:0,a:1) acquireNextBufferLocked size=1260x2800 mFrameNumber=1 applyTransaction=true mTimestamp=203055140991716(auto) mPendingTransactions.size=0 graphicBufferId=95167885344772 transform=0
07-09 19:27:31.525 22158 22221 W VideoCapabilities: Unsupported mime image/vnd.android.heic
07-09 19:27:31.525 22158 22221 W VideoCapabilities: Unsupported mime image/vnd.android.heic
07-09 19:27:31.532 22158 22221 D VivoSpatializer: checkGoogleApiEnabled, mGoogleApiEnabled: false, originalArdVersion: 34, deniedPkg: false, clientPkg: com.emergent.salahalarm.lxw9zs
07-09 19:27:31.533 22158 22221 D VivoSpatializer: registerAudioFeatureCallback succeeded for tag: NOTIFY_V_SPAT_STATE_CHANGED
07-09 19:27:31.535  2171  2244 I ActivityTaskManager: Displayed com.emergent.salahalarm.lxw9zs/.MainActivity for user 0: +607ms
07-09 19:27:31.537 22158 22221 I DMCodecAdapterFactory: Creating an asynchronous MediaCodec adapter for track type audio
07-09 19:27:31.538 22158 22221 D MediaCodec: CreateByComponentName: name c2.android.mp3.decoder
07-09 19:27:31.538 22158 22221 W libc    : Access denied finding property "vendor.debug.stagefright.mediacodec.trace"
07-09 19:27:31.538 22158 22221 W libc    : Access denied finding property "vendor.media.c2.frameworks.debug.log"
07-09 19:27:31.540 22158 22221 W libc    : Access denied finding property "vendor.debug.stagefright.BufferCount"
07-09 19:27:31.540 22158 22221 W libc    : Access denied finding property "vendor.media.c2.frameworks.debug.log"
07-09 19:27:31.540 22158 22221 W libc    : Access denied finding property "vendor.media.c2.frameworks.buffercount.trace"
07-09 19:27:31.540 22158 22221 D CCodecBufferChannel: mBufferCountTrace=0 mIsUserLoad=1
07-09 19:27:31.540 22158 22221 I CCodecBufferChannel: Constructor 0xb4000078403227b0
07-09 19:27:31.540 22158 22221 I CCodecBufferChannel: mIsVivoLogEnable = 0
07-09 19:27:31.540 22158 22221 I CCodecBufferChannel: CCodecBufferChannel[0xb4000078403227b0], mNumOutputsSlotAdd: 0
07-09 19:27:31.540 22158 22221 W libc    : Access denied finding property "vendor.media.c2.frameworks.debug.log"
07-09 19:27:31.540 22158 22221 D MediaCodec: [0xb4000077b0355d00] init: CCodec 0xb4000078b02fdc30, CCodecBufferChannel 0xb4000078403227b0
07-09 19:27:31.541 22158 22236 D MediaCodec: [0xb4000077b0355d00] setState: 1
07-09 19:27:31.541 22158 22236 D CCodec  : allocate(c2.android.mp3.decoder)
07-09 19:27:31.542 22158 22236 I ApexCodecsLazy: Failed to load libcom.android.media.swcodec.apexcodecs.so: dlopen failed: library "libcom.android.media.swcodec.apexcodecs.so" not found
07-09 19:27:31.542 22158 22236 I Codec2Client: Available Codec2 services: "default" "software" "vivocodec"
07-09 19:27:31.545 22158 22236 I CCodec  : setting up 'default' as default (vendor) store
07-09 19:27:31.550 22158 22236 I CCodec  : Created component [c2.android.mp3.decoder] for [c2.android.mp3.decoder]
07-09 19:27:31.550 22158 22236 D CCodecBufferChannel: [0xb4000078403227b0] setComponent: mName c2.android.mp3.decoder#757, mPipelineWatcher 0xb400007840322ca0
07-09 19:27:31.550 22158 22236 D CCodecBufferChannel: PipelineWatcher debug info [c2.android.mp3.decoder#757] enable=0
07-09 19:27:31.550 22158 22236 D CCodecConfig: read media type: audio/mpeg
07-09 19:27:31.554 22158 22158 W VSPA    : Unable to open /proc/vivo_rsc/frame_set_priority: Permission denied
07-09 19:27:31.554 22158 22158 W VSPA    : Unable to open /proc/vivo_rsc/frame_set_priority: Permission denied
07-09 19:27:31.555 22158 22236 D ReflectedParamUpdater: extent() != 1 for single value type: algo.buffers.max-count.values
07-09 19:27:31.555 22158 22236 D ReflectedParamUpdater: extent() != 1 for single value type: output.subscribed-indices.values
07-09 19:27:31.555 22158 22236 D ReflectedParamUpdater: extent() != 1 for single value type: input.buffers.allocator-ids.values
07-09 19:27:31.555 22158 22236 D ReflectedParamUpdater: extent() != 1 for single value type: output.buffers.allocator-ids.values
07-09 19:27:31.555 22158 22198 I ReactNativeJS: 'GET LAUNCH ALARM RESULT (mount):', 'null'
07-09 19:27:31.556 22158 22198 W ReactNativeJS: `setPositionAsync` is not supported with edge-to-edge enabled.
07-09 19:27:31.556 22158 22198 W ReactNativeJS: `setBehaviorAsync` is not supported with edge-to-edge enabled.
07-09 19:27:31.557 22158 22198 W ReactNativeJS: `setBackgroundColorAsync` is not supported with edge-to-edge enabled.
07-09 19:27:31.558 22158 22236 D ReflectedParamUpdater: extent() != 1 for single value type: algo.buffers.allocator-ids.values
07-09 19:27:31.558 22158 22236 D ReflectedParamUpdater: extent() != 1 for single value type: output.buffers.pool-ids.values
07-09 19:27:31.558 22158 22236 D ReflectedParamUpdater: extent() != 1 for single value type: algo.buffers.pool-ids.values
07-09 19:27:31.559 22158 22236 I CCodecConfig: query failed after returning 8 values (BAD_INDEX)
07-09 19:27:31.559 22158 22236 D CCodecConfig: c2 config diff is Dict {
07-09 19:27:31.559 22158 22236 D CCodecConfig:   c2::u32 coded.bitrate.value = 64000
07-09 19:27:31.559 22158 22236 D CCodecConfig:   c2::u32 input.buffers.max-size.value = 8192
07-09 19:27:31.559 22158 22236 D CCodecConfig:   c2::u32 input.delay.value = 0
07-09 19:27:31.559 22158 22236 D CCodecConfig:   string input.media-type.value = "audio/mpeg"
07-09 19:27:31.559 22158 22236 D CCodecConfig:   c2::u32 output.large-frame.max-size = 0
07-09 19:27:31.559 22158 22236 D CCodecConfig:   c2::u32 output.large-frame.threshold-size = 0
07-09 19:27:31.559 22158 22236 D CCodecConfig:   string output.media-type.value = "audio/raw"
07-09 19:27:31.559 22158 22236 D CCodecConfig:   c2::u32 raw.channel-count.value = 2
07-09 19:27:31.559 22158 22236 D CCodecConfig:   c2::u32 raw.sample-rate.value = 44100
07-09 19:27:31.559 22158 22236 D CCodecConfig: }
07-09 19:27:31.559 22158 22236 D MediaCodec: [0xb4000077b0355d00] setState: 2
07-09 19:27:31.560 22158 22221 D MediaCodec: mInitName[c2.android.mp3.decoder], mMediacodec[0xb4000077b0355d00], mCodec[0xb4000078b02fdc30], mBufferChannel[0xb4000078403227b0]
07-09 19:27:31.560 22158 22221 D MediaCodec: createbyComponent:pid:-1 22158 tid=22221
07-09 19:27:31.560 22158 22236 I MediaCodec: MediaCodec will operate in async mode
07-09 19:27:31.560 22158 22221 D MediaCodec: [0xb4000077b0355d00] [c2.android.mp3.decoder] configure
07-09 19:27:31.561 22158 22221 D VivoCodecProcessSdk: get client pid:22158
07-09 19:27:31.561 22158 22221 E MediaCodec: Media Quality Service not found.
07-09 19:27:31.561 22158 22236 D MediaCodec: [0xb4000077b0355d00] setState: 3
07-09 19:27:31.561 22158 22236 D CCodec  : [c2.android.mp3.decoder] buffers are bound to CCodec for this session
07-09 19:27:31.561 22158 22236 D CCodecConfig: no c2 equivalents for log-session-id
07-09 19:27:31.561 22158 22236 D CCodecConfig: no c2 equivalents for importance
07-09 19:27:31.561 22158 22236 D CCodecConfig: no c2 equivalents for flags
07-09 19:27:31.561 22158 22236 D CCodecConfig: config failed => CORRUPTED
07-09 19:27:31.562 22158 22236 D CCodecConfig: c2 config diff is   c2::u32 raw.sample-rate.value = 24000
07-09 19:27:31.562 22158 22236 W Codec2Client: query -- param skipped: index = 1107298332.
07-09 19:27:31.562 22158 22236 D CCodec  : client requested max input size 4096, which is smaller than what component recommended (8192); overriding with component recommendation.
07-09 19:27:31.562 22158 22236 W CCodec  : This behavior is subject to change. It is recommended that app developers double check whether the requested max input size is in reasonable range.
07-09 19:27:31.562 22158 22236 D CCodec  : encoding statistics level = 0
07-09 19:27:31.562 22158 22236 D CCodec  : setup formats input: AMessage(what = 0x00000000) = {
07-09 19:27:31.562 22158 22236 D CCodec  :   int32_t bitrate = 64000
07-09 19:27:31.562 22158 22236 D CCodec  :   int32_t channel-count = 2
07-09 19:27:31.562 22158 22236 D CCodec  :   int32_t max-input-size = 8192
07-09 19:27:31.562 22158 22236 D CCodec  :   string mime = "audio/mpeg"
07-09 19:27:31.562 22158 22236 D CCodec  :   int32_t sample-rate = 24000
07-09 19:27:31.562 22158 22236 D CCodec  : }
07-09 19:27:31.562 22158 22236 D CCodec  : setup formats output: AMessage(what = 0x00000000) = {
07-09 19:27:31.562 22158 22236 D CCodec  :   int32_t bitrate = 64000
07-09 19:27:31.562 22158 22236 D CCodec  :   int32_t buffer-batch-max-output-size = 0
07-09 19:27:31.562 22158 22236 D CCodec  :   int32_t buffer-batch-threshold-output-size = 0
07-09 19:27:31.562 22158 22236 D CCodec  :   int32_t channel-count = 2
07-09 19:27:31.562 22158 22236 D CCodec  :   string mime = "audio/raw"
07-09 19:27:31.562 22158 22236 D CCodec  :   int32_t sample-rate = 24000
07-09 19:27:31.562 22158 22236 D CCodec  :   int32_t android._config-pcm-encoding = 2
07-09 19:27:31.562 22158 22236 D CCodec  : }
07-09 19:27:31.562 22158 22236 I CCodecConfig: query failed after returning 8 values (BAD_INDEX)
07-09 19:27:31.562 22158 22236 E lahalarm.lxw9zs: Failed to query component interface for required system resources: 6
07-09 19:27:31.562 22158 22236 D MediaCodec: [0xb4000077b0355d00] setState: 4
07-09 19:27:31.563 22158 22221 D MediaCodec: keep callback message for reclaim
07-09 19:27:31.563 22158 22236 D MediaCodec: [0xb4000077b0355d00] setState: 5
07-09 19:27:31.564 22158 22236 W Codec2Client: query -- param skipped: index = 1342179345.
07-09 19:27:31.564 22158 22236 W Codec2Client: query -- param skipped: index = 2415921170.
07-09 19:27:31.564 22158 22236 I CCodecBufferChannel: mIsVivoLogEnable = 0
07-09 19:27:31.564 22158 22236 D C2Store : Using DMABUF Heaps
07-09 19:27:31.564 22158 22236 D CCodecBufferChannel: [c2.android.mp3.decoder#757] Created input block pool with allocatorID 16 => poolID 17 - OK (0)
07-09 19:27:31.565 22158 22236 I CCodecBufferChannel: [c2.android.mp3.decoder#757] Created output block pool with allocatorID 16 => poolID 6899 - OK
07-09 19:27:31.565 22158 22236 D CCodecBufferChannel: [c2.android.mp3.decoder#757] Configured output block pool ids 6899 => OK
