07-09 19:27:31.565 22158 22236 D CCodecBufferChannel: [0xb4000078403227b0] [c2.android.mp3.decoder#757] start: output->outputDelay 0, output->numSlots 4
07-09 19:27:31.566 22158 22236 I CCodecBufferChannel: [0xb4000078403227b0][c2.android.mp3.decoder#757],using arrayMode ouputBuffers for linear outputstream.
07-09 19:27:31.566 22158 22236 D CCodecBuffers: [c2.android.mp3.decoder#757:1D-Output.Impl[N]] converted 0 buffers to array mode of 4
07-09 19:27:31.566 22158 22236 I DMABUFHEAPS: Using DMA-BUF heap named: mtk_mm
07-09 19:27:31.568 22158 22236 D MediaCodec: [0xb4000077b0355d00] setState: 6
07-09 19:27:31.568 22158 22221 W LoudnessCodecController: MediaCodec mime type not supported for loudness annotation
07-09 19:27:31.568 22158 22221 V LoudnessCodecController: Could not extract codec loudness information
07-09 19:27:31.569 22158 22158 V ImeFocusController: onWindowFocus: com.android.internal.policy.DecorView{84cdcb1 V.E...... R....... 0,0-1260,2800}[MainActivity] softInputMode=STATE_UNSPECIFIED|ADJUST_RESIZE|IS_FORWARD_NAVIGATION
07-09 19:27:31.571  3605  3605 V InputMethod: unbindInput(): binding=InputBinding{android.os.BinderProxy@ca5718a / uid 10103 / pid 5063} ic=RemoteInputConnection{idHash=#dfc1621}
07-09 19:27:31.573 22158 22236 D PipelineWatcher: [0xb400007840322ca0] pipelineFull: too many frames in pipeline (4)
07-09 19:27:31.573  3605  3605 V InputMethod: bindInput(): binding=InputBinding{android.os.BinderProxy@eb624d2 / uid 10711 / pid 22158} ic=RemoteInputConnection{idHash=#f31d9a3}
07-09 19:27:31.574  3605  3605 V InputMethod: startInput(): editor=android.view.inputmethod.EditorInfo@f9b84a0
07-09 19:27:31.574  3605  3605 V InputMethodService: CALL: doFinishInput
07-09 19:27:31.574  3605  3605 D InlineSuggestionSessionController: notifyOnFinishInput
07-09 19:27:31.574  3605  3605 V InputMethodService: CALL: onFinishInput
07-09 19:27:31.574  3605  3605 I GoogleInputMethodService: GoogleInputMethodService.onFinishInput():2276 
07-09 19:27:31.574 22158 22236 I MediaCodec: [c2.android.mp3.decoder] output format changed to: AMessage(what = 0x00000000) = {
07-09 19:27:31.574 22158 22236 I MediaCodec:       int32_t bitrate = 64000
07-09 19:27:31.574 22158 22236 I MediaCodec:       int32_t buffer-batch-max-output-size = 0
07-09 19:27:31.574 22158 22236 I MediaCodec:       int32_t buffer-batch-threshold-output-size = 0
07-09 19:27:31.574 22158 22236 I MediaCodec:       int32_t channel-count = 2
07-09 19:27:31.574 22158 22236 I MediaCodec:       string mime = "audio/raw"
07-09 19:27:31.574 22158 22236 I MediaCodec:       int32_t sample-rate = 24000
07-09 19:27:31.574 22158 22236 I MediaCodec:       int32_t android._config-pcm-encoding = 2
07-09 19:27:31.574 22158 22236 I MediaCodec:     }
07-09 19:27:31.574 22158 22236 D MediaCodec: get mPcmBytesMs = 96.000000
07-09 19:27:31.575  3605  3605 I Module  : DeviceLockedStatusModuleProvider$Module.updateDeviceLockedStatusInternal():129 repeatCheckTimes = 0, locked = false
07-09 19:27:31.575  3605  3605 V InputMethodService: finishStylusHandwriting()
07-09 19:27:31.575  3605  3605 D InlineSuggestionSessionController: notifyOnStartInput: com.emergent.salahalarm.lxw9zs, 0
07-09 19:27:31.575  3605  3605 V InputMethodService: CALL: onStartInput
07-09 19:27:31.575 22158 22158 I ImeTracker: com.emergent.salahalarm.lxw9zs:11752db: onCancelled at PHASE_CLIENT_ALREADY_HIDDEN
07-09 19:27:31.575  3605  3605 I GoogleInputMethodService: GoogleInputMethodService.onStartInput():1460 onStartInput(EditorInfo{EditorInfo{packageName=com.emergent.salahalarm.lxw9zs, inputType=0, inputTypeString=NULL, enableLearning=false, autoCorrection=false, autoComplete=false, imeOptions=0, privateImeOptions=null, actionName=UNSPECIFIED, actionLabel=null, initialSelStart=-1, initialSelEnd=-1, initialCapsMode=0, label=null, fieldId=0, fieldName=null, extras=null, hintText=null, hintLocales=[]}}, false)
07-09 19:27:31.575  3605  3605 I LatinIMEBase: LatinIMEBase.updateInputViewCoverNavigation():317 Update input view padding, isNavbarOverInputWindow=true, bottom inset=126
07-09 19:27:31.575  3605  3605 I Module  : DeviceLockedStatusModuleProvider$Module.updateDeviceLockedStatusInternal():129 repeatCheckTimes = 1, locked = false
07-09 19:27:31.577 22158 22198 I ReactNativeJS: 'GET LAUNCH ALARM RESULT (resume):', 'null'
07-09 19:27:31.634 22158 22158 W unknown:BridgelessReact: ReactHost{0}.onUserLeaveHint(activity)
07-09 19:27:31.635 22158 22158 W unknown:BridgelessReact: ReactHost{0}.onHostPause(activity)
07-09 19:27:31.635 22158 22158 W unknown:BridgelessReact: ReactContext.onHostPause()
07-09 19:27:31.665 19567 19567 D ViewRootImpl: AppSizeAfterRelayout, size: Point(1389, 193), rotation: ROTATION_0
07-09 19:27:31.669 19567 19567 D BufferQueueConsumer: [](id:4c6f00000002,api:0,p:-1,c:19567) connect: controlledByApp=false
07-09 19:27:31.669 19567 19567 D BLASTBufferQueue: [VRI[GrantPermissionsActivity,type=1]#2](f:0,a:0) constructor()
07-09 19:27:31.669 19567 19567 D BLASTBufferQueue: [VRI[GrantPermissionsActivity,type=1]#2](f:0,a:0) update width=1389 height=193 format=-2 mTransformHint=0
07-09 19:27:31.670 19567 20770 W BLASTBufferQueue: Unable to open /proc/vivo_rsc/frame_set_priority: Permission denied
07-09 19:27:31.670 19567 20770 I BLASTBufferQueue: QoSAllocBuff Successful. Ret 0 
07-09 19:27:31.680  2171  2244 I ActivityTaskManager: Displayed com.google.android.permissioncontroller/com.android.permissioncontroller.permission.ui.GrantPermissionsActivity for user 0: +61ms
07-09 19:27:31.699 22158 22158 W unknown:BridgelessReact: ReactHost{0}.onHostResume(activity)
07-09 19:27:31.699 22158 22158 W unknown:BridgelessReact: ReactContext.onHostResume()
07-09 19:27:31.700 22158 22198 W ReactNativeJS: `setPositionAsync` is not supported with edge-to-edge enabled.
07-09 19:27:31.700 22158 22198 W ReactNativeJS: `setBehaviorAsync` is not supported with edge-to-edge enabled.
07-09 19:27:31.701 22158 22198 W ReactNativeJS: `setBackgroundColorAsync` is not supported with edge-to-edge enabled.
07-09 19:27:31.703 22158 22198 I ReactNativeJS: BATTERY EXEMPTION: already prompted, skipping
07-09 19:27:31.708 19567 19567 V ImeFocusController: onWindowFocus: com.android.internal.policy.DecorView{514259b V.E...... R.....ID 0,0-1197,0}[GrantPermissionsActivity] softInputMode=STATE_ALWAYS_HIDDEN|ADJUST_NOTHING|IS_FORWARD_NAVIGATION
07-09 19:27:31.708 19567 19567 I ImeTracker: com.google.android.permissioncontroller:5618e895: onRequestHide at ORIGIN_CLIENT reason HIDE_WINDOW_LOST_FOCUS fromUser false
07-09 19:27:31.708 19567 19567 I ImeTracker: com.google.android.permissioncontroller:5618e895: onCancelled at PHASE_CLIENT_ALREADY_HIDDEN
07-09 19:27:31.708 22158 22158 V ImeFocusController: onWindowFocus: com.android.internal.policy.DecorView{84cdcb1 V.E...... R....... 0,0-1260,2800 aid=0}[MainActivity] softInputMode=STATE_UNSPECIFIED|ADJUST_RESIZE
07-09 19:27:31.710 19567 19567 D VRI[GrantPermissionsActivity,type=1]: visibilityChanged oldVisibility=true newVisibility=false
07-09 19:27:31.711 19567 20770 I HWUI    : [destroy] CanvasContext will be destroyed.
07-09 19:27:31.712  3605  3605 V InputMethod: startInput(): editor=android.view.inputmethod.EditorInfo@2444acc
07-09 19:27:31.712  3605  3605 V InputMethodService: CALL: doFinishInput
07-09 19:27:31.712  3605  3605 D InlineSuggestionSessionController: notifyOnFinishInput
07-09 19:27:31.712  3605  3605 V InputMethodService: CALL: onFinishInput
07-09 19:27:31.712  3605  3605 I GoogleInputMethodService: GoogleInputMethodService.onFinishInput():2276 
07-09 19:27:31.713  3605  3605 I Module  : DeviceLockedStatusModuleProvider$Module.updateDeviceLockedStatusInternal():129 repeatCheckTimes = 0, locked = false
07-09 19:27:31.713 22158 22158 I ImeTracker: com.emergent.salahalarm.lxw9zs:ad33f6d7: onCancelled at PHASE_CLIENT_ALREADY_HIDDEN
07-09 19:27:31.713  3605  3605 V InputMethodService: finishStylusHandwriting()
07-09 19:27:31.713  3605  3605 D InlineSuggestionSessionController: notifyOnStartInput: com.emergent.salahalarm.lxw9zs, 0
07-09 19:27:31.713  3605  3605 V InputMethodService: CALL: onStartInput
07-09 19:27:31.713  3605  3605 I GoogleInputMethodService: GoogleInputMethodService.onStartInput():1460 onStartInput(EditorInfo{EditorInfo{packageName=com.emergent.salahalarm.lxw9zs, inputType=0, inputTypeString=NULL, enableLearning=false, autoCorrection=false, autoComplete=false, imeOptions=0, privateImeOptions=null, actionName=UNSPECIFIED, actionLabel=null, initialSelStart=-1, initialSelEnd=-1, initialCapsMode=0, label=null, fieldId=0, fieldName=null, extras=null, hintText=null, hintLocales=[]}}, false)
07-09 19:27:31.713  3605  3605 I LatinIMEBase: LatinIMEBase.updateInputViewCoverNavigation():317 Update input view padding, isNavbarOverInputWindow=true, bottom inset=126
07-09 19:27:31.713  3605  3605 I Module  : DeviceLockedStatusModuleProvider$Module.updateDeviceLockedStatusInternal():129 repeatCheckTimes = 1, locked = false
07-09 19:27:31.717 19567 19567 D ViewRootImpl: AppSizeAfterRelayout, size: Point(1389, 193), rotation: ROTATION_0
07-09 19:27:31.718 19567 19567 D BLASTBufferQueue: [VRI[GrantPermissionsActivity,type=1]#2](f:0,a:0) destructor()
07-09 19:27:31.718 19567 19567 D BufferQueueConsumer: [VRI[GrantPermissionsActivity,type=1]#2(BLAST Consumer)2](id:4c6f00000002,api:0,p:-1,c:19567) disconnect
07-09 19:27:31.731 22158 22198 I ReactNativeJS: 'GET LAUNCH ALARM RESULT (resume):', 'null'
07-09 19:27:31.734 19567 20770 I HWUI    : [setStopped] CanvasContext will be destroyed.
07-09 19:27:31.736 19567 19567 W WindowOnBackDispatcher: sendCancelIfRunning: isInProgress=false callback=android.view.ViewRootImpl$$ExternalSyntheticLambda13@41fed5a
07-09 19:27:31.739 19567 20770 I HWUI    : [destroy] CanvasContext will be destroyed.
07-09 19:27:31.741 22158 22263 I NOTIFEE : (NotificationManager): Removing notification with id alarm-maghrib-0-1783629120000
07-09 19:27:31.741 22158 22263 I NOTIFEE : (NotificationManager): Removing notification with id alarm-maghrib-0-1783629120000
07-09 19:27:31.742 19567 19567 D ViewRootImpl: Skipping stats log for color mode
07-09 19:27:31.744 22158 22263 I NOTIFEE : (NotificationManager): Removing notification with id alarm-isha-0-1783634400000
07-09 19:27:31.744 22158 22263 I NOTIFEE : (NotificationManager): Removing notification with id alarm-isha-0-1783634400000
07-09 19:27:31.744 22158 22226 D InsetsAnimationCtrlImpl: notify control request finished for types: 2
07-09 19:27:31.744 22158 22226 I ANDR-VIVO-PERF: vivo inside perf_lock_rel of client
07-09 19:27:31.745 22158 22226 W InteractionJankMonitor: Initializing without READ_DEVICE_CONFIG permission. enabled=false, interval=1, missedFrameThreshold=3, frameTimeThreshold=64, package=com.emergent.salahalarm.lxw9zs
07-09 19:27:31.746 22158 22263 I NOTIFEE : (NotificationManager): Removing notification with id alarm-fajr-0-1783653300000
07-09 19:27:31.746 22158 22263 I NOTIFEE : (NotificationManager): Removing notification with id alarm-fajr-0-1783653300000
07-09 19:27:31.747 22158 22263 I NOTIFEE : (NotificationManager): Removing notification with id alarm-zuhr-0-1783688400000
07-09 19:27:31.747 22158 22263 I NOTIFEE : (NotificationManager): Removing notification with id alarm-zuhr-0-1783688400000
07-09 19:27:31.747 22158 22263 I NOTIFEE : (NotificationManager): Removing notification with id alarm-asr-0-1783707300000
07-09 19:27:31.747 22158 22263 I NOTIFEE : (NotificationManager): Removing notification with id alarm-asr-0-1783707300000
07-09 19:27:31.748 22158 22263 I NOTIFEE : (NotificationManager): Removing notification with id alarm-maghrib-0-1783715460000
07-09 19:27:31.748 22158 22263 I NOTIFEE : (NotificationManager): Removing notification with id alarm-maghrib-0-1783715460000
07-09 19:27:31.750 22158 22263 I NOTIFEE : (NotificationManager): Removing notification with id alarm-isha-0-1783720800000
07-09 19:27:31.750 22158 22263 I NOTIFEE : (NotificationManager): Removing notification with id alarm-isha-0-1783720800000
07-09 19:27:31.751 22158 22263 I NOTIFEE : (NotificationManager): Removing notification with id alarm-fajr-0-1783739700000
07-09 19:27:31.751 22158 22263 I NOTIFEE : (NotificationManager): Removing notification with id alarm-fajr-0-1783739700000
07-09 19:27:31.751 22158 22263 I NOTIFEE : (NotificationManager): Removing notification with id alarm-zuhr-0-1783774800000
07-09 19:27:31.751 22158 22263 I NOTIFEE : (NotificationManager): Removing notification with id alarm-zuhr-0-1783774800000
07-09 19:27:31.752 22158 22263 I NOTIFEE : (NotificationManager): Removing notification with id alarm-asr-0-1783793700000
07-09 19:27:31.752 22158 22263 I NOTIFEE : (NotificationManager): Removing notification with id alarm-asr-0-1783793700000
07-09 19:27:31.753 22158 22263 I NOTIFEE : (NotificationManager): Removing notification with id alarm-maghrib-0-1783801800000
07-09 19:27:31.753 22158 22263 I NOTIFEE : (NotificationManager): Removing notification with id alarm-maghrib-0-1783801800000
07-09 19:27:31.753 22158 22263 I NOTIFEE : (NotificationManager): Removing notification with id alarm-isha-0-1783807200000
07-09 19:27:31.753 22158 22263 I NOTIFEE : (NotificationManager): Removing notification with id alarm-isha-0-1783807200000
07-09 19:27:31.753 19567 20770 I HWUI    : [trimMemory] TrimMemory will destroy render context, mode: 40.
07-09 19:27:31.754 22158 22263 I NOTIFEE : (NotificationManager): Removing notification with id alarm-fajr-0-1783826100000
07-09 19:27:31.754 22158 22263 I NOTIFEE : (NotificationManager): Removing notification with id alarm-fajr-0-1783826100000
07-09 19:27:31.755 22158 22263 I NOTIFEE : (NotificationManager): Removing notification with id alarm-zuhr-0-1783861200000
07-09 19:27:31.755 22158 22263 I NOTIFEE : (NotificationManager): Removing notification with id alarm-zuhr-0-1783861200000
07-09 19:27:31.755 22158 22263 I NOTIFEE : (NotificationManager): Removing notification with id alarm-asr-0-1783880100000
07-09 19:27:31.755 22158 22263 I NOTIFEE : (NotificationManager): Removing notification with id alarm-asr-0-1783880100000
07-09 19:27:31.756 22158 22263 I NOTIFEE : (NotificationManager): Removing notification with id alarm-maghrib-0-1783888140000
07-09 19:27:31.756 22158 22263 I NOTIFEE : (NotificationManager): Removing notification with id alarm-maghrib-0-1783888140000
07-09 19:27:31.756 22158 22263 I NOTIFEE : (NotificationManager): Removing notification with id alarm-isha-0-1783893600000
07-09 19:27:31.756 22158 22263 I NOTIFEE : (NotificationManager): Removing notification with id alarm-isha-0-1783893600000
07-09 19:27:31.757 22158 22263 I NOTIFEE : (NotificationManager): Removing notification with id alarm-fajr-0-1783912500000
07-09 19:27:31.757 22158 22263 I NOTIFEE : (NotificationManager): Removing notification with id alarm-fajr-0-1783912500000
07-09 19:27:31.757 22158 22263 I NOTIFEE : (NotificationManager): Removing notification with id alarm-zuhr-0-1783947600000
07-09 19:27:31.757 22158 22263 I NOTIFEE : (NotificationManager): Removing notification with id alarm-zuhr-0-1783947600000
07-09 19:27:31.758 22158 22263 I NOTIFEE : (NotificationManager): Removing notification with id alarm-asr-0-1783966500000
07-09 19:27:31.758 22158 22263 I NOTIFEE : (NotificationManager): Removing notification with id alarm-asr-0-1783966500000
07-09 19:27:31.759 22158 22263 I NOTIFEE : (NotificationManager): Removing notification with id alarm-maghrib-0-1783974480000
07-09 19:27:31.759 22158 22263 I NOTIFEE : (NotificationManager): Removing notification with id alarm-maghrib-0-1783974480000
07-09 19:27:31.759 22158 22263 I NOTIFEE : (NotificationManager): Removing notification with id alarm-isha-0-1783980000000
07-09 19:27:31.759 22158 22263 I NOTIFEE : (NotificationManager): Removing notification with id alarm-isha-0-1783980000000
07-09 19:27:31.760 22158 22263 I NOTIFEE : (NotificationManager): Removing notification with id alarm-fajr-0-1783998900000
07-09 19:27:31.760 22158 22263 I NOTIFEE : (NotificationManager): Removing notification with id alarm-fajr-0-1783998900000
07-09 19:27:31.760 22158 22263 I NOTIFEE : (NotificationManager): Removing notification with id alarm-zuhr-0-1784034000000
07-09 19:27:31.760 22158 22263 I NOTIFEE : (NotificationManager): Removing notification with id alarm-zuhr-0-1784034000000
07-09 19:27:31.761 22158 22263 I NOTIFEE : (NotificationManager): Removing notification with id alarm-asr-0-1784052900000
07-09 19:27:31.761 22158 22263 I NOTIFEE : (NotificationManager): Removing notification with id alarm-asr-0-1784052900000
07-09 19:27:31.761 22158 22263 I NOTIFEE : (NotificationManager): Removing notification with id alarm-maghrib-0-1784060880000
07-09 19:27:31.761 22158 22263 I NOTIFEE : (NotificationManager): Removing notification with id alarm-maghrib-0-1784060880000
07-09 19:27:31.762 22158 22263 I NOTIFEE : (NotificationManager): Removing notification with id alarm-isha-0-1784066400000
07-09 19:27:31.762 22158 22263 I NOTIFEE : (NotificationManager): Removing notification with id alarm-isha-0-1784066400000
07-09 19:27:31.763 22158 22263 I NOTIFEE : (NotificationManager): Removing notification with id alarm-fajr-0-1784085300000
07-09 19:27:31.763 22158 22263 I NOTIFEE : (NotificationManager): Removing notification with id alarm-fajr-0-1784085300000
07-09 19:27:31.763 22158 22263 I NOTIFEE : (NotificationManager): Removing notification with id alarm-zuhr-0-1784120400000
07-09 19:27:31.763 22158 22263 I NOTIFEE : (NotificationManager): Removing notification with id alarm-zuhr-0-1784120400000
07-09 19:27:31.764 22158 22263 I NOTIFEE : (NotificationManager): Removing notification with id alarm-asr-0-1784139300000
07-09 19:27:31.764 22158 22263 I NOTIFEE : (NotificationManager): Removing notification with id alarm-asr-0-1784139300000
07-09 19:27:31.764 22158 22263 I NOTIFEE : (NotificationManager): Removing notification with id alarm-maghrib-0-1784147160000
07-09 19:27:31.764 22158 22263 I NOTIFEE : (NotificationManager): Removing notification with id alarm-maghrib-0-1784147160000
07-09 19:27:31.765 22158 22263 I NOTIFEE : (NotificationManager): Removing notification with id alarm-isha-0-1784152800000
07-09 19:27:31.765 22158 22263 I NOTIFEE : (NotificationManager): Removing notification with id alarm-isha-0-1784152800000
07-09 19:27:31.766 22158 22263 I NOTIFEE : (NotificationManager): Removing notification with id alarm-fajr-0-1784171700000
07-09 19:27:31.766 22158 22263 I NOTIFEE : (NotificationManager): Removing notification with id alarm-fajr-0-1784171700000
07-09 19:27:31.766 22158 22263 I NOTIFEE : (NotificationManager): Removing notification with id alarm-zuhr-0-1784206800000
07-09 19:27:31.766 22158 22263 I NOTIFEE : (NotificationManager): Removing notification with id alarm-zuhr-0-1784206800000
07-09 19:27:31.767 22158 22263 I NOTIFEE : (NotificationManager): Removing notification with id alarm-asr-0-1784225700000
07-09 19:27:31.767 22158 22263 I NOTIFEE : (NotificationManager): Removing notification with id alarm-asr-0-1784225700000
07-09 19:27:31.768 19567 20770 I HWUI    : [destroy] CanvasContext will be destroyed.
07-09 19:27:31.771 22158 22198 I ReactNativeJS: 'FOREGROUND EVENT RAW:', '{"type":7,"detail":{"notification":{"title":"Maghrib time","data":{"customUri":"","label":"Maghrib","type":"alarm","pre":"0","sound":"beep","prayer":"maghrib"},"id":"alarm-maghrib-0-1783629120000","body":"It\'s time for Maghrib prayer.","android":{"importance":4,"groupSummary":false,"pressAction":{"launchActivity":"default","id":"default"},"fullScreenAction":{"launchActivity":"default","id":"default"},"lightUpScreen":false,"loopSound":false,"channelId":"prayer-alarm-beep","colorized":false,"vibrationPattern":[300,500,300,500],"visibility":1,"groupAlertBehavior":0,"circularLargeIcon":false,"asForegroundService":false,"ongoing":false,"smallIcon":"ic_launcher","showTimestamp":false,"badgeIconType":2,"onlyAlertOnce":false,"showChronometer":false,"autoCancel":false,"localOnly":false,"defaults":[-1],"chronometerDirection":"up","category":"alarm"}}}}'
07-09 19:27:31.774 22158 22198 I ReactNativeJS: 'FOREGROUND EVENT RAW:', '{"type":7,"detail":{"notification":{"title":"Isha time","data":{"customUri":"","label":"Isha","type":"alarm","pre":"0","sound":"beep","prayer":"isha"},"id":"alarm-isha-0-1783634400000","body":"It\'s time for Isha prayer.","android":{"importance":4,"groupSummary":false,"pressAction":{"launchActivity":"default","id":"default"},"fullScreenAction":{"launchActivity":"default","id":"default"},"lightUpScreen":false,"loopSound":false,"channelId":"prayer-alarm-beep","colorized":false,"vibrationPattern":[300,500,300,500],"visibility":1,"groupAlertBehavior":0,"circularLargeIcon":false,"asForegroundService":false,"ongoing":false,"smallIcon":"ic_launcher","showTimestamp":false,"badgeIconType":2,"onlyAlertOnce":false,"showChronometer":false,"autoCancel":false,"localOnly":false,"defaults":[-1],"chronometerDirection":"up","category":"alarm"}}}}'
07-09 19:27:31.775 22158 22198 I ReactNativeJS: 'FOREGROUND EVENT RAW:', '{"type":7,"detail":{"notification":{"title":"Fajr time","data":{"customUri":"","label":"Fajr","type":"alarm","pre":"0","sound":"beep","prayer":"fajr"},"id":"alarm-fajr-0-1783653300000","body":"It\'s time for Fajr prayer.","android":{"importance":4,"groupSummary":false,"pressAction":{"launchActivity":"default","id":"default"},"fullScreenAction":{"launchActivity":"default","id":"default"},"lightUpScreen":false,"loopSound":false,"channelId":"prayer-alarm-beep","colorized":false,"vibrationPattern":[300,500,300,500],"visibility":1,"groupAlertBehavior":0,"circularLargeIcon":false,"asForegroundService":false,"ongoing":false,"smallIcon":"ic_launcher","showTimestamp":false,"badgeIconType":2,"onlyAlertOnce":false,"showChronometer":false,"autoCancel":false,"localOnly":false,"defaults":[-1],"chronometerDirection":"up","category":"alarm"}}}}'
07-09 19:27:31.777 22158 22198 I ReactNativeJS: 'FOREGROUND EVENT RAW:', '{"type":7,"detail":{"notification":{"title":"Zuhr time","data":{"customUri":"","label":"Zuhr","type":"alarm","pre":"0","sound":"beep","prayer":"zuhr"},"id":"alarm-zuhr-0-1783688400000","body":"It\'s time for Zuhr prayer.","android":{"importance":4,"groupSummary":false,"pressAction":{"launchActivity":"default","id":"default"},"fullScreenAction":{"launchActivity":"default","id":"default"},"lightUpScreen":false,"loopSound":false,"channelId":"prayer-alarm-beep","colorized":false,"vibrationPattern":[300,500,300,500],"visibility":1,"groupAlertBehavior":0,"circularLargeIcon":false,"asForegroundService":false,"ongoing":false,"smallIcon":"ic_launcher","showTimestamp":false,"badgeIconType":2,"onlyAlertOnce":false,"showChronometer":false,"autoCancel":false,"localOnly":false,"defaults":[-1],"chronometerDirection":"up","category":"alarm"}}}}'
07-09 19:27:31.779 22158 22198 I ReactNativeJS: 'FOREGROUND EVENT RAW:', '{"type":7,"detail":{"notification":{"title":"Asr time","data":{"customUri":"","label":"Asr","type":"alarm","pre":"0","sound":"beep","prayer":"asr"},"id":"alarm-asr-0-1783707300000","body":"It\'s time for Asr prayer.","android":{"importance":4,"groupSummary":false,"pressAction":{"launchActivity":"default","id":"default"},"fullScreenAction":{"launchActivity":"default","id":"default"},"lightUpScreen":false,"loopSound":false,"channelId":"prayer-alarm-beep","colorized":false,"vibrationPattern":[300,500,300,500],"visibility":1,"groupAlertBehavior":0,"circularLargeIcon":false,"asForegroundService":false,"ongoing":false,"smallIcon":"ic_launcher","showTimestamp":false,"badgeIconType":2,"onlyAlertOnce":false,"showChronometer":false,"autoCancel":false,"localOnly":false,"defaults":[-1],"chronometerDirection":"up","category":"alarm"}}}}'
07-09 19:27:31.780 22158 22198 I ReactNativeJS: 'FOREGROUND EVENT RAW:', '{"type":7,"detail":{"notification":{"title":"Maghrib time","data":{"customUri":"","label":"Maghrib","type":"alarm","pre":"0","sound":"beep","prayer":"maghrib"},"id":"alarm-maghrib-0-1783715460000","body":"It\'s time for Maghrib prayer.","android":{"importance":4,"groupSummary":false,"pressAction":{"launchActivity":"default","id":"default"},"fullScreenAction":{"launchActivity":"default","id":"default"},"lightUpScreen":false,"loopSound":false,"channelId":"prayer-alarm-beep","colorized":false,"vibrationPattern":[300,500,300,500],"visibility":1,"groupAlertBehavior":0,"circularLargeIcon":false,"asForegroundService":false,"ongoing":false,"smallIcon":"ic_launcher","showTimestamp":false,"badgeIconType":2,"onlyAlertOnce":false,"showChronometer":false,"autoCancel":false,"localOnly":false,"defaults":[-1],"chronometerDirection":"up","category":"alarm"}}}}'
07-09 19:27:31.783 22158 22198 I ReactNativeJS: 'FOREGROUND EVENT RAW:', '{"type":7,"detail":{"notification":{"title":"Isha time","data":{"customUri":"","label":"Isha","type":"alarm","pre":"0","sound":"beep","prayer":"isha"},"id":"alarm-isha-0-1783720800000","body":"It\'s time for Isha prayer.","android":{"importance":4,"groupSummary":false,"pressAction":{"launchActivity":"default","id":"default"},"fullScreenAction":{"launchActivity":"default","id":"default"},"lightUpScreen":false,"loopSound":false,"channelId":"prayer-alarm-beep","colorized":false,"vibrationPattern":[300,500,300,500],"visibility":1,"groupAlertBehavior":0,"circularLargeIcon":false,"asForegroundService":false,"ongoing":false,"smallIcon":"ic_launcher","showTimestamp":false,"badgeIconType":2,"onlyAlertOnce":false,"showChronometer":false,"autoCancel":false,"localOnly":false,"defaults":[-1],"chronometerDirection":"up","category":"alarm"}}}}'
07-09 19:27:31.784 22158 22198 I ReactNativeJS: 'FOREGROUND EVENT RAW:', '{"type":7,"detail":{"notification":{"title":"Fajr time","data":{"customUri":"","label":"Fajr","type":"alarm","pre":"0","sound":"beep","prayer":"fajr"},"id":"alarm-fajr-0-1783739700000","body":"It\'s time for Fajr prayer.","android":{"importance":4,"groupSummary":false,"pressAction":{"launchActivity":"default","id":"default"},"fullScreenAction":{"launchActivity":"default","id":"default"},"lightUpScreen":false,"loopSound":false,"channelId":"prayer-alarm-beep","colorized":false,"vibrationPattern":[300,500,300,500],"visibility":1,"groupAlertBehavior":0,"circularLargeIcon":false,"asForegroundService":false,"ongoing":false,"smallIcon":"ic_launcher","showTimestamp":false,"badgeIconType":2,"onlyAlertOnce":false,"showChronometer":false,"autoCancel":false,"localOnly":false,"defaults":[-1],"chronometerDirection":"up","category":"alarm"}}}}'
07-09 19:27:31.786 22158 22198 I ReactNativeJS: 'FOREGROUND EVENT RAW:', '{"type":7,"detail":{"notification":{"title":"Zuhr time","data":{"customUri":"","label":"Zuhr","type":"alarm","pre":"0","sound":"beep","prayer":"zuhr"},"id":"alarm-zuhr-0-1783774800000","body":"It\'s time for Zuhr prayer.","android":{"importance":4,"groupSummary":false,"pressAction":{"launchActivity":"default","id":"default"},"fullScreenAction":{"launchActivity":"default","id":"default"},"lightUpScreen":false,"loopSound":false,"channelId":"prayer-alarm-beep","colorized":false,"vibrationPattern":[300,500,300,500],"visibility":1,"groupAlertBehavior":0,"circularLargeIcon":false,"asForegroundService":false,"ongoing":false,"smallIcon":"ic_launcher","showTimestamp":false,"badgeIconType":2,"onlyAlertOnce":false,"showChronometer":false,"autoCancel":false,"localOnly":false,"defaults":[-1],"chronometerDirection":"up","category":"alarm"}}}}'
07-09 19:27:31.787 22158 22198 I ReactNativeJS: 'FOREGROUND EVENT RAW:', '{"type":7,"detail":{"notification":{"title":"Asr time","data":{"customUri":"","label":"Asr","type":"alarm","pre":"0","sound":"beep","prayer":"asr"},"id":"alarm-asr-0-1783793700000","body":"It\'s time for Asr prayer.","android":{"importance":4,"groupSummary":false,"pressAction":{"launchActivity":"default","id":"default"},"fullScreenAction":{"launchActivity":"default","id":"default"},"lightUpScreen":false,"loopSound":false,"channelId":"prayer-alarm-beep","colorized":false,"vibrationPattern":[300,500,300,500],"visibility":1,"groupAlertBehavior":0,"circularLargeIcon":false,"asForegroundService":false,"ongoing":false,"smallIcon":"ic_launcher","showTimestamp":false,"badgeIconType":2,"onlyAlertOnce":false,"showChronometer":false,"autoCancel":false,"localOnly":false,"defaults":[-1],"chronometerDirection":"up","category":"alarm"}}}}'
07-09 19:27:31.794 22158 22198 I ReactNativeJS: 'FOREGROUND EVENT RAW:', '{"type":7,"detail":{"notification":{"title":"Maghrib time","data":{"customUri":"","label":"Maghrib","type":"alarm","pre":"0","sound":"beep","prayer":"maghrib"},"id":"alarm-maghrib-0-1783801800000","body":"It\'s time for Maghrib prayer.","android":{"importance":4,"groupSummary":false,"pressAction":{"launchActivity":"default","id":"default"},"fullScreenAction":{"launchActivity":"default","id":"default"},"lightUpScreen":false,"loopSound":false,"channelId":"prayer-alarm-beep","colorized":false,"vibrationPattern":[300,500,300,500],"visibility":1,"groupAlertBehavior":0,"circularLargeIcon":false,"asForegroundService":false,"ongoing":false,"smallIcon":"ic_launcher","showTimestamp":false,"badgeIconType":2,"onlyAlertOnce":false,"showChronometer":false,"autoCancel":false,"localOnly":false,"defaults":[-1],"chronometerDirection":"up","category":"alarm"}}}}'
07-09 19:27:31.796 22158 22198 I ReactNativeJS: 'FOREGROUND EVENT RAW:', '{"type":7,"detail":{"notification":{"title":"Isha time","data":{"customUri":"","label":"Isha","type":"alarm","pre":"0","sound":"beep","prayer":"isha"},"id":"alarm-isha-0-1783807200000","body":"It\'s time for Isha prayer.","android":{"importance":4,"groupSummary":false,"pressAction":{"launchActivity":"default","id":"default"},"fullScreenAction":{"launchActivity":"default","id":"default"},"lightUpScreen":false,"loopSound":false,"channelId":"prayer-alarm-beep","colorized":false,"vibrationPattern":[300,500,300,500],"visibility":1,"groupAlertBehavior":0,"circularLargeIcon":false,"asForegroundService":false,"ongoing":false,"smallIcon":"ic_launcher","showTimestamp":false,"badgeIconType":2,"onlyAlertOnce":false,"showChronometer":false,"autoCancel":false,"localOnly":false,"defaults":[-1],"chronometerDirection":"up","category":"alarm"}}}}'
07-09 19:27:31.797 22158 22198 I ReactNativeJS: 'FOREGROUND EVENT RAW:', '{"type":7,"detail":{"notification":{"title":"Fajr time","data":{"customUri":"","label":"Fajr","type":"alarm","pre":"0","sound":"beep","prayer":"fajr"},"id":"alarm-fajr-0-1783826100000","body":"It\'s time for Fajr prayer.","android":{"importance":4,"groupSummary":false,"pressAction":{"launchActivity":"default","id":"default"},"fullScreenAction":{"launchActivity":"default","id":"default"},"lightUpScreen":false,"loopSound":false,"channelId":"prayer-alarm-beep","colorized":false,"vibrationPattern":[300,500,300,500],"visibility":1,"groupAlertBehavior":0,"circularLargeIcon":false,"asForegroundService":false,"ongoing":false,"smallIcon":"ic_launcher","showTimestamp":false,"badgeIconType":2,"onlyAlertOnce":false,"showChronometer":false,"autoCancel":false,"localOnly":false,"defaults":[-1],"chronometerDirection":"up","category":"alarm"}}}}'
07-09 19:27:31.799 22158 22198 I ReactNativeJS: 'FOREGROUND EVENT RAW:', '{"type":7,"detail":{"notification":{"title":"Zuhr time","data":{"customUri":"","label":"Zuhr","type":"alarm","pre":"0","sound":"beep","prayer":"zuhr"},"id":"alarm-zuhr-0-1783861200000","body":"It\'s time for Zuhr prayer.","android":{"importance":4,"groupSummary":false,"pressAction":{"launchActivity":"default","id":"default"},"fullScreenAction":{"launchActivity":"default","id":"default"},"lightUpScreen":false,"loopSound":false,"channelId":"prayer-alarm-beep","colorized":false,"vibrationPattern":[300,500,300,500],"visibility":1,"groupAlertBehavior":0,"circularLargeIcon":false,"asForegroundService":false,"ongoing":false,"smallIcon":"ic_launcher","showTimestamp":false,"badgeIconType":2,"onlyAlertOnce":false,"showChronometer":false,"autoCancel":false,"localOnly":false,"defaults":[-1],"chronometerDirection":"up","category":"alarm"}}}}'
07-09 19:27:31.801 22158 22198 I ReactNativeJS: 'FOREGROUND EVENT RAW:', '{"type":7,"detail":{"notification":{"title":"Asr time","data":{"customUri":"","label":"Asr","type":"alarm","pre":"0","sound":"beep","prayer":"asr"},"id":"alarm-asr-0-1783880100000","body":"It\'s time for Asr prayer.","android":{"importance":4,"groupSummary":false,"pressAction":{"launchActivity":"default","id":"default"},"fullScreenAction":{"launchActivity":"default","id":"default"},"lightUpScreen":false,"loopSound":false,"channelId":"prayer-alarm-beep","colorized":false,"vibrationPattern":[300,500,300,500],"visibility":1,"groupAlertBehavior":0,"circularLargeIcon":false,"asForegroundService":false,"ongoing":false,"smallIcon":"ic_launcher","showTimestamp":false,"badgeIconType":2,"onlyAlertOnce":false,"showChronometer":false,"autoCancel":false,"localOnly":false,"defaults":[-1],"chronometerDirection":"up","category":"alarm"}}}}'
07-09 19:27:31.804 22158 22198 I ReactNativeJS: 'FOREGROUND EVENT RAW:', '{"type":7,"detail":{"notification":{"title":"Maghrib time","data":{"customUri":"","label":"Maghrib","type":"alarm","pre":"0","sound":"beep","prayer":"maghrib"},"id":"alarm-maghrib-0-1783888140000","body":"It\'s time for Maghrib prayer.","android":{"importance":4,"groupSummary":false,"pressAction":{"launchActivity":"default","id":"default"},"fullScreenAction":{"launchActivity":"default","id":"default"},"lightUpScreen":false,"loopSound":false,"channelId":"prayer-alarm-beep","colorized":false,"vibrationPattern":[300,500,300,500],"visibility":1,"groupAlertBehavior":0,"circularLargeIcon":false,"asForegroundService":false,"ongoing":false,"smallIcon":"ic_launcher","showTimestamp":false,"badgeIconType":2,"onlyAlertOnce":false,"showChronometer":false,"autoCancel":false,"localOnly":false,"defaults":[-1],"chronometerDirection":"up","category":"alarm"}}}}'
07-09 19:27:31.804 22158 22198 I ReactNativeJS: 'FOREGROUND EVENT RAW:', '{"type":7,"detail":{"notification":{"title":"Isha time","data":{"customUri":"","label":"Isha","type":"alarm","pre":"0","sound":"beep","prayer":"isha"},"id":"alarm-isha-0-1783893600000","body":"It\'s time for Isha prayer.","android":{"importance":4,"groupSummary":false,"pressAction":{"launchActivity":"default","id":"default"},"fullScreenAction":{"launchActivity":"default","id":"default"},"lightUpScreen":false,"loopSound":false,"channelId":"prayer-alarm-beep","colorized":false,"vibrationPattern":[300,500,300,500],"visibility":1,"groupAlertBehavior":0,"circularLargeIcon":false,"asForegroundService":false,"ongoing":false,"smallIcon":"ic_launcher","showTimestamp":false,"badgeIconType":2,"onlyAlertOnce":false,"showChronometer":false,"autoCancel":false,"localOnly":false,"defaults":[-1],"chronometerDirection":"up","category":"alarm"}}}}'
07-09 19:27:31.806 22158 22198 I ReactNativeJS: 'FOREGROUND EVENT RAW:', '{"type":7,"detail":{"notification":{"title":"Fajr time","data":{"customUri":"","label":"Fajr","type":"alarm","pre":"0","sound":"beep","prayer":"fajr"},"id":"alarm-fajr-0-1783912500000","body":"It\'s time for Fajr prayer.","android":{"importance":4,"groupSummary":false,"pressAction":{"launchActivity":"default","id":"default"},"fullScreenAction":{"launchActivity":"default","id":"default"},"lightUpScreen":false,"loopSound":false,"channelId":"prayer-alarm-beep","colorized":false,"vibrationPattern":[300,500,300,500],"visibility":1,"groupAlertBehavior":0,"circularLargeIcon":false,"asForegroundService":false,"ongoing":false,"smallIcon":"ic_launcher","showTimestamp":false,"badgeIconType":2,"onlyAlertOnce":false,"showChronometer":false,"autoCancel":false,"localOnly":false,"defaults":[-1],"chronometerDirection":"up","category":"alarm"}}}}'
07-09 19:27:31.808 22158 22198 I ReactNativeJS: 'FOREGROUND EVENT RAW:', '{"type":7,"detail":{"notification":{"title":"Zuhr time","data":{"customUri":"","label":"Zuhr","type":"alarm","pre":"0","sound":"beep","prayer":"zuhr"},"id":"alarm-zuhr-0-1783947600000","body":"It\'s time for Zuhr prayer.","android":{"importance":4,"groupSummary":false,"pressAction":{"launchActivity":"default","id":"default"},"fullScreenAction":{"launchActivity":"default","id":"default"},"lightUpScreen":false,"loopSound":false,"channelId":"prayer-alarm-beep","colorized":false,"vibrationPattern":[300,500,300,500],"visibility":1,"groupAlertBehavior":0,"circularLargeIcon":false,"asForegroundService":false,"ongoing":false,"smallIcon":"ic_launcher","showTimestamp":false,"badgeIconType":2,"onlyAlertOnce":false,"showChronometer":false,"autoCancel":false,"localOnly":false,"defaults":[-1],"chronometerDirection":"up","category":"alarm"}}}}'
07-09 19:27:31.810 22158 22198 I ReactNativeJS: 'FOREGROUND EVENT RAW:', '{"type":7,"detail":{"notification":{"title":"Asr time","data":{"customUri":"","label":"Asr","type":"alarm","pre":"0","sound":"beep","prayer":"asr"},"id":"alarm-asr-0-1783966500000","body":"It\'s time for Asr prayer.","android":{"importance":4,"groupSummary":false,"pressAction":{"launchActivity":"default","id":"default"},"fullScreenAction":{"launchActivity":"default","id":"default"},"lightUpScreen":false,"loopSound":false,"channelId":"prayer-alarm-beep","colorized":false,"vibrationPattern":[300,500,300,500],"visibility":1,"groupAlertBehavior":0,"circularLargeIcon":false,"asForegroundService":false,"ongoing":false,"smallIcon":"ic_launcher","showTimestamp":false,"badgeIconType":2,"onlyAlertOnce":false,"showChronometer":false,"autoCancel":false,"localOnly":false,"defaults":[-1],"chronometerDirection":"up","category":"alarm"}}}}'
07-09 19:27:31.812 22158 22198 I ReactNativeJS: 'FOREGROUND EVENT RAW:', '{"type":7,"detail":{"notification":{"title":"Maghrib time","data":{"customUri":"","label":"Maghrib","type":"alarm","pre":"0","sound":"beep","prayer":"maghrib"},"id":"alarm-maghrib-0-1783974480000","body":"It\'s time for Maghrib prayer.","android":{"importance":4,"groupSummary":false,"pressAction":{"launchActivity":"default","id":"default"},"fullScreenAction":{"launchActivity":"default","id":"default"},"lightUpScreen":false,"loopSound":false,"channelId":"prayer-alarm-beep","colorized":false,"vibrationPattern":[300,500,300,500],"visibility":1,"groupAlertBehavior":0,"circularLargeIcon":false,"asForegroundService":false,"ongoing":false,"smallIcon":"ic_launcher","showTimestamp":false,"badgeIconType":2,"onlyAlertOnce":false,"showChronometer":false,"autoCancel":false,"localOnly":false,"defaults":[-1],"chronometerDirection":"up","category":"alarm"}}}}'
07-09 19:27:31.813 22158 22198 I ReactNativeJS: 'FOREGROUND EVENT RAW:', '{"type":7,"detail":{"notification":{"title":"Isha time","data":{"customUri":"","label":"Isha","type":"alarm","pre":"0","sound":"beep","prayer":"isha"},"id":"alarm-isha-0-1783980000000","body":"It\'s time for Isha prayer.","android":{"importance":4,"groupSummary":false,"pressAction":{"launchActivity":"default","id":"default"},"fullScreenAction":{"launchActivity":"default","id":"default"},"lightUpScreen":false,"loopSound":false,"channelId":"prayer-alarm-beep","colorized":false,"vibrationPattern":[300,500,300,500],"visibility":1,"groupAlertBehavior":0,"circularLargeIcon":false,"asForegroundService":false,"ongoing":false,"smallIcon":"ic_launcher","showTimestamp":false,"badgeIconType":2,"onlyAlertOnce":false,"showChronometer":false,"autoCancel":false,"localOnly":false,"defaults":[-1],"chronometerDirection":"up","category":"alarm"}}}}'
07-09 19:27:31.815 22158 22198 I ReactNativeJS: 'FOREGROUND EVENT RAW:', '{"type":7,"detail":{"notification":{"title":"Fajr time","data":{"customUri":"","label":"Fajr","type":"alarm","pre":"0","sound":"beep","prayer":"fajr"},"id":"alarm-fajr-0-1783998900000","body":"It\'s time for Fajr prayer.","android":{"importance":4,"groupSummary":false,"pressAction":{"launchActivity":"default","id":"default"},"fullScreenAction":{"launchActivity":"default","id":"default"},"lightUpScreen":false,"loopSound":false,"channelId":"prayer-alarm-beep","colorized":false,"vibrationPattern":[300,500,300,500],"visibility":1,"groupAlertBehavior":0,"circularLargeIcon":false,"asForegroundService":false,"ongoing":false,"smallIcon":"ic_launcher","showTimestamp":false,"badgeIconType":2,"onlyAlertOnce":false,"showChronometer":false,"autoCancel":false,"localOnly":false,"defaults":[-1],"chronometerDirection":"up","category":"alarm"}}}}'
07-09 19:27:31.809 22158 22158 W binder:22158_4: type=1400 audit(0.0:6322975): avc:  denied  { ioctl } for  path="/proc/fas/render" dev="proc" ino=4026533325 ioctlcmd=0x6609 scontext=u:r:untrusted_app:s0:c199,c258,c512,c768 tcontext=u:object_r:proc_fas:s0 tclass=file permissive=0 app=com.emergent.salahalarm.lxw9zs
07-09 19:27:31.816 22158 22198 I ReactNativeJS: 'FOREGROUND EVENT RAW:', '{"type":7,"detail":{"notification":{"title":"Zuhr time","data":{"customUri":"","label":"Zuhr","type":"alarm","pre":"0","sound":"beep","prayer":"zuhr"},"id":"alarm-zuhr-0-1784034000000","body":"It\'s time for Zuhr prayer.","android":{"importance":4,"groupSummary":false,"pressAction":{"launchActivity":"default","id":"default"},"fullScreenAction":{"launchActivity":"default","id":"default"},"lightUpScreen":false,"loopSound":false,"channelId":"prayer-alarm-beep","colorized":false,"vibrationPattern":[300,500,300,500],"visibility":1,"groupAlertBehavior":0,"circularLargeIcon":false,"asForegroundService":false,"ongoing":false,"smallIcon":"ic_launcher","showTimestamp":false,"badgeIconType":2,"onlyAlertOnce":false,"showChronometer":false,"autoCancel":false,"localOnly":false,"defaults":[-1],"chronometerDirection":"up","category":"alarm"}}}}'
07-09 19:27:31.817 22158 22198 I ReactNativeJS: 'FOREGROUND EVENT RAW:', '{"type":7,"detail":{"notification":{"title":"Asr time","data":{"customUri":"","label":"Asr","type":"alarm","pre":"0","sound":"beep","prayer":"asr"},"id":"alarm-asr-0-1784052900000","body":"It\'s time for Asr prayer.","android":{"importance":4,"groupSummary":false,"pressAction":{"launchActivity":"default","id":"default"},"fullScreenAction":{"launchActivity":"default","id":"default"},"lightUpScreen":false,"loopSound":false,"channelId":"prayer-alarm-beep","colorized":false,"vibrationPattern":[300,500,300,500],"visibility":1,"groupAlertBehavior":0,"circularLargeIcon":false,"asForegroundService":false,"ongoing":false,"smallIcon":"ic_launcher","showTimestamp":false,"badgeIconType":2,"onlyAlertOnce":false,"showChronometer":false,"autoCancel":false,"localOnly":false,"defaults":[-1],"chronometerDirection":"up","category":"alarm"}}}}'
07-09 19:27:31.819 22158 22198 I ReactNativeJS: 'FOREGROUND EVENT RAW:', '{"type":7,"detail":{"notification":{"title":"Maghrib time","data":{"customUri":"","label":"Maghrib","type":"alarm","pre":"0","sound":"beep","prayer":"maghrib"},"id":"alarm-maghrib-0-1784060880000","body":"It\'s time for Maghrib prayer.","android":{"importance":4,"groupSummary":false,"pressAction":{"launchActivity":"default","id":"default"},"fullScreenAction":{"launchActivity":"default","id":"default"},"lightUpScreen":false,"loopSound":false,"channelId":"prayer-alarm-beep","colorized":false,"vibrationPattern":[300,500,300,500],"visibility":1,"groupAlertBehavior":0,"circularLargeIcon":false,"asForegroundService":false,"ongoing":false,"smallIcon":"ic_launcher","showTimestamp":false,"badgeIconType":2,"onlyAlertOnce":false,"showChronometer":false,"autoCancel":false,"localOnly":false,"defaults":[-1],"chronometerDirection":"up","category":"alarm"}}}}'
07-09 19:27:31.821 22158 22198 I ReactNativeJS: 'FOREGROUND EVENT RAW:', '{"type":7,"detail":{"notification":{"title":"Isha time","data":{"customUri":"","label":"Isha","type":"alarm","pre":"0","sound":"beep","prayer":"isha"},"id":"alarm-isha-0-1784066400000","body":"It\'s time for Isha prayer.","android":{"importance":4,"groupSummary":false,"pressAction":{"launchActivity":"default","id":"default"},"fullScreenAction":{"launchActivity":"default","id":"default"},"lightUpScreen":false,"loopSound":false,"channelId":"prayer-alarm-beep","colorized":false,"vibrationPattern":[300,500,300,500],"visibility":1,"groupAlertBehavior":0,"circularLargeIcon":false,"asForegroundService":false,"ongoing":false,"smallIcon":"ic_launcher","showTimestamp":false,"badgeIconType":2,"onlyAlertOnce":false,"showChronometer":false,"autoCancel":false,"localOnly":false,"defaults":[-1],"chronometerDirection":"up","category":"alarm"}}}}'
07-09 19:27:31.817 22158 22158 W binder:22158_1: type=1400 audit(0.0:6322976): avc:  denied  { ioctl } for  path="/proc/fas/render" dev="proc" ino=4026533325 ioctlcmd=0x6609 scontext=u:r:untrusted_app:s0:c199,c258,c512,c768 tcontext=u:object_r:proc_fas:s0 tclass=file permissive=0 app=com.emergent.salahalarm.lxw9zs
07-09 19:27:31.823 22158 22198 I ReactNativeJS: 'FOREGROUND EVENT RAW:', '{"type":7,"detail":{"notification":{"title":"Fajr time","data":{"customUri":"","label":"Fajr","type":"alarm","pre":"0","sound":"beep","prayer":"fajr"},"id":"alarm-fajr-0-1784085300000","body":"It\'s time for Fajr prayer.","android":{"importance":4,"groupSummary":false,"pressAction":{"launchActivity":"default","id":"default"},"fullScreenAction":{"launchActivity":"default","id":"default"},"lightUpScreen":false,"loopSound":false,"channelId":"prayer-alarm-beep","colorized":false,"vibrationPattern":[300,500,300,500],"visibility":1,"groupAlertBehavior":0,"circularLargeIcon":false,"asForegroundService":false,"ongoing":false,"smallIcon":"ic_launcher","showTimestamp":false,"badgeIconType":2,"onlyAlertOnce":false,"showChronometer":false,"autoCancel":false,"localOnly":false,"defaults":[-1],"chronometerDirection":"up","category":"alarm"}}}}'
07-09 19:27:31.825 22158 22198 I ReactNativeJS: 'FOREGROUND EVENT RAW:', '{"type":7,"detail":{"notification":{"title":"Zuhr time","data":{"customUri":"","label":"Zuhr","type":"alarm","pre":"0","sound":"beep","prayer":"zuhr"},"id":"alarm-zuhr-0-1784120400000","body":"It\'s time for Zuhr prayer.","android":{"importance":4,"groupSummary":false,"pressAction":{"launchActivity":"default","id":"default"},"fullScreenAction":{"launchActivity":"default","id":"default"},"lightUpScreen":false,"loopSound":false,"channelId":"prayer-alarm-beep","colorized":false,"vibrationPattern":[300,500,300,500],"visibility":1,"groupAlertBehavior":0,"circularLargeIcon":false,"asForegroundService":false,"ongoing":false,"smallIcon":"ic_launcher","showTimestamp":false,"badgeIconType":2,"onlyAlertOnce":false,"showChronometer":false,"autoCancel":false,"localOnly":false,"defaults":[-1],"chronometerDirection":"up","category":"alarm"}}}}'
07-09 19:27:31.826 22158 22198 I ReactNativeJS: 'FOREGROUND EVENT RAW:', '{"type":7,"detail":{"notification":{"title":"Asr time","data":{"customUri":"","label":"Asr","type":"alarm","pre":"0","sound":"beep","prayer":"asr"},"id":"alarm-asr-0-1784139300000","body":"It\'s time for Asr prayer.","android":{"importance":4,"groupSummary":false,"pressAction":{"launchActivity":"default","id":"default"},"fullScreenAction":{"launchActivity":"default","id":"default"},"lightUpScreen":false,"loopSound":false,"channelId":"prayer-alarm-beep","colorized":false,"vibrationPattern":[300,500,300,500],"visibility":1,"groupAlertBehavior":0,"circularLargeIcon":false,"asForegroundService":false,"ongoing":false,"smallIcon":"ic_launcher","showTimestamp":false,"badgeIconType":2,"onlyAlertOnce":false,"showChronometer":false,"autoCancel":false,"localOnly":false,"defaults":[-1],"chronometerDirection":"up","category":"alarm"}}}}'
07-09 19:27:31.829 22158 22198 I ReactNativeJS: 'FOREGROUND EVENT RAW:', '{"type":7,"detail":{"notification":{"title":"Maghrib time","data":{"customUri":"","label":"Maghrib","type":"alarm","pre":"0","sound":"beep","prayer":"maghrib"},"id":"alarm-maghrib-0-1784147160000","body":"It\'s time for Maghrib prayer.","android":{"importance":4,"groupSummary":false,"pressAction":{"launchActivity":"default","id":"default"},"fullScreenAction":{"launchActivity":"default","id":"default"},"lightUpScreen":false,"loopSound":false,"channelId":"prayer-alarm-beep","colorized":false,"vibrationPattern":[300,500,300,500],"visibility":1,"groupAlertBehavior":0,"circularLargeIcon":false,"asForegroundService":false,"ongoing":false,"smallIcon":"ic_launcher","showTimestamp":false,"badgeIconType":2,"onlyAlertOnce":false,"showChronometer":false,"autoCancel":false,"localOnly":false,"defaults":[-1],"chronometerDirection":"up","category":"alarm"}}}}'
07-09 19:27:31.829 22158 22198 I ReactNativeJS: 'FOREGROUND EVENT RAW:', '{"type":7,"detail":{"notification":{"title":"Isha time","data":{"customUri":"","label":"Isha","type":"alarm","pre":"0","sound":"beep","prayer":"isha"},"id":"alarm-isha-0-1784152800000","body":"It\'s time for Isha prayer.","android":{"importance":4,"groupSummary":false,"pressAction":{"launchActivity":"default","id":"default"},"fullScreenAction":{"launchActivity":"default","id":"default"},"lightUpScreen":false,"loopSound":false,"channelId":"prayer-alarm-beep","colorized":false,"vibrationPattern":[300,500,300,500],"visibility":1,"groupAlertBehavior":0,"circularLargeIcon":false,"asForegroundService":false,"ongoing":false,"smallIcon":"ic_launcher","showTimestamp":false,"badgeIconType":2,"onlyAlertOnce":false,"showChronometer":false,"autoCancel":false,"localOnly":false,"defaults":[-1],"chronometerDirection":"up","category":"alarm"}}}}'
07-09 19:27:31.825 22158 22158 W binder:22158_1: type=1400 audit(0.0:6322977): avc:  denied  { ioctl } for  path="/proc/fas/render" dev="proc" ino=4026533325 ioctlcmd=0x6609 scontext=u:r:untrusted_app:s0:c199,c258,c512,c768 tcontext=u:object_r:proc_fas:s0 tclass=file permissive=0 app=com.emergent.salahalarm.lxw9zs
